******************************************************************************
                  TI ARM Linker PC v5.1.6                      
******************************************************************************
>> Linked Tue Jul 08 13:28:23 2014

OUTPUT FILE NAME:   <usbSwarmControl.out>
ENTRY POINT SYMBOL: "_c_int00"  address: 000037c9


MEMORY CONFIGURATION

         name            origin    length      used     unused   attr    fill
----------------------  --------  ---------  --------  --------  ----  --------
  FLASH                 00000000   00040000  00004d8b  0003b275  R  X
  SRAM                  20000000   00008000  00001011  00006fef  RW X


SEGMENT ALLOCATION MAP

run origin  load origin   length   init length attrs members
----------  ----------- ---------- ----------- ----- -------
00000000    00000000    00004d90   00004d90    r-x
  00000000    00000000    0000026c   0000026c    r-- .intvecs
  0000026c    0000026c    00004698   00004698    r-x .text
  00004904    00004904    000003df   000003df    r-- .const
  00004ce8    00004ce8    000000a8   000000a8    r-- .cinit
20000000    20000000    00001014   00000000    rw-
  20000000    20000000    00000b41   00000000    rw- .bss
  20000b44    20000b44    00000400   00000000    rw- .stack
  20000f44    20000f44    000000d0   00000000    rw- .data


SECTION ALLOCATION MAP

 output                                  attributes/
section   page    origin      length       input sections
--------  ----  ----------  ----------   ----------------
.intvecs   0    00000000    0000026c     
                  00000000    0000026c     tm4c123gh6pm_startup_ccs.obj (.intvecs)

.init_array 
*          0    00000000    00000000     UNINITIALIZED

.text      0    0000026c    00004698     
                  0000026c    00000860     nRF24L01.obj (.text)
                  00000acc    00000388     main.obj (.text)
                  00000e54    00000160     usblib.lib : usbdma.obj (.text:USBLibDMAInit)
                  00000fb4    00000154                : usbdenum.obj (.text:USBDEP0StateTxConfig)
                  00001108    00000148                : usbdenum.obj (.text:USBDCDInit)
                  00001250    00000140                : usbdconfig.obj (.text:USBDeviceConfig)
                  00001390    00000140                : usbdenum.obj (.text:USBDeviceIntHandlerInternal)
                  000014d0    00000130     driverlib.lib : gpio.obj (.text:GPIOPadConfigSet)
                  00001600    00000124     distanceSensing.obj (.text:DistanceSensing_initModules)
                  00001724    00000118     driverlib.lib : sysctl.obj (.text:SysCtlClockGet)
                  0000183c    0000010e     usblib.lib : usbdhid.obj (.text:HandleRequest)
                  0000194a    00000002                : usbdma.obj (.text:iDMAUSBArbSizeSet)
                  0000194c    000000f0     driverlib.lib : sysctl.obj (.text:SysCtlClockSet)
                  00001a3c    000000f0     distanceSensing.obj (.text)
                  00001b2c    000000e8     usblib.lib : usbdma.obj (.text:iDMAUSBTransfer)
                  00001c14    000000e0                : usbdhid.obj (.text:USBDHIDCompositeInit)
                  00001cf4    000000dc                : usbdenum.obj (.text:USBDGetDescriptor)
                  00001dd0    000000dc     TM4C123_nRF24L01.obj (.text:initSpiForRF)
                  00001eac    000000d8     usblib.lib : usbdenum.obj (.text:USBDeviceEnumHandler)
                  00001f84    000000d0     main.obj (.text:configureRF)
                  00002054    000000c0     usblib.lib : usbdma.obj (.text:uDMAUSBChannelAllocate)
                  00002114    000000ba                : usbdma.obj (.text:uDMAUSBTransfer)
                  000021ce    00000002                : usbdma.obj (.text:iDMAUSBUnitSizeSet)
                  000021d0    000000a8     main.obj (.text:receiveDataFromRobot)
                  00002278    0000009c     rtsv7M4_T_le_v4SPD16_eabi.lib : memcpy_t2.obj (.text)
                  00002314    0000009c     main.obj (.text:transmitDataToRobot)
                  000023b0    00000098     usblib.lib : usbdenum.obj (.text:USBDSetInterface)
                  00002448    00000098     main.obj (.text:configureSPI)
                  000024e0    00000094     rtsv7M4_T_le_v4SPD16_eabi.lib : auto_init.obj (.text)
                  00002574    0000008c     usblib.lib : usbdhid.obj (.text:ProcessIdleTimers)
                  00002600    0000008c                : usbdenum.obj (.text:USBDSetConfiguration)
                  0000268c    0000008c                : usbdconfig.obj (.text:USBDeviceConfigAlternate)
                  00002718    00000088     main.obj (.text:initRfModule)
                  000027a0    00000086     usblib.lib : usbdma.obj (.text:iDMAUSBChannelAllocate)
                  00002826    00000080     driverlib.lib : adc.obj (.text:ADCSequenceStepConfigure)
                  000028a6    00000002     usblib.lib : usbdma.obj (.text:uDMAUSBChannelIntDisable)
                  000028a8    00000080     driverlib.lib : udma.obj (.text:uDMAChannelTransferSet)
                  00002928    0000007a                   : usb.obj (.text:USBDevEndpointConfigSet)
                  000029a2    00000002     usblib.lib : usbdma.obj (.text:uDMAUSBChannelIntEnable)
                  000029a4    00000078                : usbdenum.obj (.text:USBDClearFeature)
                  00002a1c    00000072                : usbdhid.obj (.text:USBDHIDPacketRead)
                  00002a8e    00000072                : usbdma.obj (.text:uDMAUSBArbSizeSet)
                  00002b00    00000070                : usbdenum.obj (.text:USBDEP0StateTx)
                  00002b70    00000070                : usbdenum.obj (.text:USBDGetStatus)
                  00002be0    00000070                : usbdma.obj (.text:uDMAUSBUnitSizeSet)
                  00002c50    00000064     driverlib.lib : interrupt.obj (.text:IntIsEnabled)
                  00002cb4    00000064     usblib.lib : usbdenum.obj (.text:USBDSetFeature)
                  00002d18    00000064     main.obj (.text:initUSB)
                  00002d7c    00000064     usblib.lib : usbdma.obj (.text:uDMAUSBChannelEnable)
                  00002de0    00000060                : usbdhid.obj (.text:HandleGetDescriptor)
                  00002e40    00000060     driverlib.lib : interrupt.obj (.text:IntDisable)
                  00002ea0    00000060                   : interrupt.obj (.text:IntEnable)
                  00002f00    00000060     usblib.lib : usbdenum.obj (.text:USBDReadAndDispatchRequest)
                  00002f60    0000005e     driverlib.lib : usb.obj (.text:USBDevEndpointStatusClear)
                  00002fbe    0000005e     rtsv7M4_T_le_v4SPD16_eabi.lib : copy_decompress_rle.obj (.text)
                  0000301c    0000005c     usblib.lib : usbdhid.obj (.text:FindHIDDescriptor)
                  00003078    0000005c     driverlib.lib : timer.obj (.text:TimerConfigure)
                  000030d4    0000005c     usblib.lib : usbdenum.obj (.text:USBDStringIndexFromRequest)
                  00003130    0000005a                : usbdhid.obj (.text:HandleDevice)
                  0000318a    00000002     --HOLE-- [fill = 0]
                  0000318c    00000058                : usbdhid.obj (.text:ProcessDataFromHost)
                  000031e4    00000058     driverlib.lib : timer.obj (.text:TimerControlTrigger)
                  0000323c    00000056                   : gpio.obj (.text:GPIOIntTypeSet)
                  00003292    00000054     usblib.lib : usbdhid.obj (.text:ProcessDataToHost)
                  000032e6    00000002     --HOLE-- [fill = 0]
                  000032e8    00000054     main.obj (.text:initSystem)
                  0000333c    00000054     usblib.lib : usbdma.obj (.text:uDMAUSBChannelRelease)
                  00003390    00000052                : usbulpi.obj (.text:ULPIConfigSet)
                  000033e2    00000002     --HOLE-- [fill = 0]
                  000033e4    00000050     driverlib.lib : sysctl.obj (.text:SysCtlPeripheralReset)
                  00003434    00000050     usblib.lib : usbdcdesc.obj (.text:USBDCDConfigDescGet)
                  00003484    00000050                : usbdenum.obj (.text:USBDeviceResumeTickHandler)
                  000034d4    00000050     main.obj (.text:startDistanceSensing)
                  00003524    0000004c     usblib.lib : usbdcdesc.obj (.text:ConfigAlternateInterfaceGet)
                  00003570    0000004c     CustomTivaDrivers.obj (.text)
                  000035bc    0000004c     usblib.lib : usbdconfig.obj (.text:GetEPDescriptorType)
                  00003608    0000004c     driverlib.lib : usb.obj (.text:USBDevEndpointStallClear)
                  00003654    0000004c                   : usb.obj (.text:USBEndpointDMAConfigSet)
                  000036a0    0000004a     usblib.lib : usbdhid.obj (.text:USBDHIDReportWrite)
                  000036ea    0000004a                : usbdma.obj (.text:iDMAUSBChannelEnable)
                  00003734    0000004a                : usbdma.obj (.text:uDMAUSBChannelDisable)
                  0000377e    00000002     --HOLE-- [fill = 0]
                  00003780    00000048     driverlib.lib : gpio.obj (.text:GPIOPinConfigure)
                  000037c8    00000048     rtsv7M4_T_le_v4SPD16_eabi.lib : boot.obj (.text)
                  00003810    00000048     driverlib.lib : udma.obj (.text:uDMAChannelAttributeDisable)
                  00003858    00000044     usblib.lib : usbdenum.obj (.text:USBDCDDeviceInfoInit)
                  0000389c    00000044                : usbdenum.obj (.text:USBDeviceEnumResetHandler)
                  000038e0    00000044     driverlib.lib : usb.obj (.text:USBEndpointDataGet)
                  00003924    00000044     rtsv7M4_T_le_v4SPD16_eabi.lib : cpy_tbl.obj (.text)
                  00003968    00000044                                   : exit.obj (.text)
                  000039ac    00000042     driverlib.lib : ssi.obj (.text:SSIConfigSetExpClk)
                  000039ee    00000042     usblib.lib : usbdhid.obj (.text:SetIdleTimeout)
                  00003a30    00000040                : usbdenum.obj (.text:USBDGetInterface)
                  00003a70    0000003e     driverlib.lib : adc.obj (.text:ADCSequenceConfigure)
                  00003aae    0000003e     usblib.lib : usbdhid.obj (.text:ScheduleReportTransmission)
                  00003aec    0000003a                : usbdcdesc.obj (.text:USBDCDConfigGetInterfaceEndpoint)
                  00003b26    0000003a     driverlib.lib : usb.obj (.text:USBFIFOConfigSet)
                  00003b60    0000003a     usblib.lib : usbdma.obj (.text:iDMAUSBChannelRelease)
                  00003b9a    00000002     --HOLE-- [fill = 0]
                  00003b9c    00000038     driverlib.lib : usb.obj (.text:USBIntStatusControl)
                  00003bd4    00000036     usblib.lib : usbdhid.obj (.text:HandleEndpoints)
                  00003c0a    00000002     --HOLE-- [fill = 0]
                  00003c0c    00000034                : usbdhid.obj (.text:HIDTickHandler)
                  00003c40    00000034                : usbtick.obj (.text:InternalUSBRegisterTickHandler)
                  00003c74    00000034                : usbtick.obj (.text:InternalUSBStartOfFrameTick)
                  00003ca8    00000034     nRF24L01.obj (.text:RF24_readRegister)
                  00003cdc    00000034     nRF24L01.obj (.text:RF24_writeRegister)
                  00003d10    00000034     driverlib.lib : sysctl.obj (.text:SysCtlPeripheralEnable)
                  00003d44    00000034     usblib.lib : usbdma.obj (.text:iDMAUSBChannelStatus)
                  00003d78    00000032                : usbdhid.obj (.text:ClearReportTimer)
                  00003daa    00000032                : usbdcdesc.obj (.text:NextConfigDescGet)
                  00003ddc    00000032     driverlib.lib : usb.obj (.text:USBDevEndpointStall)
                  00003e0e    00000032     usblib.lib : usbdma.obj (.text:iDMAUSBChannelDisable)
                  00003e40    00000030                : usbdma.obj (.text:DMAUSBIntHandler)
                  00003e70    00000030                : usbdhid.obj (.text:HandleConfigChange)
                  00003ea0    00000030                : usbtick.obj (.text:InternalUSBTickInit)
                  00003ed0    00000030                : usbdenum.obj (.text:USBDGetConfiguration)
                  00003f00    00000030     driverlib.lib : usb.obj (.text:USBEndpointDataPut)
                  00003f30    0000002e                   : adc.obj (.text:ADCIntStatus)
                  00003f5e    0000002e                   : usb.obj (.text:USBEndpointDataSend)
                  00003f8c    0000002c     TM4C123_nRF24L01.obj (.text)
                  00003fb8    0000002c     usblib.lib : usbdesc.obj (.text:USBDescGet)
                  00003fe4    0000002c     driverlib.lib : udma.obj (.text:uDMAChannelAssign)
                  00004010    0000002c     usblib.lib : usbdma.obj (.text:uDMAUSBIntStatus)
                  0000403c    0000002a     driverlib.lib : gpio.obj (.text:GPIODirModeSet)
                  00004066    0000002a     usblib.lib : usbdcdesc.obj (.text:USBDCDConfigDescGetNum)
                  00004090    00000028                : usbdesc.obj (.text:USBDescGetNum)
                  000040b8    00000028     driverlib.lib : usb.obj (.text:USBIntEnableControl)
                  000040e0    00000028                   : udma.obj (.text:uDMAChannelModeGet)
                  00004108    00000026     usblib.lib : usbdhid.obj (.text:GetIdleTimeout)
                  0000412e    00000026                : usbdhid.obj (.text:HandleEP0DataReceived)
                  00004154    00000026                : usbdhid.obj (.text:USBDHIDInit)
                  0000417a    00000002     --HOLE-- [fill = 0]
                  0000417c    00000024     driverlib.lib : interrupt.obj (.text:IntPrioritySet)
                  000041a0    00000024     usblib.lib : usbdenum.obj (.text:USBDSetAddress)
                  000041c4    00000024     driverlib.lib : usb.obj (.text:USBDevEndpointDataAck)
                  000041e8    00000024                   : usb.obj (.text:USBEndpointDMADisable)
                  0000420c    00000024                   : usb.obj (.text:USBEndpointDMAEnable)
                  00004230    00000024                   : udma.obj (.text:uDMAChannelControlSet)
                  00004254    00000022     usblib.lib : usbdma.obj (.text:uDMAUSBChannelStatus)
                  00004276    00000020                : usbdconfig.obj (.text:GetEndpointFIFOSize)
                  00004296    00000002     --HOLE-- [fill = 0]
                  00004298    00000020                : usbmode.obj (.text:USBStackModeSet)
                  000042b8    0000001e                : usbdhid.obj (.text:HandleDisconnect)
                  000042d6    0000001e                : usbdhid.obj (.text:HandleEP0DataSent)
                  000042f4    0000001e     driverlib.lib : usb.obj (.text:USBULPIRegRead)
                  00004312    0000001e                   : usb.obj (.text:USBULPIRegWrite)
                  00004330    0000001c     usblib.lib : usbdhid.obj (.text:ClearIdleTimers)
                  0000434c    0000001c                : usbdhid.obj (.text:SetDeferredOpFlag)
                  00004368    0000001c                : usbdcdesc.obj (.text:USBDCDConfigGetInterface)
                  00004384    0000001c                : usbdenum.obj (.text:USBDCDStallEP0)
                  000043a0    0000001c     driverlib.lib : usb.obj (.text:USBEndpointDataAvail)
                  000043bc    0000001c     TM4C123_nRF24L01.obj (.text:clearRfCE)
                  000043d8    0000001c     TM4C123_nRF24L01.obj (.text:setRfCE)
                  000043f4    0000001a     driverlib.lib : usb.obj (.text:USBEndpointDMAChannel)
                  0000440e    00000018                   : gpio.obj (.text:GPIOPinTypeGPIOOutput)
                  00004426    00000002     --HOLE-- [fill = 0]
                  00004428    00000018     usblib.lib : usbdhandler.obj (.text:USB0DeviceIntHandler)
                  00004440    00000018                : usbdcdesc.obj (.text:USBDCDConfigDescGetSize)
                  00004458    00000018                : usbdenum.obj (.text:USBDSetDescriptor)
                  00004470    00000018                : usbdenum.obj (.text:USBDSyncFrame)
                  00004488    00000018     rtsv7M4_T_le_v4SPD16_eabi.lib : args_main.obj (.text)
                  000044a0    00000018     driverlib.lib : udma.obj (.text:uDMAChannelDisable)
                  000044b8    00000018                   : udma.obj (.text:uDMAChannelEnable)
                  000044d0    00000016     nRF24L01.obj (.text:RF24_setConfigureRegister)
                  000044e6    00000002     --HOLE-- [fill = 0]
                  000044e8    00000014     driverlib.lib : sysctl.obj (.text:SysCtlUSBPLLEnable)
                  000044fc    00000014                   : systick.obj (.text:SysTickEnable)
                  00004510    00000014                   : systick.obj (.text:SysTickIntEnable)
                  00004524    00000014                   : timer.obj (.text:TimerDisable)
                  00004538    00000014     usblib.lib : usbdenum.obj (.text:USBDCDRequestDataEP0)
                  0000454c    00000014                : usbdenum.obj (.text:USBDCDSendDataEP0)
                  00004560    00000014     driverlib.lib : usb.obj (.text:USBHostResume)
                  00004574    00000014                   : usb.obj (.text:USBIntEnableEndpoint)
                  00004588    00000014                   : usb.obj (.text:_USBIndexWrite)
                  0000459c    00000014     rtsv7M4_T_le_v4SPD16_eabi.lib : _lock.obj (.text)
                  000045b0    00000012     driverlib.lib : adc.obj (.text:ADCHardwareOversampleConfigure)
                  000045c2    00000012                   : gpio.obj (.text:GPIOPinTypeADC)
                  000045d4    00000012                   : gpio.obj (.text:GPIOPinTypeGPIOInput)
                  000045e6    00000012                   : gpio.obj (.text:GPIOPinTypeSSI)
                  000045f8    00000012                   : gpio.obj (.text:GPIOPinTypeUSBAnalog)
                  0000460a    00000012     usblib.lib : usbdhid.obj (.text:HandleResume)
                  0000461c    00000012                : usbdhid.obj (.text:HandleSuspend)
                  0000462e    00000012     driverlib.lib : ssi.obj (.text:SSIDataGetNonBlocking)
                  00004640    00000012                   : timer.obj (.text:TimerLoadSet)
                  00004652    00000012                   : usb.obj (.text:USBDMAChannelConfigSet)
                  00004664    00000012                   : usb.obj (.text:USBDMAChannelDisable)
                  00004676    00000012                   : usb.obj (.text:USBDMAChannelEnable)
                  00004688    00000012                   : usb.obj (.text:USBDMAChannelIntDisable)
                  0000469a    00000012                   : usb.obj (.text:USBDMAChannelIntEnable)
                  000046ac    00000012     rtsv7M4_T_le_v4SPD16_eabi.lib : copy_zero_init.obj (.text:decompress:ZI)
                  000046be    00000010     driverlib.lib : adc.obj (.text:ADCSequenceDMAEnable)
                  000046ce    00000002     --HOLE-- [fill = 0]
                  000046d0    00000010     distanceSensing.obj (.text:DistanceSensing_start)
                  000046e0    00000010     driverlib.lib : systick.obj (.text:SysTickPeriodSet)
                  000046f0    00000010                   : usb.obj (.text:USBEndpointStatus)
                  00004700    00000010     TM4C123_nRF24L01.obj (.text:clearRfCSN)
                  00004710    00000010     TM4C123_nRF24L01.obj (.text:setRfCSN)
                  00004720    00000010     driverlib.lib : udma.obj (.text:uDMAEnable)
                  00004730    0000000e                   : adc.obj (.text:ADCSequenceEnable)
                  0000473e    0000000e     usblib.lib : usbdma.obj (.text:DMAUSBIntStatusClear)
                  0000474c    0000000e     driverlib.lib : timer.obj (.text:TimerEnable)
                  0000475a    0000000e                   : usb.obj (.text:USBDMAChannelStatus)
                  00004768    0000000e                   : usb.obj (.text:USBDevLPMDisable)
                  00004776    0000000e                   : usb.obj (.text:USBDevLPMEnable)
                  00004784    0000000e                   : usb.obj (.text:USBULPIDisable)
                  00004792    0000000e                   : usb.obj (.text:USBULPIEnable)
                  000047a0    0000000e     rtsv7M4_T_le_v4SPD16_eabi.lib : copy_decompress_none.obj (.text:decompress:none)
                  000047ae    0000000c     driverlib.lib : cpu.obj (.text:CPUcpsie)
                  000047ba    0000000c                   : gpio.obj (.text:GPIOIntEnable)
                  000047c6    0000000c                   : ssi.obj (.text:SSIDataGet)
                  000047d2    0000000c                   : usb.obj (.text:USBEndpointPacketCountSet)
                  000047de    0000000c                   : usb.obj (.text:USBLPMIntEnable)
                  000047ea    00000002     --HOLE-- [fill = 0]
                  000047ec    0000000c     TM4C123_nRF24L01.obj (.text:getCEState)
                  000047f8    0000000c     tm4c123gh6pm_startup_ccs.obj (.text)
                  00004804    0000000c     driverlib.lib : udma.obj (.text:uDMAControlBaseSet)
                  00004810    0000000c                   : udma.obj (.text:uDMAErrorStatusClear)
                  0000481c    0000000c                   : udma.obj (.text:uDMAErrorStatusGet)
                  00004828    0000000a                   : adc.obj (.text:ADCIntClear)
                  00004832    0000000a                   : interrupt.obj (.text:IntMasterEnable)
                  0000483c    0000000a                   : ssi.obj (.text:SSIDataPut)
                  00004846    0000000a                   : ssi.obj (.text:SSIDisable)
                  00004850    0000000a                   : ssi.obj (.text:SSIEnable)
                  0000485a    0000000a                   : usb.obj (.text:USBClockEnable)
                  00004864    0000000a                   : usb.obj (.text:USBControllerVersion)
                  0000486e    0000000a                   : usb.obj (.text:USBDMAChannelAddressSet)
                  00004878    0000000a                   : usb.obj (.text:USBDMAChannelCountSet)
                  00004882    0000000a                   : usb.obj (.text:USBDevConnect)
                  0000488c    0000000a                   : usb.obj (.text:USBDevDisconnect)
                  00004896    0000000a                   : usb.obj (.text:USBIntStatusEndpoint)
                  000048a0    00000008                   : usb.obj (.text:USBDevMode)
                  000048a8    00000008                   : usb.obj (.text:USBFIFOAddrGet)
                  000048b0    00000008                   : usb.obj (.text:USBOTGMode)
                  000048b8    00000008     usblib.lib : usbdma.obj (.text:iDMAUSBChannelIntDisable)
                  000048c0    00000008                : usbdma.obj (.text:iDMAUSBChannelIntEnable)
                  000048c8    00000006     driverlib.lib : gpio.obj (.text:GPIOPinRead)
                  000048ce    00000006                   : gpio.obj (.text:GPIOPinWrite)
                  000048d4    00000006                   : sysctl.obj (.text:SysCtlDelay)
                  000048da    00000006                   : usb.obj (.text:USBDMAChannelIntStatus)
                  000048e0    00000006                   : usb.obj (.text:USBDevLPMConfig)
                  000048e6    00000006                   : usb.obj (.text:USBLPMIntStatus)
                  000048ec    00000006     rtsv7M4_T_le_v4SPD16_eabi.lib : copy_decompress_rle.obj (.text:decompress:rle24)
                  000048f2    00000006     usblib.lib : usbdma.obj (.text:iDMAUSBIntStatus)
                  000048f8    00000004                : usbdma.obj (.text:DMAUSBStatus)
                  000048fc    00000004                : usbdhid.obj (.text:HandleReset)
                  00004900    00000004     driverlib.lib : usb.obj (.text:USBDevAddrSet)

.const     0    00004904    000003df     
                  00004904    0000009c     driverlib.lib : interrupt.obj (.const:g_pui32Regs)
                  000049a0    00000090                   : gpio.obj (.const:g_pui32GPIOBaseAddrs)
                  00004a30    00000070                   : interrupt.obj (.const)
                  00004aa0    00000070     usb_swarm_control_structs.obj (.const)
                  00004b10    0000006c     driverlib.lib : sysctl.obj (.const:g_pui32Xtals)
                  00004b7c    00000068     usb_swarm_control_structs.obj (.const:.string)
                  00004be4    00000040     usb_swarm_control_structs.obj (.const:.string:g_pui8ConfigString)
                  00004c24    00000034     usblib.lib : usbdenum.obj (.const:g_psUSBDStdRequests)
                  00004c58    00000030     usb_swarm_control_structs.obj (.const:.string:g_pui8HIDInterfaceString)
                  00004c88    00000030     usblib.lib : usbdhid.obj (.const:g_sHIDHandlers)
                  00004cb8    00000028     usb_swarm_control_structs.obj (.const:.string:g_pui8ProductString)
                  00004ce0    00000003     main.obj (.const:.string)

.cinit     0    00004ce8    000000a8     
                  00004ce8    0000007f     (.cinit..data.load) [load image, compression = rle]
                  00004d67    00000001     --HOLE-- [fill = 0]
                  00004d68    0000000c     (__TI_handler_table)
                  00004d74    00000004     --HOLE-- [fill = 0]
                  00004d78    00000008     (.cinit..bss.load) [load image, compression = zero_init]
                  00004d80    00000010     (__TI_cinit_table)

.bss       0    20000000    00000b41     UNINITIALIZED
                  20000000    00000400     distanceSensing.obj (.bss:ui8ControlTable)
                  20000400    00000258     main.obj (.bss:g_ui16ADC0Result)
                  20000658    00000258     main.obj (.bss:g_ui16ADC1Result)
                  200008b0    00000110     usblib.lib : usbdma.obj (.bss:g_psUSBDMAInst)
                  200009c0    00000050                : usbdenum.obj (.bss:g_psDCDInst)
                  20000a10    00000040                : usbdenum.obj (.bss:g_pui8DataBufferIn)
                  20000a50    00000040     main.obj (.bss:usbBufferDeviceToHost)
                  20000a90    00000040     main.obj (.bss:usbBufferHostToDevice)
                  20000ad0    00000030     usblib.lib : usbtick.obj (.bss)
                  20000b00    00000020     (.common:RF24_RX_buffer)
                  20000b20    0000000c                : usbmode.obj (.bss)
                  20000b2c    00000008                : usbdenum.obj (.bss)
                  20000b34    00000004     (.common:g_ui32SysTickCount)
                  20000b38    00000004     (.common:pvDevice)
                  20000b3c    00000001     (.common:CEState)
                  20000b3d    00000001     (.common:addressWidth)
                  20000b3e    00000001     (.common:crcConfig)
                  20000b3f    00000001     (.common:features)
                  20000b40    00000001     (.common:status)

.stack     0    20000b44    00000400     UNINITIALIZED
                  20000b44    00000400     --HOLE--

.data      0    20000f44    000000d0     UNINITIALIZED
                  20000f44    0000006c     usb_swarm_control_structs.obj (.data:g_sHIDSwarmColtrolDevice)
                  20000fb0    00000014     main.obj (.data)
                  20000fc4    00000012     usblib.lib : usbdhid.obj (.data)
                  20000fd6    00000002     --HOLE--
                  20000fd8    0000000c                : usbtick.obj (.data)
                  20000fe4    00000009                : usbmode.obj (.data)
                  20000fed    00000003     --HOLE--
                  20000ff0    00000008     rtsv7M4_T_le_v4SPD16_eabi.lib : _lock.obj (.data)
                  20000ff8    00000008                                   : exit.obj (.data)
                  20001000    00000008     usb_swarm_control_structs.obj (.data)
                  20001008    00000008     usblib.lib : usbdenum.obj (.data)
                  20001010    00000004     rtsv7M4_T_le_v4SPD16_eabi.lib : stkdepth_vars.obj (.data)


LINKER GENERATED COPY TABLES

__TI_cinit_table @ 00004d80 records: 2, size/record: 8, table size: 16
	.data: load addr=00004ce8, load size=0000007f bytes, run addr=20000f44, run size=000000d0 bytes, compression=rle
	.bss: load addr=00004d78, load size=00000008 bytes, run addr=20000000, run size=00000b41 bytes, compression=zero_init


LINKER GENERATED HANDLER TABLE

__TI_handler_table @ 00004d68 records: 3, size/record: 4, table size: 12
	index: 0, handler: __TI_decompress_rle24
	index: 1, handler: __TI_decompress_none
	index: 2, handler: __TI_zero_init


GLOBAL SYMBOLS: SORTED ALPHABETICALLY BY Name 

address    name
--------   ----
00001a87   ADC0IntHandler
00001acb   ADC1IntHandler
000035a7   ADCDitherDisable
00003591   ADCDitherEnable
000045b1   ADCHardwareOversampleConfigure
00004829   ADCIntClear
00003f31   ADCIntStatus
00003a71   ADCSequenceConfigure
000046bf   ADCSequenceDMAEnable
00004731   ADCSequenceEnable
00002827   ADCSequenceStepConfigure
00003969   C$$EXIT
000047af   CPUcpsie
00001601   DistanceSensing_initModules
000046d1   DistanceSensing_start
0000403d   GPIODirModeSet
00000e17   GPIOEIntHandler
000047bb   GPIOIntEnable
0000323d   GPIOIntTypeSet
000014d1   GPIOPadConfigSet
00003781   GPIOPinConfigure
000048c9   GPIOPinRead
00003571   GPIOPinToggle
000045c3   GPIOPinTypeADC
000045d5   GPIOPinTypeGPIOInput
0000440f   GPIOPinTypeGPIOOutput
000045e7   GPIOPinTypeSSI
000045f9   GPIOPinTypeUSBAnalog
000048cf   GPIOPinWrite
00002e41   IntDisable
00002ea1   IntEnable
00002c51   IntIsEnabled
00004833   IntMasterEnable
0000417d   IntPrioritySet
00003c41   InternalUSBRegisterTickHandler
00003c75   InternalUSBStartOfFrameTick
00003ea1   InternalUSBTickInit
0000088f   RF24_PIPE_close
000008eb   RF24_PIPE_closeAll
0000097d   RF24_PIPE_isOpen
00000907   RF24_PIPE_open
000009bd   RF24_PIPE_setPacketSize
00000ab9   RF24_RETRANS_getLastRetransmits
00000a7f   RF24_RETRANS_setCount
00000a45   RF24_RETRANS_setDelay
000007d1   RF24_RX_activate
20000b00   RF24_RX_buffer
00000875   RF24_RX_carrierDetection
000007bb   RF24_RX_flush
00000769   RF24_RX_getPayloadData
00000745   RF24_RX_getPayloadWidth
000007f3   RF24_RX_isEmpty
0000080f   RF24_RX_sendAckWithPayload
000006d7   RF24_RX_setAddress
000006a5   RF24_TX_activate
00000679   RF24_TX_flush
000006c3   RF24_TX_pulseTransmit
0000068f   RF24_TX_reuseLastPayload
00000585   RF24_TX_setAddress
000005d1   RF24_TX_writePayloadAck
00000625   RF24_TX_writePayloadNoAck
00000547   RF24_clearIrqFlag
0000034d   RF24_disableFeatures
00000313   RF24_enableFeatures
000003fd   RF24_getCurrentState
00000513   RF24_getIrqFlag
00000377   RF24_getLostPackets
0000026d   RF24_init
00000385   RF24_isAlive
00003ca9   RF24_readRegister
000004ad   RF24_scan
000003df   RF24_setAddressWidth
000003c9   RF24_setChannel
000044d1   RF24_setConfigureRegister
000003ab   RF24_setSpeedAndPower
00000457   RF24_startPowerDown
0000046b   RF24_startStandby
00003cdd   RF24_writeRegister
000047f9   ResetISR
UNDEFED    SHT$$INIT_ARRAY$$Base
UNDEFED    SHT$$INIT_ARRAY$$Limit
00003f8d   SPI_sendAndGetData
000039ad   SSIConfigSetExpClk
000047c7   SSIDataGet
0000462f   SSIDataGetNonBlocking
0000483d   SSIDataPut
00004847   SSIDisable
00004851   SSIEnable
00000b0b   SwarmControlReceiveEventHandler
00000c17   SwarmControlTransmitEventHandler
00001725   SysCtlClockGet
0000194d   SysCtlClockSet
000048d5   SysCtlDelay
00003d11   SysCtlPeripheralEnable
000033e5   SysCtlPeripheralReset
000044e9   SysCtlUSBPLLEnable
000044fd   SysTickEnable
00000b01   SysTickHandler
00004511   SysTickIntEnable
000046e1   SysTickPeriodSet
00003079   TimerConfigure
000031e5   TimerControlTrigger
00004525   TimerDisable
0000474d   TimerEnable
00004641   TimerLoadSet
00003391   ULPIConfigSet
00004429   USB0DeviceIntHandler
0000485b   USBClockEnable
00004865   USBControllerVersion
00003435   USBDCDConfigDescGet
00004067   USBDCDConfigDescGetNum
00004441   USBDCDConfigDescGetSize
00004369   USBDCDConfigGetInterface
00003aed   USBDCDConfigGetInterfaceEndpoint
00003859   USBDCDDeviceInfoInit
00001109   USBDCDInit
00004539   USBDCDRequestDataEP0
0000454d   USBDCDSendDataEP0
00004385   USBDCDStallEP0
00001c15   USBDHIDCompositeInit
00004155   USBDHIDInit
00002a1d   USBDHIDPacketRead
000036a1   USBDHIDReportWrite
0000486f   USBDMAChannelAddressSet
00004653   USBDMAChannelConfigSet
00004879   USBDMAChannelCountSet
00004665   USBDMAChannelDisable
00004677   USBDMAChannelEnable
00004689   USBDMAChannelIntDisable
0000469b   USBDMAChannelIntEnable
000048db   USBDMAChannelIntStatus
0000475b   USBDMAChannelStatus
00003fb9   USBDescGet
00004091   USBDescGetNum
00004901   USBDevAddrSet
00004883   USBDevConnect
0000488d   USBDevDisconnect
00002929   USBDevEndpointConfigSet
000041c5   USBDevEndpointDataAck
00003ddd   USBDevEndpointStall
00003609   USBDevEndpointStallClear
00002f61   USBDevEndpointStatusClear
000048e1   USBDevLPMConfig
00004769   USBDevLPMDisable
00004777   USBDevLPMEnable
000048a1   USBDevMode
00001251   USBDeviceConfig
0000268d   USBDeviceConfigAlternate
00001ead   USBDeviceEnumHandler
0000389d   USBDeviceEnumResetHandler
00001391   USBDeviceIntHandlerInternal
00003485   USBDeviceResumeTickHandler
000043f5   USBEndpointDMAChannel
00003655   USBEndpointDMAConfigSet
000041e9   USBEndpointDMADisable
0000420d   USBEndpointDMAEnable
000043a1   USBEndpointDataAvail
000038e1   USBEndpointDataGet
00003f01   USBEndpointDataPut
00003f5f   USBEndpointDataSend
000047d3   USBEndpointPacketCountSet
000046f1   USBEndpointStatus
000048a9   USBFIFOAddrGet
00003b27   USBFIFOConfigSet
00004561   USBHostResume
000040b9   USBIntEnableControl
00004575   USBIntEnableEndpoint
00003b9d   USBIntStatusControl
00004897   USBIntStatusEndpoint
000047df   USBLPMIntEnable
000048e7   USBLPMIntStatus
00000e55   USBLibDMAInit
000048b1   USBOTGMode
00004299   USBStackModeSet
00004785   USBULPIDisable
00004793   USBULPIEnable
000042f5   USBULPIRegRead
00004313   USBULPIRegWrite
00000c39   USB_sendData
20000f44   __STACK_END
00000400   __STACK_SIZE
20000d44   __STACK_TOP
00004d80   __TI_CINIT_Base
00004d90   __TI_CINIT_Limit
00004d68   __TI_Handler_Table_Base
00004d74   __TI_Handler_Table_Limit
00000001   __TI_args_main
000024e1   __TI_auto_init
20000ff8   __TI_cleanup_ptr
000047a1   __TI_decompress_none
000048ed   __TI_decompress_rle24
20000ffc   __TI_dtors_ptr
00000000   __TI_static_base__
000046ad   __TI_zero_init
00002279   __aeabi_memcpy
00002279   __aeabi_memcpy4
00002279   __aeabi_memcpy8
ffffffff   __binit__
ffffffff   __c_args__
20000b44   __stack
00004489   _args_main
000037c9   _c_int00
20000ff0   _lock
000045ab   _nop
000045a3   _register_lock
0000459d   _register_unlock
20000ff4   _unlock
0000396d   abort
ffffffff   binit
000043bd   clearRfCE
00004701   clearRfCSN
00001f85   configureRF
00002449   configureSPI
00000c85   convertByteToUINT32
00003925   copy_in
00003975   exit
20000fb8   g_USBRxState
20000fb4   g_USBTxState
20000fb1   g_bConnected
20000fb0   g_bSuspended
20000fd8   g_bUSBTimerInitialized
20000fbd   g_bulkReceiveFlag
20000fbc   g_bulkSendFlag
20000b24   g_eOTGModeState
20000fe4   g_iUSBMode
20000ad0   g_pfnTickHandlers
00000000   g_pfnVectors
20000b30   g_ppsDevInfo
00004aa0   g_ppui8StringDescriptors
200009c0   g_psDCDInst
20001000   g_psReportIdle
00004be4   g_pui8ConfigString
20000fc4   g_pui8HIDDeviceDescriptor
00004c58   g_pui8HIDInterfaceString
00004b7c   g_pui8LangDescriptor
00004b80   g_pui8ManufacturerString
00004cb8   g_pui8ProductString
00004b8e   g_pui8SeriailNumberString
20000ae8   g_pvTickInstance
00004c88   g_sHIDHandlers
20000f44   g_sHIDSwarmColtrolDevice
20000400   g_ui16ADC0Result
20000658   g_ui16ADC1Result
20000fdc   g_ui32CurrentUSBTick
20000b20   g_ui32PollRate
20000b34   g_ui32SysTickCount
20000fe0   g_ui32USBSOFCount
20000fe8   g_ui32WaitTicks
20000fc0   g_ui32uDMAErrCount
000047ed   getCEState
00001a3d   initADC
00002719   initRfModule
00001dd1   initSpiForRF
000032e9   initSystem
00002d19   initUSB
00000df9   main
20001010   main_func_sp
00002279   memcpy
00000d8d   processUsbRequestFromHost
20000b38   pvDevice
00000d27   readDataFromRobot
000021d1   receiveDataFromRobot
00003fa7   rfDelayLoop
00000cc7   sendResponeToHost
000043d9   setRfCE
00004711   setRfCSN
00000acd   signalUnhandleError
000034d5   startDistanceSensing
00000cdd   startTransmitDataToRobot
00002315   transmitDataToRobot
00003fe5   uDMAChannelAssign
00003811   uDMAChannelAttributeDisable
00004231   uDMAChannelControlSet
000044a1   uDMAChannelDisable
000044b9   uDMAChannelEnable
000040e1   uDMAChannelModeGet
000028a9   uDMAChannelTransferSet
00004805   uDMAControlBaseSet
00004721   uDMAEnable
00000e1d   uDMAErrorHandler
00004811   uDMAErrorStatusClear
0000481d   uDMAErrorStatusGet
20000a50   usbBufferDeviceToHost
20000a90   usbBufferHostToDevice


GLOBAL SYMBOLS: SORTED BY Symbol Address 

address    name
--------   ----
00000000   __TI_static_base__
00000000   g_pfnVectors
00000001   __TI_args_main
0000026d   RF24_init
00000313   RF24_enableFeatures
0000034d   RF24_disableFeatures
00000377   RF24_getLostPackets
00000385   RF24_isAlive
000003ab   RF24_setSpeedAndPower
000003c9   RF24_setChannel
000003df   RF24_setAddressWidth
000003fd   RF24_getCurrentState
00000400   __STACK_SIZE
00000457   RF24_startPowerDown
0000046b   RF24_startStandby
000004ad   RF24_scan
00000513   RF24_getIrqFlag
00000547   RF24_clearIrqFlag
00000585   RF24_TX_setAddress
000005d1   RF24_TX_writePayloadAck
00000625   RF24_TX_writePayloadNoAck
00000679   RF24_TX_flush
0000068f   RF24_TX_reuseLastPayload
000006a5   RF24_TX_activate
000006c3   RF24_TX_pulseTransmit
000006d7   RF24_RX_setAddress
00000745   RF24_RX_getPayloadWidth
00000769   RF24_RX_getPayloadData
000007bb   RF24_RX_flush
000007d1   RF24_RX_activate
000007f3   RF24_RX_isEmpty
0000080f   RF24_RX_sendAckWithPayload
00000875   RF24_RX_carrierDetection
0000088f   RF24_PIPE_close
000008eb   RF24_PIPE_closeAll
00000907   RF24_PIPE_open
0000097d   RF24_PIPE_isOpen
000009bd   RF24_PIPE_setPacketSize
00000a45   RF24_RETRANS_setDelay
00000a7f   RF24_RETRANS_setCount
00000ab9   RF24_RETRANS_getLastRetransmits
00000acd   signalUnhandleError
00000b01   SysTickHandler
00000b0b   SwarmControlReceiveEventHandler
00000c17   SwarmControlTransmitEventHandler
00000c39   USB_sendData
00000c85   convertByteToUINT32
00000cc7   sendResponeToHost
00000cdd   startTransmitDataToRobot
00000d27   readDataFromRobot
00000d8d   processUsbRequestFromHost
00000df9   main
00000e17   GPIOEIntHandler
00000e1d   uDMAErrorHandler
00000e55   USBLibDMAInit
00001109   USBDCDInit
00001251   USBDeviceConfig
00001391   USBDeviceIntHandlerInternal
000014d1   GPIOPadConfigSet
00001601   DistanceSensing_initModules
00001725   SysCtlClockGet
0000194d   SysCtlClockSet
00001a3d   initADC
00001a87   ADC0IntHandler
00001acb   ADC1IntHandler
00001c15   USBDHIDCompositeInit
00001dd1   initSpiForRF
00001ead   USBDeviceEnumHandler
00001f85   configureRF
000021d1   receiveDataFromRobot
00002279   __aeabi_memcpy
00002279   __aeabi_memcpy4
00002279   __aeabi_memcpy8
00002279   memcpy
00002315   transmitDataToRobot
00002449   configureSPI
000024e1   __TI_auto_init
0000268d   USBDeviceConfigAlternate
00002719   initRfModule
00002827   ADCSequenceStepConfigure
000028a9   uDMAChannelTransferSet
00002929   USBDevEndpointConfigSet
00002a1d   USBDHIDPacketRead
00002c51   IntIsEnabled
00002d19   initUSB
00002e41   IntDisable
00002ea1   IntEnable
00002f61   USBDevEndpointStatusClear
00003079   TimerConfigure
000031e5   TimerControlTrigger
0000323d   GPIOIntTypeSet
000032e9   initSystem
00003391   ULPIConfigSet
000033e5   SysCtlPeripheralReset
00003435   USBDCDConfigDescGet
00003485   USBDeviceResumeTickHandler
000034d5   startDistanceSensing
00003571   GPIOPinToggle
00003591   ADCDitherEnable
000035a7   ADCDitherDisable
00003609   USBDevEndpointStallClear
00003655   USBEndpointDMAConfigSet
000036a1   USBDHIDReportWrite
00003781   GPIOPinConfigure
000037c9   _c_int00
00003811   uDMAChannelAttributeDisable
00003859   USBDCDDeviceInfoInit
0000389d   USBDeviceEnumResetHandler
000038e1   USBEndpointDataGet
00003925   copy_in
00003969   C$$EXIT
0000396d   abort
00003975   exit
000039ad   SSIConfigSetExpClk
00003a71   ADCSequenceConfigure
00003aed   USBDCDConfigGetInterfaceEndpoint
00003b27   USBFIFOConfigSet
00003b9d   USBIntStatusControl
00003c41   InternalUSBRegisterTickHandler
00003c75   InternalUSBStartOfFrameTick
00003ca9   RF24_readRegister
00003cdd   RF24_writeRegister
00003d11   SysCtlPeripheralEnable
00003ddd   USBDevEndpointStall
00003ea1   InternalUSBTickInit
00003f01   USBEndpointDataPut
00003f31   ADCIntStatus
00003f5f   USBEndpointDataSend
00003f8d   SPI_sendAndGetData
00003fa7   rfDelayLoop
00003fb9   USBDescGet
00003fe5   uDMAChannelAssign
0000403d   GPIODirModeSet
00004067   USBDCDConfigDescGetNum
00004091   USBDescGetNum
000040b9   USBIntEnableControl
000040e1   uDMAChannelModeGet
00004155   USBDHIDInit
0000417d   IntPrioritySet
000041c5   USBDevEndpointDataAck
000041e9   USBEndpointDMADisable
0000420d   USBEndpointDMAEnable
00004231   uDMAChannelControlSet
00004299   USBStackModeSet
000042f5   USBULPIRegRead
00004313   USBULPIRegWrite
00004369   USBDCDConfigGetInterface
00004385   USBDCDStallEP0
000043a1   USBEndpointDataAvail
000043bd   clearRfCE
000043d9   setRfCE
000043f5   USBEndpointDMAChannel
0000440f   GPIOPinTypeGPIOOutput
00004429   USB0DeviceIntHandler
00004441   USBDCDConfigDescGetSize
00004489   _args_main
000044a1   uDMAChannelDisable
000044b9   uDMAChannelEnable
000044d1   RF24_setConfigureRegister
000044e9   SysCtlUSBPLLEnable
000044fd   SysTickEnable
00004511   SysTickIntEnable
00004525   TimerDisable
00004539   USBDCDRequestDataEP0
0000454d   USBDCDSendDataEP0
00004561   USBHostResume
00004575   USBIntEnableEndpoint
0000459d   _register_unlock
000045a3   _register_lock
000045ab   _nop
000045b1   ADCHardwareOversampleConfigure
000045c3   GPIOPinTypeADC
000045d5   GPIOPinTypeGPIOInput
000045e7   GPIOPinTypeSSI
000045f9   GPIOPinTypeUSBAnalog
0000462f   SSIDataGetNonBlocking
00004641   TimerLoadSet
00004653   USBDMAChannelConfigSet
00004665   USBDMAChannelDisable
00004677   USBDMAChannelEnable
00004689   USBDMAChannelIntDisable
0000469b   USBDMAChannelIntEnable
000046ad   __TI_zero_init
000046bf   ADCSequenceDMAEnable
000046d1   DistanceSensing_start
000046e1   SysTickPeriodSet
000046f1   USBEndpointStatus
00004701   clearRfCSN
00004711   setRfCSN
00004721   uDMAEnable
00004731   ADCSequenceEnable
0000474d   TimerEnable
0000475b   USBDMAChannelStatus
00004769   USBDevLPMDisable
00004777   USBDevLPMEnable
00004785   USBULPIDisable
00004793   USBULPIEnable
000047a1   __TI_decompress_none
000047af   CPUcpsie
000047bb   GPIOIntEnable
000047c7   SSIDataGet
000047d3   USBEndpointPacketCountSet
000047df   USBLPMIntEnable
000047ed   getCEState
000047f9   ResetISR
00004805   uDMAControlBaseSet
00004811   uDMAErrorStatusClear
0000481d   uDMAErrorStatusGet
00004829   ADCIntClear
00004833   IntMasterEnable
0000483d   SSIDataPut
00004847   SSIDisable
00004851   SSIEnable
0000485b   USBClockEnable
00004865   USBControllerVersion
0000486f   USBDMAChannelAddressSet
00004879   USBDMAChannelCountSet
00004883   USBDevConnect
0000488d   USBDevDisconnect
00004897   USBIntStatusEndpoint
000048a1   USBDevMode
000048a9   USBFIFOAddrGet
000048b1   USBOTGMode
000048c9   GPIOPinRead
000048cf   GPIOPinWrite
000048d5   SysCtlDelay
000048db   USBDMAChannelIntStatus
000048e1   USBDevLPMConfig
000048e7   USBLPMIntStatus
000048ed   __TI_decompress_rle24
00004901   USBDevAddrSet
00004aa0   g_ppui8StringDescriptors
00004b7c   g_pui8LangDescriptor
00004b80   g_pui8ManufacturerString
00004b8e   g_pui8SeriailNumberString
00004be4   g_pui8ConfigString
00004c58   g_pui8HIDInterfaceString
00004c88   g_sHIDHandlers
00004cb8   g_pui8ProductString
00004d68   __TI_Handler_Table_Base
00004d74   __TI_Handler_Table_Limit
00004d80   __TI_CINIT_Base
00004d90   __TI_CINIT_Limit
20000400   g_ui16ADC0Result
20000658   g_ui16ADC1Result
200009c0   g_psDCDInst
20000a50   usbBufferDeviceToHost
20000a90   usbBufferHostToDevice
20000ad0   g_pfnTickHandlers
20000ae8   g_pvTickInstance
20000b00   RF24_RX_buffer
20000b20   g_ui32PollRate
20000b24   g_eOTGModeState
20000b30   g_ppsDevInfo
20000b34   g_ui32SysTickCount
20000b38   pvDevice
20000b44   __stack
20000d44   __STACK_TOP
20000f44   __STACK_END
20000f44   g_sHIDSwarmColtrolDevice
20000fb0   g_bSuspended
20000fb1   g_bConnected
20000fb4   g_USBTxState
20000fb8   g_USBRxState
20000fbc   g_bulkSendFlag
20000fbd   g_bulkReceiveFlag
20000fc0   g_ui32uDMAErrCount
20000fc4   g_pui8HIDDeviceDescriptor
20000fd8   g_bUSBTimerInitialized
20000fdc   g_ui32CurrentUSBTick
20000fe0   g_ui32USBSOFCount
20000fe4   g_iUSBMode
20000fe8   g_ui32WaitTicks
20000ff0   _lock
20000ff4   _unlock
20000ff8   __TI_cleanup_ptr
20000ffc   __TI_dtors_ptr
20001000   g_psReportIdle
20001010   main_func_sp
ffffffff   __binit__
ffffffff   __c_args__
ffffffff   binit
UNDEFED    SHT$$INIT_ARRAY$$Base
UNDEFED    SHT$$INIT_ARRAY$$Limit

[284 symbols]
