******************************************************************************
                  TI ARM Linker PC v5.1.6                      
******************************************************************************
>> Linked Tue Jul 08 14:22:11 2014

OUTPUT FILE NAME:   <usbSwarmControl.out>
ENTRY POINT SYMBOL: "_c_int00"  address: 00003861


MEMORY CONFIGURATION

         name            origin    length      used     unused   attr    fill
----------------------  --------  ---------  --------  --------  ----  --------
  FLASH                 00000000   00040000  00004e23  0003b1dd  R  X
  SRAM                  20000000   00008000  00001011  00006fef  RW X


SEGMENT ALLOCATION MAP

run origin  load origin   length   init length attrs members
----------  ----------- ---------- ----------- ----- -------
00000000    00000000    00004e28   00004e28    r-x
  00000000    00000000    0000026c   0000026c    r-- .intvecs
  0000026c    0000026c    00004730   00004730    r-x .text
  0000499c    0000499c    000003df   000003df    r-- .const
  00004d80    00004d80    000000a8   000000a8    r-- .cinit
20000000    20000000    00001014   00000000    rw-
  20000000    20000000    00000b41   00000000    rw- .bss
  20000b44    20000b44    00000400   00000000    rw- .stack
  20000f44    20000f44    000000d0   00000000    rw- .data


SECTION ALLOCATION MAP

 output                                  attributes/
section   page    origin      length       input sections
--------  ----  ----------  ----------   ----------------
.intvecs   0    00000000    0000026c     
                  00000000    0000026c     tm4c123gh6pm_startup_ccs.obj (.intvecs)

.init_array 
*          0    00000000    00000000     UNINITIALIZED

.text      0    0000026c    00004730     
                  0000026c    00000860     nRF24L01.obj (.text)
                  00000acc    00000390     main.obj (.text)
                  00000e5c    00000160     usblib.lib : usbdma.obj (.text:USBLibDMAInit)
                  00000fbc    00000154                : usbdenum.obj (.text:USBDEP0StateTxConfig)
                  00001110    00000148                : usbdenum.obj (.text:USBDCDInit)
                  00001258    00000140                : usbdconfig.obj (.text:USBDeviceConfig)
                  00001398    00000140                : usbdenum.obj (.text:USBDeviceIntHandlerInternal)
                  000014d8    00000130     driverlib.lib : gpio.obj (.text:GPIOPadConfigSet)
                  00001608    00000124     distanceSensing.obj (.text:DistanceSensing_initModules)
                  0000172c    00000118     driverlib.lib : sysctl.obj (.text:SysCtlClockGet)
                  00001844    0000010e     usblib.lib : usbdhid.obj (.text:HandleRequest)
                  00001952    00000002                : usbdma.obj (.text:iDMAUSBArbSizeSet)
                  00001954    000000f0     driverlib.lib : sysctl.obj (.text:SysCtlClockSet)
                  00001a44    000000f0     distanceSensing.obj (.text)
                  00001b34    000000e8     usblib.lib : usbdma.obj (.text:iDMAUSBTransfer)
                  00001c1c    000000e0                : usbdhid.obj (.text:USBDHIDCompositeInit)
                  00001cfc    000000dc                : usbdenum.obj (.text:USBDGetDescriptor)
                  00001dd8    000000dc     TM4C123_nRF24L01.obj (.text:initSpiForRF)
                  00001eb4    000000d8     usblib.lib : usbdenum.obj (.text:USBDeviceEnumHandler)
                  00001f8c    000000d0     main.obj (.text:configureRF)
                  0000205c    000000c0     usblib.lib : usbdma.obj (.text:uDMAUSBChannelAllocate)
                  0000211c    000000ba                : usbdma.obj (.text:uDMAUSBTransfer)
                  000021d6    00000002                : usbdma.obj (.text:iDMAUSBUnitSizeSet)
                  000021d8    000000a8     main.obj (.text:receiveDataFromRobotWithCommand)
                  00002280    0000009c     rtsv7M4_T_le_v4SPD16_eabi.lib : memcpy_t2.obj (.text)
                  0000231c    0000009c     main.obj (.text:transmitDataToRobot)
                  000023b8    00000098     usblib.lib : usbdenum.obj (.text:USBDSetInterface)
                  00002450    00000098     main.obj (.text:configureSPI)
                  000024e8    00000094     rtsv7M4_T_le_v4SPD16_eabi.lib : auto_init.obj (.text)
                  0000257c    00000090     main.obj (.text:receiveDataNoCommand)
                  0000260c    0000008c     usblib.lib : usbdhid.obj (.text:ProcessIdleTimers)
                  00002698    0000008c                : usbdenum.obj (.text:USBDSetConfiguration)
                  00002724    0000008c                : usbdconfig.obj (.text:USBDeviceConfigAlternate)
                  000027b0    00000088     main.obj (.text:initRfModule)
                  00002838    00000086     usblib.lib : usbdma.obj (.text:iDMAUSBChannelAllocate)
                  000028be    00000080     driverlib.lib : adc.obj (.text:ADCSequenceStepConfigure)
                  0000293e    00000002     usblib.lib : usbdma.obj (.text:uDMAUSBChannelIntDisable)
                  00002940    00000080     driverlib.lib : udma.obj (.text:uDMAChannelTransferSet)
                  000029c0    0000007a                   : usb.obj (.text:USBDevEndpointConfigSet)
                  00002a3a    00000002     usblib.lib : usbdma.obj (.text:uDMAUSBChannelIntEnable)
                  00002a3c    00000078                : usbdenum.obj (.text:USBDClearFeature)
                  00002ab4    00000072                : usbdhid.obj (.text:USBDHIDPacketRead)
                  00002b26    00000072                : usbdma.obj (.text:uDMAUSBArbSizeSet)
                  00002b98    00000070                : usbdenum.obj (.text:USBDEP0StateTx)
                  00002c08    00000070                : usbdenum.obj (.text:USBDGetStatus)
                  00002c78    00000070                : usbdma.obj (.text:uDMAUSBUnitSizeSet)
                  00002ce8    00000064     driverlib.lib : interrupt.obj (.text:IntIsEnabled)
                  00002d4c    00000064     usblib.lib : usbdenum.obj (.text:USBDSetFeature)
                  00002db0    00000064     main.obj (.text:initUSB)
                  00002e14    00000064     usblib.lib : usbdma.obj (.text:uDMAUSBChannelEnable)
                  00002e78    00000060                : usbdhid.obj (.text:HandleGetDescriptor)
                  00002ed8    00000060     driverlib.lib : interrupt.obj (.text:IntDisable)
                  00002f38    00000060                   : interrupt.obj (.text:IntEnable)
                  00002f98    00000060     usblib.lib : usbdenum.obj (.text:USBDReadAndDispatchRequest)
                  00002ff8    0000005e     driverlib.lib : usb.obj (.text:USBDevEndpointStatusClear)
                  00003056    0000005e     rtsv7M4_T_le_v4SPD16_eabi.lib : copy_decompress_rle.obj (.text)
                  000030b4    0000005c     usblib.lib : usbdhid.obj (.text:FindHIDDescriptor)
                  00003110    0000005c     driverlib.lib : timer.obj (.text:TimerConfigure)
                  0000316c    0000005c     usblib.lib : usbdenum.obj (.text:USBDStringIndexFromRequest)
                  000031c8    0000005a                : usbdhid.obj (.text:HandleDevice)
                  00003222    00000002     --HOLE-- [fill = 0]
                  00003224    00000058                : usbdhid.obj (.text:ProcessDataFromHost)
                  0000327c    00000058     driverlib.lib : timer.obj (.text:TimerControlTrigger)
                  000032d4    00000056                   : gpio.obj (.text:GPIOIntTypeSet)
                  0000332a    00000054     usblib.lib : usbdhid.obj (.text:ProcessDataToHost)
                  0000337e    00000002     --HOLE-- [fill = 0]
                  00003380    00000054     main.obj (.text:initSystem)
                  000033d4    00000054     usblib.lib : usbdma.obj (.text:uDMAUSBChannelRelease)
                  00003428    00000052                : usbulpi.obj (.text:ULPIConfigSet)
                  0000347a    00000002     --HOLE-- [fill = 0]
                  0000347c    00000050     driverlib.lib : sysctl.obj (.text:SysCtlPeripheralReset)
                  000034cc    00000050     usblib.lib : usbdcdesc.obj (.text:USBDCDConfigDescGet)
                  0000351c    00000050                : usbdenum.obj (.text:USBDeviceResumeTickHandler)
                  0000356c    00000050     main.obj (.text:startDistanceSensing)
                  000035bc    0000004c     usblib.lib : usbdcdesc.obj (.text:ConfigAlternateInterfaceGet)
                  00003608    0000004c     CustomTivaDrivers.obj (.text)
                  00003654    0000004c     usblib.lib : usbdconfig.obj (.text:GetEPDescriptorType)
                  000036a0    0000004c     driverlib.lib : usb.obj (.text:USBDevEndpointStallClear)
                  000036ec    0000004c                   : usb.obj (.text:USBEndpointDMAConfigSet)
                  00003738    0000004a     usblib.lib : usbdhid.obj (.text:USBDHIDReportWrite)
                  00003782    0000004a                : usbdma.obj (.text:iDMAUSBChannelEnable)
                  000037cc    0000004a                : usbdma.obj (.text:uDMAUSBChannelDisable)
                  00003816    00000002     --HOLE-- [fill = 0]
                  00003818    00000048     driverlib.lib : gpio.obj (.text:GPIOPinConfigure)
                  00003860    00000048     rtsv7M4_T_le_v4SPD16_eabi.lib : boot.obj (.text)
                  000038a8    00000048     driverlib.lib : udma.obj (.text:uDMAChannelAttributeDisable)
                  000038f0    00000044     usblib.lib : usbdenum.obj (.text:USBDCDDeviceInfoInit)
                  00003934    00000044                : usbdenum.obj (.text:USBDeviceEnumResetHandler)
                  00003978    00000044     driverlib.lib : usb.obj (.text:USBEndpointDataGet)
                  000039bc    00000044     rtsv7M4_T_le_v4SPD16_eabi.lib : cpy_tbl.obj (.text)
                  00003a00    00000044                                   : exit.obj (.text)
                  00003a44    00000042     driverlib.lib : ssi.obj (.text:SSIConfigSetExpClk)
                  00003a86    00000042     usblib.lib : usbdhid.obj (.text:SetIdleTimeout)
                  00003ac8    00000040                : usbdenum.obj (.text:USBDGetInterface)
                  00003b08    0000003e     driverlib.lib : adc.obj (.text:ADCSequenceConfigure)
                  00003b46    0000003e     usblib.lib : usbdhid.obj (.text:ScheduleReportTransmission)
                  00003b84    0000003a                : usbdcdesc.obj (.text:USBDCDConfigGetInterfaceEndpoint)
                  00003bbe    0000003a     driverlib.lib : usb.obj (.text:USBFIFOConfigSet)
                  00003bf8    0000003a     usblib.lib : usbdma.obj (.text:iDMAUSBChannelRelease)
                  00003c32    00000002     --HOLE-- [fill = 0]
                  00003c34    00000038     driverlib.lib : usb.obj (.text:USBIntStatusControl)
                  00003c6c    00000036     usblib.lib : usbdhid.obj (.text:HandleEndpoints)
                  00003ca2    00000002     --HOLE-- [fill = 0]
                  00003ca4    00000034                : usbdhid.obj (.text:HIDTickHandler)
                  00003cd8    00000034                : usbtick.obj (.text:InternalUSBRegisterTickHandler)
                  00003d0c    00000034                : usbtick.obj (.text:InternalUSBStartOfFrameTick)
                  00003d40    00000034     nRF24L01.obj (.text:RF24_readRegister)
                  00003d74    00000034     nRF24L01.obj (.text:RF24_writeRegister)
                  00003da8    00000034     driverlib.lib : sysctl.obj (.text:SysCtlPeripheralEnable)
                  00003ddc    00000034     usblib.lib : usbdma.obj (.text:iDMAUSBChannelStatus)
                  00003e10    00000032                : usbdhid.obj (.text:ClearReportTimer)
                  00003e42    00000032                : usbdcdesc.obj (.text:NextConfigDescGet)
                  00003e74    00000032     driverlib.lib : usb.obj (.text:USBDevEndpointStall)
                  00003ea6    00000032     usblib.lib : usbdma.obj (.text:iDMAUSBChannelDisable)
                  00003ed8    00000030                : usbdma.obj (.text:DMAUSBIntHandler)
                  00003f08    00000030                : usbdhid.obj (.text:HandleConfigChange)
                  00003f38    00000030                : usbtick.obj (.text:InternalUSBTickInit)
                  00003f68    00000030                : usbdenum.obj (.text:USBDGetConfiguration)
                  00003f98    00000030     driverlib.lib : usb.obj (.text:USBEndpointDataPut)
                  00003fc8    0000002e                   : adc.obj (.text:ADCIntStatus)
                  00003ff6    0000002e                   : usb.obj (.text:USBEndpointDataSend)
                  00004024    0000002c     TM4C123_nRF24L01.obj (.text)
                  00004050    0000002c     usblib.lib : usbdesc.obj (.text:USBDescGet)
                  0000407c    0000002c     driverlib.lib : udma.obj (.text:uDMAChannelAssign)
                  000040a8    0000002c     usblib.lib : usbdma.obj (.text:uDMAUSBIntStatus)
                  000040d4    0000002a     driverlib.lib : gpio.obj (.text:GPIODirModeSet)
                  000040fe    0000002a     usblib.lib : usbdcdesc.obj (.text:USBDCDConfigDescGetNum)
                  00004128    00000028                : usbdesc.obj (.text:USBDescGetNum)
                  00004150    00000028     driverlib.lib : usb.obj (.text:USBIntEnableControl)
                  00004178    00000028                   : udma.obj (.text:uDMAChannelModeGet)
                  000041a0    00000026     usblib.lib : usbdhid.obj (.text:GetIdleTimeout)
                  000041c6    00000026                : usbdhid.obj (.text:HandleEP0DataReceived)
                  000041ec    00000026                : usbdhid.obj (.text:USBDHIDInit)
                  00004212    00000002     --HOLE-- [fill = 0]
                  00004214    00000024     driverlib.lib : interrupt.obj (.text:IntPrioritySet)
                  00004238    00000024     usblib.lib : usbdenum.obj (.text:USBDSetAddress)
                  0000425c    00000024     driverlib.lib : usb.obj (.text:USBDevEndpointDataAck)
                  00004280    00000024                   : usb.obj (.text:USBEndpointDMADisable)
                  000042a4    00000024                   : usb.obj (.text:USBEndpointDMAEnable)
                  000042c8    00000024                   : udma.obj (.text:uDMAChannelControlSet)
                  000042ec    00000022     usblib.lib : usbdma.obj (.text:uDMAUSBChannelStatus)
                  0000430e    00000020                : usbdconfig.obj (.text:GetEndpointFIFOSize)
                  0000432e    00000002     --HOLE-- [fill = 0]
                  00004330    00000020                : usbmode.obj (.text:USBStackModeSet)
                  00004350    0000001e                : usbdhid.obj (.text:HandleDisconnect)
                  0000436e    0000001e                : usbdhid.obj (.text:HandleEP0DataSent)
                  0000438c    0000001e     driverlib.lib : usb.obj (.text:USBULPIRegRead)
                  000043aa    0000001e                   : usb.obj (.text:USBULPIRegWrite)
                  000043c8    0000001c     usblib.lib : usbdhid.obj (.text:ClearIdleTimers)
                  000043e4    0000001c                : usbdhid.obj (.text:SetDeferredOpFlag)
                  00004400    0000001c                : usbdcdesc.obj (.text:USBDCDConfigGetInterface)
                  0000441c    0000001c                : usbdenum.obj (.text:USBDCDStallEP0)
                  00004438    0000001c     driverlib.lib : usb.obj (.text:USBEndpointDataAvail)
                  00004454    0000001c     TM4C123_nRF24L01.obj (.text:clearRfCE)
                  00004470    0000001c     TM4C123_nRF24L01.obj (.text:setRfCE)
                  0000448c    0000001a     driverlib.lib : usb.obj (.text:USBEndpointDMAChannel)
                  000044a6    00000018                   : gpio.obj (.text:GPIOPinTypeGPIOOutput)
                  000044be    00000002     --HOLE-- [fill = 0]
                  000044c0    00000018     usblib.lib : usbdhandler.obj (.text:USB0DeviceIntHandler)
                  000044d8    00000018                : usbdcdesc.obj (.text:USBDCDConfigDescGetSize)
                  000044f0    00000018                : usbdenum.obj (.text:USBDSetDescriptor)
                  00004508    00000018                : usbdenum.obj (.text:USBDSyncFrame)
                  00004520    00000018     rtsv7M4_T_le_v4SPD16_eabi.lib : args_main.obj (.text)
                  00004538    00000018     driverlib.lib : udma.obj (.text:uDMAChannelDisable)
                  00004550    00000018                   : udma.obj (.text:uDMAChannelEnable)
                  00004568    00000016     nRF24L01.obj (.text:RF24_setConfigureRegister)
                  0000457e    00000002     --HOLE-- [fill = 0]
                  00004580    00000014     driverlib.lib : sysctl.obj (.text:SysCtlUSBPLLEnable)
                  00004594    00000014                   : systick.obj (.text:SysTickEnable)
                  000045a8    00000014                   : systick.obj (.text:SysTickIntEnable)
                  000045bc    00000014                   : timer.obj (.text:TimerDisable)
                  000045d0    00000014     usblib.lib : usbdenum.obj (.text:USBDCDRequestDataEP0)
                  000045e4    00000014                : usbdenum.obj (.text:USBDCDSendDataEP0)
                  000045f8    00000014     driverlib.lib : usb.obj (.text:USBHostResume)
                  0000460c    00000014                   : usb.obj (.text:USBIntEnableEndpoint)
                  00004620    00000014                   : usb.obj (.text:_USBIndexWrite)
                  00004634    00000014     rtsv7M4_T_le_v4SPD16_eabi.lib : _lock.obj (.text)
                  00004648    00000012     driverlib.lib : adc.obj (.text:ADCHardwareOversampleConfigure)
                  0000465a    00000012                   : gpio.obj (.text:GPIOPinTypeADC)
                  0000466c    00000012                   : gpio.obj (.text:GPIOPinTypeGPIOInput)
                  0000467e    00000012                   : gpio.obj (.text:GPIOPinTypeSSI)
                  00004690    00000012                   : gpio.obj (.text:GPIOPinTypeUSBAnalog)
                  000046a2    00000012     usblib.lib : usbdhid.obj (.text:HandleResume)
                  000046b4    00000012                : usbdhid.obj (.text:HandleSuspend)
                  000046c6    00000012     driverlib.lib : ssi.obj (.text:SSIDataGetNonBlocking)
                  000046d8    00000012                   : timer.obj (.text:TimerLoadSet)
                  000046ea    00000012                   : usb.obj (.text:USBDMAChannelConfigSet)
                  000046fc    00000012                   : usb.obj (.text:USBDMAChannelDisable)
                  0000470e    00000012                   : usb.obj (.text:USBDMAChannelEnable)
                  00004720    00000012                   : usb.obj (.text:USBDMAChannelIntDisable)
                  00004732    00000012                   : usb.obj (.text:USBDMAChannelIntEnable)
                  00004744    00000012     rtsv7M4_T_le_v4SPD16_eabi.lib : copy_zero_init.obj (.text:decompress:ZI)
                  00004756    00000010     driverlib.lib : adc.obj (.text:ADCSequenceDMAEnable)
                  00004766    00000002     --HOLE-- [fill = 0]
                  00004768    00000010     distanceSensing.obj (.text:DistanceSensing_start)
                  00004778    00000010     driverlib.lib : systick.obj (.text:SysTickPeriodSet)
                  00004788    00000010                   : usb.obj (.text:USBEndpointStatus)
                  00004798    00000010     TM4C123_nRF24L01.obj (.text:clearRfCSN)
                  000047a8    00000010     TM4C123_nRF24L01.obj (.text:setRfCSN)
                  000047b8    00000010     driverlib.lib : udma.obj (.text:uDMAEnable)
                  000047c8    0000000e                   : adc.obj (.text:ADCSequenceEnable)
                  000047d6    0000000e     usblib.lib : usbdma.obj (.text:DMAUSBIntStatusClear)
                  000047e4    0000000e     driverlib.lib : timer.obj (.text:TimerEnable)
                  000047f2    0000000e                   : usb.obj (.text:USBDMAChannelStatus)
                  00004800    0000000e                   : usb.obj (.text:USBDevLPMDisable)
                  0000480e    0000000e                   : usb.obj (.text:USBDevLPMEnable)
                  0000481c    0000000e                   : usb.obj (.text:USBULPIDisable)
                  0000482a    0000000e                   : usb.obj (.text:USBULPIEnable)
                  00004838    0000000e     rtsv7M4_T_le_v4SPD16_eabi.lib : copy_decompress_none.obj (.text:decompress:none)
                  00004846    0000000c     driverlib.lib : cpu.obj (.text:CPUcpsie)
                  00004852    0000000c                   : gpio.obj (.text:GPIOIntEnable)
                  0000485e    0000000c                   : ssi.obj (.text:SSIDataGet)
                  0000486a    0000000c                   : usb.obj (.text:USBEndpointPacketCountSet)
                  00004876    0000000c                   : usb.obj (.text:USBLPMIntEnable)
                  00004882    00000002     --HOLE-- [fill = 0]
                  00004884    0000000c     TM4C123_nRF24L01.obj (.text:getCEState)
                  00004890    0000000c     tm4c123gh6pm_startup_ccs.obj (.text)
                  0000489c    0000000c     driverlib.lib : udma.obj (.text:uDMAControlBaseSet)
                  000048a8    0000000c                   : udma.obj (.text:uDMAErrorStatusClear)
                  000048b4    0000000c                   : udma.obj (.text:uDMAErrorStatusGet)
                  000048c0    0000000a                   : adc.obj (.text:ADCIntClear)
                  000048ca    0000000a                   : interrupt.obj (.text:IntMasterEnable)
                  000048d4    0000000a                   : ssi.obj (.text:SSIDataPut)
                  000048de    0000000a                   : ssi.obj (.text:SSIDisable)
                  000048e8    0000000a                   : ssi.obj (.text:SSIEnable)
                  000048f2    0000000a                   : usb.obj (.text:USBClockEnable)
                  000048fc    0000000a                   : usb.obj (.text:USBControllerVersion)
                  00004906    0000000a                   : usb.obj (.text:USBDMAChannelAddressSet)
                  00004910    0000000a                   : usb.obj (.text:USBDMAChannelCountSet)
                  0000491a    0000000a                   : usb.obj (.text:USBDevConnect)
                  00004924    0000000a                   : usb.obj (.text:USBDevDisconnect)
                  0000492e    0000000a                   : usb.obj (.text:USBIntStatusEndpoint)
                  00004938    00000008                   : usb.obj (.text:USBDevMode)
                  00004940    00000008                   : usb.obj (.text:USBFIFOAddrGet)
                  00004948    00000008                   : usb.obj (.text:USBOTGMode)
                  00004950    00000008     usblib.lib : usbdma.obj (.text:iDMAUSBChannelIntDisable)
                  00004958    00000008                : usbdma.obj (.text:iDMAUSBChannelIntEnable)
                  00004960    00000006     driverlib.lib : gpio.obj (.text:GPIOPinRead)
                  00004966    00000006                   : gpio.obj (.text:GPIOPinWrite)
                  0000496c    00000006                   : sysctl.obj (.text:SysCtlDelay)
                  00004972    00000006                   : usb.obj (.text:USBDMAChannelIntStatus)
                  00004978    00000006                   : usb.obj (.text:USBDevLPMConfig)
                  0000497e    00000006                   : usb.obj (.text:USBLPMIntStatus)
                  00004984    00000006     rtsv7M4_T_le_v4SPD16_eabi.lib : copy_decompress_rle.obj (.text:decompress:rle24)
                  0000498a    00000006     usblib.lib : usbdma.obj (.text:iDMAUSBIntStatus)
                  00004990    00000004                : usbdma.obj (.text:DMAUSBStatus)
                  00004994    00000004                : usbdhid.obj (.text:HandleReset)
                  00004998    00000004     driverlib.lib : usb.obj (.text:USBDevAddrSet)

.const     0    0000499c    000003df     
                  0000499c    0000009c     driverlib.lib : interrupt.obj (.const:g_pui32Regs)
                  00004a38    00000090                   : gpio.obj (.const:g_pui32GPIOBaseAddrs)
                  00004ac8    00000070                   : interrupt.obj (.const)
                  00004b38    00000070     usb_swarm_control_structs.obj (.const)
                  00004ba8    0000006c     driverlib.lib : sysctl.obj (.const:g_pui32Xtals)
                  00004c14    00000068     usb_swarm_control_structs.obj (.const:.string)
                  00004c7c    00000040     usb_swarm_control_structs.obj (.const:.string:g_pui8ConfigString)
                  00004cbc    00000034     usblib.lib : usbdenum.obj (.const:g_psUSBDStdRequests)
                  00004cf0    00000030     usb_swarm_control_structs.obj (.const:.string:g_pui8HIDInterfaceString)
                  00004d20    00000030     usblib.lib : usbdhid.obj (.const:g_sHIDHandlers)
                  00004d50    00000028     usb_swarm_control_structs.obj (.const:.string:g_pui8ProductString)
                  00004d78    00000003     main.obj (.const:.string)

.cinit     0    00004d80    000000a8     
                  00004d80    0000007f     (.cinit..data.load) [load image, compression = rle]
                  00004dff    00000001     --HOLE-- [fill = 0]
                  00004e00    0000000c     (__TI_handler_table)
                  00004e0c    00000004     --HOLE-- [fill = 0]
                  00004e10    00000008     (.cinit..bss.load) [load image, compression = zero_init]
                  00004e18    00000010     (__TI_cinit_table)

.bss       0    20000000    00000b41     UNINITIALIZED
                  20000000    00000400     distanceSensing.obj (.bss:ui8ControlTable)
                  20000400    00000258     main.obj (.bss:g_ui16ADC0Result)
                  20000658    00000258     main.obj (.bss:g_ui16ADC1Result)
                  200008b0    00000110     usblib.lib : usbdma.obj (.bss:g_psUSBDMAInst)
                  200009c0    00000050                : usbdenum.obj (.bss:g_psDCDInst)
                  20000a10    00000040                : usbdenum.obj (.bss:g_pui8DataBufferIn)
                  20000a50    00000040     main.obj (.bss:usbBufferDeviceToHost)
                  20000a90    00000040     main.obj (.bss:usbBufferHostToDevice)
                  20000ad0    00000030     usblib.lib : usbtick.obj (.bss)
                  20000b00    00000020     (.common:RF24_RX_buffer)
                  20000b20    0000000c                : usbmode.obj (.bss)
                  20000b2c    00000008                : usbdenum.obj (.bss)
                  20000b34    00000004     (.common:g_ui32SysTickCount)
                  20000b38    00000004     (.common:pvDevice)
                  20000b3c    00000001     (.common:CEState)
                  20000b3d    00000001     (.common:addressWidth)
                  20000b3e    00000001     (.common:crcConfig)
                  20000b3f    00000001     (.common:features)
                  20000b40    00000001     (.common:status)

.stack     0    20000b44    00000400     UNINITIALIZED
                  20000b44    00000400     --HOLE--

.data      0    20000f44    000000d0     UNINITIALIZED
                  20000f44    0000006c     usb_swarm_control_structs.obj (.data:g_sHIDSwarmColtrolDevice)
                  20000fb0    00000014     main.obj (.data)
                  20000fc4    00000012     usblib.lib : usbdhid.obj (.data)
                  20000fd6    00000002     --HOLE--
                  20000fd8    0000000c                : usbtick.obj (.data)
                  20000fe4    00000009                : usbmode.obj (.data)
                  20000fed    00000003     --HOLE--
                  20000ff0    00000008     rtsv7M4_T_le_v4SPD16_eabi.lib : _lock.obj (.data)
                  20000ff8    00000008                                   : exit.obj (.data)
                  20001000    00000008     usb_swarm_control_structs.obj (.data)
                  20001008    00000008     usblib.lib : usbdenum.obj (.data)
                  20001010    00000004     rtsv7M4_T_le_v4SPD16_eabi.lib : stkdepth_vars.obj (.data)


LINKER GENERATED COPY TABLES

__TI_cinit_table @ 00004e18 records: 2, size/record: 8, table size: 16
	.data: load addr=00004d80, load size=0000007f bytes, run addr=20000f44, run size=000000d0 bytes, compression=rle
	.bss: load addr=00004e10, load size=00000008 bytes, run addr=20000000, run size=00000b41 bytes, compression=zero_init


LINKER GENERATED HANDLER TABLE

__TI_handler_table @ 00004e00 records: 3, size/record: 4, table size: 12
	index: 0, handler: __TI_decompress_rle24
	index: 1, handler: __TI_decompress_none
	index: 2, handler: __TI_zero_init


GLOBAL SYMBOLS: SORTED ALPHABETICALLY BY Name 

address    name
--------   ----
00001a8f   ADC0IntHandler
00001ad3   ADC1IntHandler
0000363f   ADCDitherDisable
00003629   ADCDitherEnable
00004649   ADCHardwareOversampleConfigure
000048c1   ADCIntClear
00003fc9   ADCIntStatus
00003b09   ADCSequenceConfigure
00004757   ADCSequenceDMAEnable
000047c9   ADCSequenceEnable
000028bf   ADCSequenceStepConfigure
00003a01   C$$EXIT
00004847   CPUcpsie
00001609   DistanceSensing_initModules
00004769   DistanceSensing_start
000040d5   GPIODirModeSet
00000e1f   GPIOEIntHandler
00004853   GPIOIntEnable
000032d5   GPIOIntTypeSet
000014d9   GPIOPadConfigSet
00003819   GPIOPinConfigure
00004961   GPIOPinRead
00003609   GPIOPinToggle
0000465b   GPIOPinTypeADC
0000466d   GPIOPinTypeGPIOInput
000044a7   GPIOPinTypeGPIOOutput
0000467f   GPIOPinTypeSSI
00004691   GPIOPinTypeUSBAnalog
00004967   GPIOPinWrite
00002ed9   IntDisable
00002f39   IntEnable
00002ce9   IntIsEnabled
000048cb   IntMasterEnable
00004215   IntPrioritySet
00003cd9   InternalUSBRegisterTickHandler
00003d0d   InternalUSBStartOfFrameTick
00003f39   InternalUSBTickInit
0000088f   RF24_PIPE_close
000008eb   RF24_PIPE_closeAll
0000097d   RF24_PIPE_isOpen
00000907   RF24_PIPE_open
000009bd   RF24_PIPE_setPacketSize
00000ab9   RF24_RETRANS_getLastRetransmits
00000a7f   RF24_RETRANS_setCount
00000a45   RF24_RETRANS_setDelay
000007d1   RF24_RX_activate
20000b00   RF24_RX_buffer
00000875   RF24_RX_carrierDetection
000007bb   RF24_RX_flush
00000769   RF24_RX_getPayloadData
00000745   RF24_RX_getPayloadWidth
000007f3   RF24_RX_isEmpty
0000080f   RF24_RX_sendAckWithPayload
000006d7   RF24_RX_setAddress
000006a5   RF24_TX_activate
00000679   RF24_TX_flush
000006c3   RF24_TX_pulseTransmit
0000068f   RF24_TX_reuseLastPayload
00000585   RF24_TX_setAddress
000005d1   RF24_TX_writePayloadAck
00000625   RF24_TX_writePayloadNoAck
00000547   RF24_clearIrqFlag
0000034d   RF24_disableFeatures
00000313   RF24_enableFeatures
000003fd   RF24_getCurrentState
00000513   RF24_getIrqFlag
00000377   RF24_getLostPackets
0000026d   RF24_init
00000385   RF24_isAlive
00003d41   RF24_readRegister
000004ad   RF24_scan
000003df   RF24_setAddressWidth
000003c9   RF24_setChannel
00004569   RF24_setConfigureRegister
000003ab   RF24_setSpeedAndPower
00000457   RF24_startPowerDown
0000046b   RF24_startStandby
00003d75   RF24_writeRegister
00004891   ResetISR
UNDEFED    SHT$$INIT_ARRAY$$Base
UNDEFED    SHT$$INIT_ARRAY$$Limit
00004025   SPI_sendAndGetData
00003a45   SSIConfigSetExpClk
0000485f   SSIDataGet
000046c7   SSIDataGetNonBlocking
000048d5   SSIDataPut
000048df   SSIDisable
000048e9   SSIEnable
00000b0b   SwarmControlReceiveEventHandler
00000c17   SwarmControlTransmitEventHandler
0000172d   SysCtlClockGet
00001955   SysCtlClockSet
0000496d   SysCtlDelay
00003da9   SysCtlPeripheralEnable
0000347d   SysCtlPeripheralReset
00004581   SysCtlUSBPLLEnable
00004595   SysTickEnable
00000b01   SysTickHandler
000045a9   SysTickIntEnable
00004779   SysTickPeriodSet
00003111   TimerConfigure
0000327d   TimerControlTrigger
000045bd   TimerDisable
000047e5   TimerEnable
000046d9   TimerLoadSet
00003429   ULPIConfigSet
000044c1   USB0DeviceIntHandler
000048f3   USBClockEnable
000048fd   USBControllerVersion
000034cd   USBDCDConfigDescGet
000040ff   USBDCDConfigDescGetNum
000044d9   USBDCDConfigDescGetSize
00004401   USBDCDConfigGetInterface
00003b85   USBDCDConfigGetInterfaceEndpoint
000038f1   USBDCDDeviceInfoInit
00001111   USBDCDInit
000045d1   USBDCDRequestDataEP0
000045e5   USBDCDSendDataEP0
0000441d   USBDCDStallEP0
00001c1d   USBDHIDCompositeInit
000041ed   USBDHIDInit
00002ab5   USBDHIDPacketRead
00003739   USBDHIDReportWrite
00004907   USBDMAChannelAddressSet
000046eb   USBDMAChannelConfigSet
00004911   USBDMAChannelCountSet
000046fd   USBDMAChannelDisable
0000470f   USBDMAChannelEnable
00004721   USBDMAChannelIntDisable
00004733   USBDMAChannelIntEnable
00004973   USBDMAChannelIntStatus
000047f3   USBDMAChannelStatus
00004051   USBDescGet
00004129   USBDescGetNum
00004999   USBDevAddrSet
0000491b   USBDevConnect
00004925   USBDevDisconnect
000029c1   USBDevEndpointConfigSet
0000425d   USBDevEndpointDataAck
00003e75   USBDevEndpointStall
000036a1   USBDevEndpointStallClear
00002ff9   USBDevEndpointStatusClear
00004979   USBDevLPMConfig
00004801   USBDevLPMDisable
0000480f   USBDevLPMEnable
00004939   USBDevMode
00001259   USBDeviceConfig
00002725   USBDeviceConfigAlternate
00001eb5   USBDeviceEnumHandler
00003935   USBDeviceEnumResetHandler
00001399   USBDeviceIntHandlerInternal
0000351d   USBDeviceResumeTickHandler
0000448d   USBEndpointDMAChannel
000036ed   USBEndpointDMAConfigSet
00004281   USBEndpointDMADisable
000042a5   USBEndpointDMAEnable
00004439   USBEndpointDataAvail
00003979   USBEndpointDataGet
00003f99   USBEndpointDataPut
00003ff7   USBEndpointDataSend
0000486b   USBEndpointPacketCountSet
00004789   USBEndpointStatus
00004941   USBFIFOAddrGet
00003bbf   USBFIFOConfigSet
000045f9   USBHostResume
00004151   USBIntEnableControl
0000460d   USBIntEnableEndpoint
00003c35   USBIntStatusControl
0000492f   USBIntStatusEndpoint
00004877   USBLPMIntEnable
0000497f   USBLPMIntStatus
00000e5d   USBLibDMAInit
00004949   USBOTGMode
00004331   USBStackModeSet
0000481d   USBULPIDisable
0000482b   USBULPIEnable
0000438d   USBULPIRegRead
000043ab   USBULPIRegWrite
00000c39   USB_sendData
20000f44   __STACK_END
00000400   __STACK_SIZE
20000d44   __STACK_TOP
00004e18   __TI_CINIT_Base
00004e28   __TI_CINIT_Limit
00004e00   __TI_Handler_Table_Base
00004e0c   __TI_Handler_Table_Limit
00000001   __TI_args_main
000024e9   __TI_auto_init
20000ff8   __TI_cleanup_ptr
00004839   __TI_decompress_none
00004985   __TI_decompress_rle24
20000ffc   __TI_dtors_ptr
00000000   __TI_static_base__
00004745   __TI_zero_init
00002281   __aeabi_memcpy
00002281   __aeabi_memcpy4
00002281   __aeabi_memcpy8
ffffffff   __binit__
ffffffff   __c_args__
20000b44   __stack
00004521   _args_main
00003861   _c_int00
20000ff0   _lock
00004643   _nop
0000463b   _register_lock
00004635   _register_unlock
20000ff4   _unlock
00003a05   abort
ffffffff   binit
00004455   clearRfCE
00004799   clearRfCSN
00001f8d   configureRF
00002451   configureSPI
00000c85   convertByteToUINT32
000039bd   copy_in
00003a0d   exit
20000fb8   g_USBRxState
20000fb4   g_USBTxState
20000fb1   g_bConnected
20000fb0   g_bSuspended
20000fd8   g_bUSBTimerInitialized
20000fbd   g_bulkReceiveFlag
20000fbc   g_bulkSendFlag
20000b24   g_eOTGModeState
20000fe4   g_iUSBMode
20000ad0   g_pfnTickHandlers
00000000   g_pfnVectors
20000b30   g_ppsDevInfo
00004b38   g_ppui8StringDescriptors
200009c0   g_psDCDInst
20001000   g_psReportIdle
00004c7c   g_pui8ConfigString
20000fc4   g_pui8HIDDeviceDescriptor
00004cf0   g_pui8HIDInterfaceString
00004c14   g_pui8LangDescriptor
00004c18   g_pui8ManufacturerString
00004d50   g_pui8ProductString
00004c26   g_pui8SeriailNumberString
20000ae8   g_pvTickInstance
00004d20   g_sHIDHandlers
20000f44   g_sHIDSwarmColtrolDevice
20000400   g_ui16ADC0Result
20000658   g_ui16ADC1Result
20000fdc   g_ui32CurrentUSBTick
20000b20   g_ui32PollRate
20000b34   g_ui32SysTickCount
20000fe0   g_ui32USBSOFCount
20000fe8   g_ui32WaitTicks
20000fc0   g_ui32uDMAErrCount
00004885   getCEState
00001a45   initADC
000027b1   initRfModule
00001dd9   initSpiForRF
00003381   initSystem
00002db1   initUSB
00000e01   main
20001010   main_func_sp
00002281   memcpy
00000d8d   processUsbRequestFromHost
20000b38   pvDevice
00000d27   readDataFromRobot
000021d9   receiveDataFromRobotWithCommand
0000257d   receiveDataNoCommand
0000403f   rfDelayLoop
00000cc7   sendResponeToHost
00004471   setRfCE
000047a9   setRfCSN
00000acd   signalUnhandleError
0000356d   startDistanceSensing
00000cdd   startTransmitDataToRobot
0000231d   transmitDataToRobot
0000407d   uDMAChannelAssign
000038a9   uDMAChannelAttributeDisable
000042c9   uDMAChannelControlSet
00004539   uDMAChannelDisable
00004551   uDMAChannelEnable
00004179   uDMAChannelModeGet
00002941   uDMAChannelTransferSet
0000489d   uDMAControlBaseSet
000047b9   uDMAEnable
00000e29   uDMAErrorHandler
000048a9   uDMAErrorStatusClear
000048b5   uDMAErrorStatusGet
20000a50   usbBufferDeviceToHost
20000a90   usbBufferHostToDevice


GLOBAL SYMBOLS: SORTED BY Symbol Address 

address    name
--------   ----
00000000   __TI_static_base__
00000000   g_pfnVectors
00000001   __TI_args_main
0000026d   RF24_init
00000313   RF24_enableFeatures
0000034d   RF24_disableFeatures
00000377   RF24_getLostPackets
00000385   RF24_isAlive
000003ab   RF24_setSpeedAndPower
000003c9   RF24_setChannel
000003df   RF24_setAddressWidth
000003fd   RF24_getCurrentState
00000400   __STACK_SIZE
00000457   RF24_startPowerDown
0000046b   RF24_startStandby
000004ad   RF24_scan
00000513   RF24_getIrqFlag
00000547   RF24_clearIrqFlag
00000585   RF24_TX_setAddress
000005d1   RF24_TX_writePayloadAck
00000625   RF24_TX_writePayloadNoAck
00000679   RF24_TX_flush
0000068f   RF24_TX_reuseLastPayload
000006a5   RF24_TX_activate
000006c3   RF24_TX_pulseTransmit
000006d7   RF24_RX_setAddress
00000745   RF24_RX_getPayloadWidth
00000769   RF24_RX_getPayloadData
000007bb   RF24_RX_flush
000007d1   RF24_RX_activate
000007f3   RF24_RX_isEmpty
0000080f   RF24_RX_sendAckWithPayload
00000875   RF24_RX_carrierDetection
0000088f   RF24_PIPE_close
000008eb   RF24_PIPE_closeAll
00000907   RF24_PIPE_open
0000097d   RF24_PIPE_isOpen
000009bd   RF24_PIPE_setPacketSize
00000a45   RF24_RETRANS_setDelay
00000a7f   RF24_RETRANS_setCount
00000ab9   RF24_RETRANS_getLastRetransmits
00000acd   signalUnhandleError
00000b01   SysTickHandler
00000b0b   SwarmControlReceiveEventHandler
00000c17   SwarmControlTransmitEventHandler
00000c39   USB_sendData
00000c85   convertByteToUINT32
00000cc7   sendResponeToHost
00000cdd   startTransmitDataToRobot
00000d27   readDataFromRobot
00000d8d   processUsbRequestFromHost
00000e01   main
00000e1f   GPIOEIntHandler
00000e29   uDMAErrorHandler
00000e5d   USBLibDMAInit
00001111   USBDCDInit
00001259   USBDeviceConfig
00001399   USBDeviceIntHandlerInternal
000014d9   GPIOPadConfigSet
00001609   DistanceSensing_initModules
0000172d   SysCtlClockGet
00001955   SysCtlClockSet
00001a45   initADC
00001a8f   ADC0IntHandler
00001ad3   ADC1IntHandler
00001c1d   USBDHIDCompositeInit
00001dd9   initSpiForRF
00001eb5   USBDeviceEnumHandler
00001f8d   configureRF
000021d9   receiveDataFromRobotWithCommand
00002281   __aeabi_memcpy
00002281   __aeabi_memcpy4
00002281   __aeabi_memcpy8
00002281   memcpy
0000231d   transmitDataToRobot
00002451   configureSPI
000024e9   __TI_auto_init
0000257d   receiveDataNoCommand
00002725   USBDeviceConfigAlternate
000027b1   initRfModule
000028bf   ADCSequenceStepConfigure
00002941   uDMAChannelTransferSet
000029c1   USBDevEndpointConfigSet
00002ab5   USBDHIDPacketRead
00002ce9   IntIsEnabled
00002db1   initUSB
00002ed9   IntDisable
00002f39   IntEnable
00002ff9   USBDevEndpointStatusClear
00003111   TimerConfigure
0000327d   TimerControlTrigger
000032d5   GPIOIntTypeSet
00003381   initSystem
00003429   ULPIConfigSet
0000347d   SysCtlPeripheralReset
000034cd   USBDCDConfigDescGet
0000351d   USBDeviceResumeTickHandler
0000356d   startDistanceSensing
00003609   GPIOPinToggle
00003629   ADCDitherEnable
0000363f   ADCDitherDisable
000036a1   USBDevEndpointStallClear
000036ed   USBEndpointDMAConfigSet
00003739   USBDHIDReportWrite
00003819   GPIOPinConfigure
00003861   _c_int00
000038a9   uDMAChannelAttributeDisable
000038f1   USBDCDDeviceInfoInit
00003935   USBDeviceEnumResetHandler
00003979   USBEndpointDataGet
000039bd   copy_in
00003a01   C$$EXIT
00003a05   abort
00003a0d   exit
00003a45   SSIConfigSetExpClk
00003b09   ADCSequenceConfigure
00003b85   USBDCDConfigGetInterfaceEndpoint
00003bbf   USBFIFOConfigSet
00003c35   USBIntStatusControl
00003cd9   InternalUSBRegisterTickHandler
00003d0d   InternalUSBStartOfFrameTick
00003d41   RF24_readRegister
00003d75   RF24_writeRegister
00003da9   SysCtlPeripheralEnable
00003e75   USBDevEndpointStall
00003f39   InternalUSBTickInit
00003f99   USBEndpointDataPut
00003fc9   ADCIntStatus
00003ff7   USBEndpointDataSend
00004025   SPI_sendAndGetData
0000403f   rfDelayLoop
00004051   USBDescGet
0000407d   uDMAChannelAssign
000040d5   GPIODirModeSet
000040ff   USBDCDConfigDescGetNum
00004129   USBDescGetNum
00004151   USBIntEnableControl
00004179   uDMAChannelModeGet
000041ed   USBDHIDInit
00004215   IntPrioritySet
0000425d   USBDevEndpointDataAck
00004281   USBEndpointDMADisable
000042a5   USBEndpointDMAEnable
000042c9   uDMAChannelControlSet
00004331   USBStackModeSet
0000438d   USBULPIRegRead
000043ab   USBULPIRegWrite
00004401   USBDCDConfigGetInterface
0000441d   USBDCDStallEP0
00004439   USBEndpointDataAvail
00004455   clearRfCE
00004471   setRfCE
0000448d   USBEndpointDMAChannel
000044a7   GPIOPinTypeGPIOOutput
000044c1   USB0DeviceIntHandler
000044d9   USBDCDConfigDescGetSize
00004521   _args_main
00004539   uDMAChannelDisable
00004551   uDMAChannelEnable
00004569   RF24_setConfigureRegister
00004581   SysCtlUSBPLLEnable
00004595   SysTickEnable
000045a9   SysTickIntEnable
000045bd   TimerDisable
000045d1   USBDCDRequestDataEP0
000045e5   USBDCDSendDataEP0
000045f9   USBHostResume
0000460d   USBIntEnableEndpoint
00004635   _register_unlock
0000463b   _register_lock
00004643   _nop
00004649   ADCHardwareOversampleConfigure
0000465b   GPIOPinTypeADC
0000466d   GPIOPinTypeGPIOInput
0000467f   GPIOPinTypeSSI
00004691   GPIOPinTypeUSBAnalog
000046c7   SSIDataGetNonBlocking
000046d9   TimerLoadSet
000046eb   USBDMAChannelConfigSet
000046fd   USBDMAChannelDisable
0000470f   USBDMAChannelEnable
00004721   USBDMAChannelIntDisable
00004733   USBDMAChannelIntEnable
00004745   __TI_zero_init
00004757   ADCSequenceDMAEnable
00004769   DistanceSensing_start
00004779   SysTickPeriodSet
00004789   USBEndpointStatus
00004799   clearRfCSN
000047a9   setRfCSN
000047b9   uDMAEnable
000047c9   ADCSequenceEnable
000047e5   TimerEnable
000047f3   USBDMAChannelStatus
00004801   USBDevLPMDisable
0000480f   USBDevLPMEnable
0000481d   USBULPIDisable
0000482b   USBULPIEnable
00004839   __TI_decompress_none
00004847   CPUcpsie
00004853   GPIOIntEnable
0000485f   SSIDataGet
0000486b   USBEndpointPacketCountSet
00004877   USBLPMIntEnable
00004885   getCEState
00004891   ResetISR
0000489d   uDMAControlBaseSet
000048a9   uDMAErrorStatusClear
000048b5   uDMAErrorStatusGet
000048c1   ADCIntClear
000048cb   IntMasterEnable
000048d5   SSIDataPut
000048df   SSIDisable
000048e9   SSIEnable
000048f3   USBClockEnable
000048fd   USBControllerVersion
00004907   USBDMAChannelAddressSet
00004911   USBDMAChannelCountSet
0000491b   USBDevConnect
00004925   USBDevDisconnect
0000492f   USBIntStatusEndpoint
00004939   USBDevMode
00004941   USBFIFOAddrGet
00004949   USBOTGMode
00004961   GPIOPinRead
00004967   GPIOPinWrite
0000496d   SysCtlDelay
00004973   USBDMAChannelIntStatus
00004979   USBDevLPMConfig
0000497f   USBLPMIntStatus
00004985   __TI_decompress_rle24
00004999   USBDevAddrSet
00004b38   g_ppui8StringDescriptors
00004c14   g_pui8LangDescriptor
00004c18   g_pui8ManufacturerString
00004c26   g_pui8SeriailNumberString
00004c7c   g_pui8ConfigString
00004cf0   g_pui8HIDInterfaceString
00004d20   g_sHIDHandlers
00004d50   g_pui8ProductString
00004e00   __TI_Handler_Table_Base
00004e0c   __TI_Handler_Table_Limit
00004e18   __TI_CINIT_Base
00004e28   __TI_CINIT_Limit
20000400   g_ui16ADC0Result
20000658   g_ui16ADC1Result
200009c0   g_psDCDInst
20000a50   usbBufferDeviceToHost
20000a90   usbBufferHostToDevice
20000ad0   g_pfnTickHandlers
20000ae8   g_pvTickInstance
20000b00   RF24_RX_buffer
20000b20   g_ui32PollRate
20000b24   g_eOTGModeState
20000b30   g_ppsDevInfo
20000b34   g_ui32SysTickCount
20000b38   pvDevice
20000b44   __stack
20000d44   __STACK_TOP
20000f44   __STACK_END
20000f44   g_sHIDSwarmColtrolDevice
20000fb0   g_bSuspended
20000fb1   g_bConnected
20000fb4   g_USBTxState
20000fb8   g_USBRxState
20000fbc   g_bulkSendFlag
20000fbd   g_bulkReceiveFlag
20000fc0   g_ui32uDMAErrCount
20000fc4   g_pui8HIDDeviceDescriptor
20000fd8   g_bUSBTimerInitialized
20000fdc   g_ui32CurrentUSBTick
20000fe0   g_ui32USBSOFCount
20000fe4   g_iUSBMode
20000fe8   g_ui32WaitTicks
20000ff0   _lock
20000ff4   _unlock
20000ff8   __TI_cleanup_ptr
20000ffc   __TI_dtors_ptr
20001000   g_psReportIdle
20001010   main_func_sp
ffffffff   __binit__
ffffffff   __c_args__
ffffffff   binit
UNDEFED    SHT$$INIT_ARRAY$$Base
UNDEFED    SHT$$INIT_ARRAY$$Limit

[285 symbols]
