<?xml version="1.0"?>
<link_info>
   <banner>TI ARM Linker PC v5.1.6</banner>
   <copyright>Copyright (c) 1996-2014 Texas Instruments Incorporated</copyright>
   <link_time>0x53bd19e5</link_time>
   <link_errors>0x0</link_errors>
   <output_file>usbSwarmControl.out</output_file>
   <entry_point>
      <name>_c_int00</name>
      <address>0x3439</address>
   </entry_point>
   <input_file_list>
      <input_file id="fl-2">
         <path>.\libnrf24l01\src\</path>
         <kind>object</kind>
         <file>nRF24L01.obj</file>
         <name>nRF24L01.obj</name>
      </input_file>
      <input_file id="fl-3">
         <path>.\libnrf24l01\src\</path>
         <kind>object</kind>
         <file>TM4C123_nRF24L01.obj</file>
         <name>TM4C123_nRF24L01.obj</name>
      </input_file>
      <input_file id="fl-4">
         <path>.\</path>
         <kind>object</kind>
         <file>usb_swarm_control_structs.obj</file>
         <name>usb_swarm_control_structs.obj</name>
      </input_file>
      <input_file id="fl-5">
         <path>.\</path>
         <kind>object</kind>
         <file>tm4c123gh6pm_startup_ccs.obj</file>
         <name>tm4c123gh6pm_startup_ccs.obj</name>
      </input_file>
      <input_file id="fl-6">
         <path>.\</path>
         <kind>object</kind>
         <file>main.obj</file>
         <name>main.obj</name>
      </input_file>
      <input_file id="fl-7">
         <path>.\</path>
         <kind>object</kind>
         <file>distanceSensing.obj</file>
         <name>distanceSensing.obj</name>
      </input_file>
      <input_file id="fl-8">
         <path>.\</path>
         <kind>object</kind>
         <file>CustomTivaDrivers.obj</file>
         <name>CustomTivaDrivers.obj</name>
      </input_file>
      <input_file id="fl-137">
         <path>c:\ti\ccsv6\tools\compiler\arm_5.1.6\lib\</path>
         <kind>archive</kind>
         <file>rtsv7M4_T_le_v4SPD16_eabi.lib</file>
         <name>boot.obj</name>
      </input_file>
      <input_file id="fl-138">
         <path>c:\ti\ccsv6\tools\compiler\arm_5.1.6\lib\</path>
         <kind>archive</kind>
         <file>rtsv7M4_T_le_v4SPD16_eabi.lib</file>
         <name>copy_decompress_none.obj</name>
      </input_file>
      <input_file id="fl-139">
         <path>c:\ti\ccsv6\tools\compiler\arm_5.1.6\lib\</path>
         <kind>archive</kind>
         <file>rtsv7M4_T_le_v4SPD16_eabi.lib</file>
         <name>copy_decompress_rle.obj</name>
      </input_file>
      <input_file id="fl-13a">
         <path>c:\ti\ccsv6\tools\compiler\arm_5.1.6\lib\</path>
         <kind>archive</kind>
         <file>rtsv7M4_T_le_v4SPD16_eabi.lib</file>
         <name>copy_zero_init.obj</name>
      </input_file>
      <input_file id="fl-13b">
         <path>c:\ti\ccsv6\tools\compiler\arm_5.1.6\lib\</path>
         <kind>archive</kind>
         <file>rtsv7M4_T_le_v4SPD16_eabi.lib</file>
         <name>exit.obj</name>
      </input_file>
      <input_file id="fl-13c">
         <path>c:\ti\ccsv6\tools\compiler\arm_5.1.6\lib\</path>
         <kind>archive</kind>
         <file>rtsv7M4_T_le_v4SPD16_eabi.lib</file>
         <name>memcpy_t2.obj</name>
      </input_file>
      <input_file id="fl-13d">
         <path>c:\ti\ccsv6\tools\compiler\arm_5.1.6\lib\</path>
         <kind>archive</kind>
         <file>rtsv7M4_T_le_v4SPD16_eabi.lib</file>
         <name>stkdepth_vars.obj</name>
      </input_file>
      <input_file id="fl-13e">
         <path>c:\ti\ccsv6\tools\compiler\arm_5.1.6\lib\</path>
         <kind>archive</kind>
         <file>rtsv7M4_T_le_v4SPD16_eabi.lib</file>
         <name>_lock.obj</name>
      </input_file>
      <input_file id="fl-13f">
         <path>c:\ti\ccsv6\tools\compiler\arm_5.1.6\lib\</path>
         <kind>archive</kind>
         <file>rtsv7M4_T_le_v4SPD16_eabi.lib</file>
         <name>args_main.obj</name>
      </input_file>
      <input_file id="fl-140">
         <path>c:\ti\ccsv6\tools\compiler\arm_5.1.6\lib\</path>
         <kind>archive</kind>
         <file>rtsv7M4_T_le_v4SPD16_eabi.lib</file>
         <name>auto_init.obj</name>
      </input_file>
      <input_file id="fl-141">
         <path>c:\ti\ccsv6\tools\compiler\arm_5.1.6\lib\</path>
         <kind>archive</kind>
         <file>rtsv7M4_T_le_v4SPD16_eabi.lib</file>
         <name>cpy_tbl.obj</name>
      </input_file>
      <input_file id="fl-142">
         <path>D:\Portable\Programs\TivaDriver\usblib\ccs\Debug\</path>
         <kind>archive</kind>
         <file>usblib.lib</file>
         <name>usbdhid.obj</name>
      </input_file>
      <input_file id="fl-143">
         <path>D:\Portable\Programs\TivaDriver\usblib\ccs\Debug\</path>
         <kind>archive</kind>
         <file>usblib.lib</file>
         <name>usbdhandler.obj</name>
      </input_file>
      <input_file id="fl-144">
         <path>D:\Portable\Programs\TivaDriver\usblib\ccs\Debug\</path>
         <kind>archive</kind>
         <file>usblib.lib</file>
         <name>usbdenum.obj</name>
      </input_file>
      <input_file id="fl-145">
         <path>D:\Portable\Programs\TivaDriver\usblib\ccs\Debug\</path>
         <kind>archive</kind>
         <file>usblib.lib</file>
         <name>usbdconfig.obj</name>
      </input_file>
      <input_file id="fl-146">
         <path>D:\Portable\Programs\TivaDriver\usblib\ccs\Debug\</path>
         <kind>archive</kind>
         <file>usblib.lib</file>
         <name>usbdcdesc.obj</name>
      </input_file>
      <input_file id="fl-147">
         <path>D:\Portable\Programs\TivaDriver\usblib\ccs\Debug\</path>
         <kind>archive</kind>
         <file>usblib.lib</file>
         <name>usbulpi.obj</name>
      </input_file>
      <input_file id="fl-148">
         <path>D:\Portable\Programs\TivaDriver\usblib\ccs\Debug\</path>
         <kind>archive</kind>
         <file>usblib.lib</file>
         <name>usbtick.obj</name>
      </input_file>
      <input_file id="fl-149">
         <path>D:\Portable\Programs\TivaDriver\usblib\ccs\Debug\</path>
         <kind>archive</kind>
         <file>usblib.lib</file>
         <name>usbmode.obj</name>
      </input_file>
      <input_file id="fl-14a">
         <path>D:\Portable\Programs\TivaDriver\usblib\ccs\Debug\</path>
         <kind>archive</kind>
         <file>usblib.lib</file>
         <name>usbdma.obj</name>
      </input_file>
      <input_file id="fl-14b">
         <path>D:\Portable\Programs\TivaDriver\usblib\ccs\Debug\</path>
         <kind>archive</kind>
         <file>usblib.lib</file>
         <name>usbdesc.obj</name>
      </input_file>
      <input_file id="fl-14c">
         <path>D:\Portable\Programs\TivaDriver\usblib\ccs\Debug\</path>
         <kind>archive</kind>
         <file>usblib.lib</file>
         <name>usbhostenum.obj</name>
      </input_file>
      <input_file id="fl-14d">
         <path>D:\Portable\Programs\TivaDriver\usblib\ccs\Debug\</path>
         <kind>archive</kind>
         <file>usblib.lib</file>
         <name>usbhhub.obj</name>
      </input_file>
      <input_file id="fl-14e">
         <path>D:\Portable\Programs\TivaDriver\driverlib\ccs\Debug\</path>
         <kind>archive</kind>
         <file>driverlib.lib</file>
         <name>usb.obj</name>
      </input_file>
      <input_file id="fl-14f">
         <path>D:\Portable\Programs\TivaDriver\driverlib\ccs\Debug\</path>
         <kind>archive</kind>
         <file>driverlib.lib</file>
         <name>udma.obj</name>
      </input_file>
      <input_file id="fl-150">
         <path>D:\Portable\Programs\TivaDriver\driverlib\ccs\Debug\</path>
         <kind>archive</kind>
         <file>driverlib.lib</file>
         <name>timer.obj</name>
      </input_file>
      <input_file id="fl-151">
         <path>D:\Portable\Programs\TivaDriver\driverlib\ccs\Debug\</path>
         <kind>archive</kind>
         <file>driverlib.lib</file>
         <name>systick.obj</name>
      </input_file>
      <input_file id="fl-152">
         <path>D:\Portable\Programs\TivaDriver\driverlib\ccs\Debug\</path>
         <kind>archive</kind>
         <file>driverlib.lib</file>
         <name>sysctl.obj</name>
      </input_file>
      <input_file id="fl-153">
         <path>D:\Portable\Programs\TivaDriver\driverlib\ccs\Debug\</path>
         <kind>archive</kind>
         <file>driverlib.lib</file>
         <name>ssi.obj</name>
      </input_file>
      <input_file id="fl-154">
         <path>D:\Portable\Programs\TivaDriver\driverlib\ccs\Debug\</path>
         <kind>archive</kind>
         <file>driverlib.lib</file>
         <name>interrupt.obj</name>
      </input_file>
      <input_file id="fl-155">
         <path>D:\Portable\Programs\TivaDriver\driverlib\ccs\Debug\</path>
         <kind>archive</kind>
         <file>driverlib.lib</file>
         <name>gpio.obj</name>
      </input_file>
      <input_file id="fl-156">
         <path>D:\Portable\Programs\TivaDriver\driverlib\ccs\Debug\</path>
         <kind>archive</kind>
         <file>driverlib.lib</file>
         <name>cpu.obj</name>
      </input_file>
      <input_file id="fl-157">
         <path>D:\Portable\Programs\TivaDriver\driverlib\ccs\Debug\</path>
         <kind>archive</kind>
         <file>driverlib.lib</file>
         <name>adc.obj</name>
      </input_file>
   </input_file_list>
   <object_component_list>
      <object_component id="oc-e">
         <name>.intvecs</name>
         <load_address>0x0</load_address>
         <run_address>0x0</run_address>
         <size>0x26c</size>
         <input_file_ref idref="fl-5"/>
      </object_component>
      <object_component id="oc-87">
         <name>.text</name>
         <load_address>0x26c</load_address>
         <run_address>0x26c</run_address>
         <size>0x860</size>
         <input_file_ref idref="fl-2"/>
      </object_component>
      <object_component id="oc-2f">
         <name>.text</name>
         <load_address>0xacc</load_address>
         <run_address>0xacc</run_address>
         <size>0x368</size>
         <input_file_ref idref="fl-6"/>
      </object_component>
      <object_component id="oc-491">
         <name>.text:USBLibDMAInit</name>
         <load_address>0xe34</load_address>
         <run_address>0xe34</run_address>
         <size>0x160</size>
         <input_file_ref idref="fl-14a"/>
      </object_component>
      <object_component id="oc-356">
         <name>.text:USBDEP0StateTxConfig</name>
         <load_address>0xf94</load_address>
         <run_address>0xf94</run_address>
         <size>0x154</size>
         <input_file_ref idref="fl-144"/>
      </object_component>
      <object_component id="oc-3cb">
         <name>.text:USBDCDInit</name>
         <load_address>0x10e8</load_address>
         <run_address>0x10e8</run_address>
         <size>0x148</size>
         <input_file_ref idref="fl-144"/>
      </object_component>
      <object_component id="oc-644">
         <name>.text:USBDeviceConfig</name>
         <load_address>0x1230</load_address>
         <run_address>0x1230</run_address>
         <size>0x140</size>
         <input_file_ref idref="fl-145"/>
      </object_component>
      <object_component id="oc-db">
         <name>.text:USBDeviceIntHandlerInternal</name>
         <load_address>0x1370</load_address>
         <run_address>0x1370</run_address>
         <size>0x140</size>
         <input_file_ref idref="fl-144"/>
      </object_component>
      <object_component id="oc-30e">
         <name>.text:GPIOPadConfigSet</name>
         <load_address>0x14b0</load_address>
         <run_address>0x14b0</run_address>
         <size>0x130</size>
         <input_file_ref idref="fl-155"/>
      </object_component>
      <object_component id="oc-1c7">
         <name>.text:SysCtlClockGet</name>
         <load_address>0x15e0</load_address>
         <run_address>0x15e0</run_address>
         <size>0x118</size>
         <input_file_ref idref="fl-152"/>
      </object_component>
      <object_component id="oc-525">
         <name>.text:HandleRequest</name>
         <load_address>0x16f8</load_address>
         <run_address>0x16f8</run_address>
         <size>0x10e</size>
         <input_file_ref idref="fl-142"/>
      </object_component>
      <object_component id="oc-5e1">
         <name>.text:iDMAUSBArbSizeSet</name>
         <load_address>0x1806</load_address>
         <run_address>0x1806</run_address>
         <size>0x2</size>
         <input_file_ref idref="fl-14a"/>
      </object_component>
      <object_component id="oc-1da">
         <name>.text:SysCtlClockSet</name>
         <load_address>0x1808</load_address>
         <run_address>0x1808</run_address>
         <size>0xf0</size>
         <input_file_ref idref="fl-152"/>
      </object_component>
      <object_component id="oc-605">
         <name>.text:iDMAUSBTransfer</name>
         <load_address>0x18f8</load_address>
         <run_address>0x18f8</run_address>
         <size>0xe8</size>
         <input_file_ref idref="fl-14a"/>
      </object_component>
      <object_component id="oc-3c5">
         <name>.text:USBDHIDCompositeInit</name>
         <load_address>0x19e0</load_address>
         <run_address>0x19e0</run_address>
         <size>0xe0</size>
         <input_file_ref idref="fl-142"/>
      </object_component>
      <object_component id="oc-4db">
         <name>.text:USBDGetDescriptor</name>
         <load_address>0x1ac0</load_address>
         <run_address>0x1ac0</run_address>
         <size>0xdc</size>
         <input_file_ref idref="fl-144"/>
      </object_component>
      <object_component id="oc-153">
         <name>.text:initSpiForRF</name>
         <load_address>0x1b9c</load_address>
         <run_address>0x1b9c</run_address>
         <size>0xdc</size>
         <input_file_ref idref="fl-3"/>
      </object_component>
      <object_component id="oc-236">
         <name>.text:USBDeviceEnumHandler</name>
         <load_address>0x1c78</load_address>
         <run_address>0x1c78</run_address>
         <size>0xd8</size>
         <input_file_ref idref="fl-144"/>
      </object_component>
      <object_component id="oc-593">
         <name>.text:uDMAUSBChannelAllocate</name>
         <load_address>0x1d50</load_address>
         <run_address>0x1d50</run_address>
         <size>0xc0</size>
         <input_file_ref idref="fl-14a"/>
      </object_component>
      <object_component id="oc-5d5">
         <name>.text:uDMAUSBTransfer</name>
         <load_address>0x1e10</load_address>
         <run_address>0x1e10</run_address>
         <size>0xba</size>
         <input_file_ref idref="fl-14a"/>
      </object_component>
      <object_component id="oc-61d">
         <name>.text:iDMAUSBUnitSizeSet</name>
         <load_address>0x1eca</load_address>
         <run_address>0x1eca</run_address>
         <size>0x2</size>
         <input_file_ref idref="fl-14a"/>
      </object_component>
      <object_component id="oc-a0">
         <name>.text:configureRF</name>
         <load_address>0x1ecc</load_address>
         <run_address>0x1ecc</run_address>
         <size>0xac</size>
         <input_file_ref idref="fl-6"/>
      </object_component>
      <object_component id="oc-ae">
         <name>.text:receiveDataFromRobotWithCommand</name>
         <load_address>0x1f78</load_address>
         <run_address>0x1f78</run_address>
         <size>0xa8</size>
         <input_file_ref idref="fl-6"/>
      </object_component>
      <object_component id="oc-53">
         <name>.text</name>
         <load_address>0x2020</load_address>
         <run_address>0x2020</run_address>
         <size>0x9c</size>
         <input_file_ref idref="fl-13c"/>
      </object_component>
      <object_component id="oc-a7">
         <name>.text:transmitDataToRobot</name>
         <load_address>0x20bc</load_address>
         <run_address>0x20bc</run_address>
         <size>0x9c</size>
         <input_file_ref idref="fl-6"/>
      </object_component>
      <object_component id="oc-4f9">
         <name>.text:USBDSetInterface</name>
         <load_address>0x2158</load_address>
         <run_address>0x2158</run_address>
         <size>0x98</size>
         <input_file_ref idref="fl-144"/>
      </object_component>
      <object_component id="oc-99">
         <name>.text:configureSPI</name>
         <load_address>0x21f0</load_address>
         <run_address>0x21f0</run_address>
         <size>0x98</size>
         <input_file_ref idref="fl-6"/>
      </object_component>
      <object_component id="oc-205">
         <name>.text:initRfModule</name>
         <load_address>0x2288</load_address>
         <run_address>0x2288</run_address>
         <size>0x98</size>
         <input_file_ref idref="fl-6"/>
      </object_component>
      <object_component id="oc-3e">
         <name>.text</name>
         <load_address>0x2320</load_address>
         <run_address>0x2320</run_address>
         <size>0x94</size>
         <input_file_ref idref="fl-140"/>
      </object_component>
      <object_component id="oc-b5">
         <name>.text:receiveDataNoCommand</name>
         <load_address>0x23b4</load_address>
         <run_address>0x23b4</run_address>
         <size>0x90</size>
         <input_file_ref idref="fl-6"/>
      </object_component>
      <object_component id="oc-565">
         <name>.text:ProcessIdleTimers</name>
         <load_address>0x2444</load_address>
         <run_address>0x2444</run_address>
         <size>0x8c</size>
         <input_file_ref idref="fl-142"/>
      </object_component>
      <object_component id="oc-4ed">
         <name>.text:USBDSetConfiguration</name>
         <load_address>0x24d0</load_address>
         <run_address>0x24d0</run_address>
         <size>0x8c</size>
         <input_file_ref idref="fl-144"/>
      </object_component>
      <object_component id="oc-652">
         <name>.text:USBDeviceConfigAlternate</name>
         <load_address>0x255c</load_address>
         <run_address>0x255c</run_address>
         <size>0x8c</size>
         <input_file_ref idref="fl-145"/>
      </object_component>
      <object_component id="oc-5e7">
         <name>.text:iDMAUSBChannelAllocate</name>
         <load_address>0x25e8</load_address>
         <run_address>0x25e8</run_address>
         <size>0x86</size>
         <input_file_ref idref="fl-14a"/>
      </object_component>
      <object_component id="oc-5ab">
         <name>.text:uDMAUSBChannelIntDisable</name>
         <load_address>0x266e</load_address>
         <run_address>0x266e</run_address>
         <size>0x2</size>
         <input_file_ref idref="fl-14a"/>
      </object_component>
      <object_component id="oc-6ff">
         <name>.text:uDMAChannelTransferSet</name>
         <load_address>0x2670</load_address>
         <run_address>0x2670</run_address>
         <size>0x80</size>
         <input_file_ref idref="fl-14f"/>
      </object_component>
      <object_component id="oc-75e">
         <name>.text:USBDevEndpointConfigSet</name>
         <load_address>0x26f0</load_address>
         <run_address>0x26f0</run_address>
         <size>0x7a</size>
         <input_file_ref idref="fl-14e"/>
      </object_component>
      <object_component id="oc-5a5">
         <name>.text:uDMAUSBChannelIntEnable</name>
         <load_address>0x276a</load_address>
         <run_address>0x276a</run_address>
         <size>0x2</size>
         <input_file_ref idref="fl-14a"/>
      </object_component>
      <object_component id="oc-4c9">
         <name>.text:USBDClearFeature</name>
         <load_address>0x276c</load_address>
         <run_address>0x276c</run_address>
         <size>0x78</size>
         <input_file_ref idref="fl-144"/>
      </object_component>
      <object_component id="oc-7b">
         <name>.text:USBDHIDPacketRead</name>
         <load_address>0x27e4</load_address>
         <run_address>0x27e4</run_address>
         <size>0x72</size>
         <input_file_ref idref="fl-142"/>
      </object_component>
      <object_component id="oc-58d">
         <name>.text:uDMAUSBArbSizeSet</name>
         <load_address>0x2856</load_address>
         <run_address>0x2856</run_address>
         <size>0x72</size>
         <input_file_ref idref="fl-14a"/>
      </object_component>
      <object_component id="oc-35c">
         <name>.text:USBDEP0StateTx</name>
         <load_address>0x28c8</load_address>
         <run_address>0x28c8</run_address>
         <size>0x70</size>
         <input_file_ref idref="fl-144"/>
      </object_component>
      <object_component id="oc-4c3">
         <name>.text:USBDGetStatus</name>
         <load_address>0x2938</load_address>
         <run_address>0x2938</run_address>
         <size>0x70</size>
         <input_file_ref idref="fl-144"/>
      </object_component>
      <object_component id="oc-5db">
         <name>.text:uDMAUSBUnitSizeSet</name>
         <load_address>0x29a8</load_address>
         <run_address>0x29a8</run_address>
         <size>0x70</size>
         <input_file_ref idref="fl-14a"/>
      </object_component>
      <object_component id="oc-6d2">
         <name>.text:IntIsEnabled</name>
         <load_address>0x2a18</load_address>
         <run_address>0x2a18</run_address>
         <size>0x64</size>
         <input_file_ref idref="fl-154"/>
      </object_component>
      <object_component id="oc-4cf">
         <name>.text:USBDSetFeature</name>
         <load_address>0x2a7c</load_address>
         <run_address>0x2a7c</run_address>
         <size>0x64</size>
         <input_file_ref idref="fl-144"/>
      </object_component>
      <object_component id="oc-1fe">
         <name>.text:initUSB</name>
         <load_address>0x2ae0</load_address>
         <run_address>0x2ae0</run_address>
         <size>0x64</size>
         <input_file_ref idref="fl-6"/>
      </object_component>
      <object_component id="oc-59f">
         <name>.text:uDMAUSBChannelEnable</name>
         <load_address>0x2b44</load_address>
         <run_address>0x2b44</run_address>
         <size>0x64</size>
         <input_file_ref idref="fl-14a"/>
      </object_component>
      <object_component id="oc-51f">
         <name>.text:HandleGetDescriptor</name>
         <load_address>0x2ba8</load_address>
         <run_address>0x2ba8</run_address>
         <size>0x60</size>
         <input_file_ref idref="fl-142"/>
      </object_component>
      <object_component id="oc-6d8">
         <name>.text:IntDisable</name>
         <load_address>0x2c08</load_address>
         <run_address>0x2c08</run_address>
         <size>0x60</size>
         <input_file_ref idref="fl-154"/>
      </object_component>
      <object_component id="oc-2c6">
         <name>.text:IntEnable</name>
         <load_address>0x2c68</load_address>
         <run_address>0x2c68</run_address>
         <size>0x60</size>
         <input_file_ref idref="fl-154"/>
      </object_component>
      <object_component id="oc-350">
         <name>.text:USBDReadAndDispatchRequest</name>
         <load_address>0x2cc8</load_address>
         <run_address>0x2cc8</run_address>
         <size>0x60</size>
         <input_file_ref idref="fl-144"/>
      </object_component>
      <object_component id="oc-128">
         <name>.text:USBDevEndpointStatusClear</name>
         <load_address>0x2d28</load_address>
         <run_address>0x2d28</run_address>
         <size>0x5e</size>
         <input_file_ref idref="fl-14e"/>
      </object_component>
      <object_component id="oc-66">
         <name>.text</name>
         <load_address>0x2d86</load_address>
         <run_address>0x2d86</run_address>
         <size>0x5e</size>
         <input_file_ref idref="fl-139"/>
      </object_component>
      <object_component id="oc-674">
         <name>.text:FindHIDDescriptor</name>
         <load_address>0x2de4</load_address>
         <run_address>0x2de4</run_address>
         <size>0x5c</size>
         <input_file_ref idref="fl-142"/>
      </object_component>
      <object_component id="oc-63b">
         <name>.text:USBDStringIndexFromRequest</name>
         <load_address>0x2e40</load_address>
         <run_address>0x2e40</run_address>
         <size>0x5c</size>
         <input_file_ref idref="fl-144"/>
      </object_component>
      <object_component id="oc-55b">
         <name>.text:HandleDevice</name>
         <load_address>0x2e9c</load_address>
         <run_address>0x2e9c</run_address>
         <size>0x5a</size>
         <input_file_ref idref="fl-142"/>
      </object_component>
      <object_component id="oc-69b">
         <name>.text:ProcessDataFromHost</name>
         <load_address>0x2ef8</load_address>
         <run_address>0x2ef8</run_address>
         <size>0x58</size>
         <input_file_ref idref="fl-142"/>
      </object_component>
      <object_component id="oc-2ba">
         <name>.text:GPIOIntTypeSet</name>
         <load_address>0x2f50</load_address>
         <run_address>0x2f50</run_address>
         <size>0x56</size>
         <input_file_ref idref="fl-155"/>
      </object_component>
      <object_component id="oc-6a1">
         <name>.text:ProcessDataToHost</name>
         <load_address>0x2fa6</load_address>
         <run_address>0x2fa6</run_address>
         <size>0x54</size>
         <input_file_ref idref="fl-142"/>
      </object_component>
      <object_component id="oc-5b1">
         <name>.text:uDMAUSBChannelRelease</name>
         <load_address>0x2ffa</load_address>
         <run_address>0x2ffa</run_address>
         <size>0x54</size>
         <input_file_ref idref="fl-14a"/>
      </object_component>
      <object_component id="oc-467">
         <name>.text:ULPIConfigSet</name>
         <load_address>0x304e</load_address>
         <run_address>0x304e</run_address>
         <size>0x52</size>
         <input_file_ref idref="fl-147"/>
      </object_component>
      <object_component id="oc-44f">
         <name>.text:SysCtlPeripheralReset</name>
         <load_address>0x30a0</load_address>
         <run_address>0x30a0</run_address>
         <size>0x50</size>
         <input_file_ref idref="fl-152"/>
      </object_component>
      <object_component id="oc-666">
         <name>.text:USBDCDConfigDescGet</name>
         <load_address>0x30f0</load_address>
         <run_address>0x30f0</run_address>
         <size>0x50</size>
         <input_file_ref idref="fl-146"/>
      </object_component>
      <object_component id="oc-218">
         <name>.text:USBDeviceResumeTickHandler</name>
         <load_address>0x3140</load_address>
         <run_address>0x3140</run_address>
         <size>0x50</size>
         <input_file_ref idref="fl-144"/>
      </object_component>
      <object_component id="oc-bc">
         <name>.text:initSystem</name>
         <load_address>0x3190</load_address>
         <run_address>0x3190</run_address>
         <size>0x50</size>
         <input_file_ref idref="fl-6"/>
      </object_component>
      <object_component id="oc-66c">
         <name>.text:ConfigAlternateInterfaceGet</name>
         <load_address>0x31e0</load_address>
         <run_address>0x31e0</run_address>
         <size>0x4c</size>
         <input_file_ref idref="fl-146"/>
      </object_component>
      <object_component id="oc-758">
         <name>.text:GetEPDescriptorType</name>
         <load_address>0x322c</load_address>
         <run_address>0x322c</run_address>
         <size>0x4c</size>
         <input_file_ref idref="fl-145"/>
      </object_component>
      <object_component id="oc-632">
         <name>.text:USBDevEndpointStallClear</name>
         <load_address>0x3278</load_address>
         <run_address>0x3278</run_address>
         <size>0x4c</size>
         <input_file_ref idref="fl-14e"/>
      </object_component>
      <object_component id="oc-70b">
         <name>.text:USBEndpointDMAConfigSet</name>
         <load_address>0x32c4</load_address>
         <run_address>0x32c4</run_address>
         <size>0x4c</size>
         <input_file_ref idref="fl-14e"/>
      </object_component>
      <object_component id="oc-81">
         <name>.text:USBDHIDReportWrite</name>
         <load_address>0x3310</load_address>
         <run_address>0x3310</run_address>
         <size>0x4a</size>
         <input_file_ref idref="fl-142"/>
      </object_component>
      <object_component id="oc-611">
         <name>.text:iDMAUSBChannelEnable</name>
         <load_address>0x335a</load_address>
         <run_address>0x335a</run_address>
         <size>0x4a</size>
         <input_file_ref idref="fl-14a"/>
      </object_component>
      <object_component id="oc-599">
         <name>.text:uDMAUSBChannelDisable</name>
         <load_address>0x33a4</load_address>
         <run_address>0x33a4</run_address>
         <size>0x4a</size>
         <input_file_ref idref="fl-14a"/>
      </object_component>
      <object_component id="oc-2a2">
         <name>.text:GPIOPinConfigure</name>
         <load_address>0x33f0</load_address>
         <run_address>0x33f0</run_address>
         <size>0x48</size>
         <input_file_ref idref="fl-155"/>
      </object_component>
      <object_component id="oc-11">
         <name>.text</name>
         <load_address>0x3438</load_address>
         <run_address>0x3438</run_address>
         <size>0x48</size>
         <input_file_ref idref="fl-137"/>
      </object_component>
      <object_component id="oc-6be">
         <name>.text:uDMAChannelAttributeDisable</name>
         <load_address>0x3480</load_address>
         <run_address>0x3480</run_address>
         <size>0x48</size>
         <input_file_ref idref="fl-14f"/>
      </object_component>
      <object_component id="oc-42a">
         <name>.text:USBDCDDeviceInfoInit</name>
         <load_address>0x34c8</load_address>
         <run_address>0x34c8</run_address>
         <size>0x44</size>
         <input_file_ref idref="fl-144"/>
      </object_component>
      <object_component id="oc-212">
         <name>.text:USBDeviceEnumResetHandler</name>
         <load_address>0x350c</load_address>
         <run_address>0x350c</run_address>
         <size>0x44</size>
         <input_file_ref idref="fl-144"/>
      </object_component>
      <object_component id="oc-122">
         <name>.text:USBEndpointDataGet</name>
         <load_address>0x3550</load_address>
         <run_address>0x3550</run_address>
         <size>0x44</size>
         <input_file_ref idref="fl-14e"/>
      </object_component>
      <object_component id="oc-e4">
         <name>.text</name>
         <load_address>0x3594</load_address>
         <run_address>0x3594</run_address>
         <size>0x44</size>
         <input_file_ref idref="fl-141"/>
      </object_component>
      <object_component id="oc-49">
         <name>.text</name>
         <load_address>0x35d8</load_address>
         <run_address>0x35d8</run_address>
         <size>0x44</size>
         <input_file_ref idref="fl-13b"/>
      </object_component>
      <object_component id="oc-1cd">
         <name>.text:SSIConfigSetExpClk</name>
         <load_address>0x361c</load_address>
         <run_address>0x361c</run_address>
         <size>0x42</size>
         <input_file_ref idref="fl-153"/>
      </object_component>
      <object_component id="oc-68d">
         <name>.text:SetIdleTimeout</name>
         <load_address>0x365e</load_address>
         <run_address>0x365e</run_address>
         <size>0x42</size>
         <input_file_ref idref="fl-142"/>
      </object_component>
      <object_component id="oc-4f3">
         <name>.text:USBDGetInterface</name>
         <load_address>0x36a0</load_address>
         <run_address>0x36a0</run_address>
         <size>0x40</size>
         <input_file_ref idref="fl-144"/>
      </object_component>
      <object_component id="oc-14c">
         <name>.text:ScheduleReportTransmission</name>
         <load_address>0x36e0</load_address>
         <run_address>0x36e0</run_address>
         <size>0x3e</size>
         <input_file_ref idref="fl-142"/>
      </object_component>
      <object_component id="oc-424">
         <name>.text:USBDCDConfigGetInterfaceEndpoint</name>
         <load_address>0x371e</load_address>
         <run_address>0x371e</run_address>
         <size>0x3a</size>
         <input_file_ref idref="fl-146"/>
      </object_component>
      <object_component id="oc-76a">
         <name>.text:USBFIFOConfigSet</name>
         <load_address>0x3758</load_address>
         <run_address>0x3758</run_address>
         <size>0x3a</size>
         <input_file_ref idref="fl-14e"/>
      </object_component>
      <object_component id="oc-60b">
         <name>.text:iDMAUSBChannelRelease</name>
         <load_address>0x3792</load_address>
         <run_address>0x3792</run_address>
         <size>0x3a</size>
         <input_file_ref idref="fl-14a"/>
      </object_component>
      <object_component id="oc-d5">
         <name>.text:USBIntStatusControl</name>
         <load_address>0x37cc</load_address>
         <run_address>0x37cc</run_address>
         <size>0x38</size>
         <input_file_ref idref="fl-14e"/>
      </object_component>
      <object_component id="oc-555">
         <name>.text:HandleEndpoints</name>
         <load_address>0x3804</load_address>
         <run_address>0x3804</run_address>
         <size>0x36</size>
         <input_file_ref idref="fl-142"/>
      </object_component>
      <object_component id="oc-448">
         <name>.text:HIDTickHandler</name>
         <load_address>0x383c</load_address>
         <run_address>0x383c</run_address>
         <size>0x34</size>
         <input_file_ref idref="fl-142"/>
      </object_component>
      <object_component id="oc-43c">
         <name>.text:InternalUSBRegisterTickHandler</name>
         <load_address>0x3870</load_address>
         <run_address>0x3870</run_address>
         <size>0x34</size>
         <input_file_ref idref="fl-148"/>
      </object_component>
      <object_component id="oc-21e">
         <name>.text:InternalUSBStartOfFrameTick</name>
         <load_address>0x38a4</load_address>
         <run_address>0x38a4</run_address>
         <size>0x34</size>
         <input_file_ref idref="fl-148"/>
      </object_component>
      <object_component id="oc-175">
         <name>.text:RF24_readRegister</name>
         <load_address>0x38d8</load_address>
         <run_address>0x38d8</run_address>
         <size>0x34</size>
         <input_file_ref idref="fl-2"/>
      </object_component>
      <object_component id="oc-16e">
         <name>.text:RF24_writeRegister</name>
         <load_address>0x390c</load_address>
         <run_address>0x390c</run_address>
         <size>0x34</size>
         <input_file_ref idref="fl-2"/>
      </object_component>
      <object_component id="oc-1e0">
         <name>.text:SysCtlPeripheralEnable</name>
         <load_address>0x3940</load_address>
         <run_address>0x3940</run_address>
         <size>0x34</size>
         <input_file_ref idref="fl-152"/>
      </object_component>
      <object_component id="oc-5ed">
         <name>.text:iDMAUSBChannelStatus</name>
         <load_address>0x3974</load_address>
         <run_address>0x3974</run_address>
         <size>0x34</size>
         <input_file_ref idref="fl-14a"/>
      </object_component>
      <object_component id="oc-146">
         <name>.text:ClearReportTimer</name>
         <load_address>0x39a8</load_address>
         <run_address>0x39a8</run_address>
         <size>0x32</size>
         <input_file_ref idref="fl-142"/>
      </object_component>
      <object_component id="oc-514">
         <name>.text:NextConfigDescGet</name>
         <load_address>0x39da</load_address>
         <run_address>0x39da</run_address>
         <size>0x32</size>
         <input_file_ref idref="fl-146"/>
      </object_component>
      <object_component id="oc-4ba">
         <name>.text:USBDevEndpointStall</name>
         <load_address>0x3a0c</load_address>
         <run_address>0x3a0c</run_address>
         <size>0x32</size>
         <input_file_ref idref="fl-14e"/>
      </object_component>
      <object_component id="oc-617">
         <name>.text:iDMAUSBChannelDisable</name>
         <load_address>0x3a3e</load_address>
         <run_address>0x3a3e</run_address>
         <size>0x32</size>
         <input_file_ref idref="fl-14a"/>
      </object_component>
      <object_component id="oc-5bd">
         <name>.text:DMAUSBIntHandler</name>
         <load_address>0x3a70</load_address>
         <run_address>0x3a70</run_address>
         <size>0x30</size>
         <input_file_ref idref="fl-14a"/>
      </object_component>
      <object_component id="oc-52b">
         <name>.text:HandleConfigChange</name>
         <load_address>0x3aa0</load_address>
         <run_address>0x3aa0</run_address>
         <size>0x30</size>
         <input_file_ref idref="fl-142"/>
      </object_component>
      <object_component id="oc-436">
         <name>.text:InternalUSBTickInit</name>
         <load_address>0x3ad0</load_address>
         <run_address>0x3ad0</run_address>
         <size>0x30</size>
         <input_file_ref idref="fl-148"/>
      </object_component>
      <object_component id="oc-4e7">
         <name>.text:USBDGetConfiguration</name>
         <load_address>0x3b00</load_address>
         <run_address>0x3b00</run_address>
         <size>0x30</size>
         <input_file_ref idref="fl-144"/>
      </object_component>
      <object_component id="oc-295">
         <name>.text:USBEndpointDataPut</name>
         <load_address>0x3b30</load_address>
         <run_address>0x3b30</run_address>
         <size>0x30</size>
         <input_file_ref idref="fl-14e"/>
      </object_component>
      <object_component id="oc-29b">
         <name>.text:USBEndpointDataSend</name>
         <load_address>0x3b60</load_address>
         <run_address>0x3b60</run_address>
         <size>0x2e</size>
         <input_file_ref idref="fl-14e"/>
      </object_component>
      <object_component id="oc-168">
         <name>.text</name>
         <load_address>0x3b90</load_address>
         <run_address>0x3b90</run_address>
         <size>0x2c</size>
         <input_file_ref idref="fl-3"/>
      </object_component>
      <object_component id="oc-77f">
         <name>.text:USBDescGet</name>
         <load_address>0x3bbc</load_address>
         <run_address>0x3bbc</run_address>
         <size>0x2c</size>
         <input_file_ref idref="fl-14b"/>
      </object_component>
      <object_component id="oc-5c3">
         <name>.text:uDMAUSBIntStatus</name>
         <load_address>0x3be8</load_address>
         <run_address>0x3be8</run_address>
         <size>0x2c</size>
         <input_file_ref idref="fl-14a"/>
      </object_component>
      <object_component id="oc-314">
         <name>.text:GPIODirModeSet</name>
         <load_address>0x3c14</load_address>
         <run_address>0x3c14</run_address>
         <size>0x2a</size>
         <input_file_ref idref="fl-155"/>
      </object_component>
      <object_component id="oc-64c">
         <name>.text:USBDCDConfigDescGetNum</name>
         <load_address>0x3c3e</load_address>
         <run_address>0x3c3e</run_address>
         <size>0x2a</size>
         <input_file_ref idref="fl-146"/>
      </object_component>
      <object_component id="oc-772">
         <name>.text:USBDescGetNum</name>
         <load_address>0x3c68</load_address>
         <run_address>0x3c68</run_address>
         <size>0x28</size>
         <input_file_ref idref="fl-14b"/>
      </object_component>
      <object_component id="oc-497">
         <name>.text:USBIntEnableControl</name>
         <load_address>0x3c90</load_address>
         <run_address>0x3c90</run_address>
         <size>0x28</size>
         <input_file_ref idref="fl-14e"/>
      </object_component>
      <object_component id="oc-6f0">
         <name>.text:uDMAChannelModeGet</name>
         <load_address>0x3cb8</load_address>
         <run_address>0x3cb8</run_address>
         <size>0x28</size>
         <input_file_ref idref="fl-14f"/>
      </object_component>
      <object_component id="oc-687">
         <name>.text:GetIdleTimeout</name>
         <load_address>0x3ce0</load_address>
         <run_address>0x3ce0</run_address>
         <size>0x26</size>
         <input_file_ref idref="fl-142"/>
      </object_component>
      <object_component id="oc-531">
         <name>.text:HandleEP0DataReceived</name>
         <load_address>0x3d06</load_address>
         <run_address>0x3d06</run_address>
         <size>0x26</size>
         <input_file_ref idref="fl-142"/>
      </object_component>
      <object_component id="oc-32b">
         <name>.text:USBDHIDInit</name>
         <load_address>0x3d2c</load_address>
         <run_address>0x3d2c</run_address>
         <size>0x26</size>
         <input_file_ref idref="fl-142"/>
      </object_component>
      <object_component id="oc-2cc">
         <name>.text:IntPrioritySet</name>
         <load_address>0x3d54</load_address>
         <run_address>0x3d54</run_address>
         <size>0x24</size>
         <input_file_ref idref="fl-154"/>
      </object_component>
      <object_component id="oc-4d5">
         <name>.text:USBDSetAddress</name>
         <load_address>0x3d78</load_address>
         <run_address>0x3d78</run_address>
         <size>0x24</size>
         <input_file_ref idref="fl-144"/>
      </object_component>
      <object_component id="oc-12e">
         <name>.text:USBDevEndpointDataAck</name>
         <load_address>0x3d9c</load_address>
         <run_address>0x3d9c</run_address>
         <size>0x24</size>
         <input_file_ref idref="fl-14e"/>
      </object_component>
      <object_component id="oc-6c4">
         <name>.text:USBEndpointDMADisable</name>
         <load_address>0x3dc0</load_address>
         <run_address>0x3dc0</run_address>
         <size>0x24</size>
         <input_file_ref idref="fl-14e"/>
      </object_component>
      <object_component id="oc-6de">
         <name>.text:USBEndpointDMAEnable</name>
         <load_address>0x3de4</load_address>
         <run_address>0x3de4</run_address>
         <size>0x24</size>
         <input_file_ref idref="fl-14e"/>
      </object_component>
      <object_component id="oc-6b1">
         <name>.text:uDMAChannelControlSet</name>
         <load_address>0x3e08</load_address>
         <run_address>0x3e08</run_address>
         <size>0x24</size>
         <input_file_ref idref="fl-14f"/>
      </object_component>
      <object_component id="oc-5b7">
         <name>.text:uDMAUSBChannelStatus</name>
         <load_address>0x3e2c</load_address>
         <run_address>0x3e2c</run_address>
         <size>0x22</size>
         <input_file_ref idref="fl-14a"/>
      </object_component>
      <object_component id="oc-764">
         <name>.text:GetEndpointFIFOSize</name>
         <load_address>0x3e4e</load_address>
         <run_address>0x3e4e</run_address>
         <size>0x20</size>
         <input_file_ref idref="fl-145"/>
      </object_component>
      <object_component id="oc-325">
         <name>.text:USBStackModeSet</name>
         <load_address>0x3e70</load_address>
         <run_address>0x3e70</run_address>
         <size>0x20</size>
         <input_file_ref idref="fl-149"/>
      </object_component>
      <object_component id="oc-54f">
         <name>.text:HandleDisconnect</name>
         <load_address>0x3e90</load_address>
         <run_address>0x3e90</run_address>
         <size>0x1e</size>
         <input_file_ref idref="fl-142"/>
      </object_component>
      <object_component id="oc-537">
         <name>.text:HandleEP0DataSent</name>
         <load_address>0x3eae</load_address>
         <run_address>0x3eae</run_address>
         <size>0x1e</size>
         <input_file_ref idref="fl-142"/>
      </object_component>
      <object_component id="oc-570">
         <name>.text:USBULPIRegRead</name>
         <load_address>0x3ecc</load_address>
         <run_address>0x3ecc</run_address>
         <size>0x1e</size>
         <input_file_ref idref="fl-14e"/>
      </object_component>
      <object_component id="oc-576">
         <name>.text:USBULPIRegWrite</name>
         <load_address>0x3eea</load_address>
         <run_address>0x3eea</run_address>
         <size>0x1e</size>
         <input_file_ref idref="fl-14e"/>
      </object_component>
      <object_component id="oc-430">
         <name>.text:ClearIdleTimers</name>
         <load_address>0x3f08</load_address>
         <run_address>0x3f08</run_address>
         <size>0x1c</size>
         <input_file_ref idref="fl-142"/>
      </object_component>
      <object_component id="oc-134">
         <name>.text:SetDeferredOpFlag</name>
         <load_address>0x3f24</load_address>
         <run_address>0x3f24</run_address>
         <size>0x1c</size>
         <input_file_ref idref="fl-142"/>
      </object_component>
      <object_component id="oc-50e">
         <name>.text:USBDCDConfigGetInterface</name>
         <load_address>0x3f40</load_address>
         <run_address>0x3f40</run_address>
         <size>0x1c</size>
         <input_file_ref idref="fl-146"/>
      </object_component>
      <object_component id="oc-3ec">
         <name>.text:USBDCDStallEP0</name>
         <load_address>0x3f5c</load_address>
         <run_address>0x3f5c</run_address>
         <size>0x1c</size>
         <input_file_ref idref="fl-144"/>
      </object_component>
      <object_component id="oc-11c">
         <name>.text:USBEndpointDataAvail</name>
         <load_address>0x3f78</load_address>
         <run_address>0x3f78</run_address>
         <size>0x1c</size>
         <input_file_ref idref="fl-14e"/>
      </object_component>
      <object_component id="oc-161">
         <name>.text:clearRfCE</name>
         <load_address>0x3f94</load_address>
         <run_address>0x3f94</run_address>
         <size>0x1c</size>
         <input_file_ref idref="fl-3"/>
      </object_component>
      <object_component id="oc-196">
         <name>.text:setRfCE</name>
         <load_address>0x3fb0</load_address>
         <run_address>0x3fb0</run_address>
         <size>0x1c</size>
         <input_file_ref idref="fl-3"/>
      </object_component>
      <object_component id="oc-6b8">
         <name>.text:USBEndpointDMAChannel</name>
         <load_address>0x3fcc</load_address>
         <run_address>0x3fcc</run_address>
         <size>0x1a</size>
         <input_file_ref idref="fl-14e"/>
      </object_component>
      <object_component id="oc-1e6">
         <name>.text:GPIOPinTypeGPIOOutput</name>
         <load_address>0x3fe6</load_address>
         <run_address>0x3fe6</run_address>
         <size>0x18</size>
         <input_file_ref idref="fl-155"/>
      </object_component>
      <object_component id="oc-35">
         <name>.text:USB0DeviceIntHandler</name>
         <load_address>0x4000</load_address>
         <run_address>0x4000</run_address>
         <size>0x18</size>
         <input_file_ref idref="fl-143"/>
      </object_component>
      <object_component id="oc-3f9">
         <name>.text:USBDCDConfigDescGetSize</name>
         <load_address>0x4018</load_address>
         <run_address>0x4018</run_address>
         <size>0x18</size>
         <input_file_ref idref="fl-146"/>
      </object_component>
      <object_component id="oc-4e1">
         <name>.text:USBDSetDescriptor</name>
         <load_address>0x4030</load_address>
         <run_address>0x4030</run_address>
         <size>0x18</size>
         <input_file_ref idref="fl-144"/>
      </object_component>
      <object_component id="oc-4ff">
         <name>.text:USBDSyncFrame</name>
         <load_address>0x4048</load_address>
         <run_address>0x4048</run_address>
         <size>0x18</size>
         <input_file_ref idref="fl-144"/>
      </object_component>
      <object_component id="oc-43">
         <name>.text</name>
         <load_address>0x4060</load_address>
         <run_address>0x4060</run_address>
         <size>0x18</size>
         <input_file_ref idref="fl-13f"/>
      </object_component>
      <object_component id="oc-6cb">
         <name>.text:uDMAChannelDisable</name>
         <load_address>0x4078</load_address>
         <run_address>0x4078</run_address>
         <size>0x18</size>
         <input_file_ref idref="fl-14f"/>
      </object_component>
      <object_component id="oc-6e4">
         <name>.text:uDMAChannelEnable</name>
         <load_address>0x4090</load_address>
         <run_address>0x4090</run_address>
         <size>0x18</size>
         <input_file_ref idref="fl-14f"/>
      </object_component>
      <object_component id="oc-183">
         <name>.text:RF24_setConfigureRegister</name>
         <load_address>0x40a8</load_address>
         <run_address>0x40a8</run_address>
         <size>0x16</size>
         <input_file_ref idref="fl-2"/>
      </object_component>
      <object_component id="oc-455">
         <name>.text:SysCtlUSBPLLEnable</name>
         <load_address>0x40c0</load_address>
         <run_address>0x40c0</run_address>
         <size>0x14</size>
         <input_file_ref idref="fl-152"/>
      </object_component>
      <object_component id="oc-1f8">
         <name>.text:SysTickEnable</name>
         <load_address>0x40d4</load_address>
         <run_address>0x40d4</run_address>
         <size>0x14</size>
         <input_file_ref idref="fl-151"/>
      </object_component>
      <object_component id="oc-1f2">
         <name>.text:SysTickIntEnable</name>
         <load_address>0x40e8</load_address>
         <run_address>0x40e8</run_address>
         <size>0x14</size>
         <input_file_ref idref="fl-151"/>
      </object_component>
      <object_component id="oc-681">
         <name>.text:USBDCDRequestDataEP0</name>
         <load_address>0x40fc</load_address>
         <run_address>0x40fc</run_address>
         <size>0x14</size>
         <input_file_ref idref="fl-144"/>
      </object_component>
      <object_component id="oc-67a">
         <name>.text:USBDCDSendDataEP0</name>
         <load_address>0x4110</load_address>
         <run_address>0x4110</run_address>
         <size>0x14</size>
         <input_file_ref idref="fl-144"/>
      </object_component>
      <object_component id="oc-33b">
         <name>.text:USBHostResume</name>
         <load_address>0x4124</load_address>
         <run_address>0x4124</run_address>
         <size>0x14</size>
         <input_file_ref idref="fl-14e"/>
      </object_component>
      <object_component id="oc-49d">
         <name>.text:USBIntEnableEndpoint</name>
         <load_address>0x4138</load_address>
         <run_address>0x4138</run_address>
         <size>0x14</size>
         <input_file_ref idref="fl-14e"/>
      </object_component>
      <object_component id="oc-7a9">
         <name>.text:_USBIndexWrite</name>
         <load_address>0x414c</load_address>
         <run_address>0x414c</run_address>
         <size>0x14</size>
         <input_file_ref idref="fl-14e"/>
      </object_component>
      <object_component id="oc-259">
         <name>.text</name>
         <load_address>0x4160</load_address>
         <run_address>0x4160</run_address>
         <size>0x14</size>
         <input_file_ref idref="fl-13e"/>
      </object_component>
      <object_component id="oc-2a8">
         <name>.text:GPIOPinTypeGPIOInput</name>
         <load_address>0x4174</load_address>
         <run_address>0x4174</run_address>
         <size>0x12</size>
         <input_file_ref idref="fl-155"/>
      </object_component>
      <object_component id="oc-2ae">
         <name>.text:GPIOPinTypeSSI</name>
         <load_address>0x4186</load_address>
         <run_address>0x4186</run_address>
         <size>0x12</size>
         <input_file_ref idref="fl-155"/>
      </object_component>
      <object_component id="oc-31f">
         <name>.text:GPIOPinTypeUSBAnalog</name>
         <load_address>0x4198</load_address>
         <run_address>0x4198</run_address>
         <size>0x12</size>
         <input_file_ref idref="fl-155"/>
      </object_component>
      <object_component id="oc-549">
         <name>.text:HandleResume</name>
         <load_address>0x41aa</load_address>
         <run_address>0x41aa</run_address>
         <size>0x12</size>
         <input_file_ref idref="fl-142"/>
      </object_component>
      <object_component id="oc-543">
         <name>.text:HandleSuspend</name>
         <load_address>0x41bc</load_address>
         <run_address>0x41bc</run_address>
         <size>0x12</size>
         <input_file_ref idref="fl-142"/>
      </object_component>
      <object_component id="oc-2d2">
         <name>.text:SSIDataGetNonBlocking</name>
         <load_address>0x41ce</load_address>
         <run_address>0x41ce</run_address>
         <size>0x12</size>
         <input_file_ref idref="fl-153"/>
      </object_component>
      <object_component id="oc-743">
         <name>.text:USBDMAChannelConfigSet</name>
         <load_address>0x41e0</load_address>
         <run_address>0x41e0</run_address>
         <size>0x12</size>
         <input_file_ref idref="fl-14e"/>
      </object_component>
      <object_component id="oc-714">
         <name>.text:USBDMAChannelDisable</name>
         <load_address>0x41f2</load_address>
         <run_address>0x41f2</run_address>
         <size>0x12</size>
         <input_file_ref idref="fl-14e"/>
      </object_component>
      <object_component id="oc-749">
         <name>.text:USBDMAChannelEnable</name>
         <load_address>0x4204</load_address>
         <run_address>0x4204</run_address>
         <size>0x12</size>
         <input_file_ref idref="fl-14e"/>
      </object_component>
      <object_component id="oc-730">
         <name>.text:USBDMAChannelIntDisable</name>
         <load_address>0x4216</load_address>
         <run_address>0x4216</run_address>
         <size>0x12</size>
         <input_file_ref idref="fl-14e"/>
      </object_component>
      <object_component id="oc-729">
         <name>.text:USBDMAChannelIntEnable</name>
         <load_address>0x4228</load_address>
         <run_address>0x4228</run_address>
         <size>0x12</size>
         <input_file_ref idref="fl-14e"/>
      </object_component>
      <object_component id="oc-1c">
         <name>.text:decompress:ZI</name>
         <load_address>0x423a</load_address>
         <run_address>0x423a</run_address>
         <size>0x12</size>
         <input_file_ref idref="fl-13a"/>
      </object_component>
      <object_component id="oc-1ec">
         <name>.text:SysTickPeriodSet</name>
         <load_address>0x424c</load_address>
         <run_address>0x424c</run_address>
         <size>0x10</size>
         <input_file_ref idref="fl-151"/>
      </object_component>
      <object_component id="oc-116">
         <name>.text:USBEndpointStatus</name>
         <load_address>0x425c</load_address>
         <run_address>0x425c</run_address>
         <size>0x10</size>
         <input_file_ref idref="fl-14e"/>
      </object_component>
      <object_component id="oc-18a">
         <name>.text:clearRfCSN</name>
         <load_address>0x426c</load_address>
         <run_address>0x426c</run_address>
         <size>0x10</size>
         <input_file_ref idref="fl-3"/>
      </object_component>
      <object_component id="oc-15a">
         <name>.text:setRfCSN</name>
         <load_address>0x427c</load_address>
         <run_address>0x427c</run_address>
         <size>0x10</size>
         <input_file_ref idref="fl-3"/>
      </object_component>
      <object_component id="oc-5c9">
         <name>.text:DMAUSBIntStatusClear</name>
         <load_address>0x428c</load_address>
         <run_address>0x428c</run_address>
         <size>0xe</size>
         <input_file_ref idref="fl-14a"/>
      </object_component>
      <object_component id="oc-71b">
         <name>.text:USBDMAChannelStatus</name>
         <load_address>0x429a</load_address>
         <run_address>0x429a</run_address>
         <size>0xe</size>
         <input_file_ref idref="fl-14e"/>
      </object_component>
      <object_component id="oc-47f">
         <name>.text:USBDevLPMDisable</name>
         <load_address>0x42a8</load_address>
         <run_address>0x42a8</run_address>
         <size>0xe</size>
         <input_file_ref idref="fl-14e"/>
      </object_component>
      <object_component id="oc-22a">
         <name>.text:USBDevLPMEnable</name>
         <load_address>0x42b6</load_address>
         <run_address>0x42b6</run_address>
         <size>0xe</size>
         <input_file_ref idref="fl-14e"/>
      </object_component>
      <object_component id="oc-46d">
         <name>.text:USBULPIDisable</name>
         <load_address>0x42c4</load_address>
         <run_address>0x42c4</run_address>
         <size>0xe</size>
         <input_file_ref idref="fl-14e"/>
      </object_component>
      <object_component id="oc-461">
         <name>.text:USBULPIEnable</name>
         <load_address>0x42d2</load_address>
         <run_address>0x42d2</run_address>
         <size>0xe</size>
         <input_file_ref idref="fl-14e"/>
      </object_component>
      <object_component id="oc-16">
         <name>.text:decompress:none</name>
         <load_address>0x42e0</load_address>
         <run_address>0x42e0</run_address>
         <size>0xe</size>
         <input_file_ref idref="fl-138"/>
      </object_component>
      <object_component id="oc-38c">
         <name>.text:CPUcpsie</name>
         <load_address>0x42ee</load_address>
         <run_address>0x42ee</run_address>
         <size>0xc</size>
         <input_file_ref idref="fl-156"/>
      </object_component>
      <object_component id="oc-2b4">
         <name>.text:GPIOIntEnable</name>
         <load_address>0x42fa</load_address>
         <run_address>0x42fa</run_address>
         <size>0xc</size>
         <input_file_ref idref="fl-155"/>
      </object_component>
      <object_component id="oc-2e1">
         <name>.text:SSIDataGet</name>
         <load_address>0x4306</load_address>
         <run_address>0x4306</run_address>
         <size>0xc</size>
         <input_file_ref idref="fl-153"/>
      </object_component>
      <object_component id="oc-705">
         <name>.text:USBEndpointPacketCountSet</name>
         <load_address>0x4312</load_address>
         <run_address>0x4312</run_address>
         <size>0xc</size>
         <input_file_ref idref="fl-14e"/>
      </object_component>
      <object_component id="oc-48b">
         <name>.text:USBLPMIntEnable</name>
         <load_address>0x431e</load_address>
         <run_address>0x431e</run_address>
         <size>0xc</size>
         <input_file_ref idref="fl-14e"/>
      </object_component>
      <object_component id="oc-17c">
         <name>.text:getCEState</name>
         <load_address>0x432c</load_address>
         <run_address>0x432c</run_address>
         <size>0xc</size>
         <input_file_ref idref="fl-3"/>
      </object_component>
      <object_component id="oc-29">
         <name>.text</name>
         <load_address>0x4338</load_address>
         <run_address>0x4338</run_address>
         <size>0xc</size>
         <input_file_ref idref="fl-5"/>
      </object_component>
      <object_component id="oc-2c0">
         <name>.text:IntMasterEnable</name>
         <load_address>0x4344</load_address>
         <run_address>0x4344</run_address>
         <size>0xa</size>
         <input_file_ref idref="fl-154"/>
      </object_component>
      <object_component id="oc-2db">
         <name>.text:SSIDataPut</name>
         <load_address>0x434e</load_address>
         <run_address>0x434e</run_address>
         <size>0xa</size>
         <input_file_ref idref="fl-153"/>
      </object_component>
      <object_component id="oc-1c1">
         <name>.text:SSIDisable</name>
         <load_address>0x4358</load_address>
         <run_address>0x4358</run_address>
         <size>0xa</size>
         <input_file_ref idref="fl-153"/>
      </object_component>
      <object_component id="oc-1d3">
         <name>.text:SSIEnable</name>
         <load_address>0x4362</load_address>
         <run_address>0x4362</run_address>
         <size>0xa</size>
         <input_file_ref idref="fl-153"/>
      </object_component>
      <object_component id="oc-45b">
         <name>.text:USBClockEnable</name>
         <load_address>0x436c</load_address>
         <run_address>0x436c</run_address>
         <size>0xa</size>
         <input_file_ref idref="fl-14e"/>
      </object_component>
      <object_component id="oc-584">
         <name>.text:USBControllerVersion</name>
         <load_address>0x4376</load_address>
         <run_address>0x4376</run_address>
         <size>0xa</size>
         <input_file_ref idref="fl-14e"/>
      </object_component>
      <object_component id="oc-737">
         <name>.text:USBDMAChannelAddressSet</name>
         <load_address>0x4380</load_address>
         <run_address>0x4380</run_address>
         <size>0xa</size>
         <input_file_ref idref="fl-14e"/>
      </object_component>
      <object_component id="oc-73d">
         <name>.text:USBDMAChannelCountSet</name>
         <load_address>0x438a</load_address>
         <run_address>0x438a</run_address>
         <size>0xa</size>
         <input_file_ref idref="fl-14e"/>
      </object_component>
      <object_component id="oc-4a3">
         <name>.text:USBDevConnect</name>
         <load_address>0x4394</load_address>
         <run_address>0x4394</run_address>
         <size>0xa</size>
         <input_file_ref idref="fl-14e"/>
      </object_component>
      <object_component id="oc-23c">
         <name>.text:USBDevDisconnect</name>
         <load_address>0x439e</load_address>
         <run_address>0x439e</run_address>
         <size>0xa</size>
         <input_file_ref idref="fl-14e"/>
      </object_component>
      <object_component id="oc-230">
         <name>.text:USBIntStatusEndpoint</name>
         <load_address>0x43a8</load_address>
         <run_address>0x43a8</run_address>
         <size>0xa</size>
         <input_file_ref idref="fl-14e"/>
      </object_component>
      <object_component id="oc-479">
         <name>.text:USBDevMode</name>
         <load_address>0x43b2</load_address>
         <run_address>0x43b2</run_address>
         <size>0x8</size>
         <input_file_ref idref="fl-14e"/>
      </object_component>
      <object_component id="oc-6f9">
         <name>.text:USBFIFOAddrGet</name>
         <load_address>0x43ba</load_address>
         <run_address>0x43ba</run_address>
         <size>0x8</size>
         <input_file_ref idref="fl-14e"/>
      </object_component>
      <object_component id="oc-473">
         <name>.text:USBOTGMode</name>
         <load_address>0x43c2</load_address>
         <run_address>0x43c2</run_address>
         <size>0x8</size>
         <input_file_ref idref="fl-14e"/>
      </object_component>
      <object_component id="oc-5ff">
         <name>.text:iDMAUSBChannelIntDisable</name>
         <load_address>0x43ca</load_address>
         <run_address>0x43ca</run_address>
         <size>0x8</size>
         <input_file_ref idref="fl-14a"/>
      </object_component>
      <object_component id="oc-5f9">
         <name>.text:iDMAUSBChannelIntEnable</name>
         <load_address>0x43d2</load_address>
         <run_address>0x43d2</run_address>
         <size>0x8</size>
         <input_file_ref idref="fl-14a"/>
      </object_component>
      <object_component id="oc-8d">
         <name>.text:GPIOPinRead</name>
         <load_address>0x43da</load_address>
         <run_address>0x43da</run_address>
         <size>0x6</size>
         <input_file_ref idref="fl-155"/>
      </object_component>
      <object_component id="oc-74">
         <name>.text:GPIOPinWrite</name>
         <load_address>0x43e0</load_address>
         <run_address>0x43e0</run_address>
         <size>0x6</size>
         <input_file_ref idref="fl-155"/>
      </object_component>
      <object_component id="oc-7a">
         <name>.text:SysCtlDelay</name>
         <load_address>0x43e6</load_address>
         <run_address>0x43e6</run_address>
         <size>0x6</size>
         <input_file_ref idref="fl-152"/>
      </object_component>
      <object_component id="oc-722">
         <name>.text:USBDMAChannelIntStatus</name>
         <load_address>0x43ec</load_address>
         <run_address>0x43ec</run_address>
         <size>0x6</size>
         <input_file_ref idref="fl-14e"/>
      </object_component>
      <object_component id="oc-485">
         <name>.text:USBDevLPMConfig</name>
         <load_address>0x43f2</load_address>
         <run_address>0x43f2</run_address>
         <size>0x6</size>
         <input_file_ref idref="fl-14e"/>
      </object_component>
      <object_component id="oc-224">
         <name>.text:USBLPMIntStatus</name>
         <load_address>0x43f8</load_address>
         <run_address>0x43f8</run_address>
         <size>0x6</size>
         <input_file_ref idref="fl-14e"/>
      </object_component>
      <object_component id="oc-22">
         <name>.text:decompress:rle24</name>
         <load_address>0x43fe</load_address>
         <run_address>0x43fe</run_address>
         <size>0x6</size>
         <input_file_ref idref="fl-139"/>
      </object_component>
      <object_component id="oc-5f3">
         <name>.text:iDMAUSBIntStatus</name>
         <load_address>0x4404</load_address>
         <run_address>0x4404</run_address>
         <size>0x6</size>
         <input_file_ref idref="fl-14a"/>
      </object_component>
      <object_component id="oc-5cf">
         <name>.text:DMAUSBStatus</name>
         <load_address>0x440a</load_address>
         <run_address>0x440a</run_address>
         <size>0x4</size>
         <input_file_ref idref="fl-14a"/>
      </object_component>
      <object_component id="oc-53d">
         <name>.text:HandleReset</name>
         <load_address>0x440e</load_address>
         <run_address>0x440e</run_address>
         <size>0x4</size>
         <input_file_ref idref="fl-142"/>
      </object_component>
      <object_component id="oc-34a">
         <name>.text:USBDevAddrSet</name>
         <load_address>0x4412</load_address>
         <run_address>0x4412</run_address>
         <size>0x4</size>
         <input_file_ref idref="fl-14e"/>
      </object_component>
      <object_component id="oc-398">
         <name>.const:g_pui32Regs</name>
         <load_address>0x4418</load_address>
         <run_address>0x4418</run_address>
         <size>0x9c</size>
         <input_file_ref idref="fl-154"/>
      </object_component>
      <object_component id="oc-384">
         <name>.const:g_pui32GPIOBaseAddrs</name>
         <load_address>0x44b4</load_address>
         <run_address>0x44b4</run_address>
         <size>0x90</size>
         <input_file_ref idref="fl-155"/>
      </object_component>
      <object_component id="oc-393">
         <name>.const</name>
         <load_address>0x4544</load_address>
         <run_address>0x4544</run_address>
         <size>0x70</size>
         <input_file_ref idref="fl-154"/>
      </object_component>
      <object_component id="oc-3d5">
         <name>.const</name>
         <load_address>0x45b4</load_address>
         <run_address>0x45b4</run_address>
         <size>0x70</size>
         <input_file_ref idref="fl-4"/>
      </object_component>
      <object_component id="oc-305">
         <name>.const:g_pui32Xtals</name>
         <load_address>0x4624</load_address>
         <run_address>0x4624</run_address>
         <size>0x6c</size>
         <input_file_ref idref="fl-152"/>
      </object_component>
      <object_component id="oc-4ac">
         <name>.const:.string</name>
         <load_address>0x4690</load_address>
         <run_address>0x4690</run_address>
         <size>0x68</size>
         <input_file_ref idref="fl-4"/>
      </object_component>
      <object_component id="oc-4b5">
         <name>.const:.string:g_pui8ConfigString</name>
         <load_address>0x46f8</load_address>
         <run_address>0x46f8</run_address>
         <size>0x40</size>
         <input_file_ref idref="fl-4"/>
      </object_component>
      <object_component id="oc-3f5">
         <name>.const:g_psUSBDStdRequests</name>
         <load_address>0x4738</load_address>
         <run_address>0x4738</run_address>
         <size>0x34</size>
         <input_file_ref idref="fl-144"/>
      </object_component>
      <object_component id="oc-4b2">
         <name>.const:.string:g_pui8HIDInterfaceString</name>
         <load_address>0x476c</load_address>
         <run_address>0x476c</run_address>
         <size>0x30</size>
         <input_file_ref idref="fl-4"/>
      </object_component>
      <object_component id="oc-442">
         <name>.const:g_sHIDHandlers</name>
         <load_address>0x479c</load_address>
         <run_address>0x479c</run_address>
         <size>0x30</size>
         <input_file_ref idref="fl-142"/>
      </object_component>
      <object_component id="oc-4af">
         <name>.const:.string:g_pui8ProductString</name>
         <load_address>0x47cc</load_address>
         <run_address>0x47cc</run_address>
         <size>0x28</size>
         <input_file_ref idref="fl-4"/>
      </object_component>
      <object_component id="oc-335">
         <name>.const:.string</name>
         <load_address>0x47f4</load_address>
         <run_address>0x47f4</run_address>
         <size>0x3</size>
         <input_file_ref idref="fl-6"/>
      </object_component>
      <object_component id="oc-7f6">
         <name>.cinit..data.load</name>
         <load_address>0x47f8</load_address>
         <run_address>0x47f8</run_address>
         <size>0x7a</size>
      </object_component>
      <object_component id="oc-7f4">
         <name>__TI_handler_table</name>
         <load_address>0x4874</load_address>
         <run_address>0x4874</run_address>
         <size>0xc</size>
      </object_component>
      <object_component id="oc-7f7">
         <name>.cinit..bss.load</name>
         <load_address>0x4880</load_address>
         <run_address>0x4880</run_address>
         <size>0x8</size>
      </object_component>
      <object_component id="oc-7f5">
         <name>__TI_cinit_table</name>
         <load_address>0x4888</load_address>
         <run_address>0x4888</run_address>
         <size>0x10</size>
      </object_component>
      <object_component id="oc-4f">
         <name>.data</name>
         <load_address>0x2000073c</load_address>
         <run_address>0x2000073c</run_address>
         <size>0x4</size>
         <input_file_ref idref="fl-13d"/>
      </object_component>
      <object_component id="oc-96">
         <name>.data</name>
         <load_address>0x200006f4</load_address>
         <run_address>0x200006f4</run_address>
         <size>0x10</size>
         <input_file_ref idref="fl-6"/>
      </object_component>
      <object_component id="oc-f2">
         <name>.data</name>
         <load_address>0x2000071c</load_address>
         <run_address>0x2000071c</run_address>
         <size>0x8</size>
         <input_file_ref idref="fl-13e"/>
      </object_component>
      <object_component id="oc-f5">
         <name>.data</name>
         <load_address>0x20000724</load_address>
         <run_address>0x20000724</run_address>
         <size>0x8</size>
         <input_file_ref idref="fl-13b"/>
      </object_component>
      <object_component id="oc-248">
         <name>.data</name>
         <load_address>0x20000704</load_address>
         <run_address>0x20000704</run_address>
         <size>0xc</size>
         <input_file_ref idref="fl-148"/>
      </object_component>
      <object_component id="oc-24b">
         <name>.data</name>
         <load_address>0x20000734</load_address>
         <run_address>0x20000734</run_address>
         <size>0x8</size>
         <input_file_ref idref="fl-144"/>
      </object_component>
      <object_component id="oc-332">
         <name>.data:g_sHIDSwarmColtrolDevice</name>
         <load_address>0x20000674</load_address>
         <run_address>0x20000674</run_address>
         <size>0x6c</size>
         <input_file_ref idref="fl-4"/>
      </object_component>
      <object_component id="oc-3b8">
         <name>.data</name>
         <load_address>0x20000710</load_address>
         <run_address>0x20000710</run_address>
         <size>0x9</size>
         <input_file_ref idref="fl-149"/>
      </object_component>
      <object_component id="oc-3d2">
         <name>.data</name>
         <load_address>0x2000072c</load_address>
         <run_address>0x2000072c</run_address>
         <size>0x8</size>
         <input_file_ref idref="fl-4"/>
      </object_component>
      <object_component id="oc-445">
         <name>.data</name>
         <load_address>0x200006e0</load_address>
         <run_address>0x200006e0</run_address>
         <size>0x12</size>
         <input_file_ref idref="fl-142"/>
      </object_component>
      <object_component id="oc-c3">
         <name>.bss:usbBufferHostToDevice</name>
         <uninitialized>true</uninitialized>
         <run_address>0x200005e0</run_address>
         <size>0x40</size>
         <input_file_ref idref="fl-6"/>
      </object_component>
      <object_component id="oc-c6">
         <name>.bss:usbBufferDeviceToHost</name>
         <uninitialized>true</uninitialized>
         <run_address>0x200005a0</run_address>
         <size>0x40</size>
         <input_file_ref idref="fl-6"/>
      </object_component>
      <object_component id="oc-242">
         <name>.bss</name>
         <uninitialized>true</uninitialized>
         <run_address>0x2000065c</run_address>
         <size>0x8</size>
         <input_file_ref idref="fl-144"/>
      </object_component>
      <object_component id="oc-245">
         <name>.bss:g_psDCDInst</name>
         <uninitialized>true</uninitialized>
         <run_address>0x20000510</run_address>
         <size>0x50</size>
         <input_file_ref idref="fl-144"/>
      </object_component>
      <object_component id="oc-342">
         <name>.bss</name>
         <uninitialized>true</uninitialized>
         <run_address>0x20000620</run_address>
         <size>0x30</size>
         <input_file_ref idref="fl-148"/>
      </object_component>
      <object_component id="oc-3bb">
         <name>.bss</name>
         <uninitialized>true</uninitialized>
         <run_address>0x20000650</run_address>
         <size>0xc</size>
         <input_file_ref idref="fl-149"/>
      </object_component>
      <object_component id="oc-3f2">
         <name>.bss:g_pui8DataBufferIn</name>
         <uninitialized>true</uninitialized>
         <run_address>0x20000560</run_address>
         <size>0x40</size>
         <input_file_ref idref="fl-144"/>
      </object_component>
      <object_component id="oc-58a">
         <name>.bss:g_psUSBDMAInst</name>
         <uninitialized>true</uninitialized>
         <run_address>0x20000400</run_address>
         <size>0x110</size>
         <input_file_ref idref="fl-14a"/>
      </object_component>
      <object_component id="oc-19f">
         <name>.common:crcConfig</name>
         <uninitialized>true</uninitialized>
         <run_address>0x2000066e</run_address>
         <size>0x1</size>
      </object_component>
      <object_component id="oc-1a0">
         <name>.common:addressWidth</name>
         <uninitialized>true</uninitialized>
         <run_address>0x2000066d</run_address>
         <size>0x1</size>
      </object_component>
      <object_component id="oc-2e9">
         <name>.common:status</name>
         <uninitialized>true</uninitialized>
         <run_address>0x20000670</run_address>
         <size>0x1</size>
      </object_component>
      <object_component id="oc-1a1">
         <name>.common:features</name>
         <uninitialized>true</uninitialized>
         <run_address>0x2000066f</run_address>
         <size>0x1</size>
      </object_component>
      <object_component id="oc-2ed">
         <name>.common:CEState</name>
         <uninitialized>true</uninitialized>
         <run_address>0x2000066c</run_address>
         <size>0x1</size>
      </object_component>
      <object_component id="oc-1d9">
         <name>.common:g_ui32SysTickCount</name>
         <uninitialized>true</uninitialized>
         <run_address>0x20000664</run_address>
         <size>0x4</size>
      </object_component>
      <object_component id="oc-331">
         <name>.common:pvDevice</name>
         <uninitialized>true</uninitialized>
         <run_address>0x20000668</run_address>
         <size>0x4</size>
      </object_component>
      <object_component id="oc-28">
         <name>.stack</name>
         <uninitialized>true</uninitialized>
         <run_address>0x20000000</run_address>
         <size>0x0</size>
         <input_file_ref idref="fl-137"/>
      </object_component>
      <object_component id="oc-7f8">
         <name>.stack</name>
         <uninitialized>true</uninitialized>
         <run_address>0x20000000</run_address>
         <size>0x0</size>
      </object_component>
      <object_component id="oc-f">
         <name>.debug_info</name>
         <load_address>0x0</load_address>
         <run_address>0x0</run_address>
         <size>0xee</size>
         <input_file_ref idref="fl-5"/>
      </object_component>
      <object_component id="oc-12">
         <name>.debug_info</name>
         <load_address>0xee</load_address>
         <run_address>0xee</run_address>
         <size>0xf3</size>
         <input_file_ref idref="fl-137"/>
      </object_component>
      <object_component id="oc-19">
         <name>.debug_info</name>
         <load_address>0x1e1</load_address>
         <run_address>0x1e1</run_address>
         <size>0x194</size>
         <input_file_ref idref="fl-138"/>
      </object_component>
      <object_component id="oc-1d">
         <name>.debug_info</name>
         <load_address>0x375</load_address>
         <run_address>0x375</run_address>
         <size>0x16a</size>
         <input_file_ref idref="fl-13a"/>
      </object_component>
      <object_component id="oc-26">
         <name>.debug_info</name>
         <load_address>0x4df</load_address>
         <run_address>0x4df</run_address>
         <size>0x18e</size>
         <input_file_ref idref="fl-139"/>
      </object_component>
      <object_component id="oc-2a">
         <name>.debug_info</name>
[...]
      <symbol id="sm-797">
         <name>USBDeviceEnumHandler</name>
         <value>0x1c79</value>
         <object_component_ref idref="oc-236"/>
      </symbol>
      <symbol id="sm-798">
         <name>USBDCDInit</name>
         <value>0x10e9</value>
         <object_component_ref idref="oc-3cb"/>
      </symbol>
      <symbol id="sm-799">
         <name>USBDeviceEnumResetHandler</name>
         <value>0x350d</value>
         <object_component_ref idref="oc-212"/>
      </symbol>
      <symbol id="sm-79a">
         <name>g_psDCDInst</name>
         <value>0x20000510</value>
         <object_component_ref idref="oc-245"/>
      </symbol>
      <symbol id="sm-79b">
         <name>USBDCDDeviceInfoInit</name>
         <value>0x34c9</value>
         <object_component_ref idref="oc-42a"/>
      </symbol>
      <symbol id="sm-79c">
         <name>USBDeviceIntHandlerInternal</name>
         <value>0x1371</value>
         <object_component_ref idref="oc-db"/>
      </symbol>
      <symbol id="sm-79d">
         <name>USBDeviceResumeTickHandler</name>
         <value>0x3141</value>
         <object_component_ref idref="oc-218"/>
      </symbol>
      <symbol id="sm-835">
         <name>USBDeviceConfigAlternate</name>
         <value>0x255d</value>
         <object_component_ref idref="oc-652"/>
      </symbol>
      <symbol id="sm-836">
         <name>USBDeviceConfig</name>
         <value>0x1231</value>
         <object_component_ref idref="oc-644"/>
      </symbol>
      <symbol id="sm-8b3">
         <name>USBDCDConfigDescGet</name>
         <value>0x30f1</value>
         <object_component_ref idref="oc-666"/>
      </symbol>
      <symbol id="sm-8b4">
         <name>USBDCDConfigGetInterface</name>
         <value>0x3f41</value>
         <object_component_ref idref="oc-50e"/>
      </symbol>
      <symbol id="sm-8b5">
         <name>USBDCDConfigDescGetSize</name>
         <value>0x4019</value>
         <object_component_ref idref="oc-3f9"/>
      </symbol>
      <symbol id="sm-8b6">
         <name>USBDCDConfigGetInterfaceEndpoint</name>
         <value>0x371f</value>
         <object_component_ref idref="oc-424"/>
      </symbol>
      <symbol id="sm-8b7">
         <name>USBDCDConfigDescGetNum</name>
         <value>0x3c3f</value>
         <object_component_ref idref="oc-64c"/>
      </symbol>
      <symbol id="sm-8c4">
         <name>ULPIConfigSet</name>
         <value>0x304f</value>
         <object_component_ref idref="oc-467"/>
      </symbol>
      <symbol id="sm-916">
         <name>g_ui32USBSOFCount</name>
         <value>0x2000070c</value>
         <object_component_ref idref="oc-248"/>
      </symbol>
      <symbol id="sm-917">
         <name>g_pvTickInstance</name>
         <value>0x20000638</value>
         <object_component_ref idref="oc-342"/>
      </symbol>
      <symbol id="sm-918">
         <name>g_bUSBTimerInitialized</name>
         <value>0x20000704</value>
         <object_component_ref idref="oc-248"/>
      </symbol>
      <symbol id="sm-919">
         <name>g_ui32CurrentUSBTick</name>
         <value>0x20000708</value>
         <object_component_ref idref="oc-248"/>
      </symbol>
      <symbol id="sm-91a">
         <name>InternalUSBStartOfFrameTick</name>
         <value>0x38a5</value>
         <object_component_ref idref="oc-21e"/>
      </symbol>
      <symbol id="sm-91b">
         <name>g_pfnTickHandlers</name>
         <value>0x20000620</value>
         <object_component_ref idref="oc-342"/>
      </symbol>
      <symbol id="sm-91c">
         <name>InternalUSBRegisterTickHandler</name>
         <value>0x3871</value>
         <object_component_ref idref="oc-43c"/>
      </symbol>
      <symbol id="sm-91d">
         <name>InternalUSBTickInit</name>
         <value>0x3ad1</value>
         <object_component_ref idref="oc-436"/>
      </symbol>
      <symbol id="sm-956">
         <name>g_eOTGModeState</name>
         <value>0x20000654</value>
         <object_component_ref idref="oc-3bb"/>
      </symbol>
      <symbol id="sm-957">
         <name>g_ui32PollRate</name>
         <value>0x20000650</value>
         <object_component_ref idref="oc-3bb"/>
      </symbol>
      <symbol id="sm-958">
         <name>g_iUSBMode</name>
         <value>0x20000710</value>
         <object_component_ref idref="oc-3b8"/>
      </symbol>
      <symbol id="sm-959">
         <name>USBStackModeSet</name>
         <value>0x3e71</value>
         <object_component_ref idref="oc-325"/>
      </symbol>
      <symbol id="sm-95a">
         <name>g_ui32WaitTicks</name>
         <value>0x20000714</value>
         <object_component_ref idref="oc-3b8"/>
      </symbol>
      <symbol id="sm-ab4">
         <name>USBLibDMAInit</name>
         <value>0xe35</value>
         <object_component_ref idref="oc-491"/>
      </symbol>
      <symbol id="sm-ae9">
         <name>USBDescGet</name>
         <value>0x3bbd</value>
         <object_component_ref idref="oc-77f"/>
      </symbol>
      <symbol id="sm-aea">
         <name>USBDescGetNum</name>
         <value>0x3c69</value>
         <object_component_ref idref="oc-772"/>
      </symbol>
      <symbol id="sm-cb2">
         <name>USBLPMIntEnable</name>
         <value>0x431f</value>
         <object_component_ref idref="oc-48b"/>
      </symbol>
      <symbol id="sm-cb3">
         <name>USBEndpointDataAvail</name>
         <value>0x3f79</value>
         <object_component_ref idref="oc-11c"/>
      </symbol>
      <symbol id="sm-cb4">
         <name>USBClockEnable</name>
         <value>0x436d</value>
         <object_component_ref idref="oc-45b"/>
      </symbol>
      <symbol id="sm-cb5">
         <name>USBDevDisconnect</name>
         <value>0x439f</value>
         <object_component_ref idref="oc-23c"/>
      </symbol>
      <symbol id="sm-cb6">
         <name>USBDevEndpointStallClear</name>
         <value>0x3279</value>
         <object_component_ref idref="oc-632"/>
      </symbol>
      <symbol id="sm-cb7">
         <name>USBEndpointDataPut</name>
         <value>0x3b31</value>
         <object_component_ref idref="oc-295"/>
      </symbol>
      <symbol id="sm-cb8">
         <name>USBDMAChannelIntStatus</name>
         <value>0x43ed</value>
         <object_component_ref idref="oc-722"/>
      </symbol>
      <symbol id="sm-cb9">
         <name>USBDevAddrSet</name>
         <value>0x4413</value>
         <object_component_ref idref="oc-34a"/>
      </symbol>
      <symbol id="sm-cba">
         <name>USBDMAChannelCountSet</name>
         <value>0x438b</value>
         <object_component_ref idref="oc-73d"/>
      </symbol>
      <symbol id="sm-cbb">
         <name>USBLPMIntStatus</name>
         <value>0x43f9</value>
         <object_component_ref idref="oc-224"/>
      </symbol>
      <symbol id="sm-cbc">
         <name>USBDMAChannelAddressSet</name>
         <value>0x4381</value>
         <object_component_ref idref="oc-737"/>
      </symbol>
      <symbol id="sm-cbd">
         <name>USBULPIDisable</name>
         <value>0x42c5</value>
         <object_component_ref idref="oc-46d"/>
      </symbol>
      <symbol id="sm-cbe">
         <name>USBIntStatusControl</name>
         <value>0x37cd</value>
         <object_component_ref idref="oc-d5"/>
      </symbol>
      <symbol id="sm-cbf">
         <name>USBEndpointDMADisable</name>
         <value>0x3dc1</value>
         <object_component_ref idref="oc-6c4"/>
      </symbol>
      <symbol id="sm-cc0">
         <name>USBDevEndpointDataAck</name>
         <value>0x3d9d</value>
         <object_component_ref idref="oc-12e"/>
      </symbol>
      <symbol id="sm-cc1">
         <name>USBOTGMode</name>
         <value>0x43c3</value>
         <object_component_ref idref="oc-473"/>
      </symbol>
      <symbol id="sm-cc2">
         <name>USBDMAChannelConfigSet</name>
         <value>0x41e1</value>
         <object_component_ref idref="oc-743"/>
      </symbol>
      <symbol id="sm-cc3">
         <name>USBULPIRegRead</name>
         <value>0x3ecd</value>
         <object_component_ref idref="oc-570"/>
      </symbol>
      <symbol id="sm-cc4">
         <name>USBDevMode</name>
         <value>0x43b3</value>
         <object_component_ref idref="oc-479"/>
      </symbol>
      <symbol id="sm-cc5">
         <name>USBIntEnableEndpoint</name>
         <value>0x4139</value>
         <object_component_ref idref="oc-49d"/>
      </symbol>
      <symbol id="sm-cc6">
         <name>USBEndpointDataGet</name>
         <value>0x3551</value>
         <object_component_ref idref="oc-122"/>
      </symbol>
      <symbol id="sm-cc7">
         <name>USBDevEndpointStatusClear</name>
         <value>0x2d29</value>
         <object_component_ref idref="oc-128"/>
      </symbol>
      <symbol id="sm-cc8">
         <name>USBULPIEnable</name>
         <value>0x42d3</value>
         <object_component_ref idref="oc-461"/>
      </symbol>
      <symbol id="sm-cc9">
         <name>USBFIFOAddrGet</name>
         <value>0x43bb</value>
         <object_component_ref idref="oc-6f9"/>
      </symbol>
      <symbol id="sm-cca">
         <name>USBDMAChannelStatus</name>
         <value>0x429b</value>
         <object_component_ref idref="oc-71b"/>
      </symbol>
      <symbol id="sm-ccb">
         <name>USBULPIRegWrite</name>
         <value>0x3eeb</value>
         <object_component_ref idref="oc-576"/>
      </symbol>
      <symbol id="sm-ccc">
         <name>USBDMAChannelIntEnable</name>
         <value>0x4229</value>
         <object_component_ref idref="oc-729"/>
      </symbol>
      <symbol id="sm-ccd">
         <name>USBDevLPMConfig</name>
         <value>0x43f3</value>
         <object_component_ref idref="oc-485"/>
      </symbol>
      <symbol id="sm-cce">
         <name>USBDevLPMEnable</name>
         <value>0x42b7</value>
         <object_component_ref idref="oc-22a"/>
      </symbol>
      <symbol id="sm-ccf">
         <name>USBControllerVersion</name>
         <value>0x4377</value>
         <object_component_ref idref="oc-584"/>
      </symbol>
      <symbol id="sm-cd0">
         <name>USBFIFOConfigSet</name>
         <value>0x3759</value>
         <object_component_ref idref="oc-76a"/>
      </symbol>
      <symbol id="sm-cd1">
         <name>USBEndpointDMAEnable</name>
         <value>0x3de5</value>
         <object_component_ref idref="oc-6de"/>
      </symbol>
      <symbol id="sm-cd2">
         <name>USBDevLPMDisable</name>
         <value>0x42a9</value>
         <object_component_ref idref="oc-47f"/>
      </symbol>
      <symbol id="sm-cd3">
         <name>USBEndpointDataSend</name>
         <value>0x3b61</value>
         <object_component_ref idref="oc-29b"/>
      </symbol>
      <symbol id="sm-cd4">
         <name>USBIntStatusEndpoint</name>
         <value>0x43a9</value>
         <object_component_ref idref="oc-230"/>
      </symbol>
      <symbol id="sm-cd5">
         <name>USBEndpointStatus</name>
         <value>0x425d</value>
         <object_component_ref idref="oc-116"/>
      </symbol>
      <symbol id="sm-cd6">
         <name>USBEndpointPacketCountSet</name>
         <value>0x4313</value>
         <object_component_ref idref="oc-705"/>
      </symbol>
      <symbol id="sm-cd7">
         <name>USBDMAChannelIntDisable</name>
         <value>0x4217</value>
         <object_component_ref idref="oc-730"/>
      </symbol>
      <symbol id="sm-cd8">
         <name>USBEndpointDMAConfigSet</name>
         <value>0x32c5</value>
         <object_component_ref idref="oc-70b"/>
      </symbol>
      <symbol id="sm-cd9">
         <name>USBDevEndpointStall</name>
         <value>0x3a0d</value>
         <object_component_ref idref="oc-4ba"/>
      </symbol>
      <symbol id="sm-cda">
         <name>USBDevConnect</name>
         <value>0x4395</value>
         <object_component_ref idref="oc-4a3"/>
      </symbol>
      <symbol id="sm-cdb">
         <name>USBDevEndpointConfigSet</name>
         <value>0x26f1</value>
         <object_component_ref idref="oc-75e"/>
      </symbol>
      <symbol id="sm-cdc">
         <name>USBDMAChannelDisable</name>
         <value>0x41f3</value>
         <object_component_ref idref="oc-714"/>
      </symbol>
      <symbol id="sm-cdd">
         <name>USBDMAChannelEnable</name>
         <value>0x4205</value>
         <object_component_ref idref="oc-749"/>
      </symbol>
      <symbol id="sm-cde">
         <name>USBHostResume</name>
         <value>0x4125</value>
         <object_component_ref idref="oc-33b"/>
      </symbol>
      <symbol id="sm-cdf">
         <name>USBIntEnableControl</name>
         <value>0x3c91</value>
         <object_component_ref idref="oc-497"/>
      </symbol>
      <symbol id="sm-ce0">
         <name>USBEndpointDMAChannel</name>
         <value>0x3fcd</value>
         <object_component_ref idref="oc-6b8"/>
      </symbol>
      <symbol id="sm-d2b">
         <name>uDMAChannelControlSet</name>
         <value>0x3e09</value>
         <object_component_ref idref="oc-6b1"/>
      </symbol>
      <symbol id="sm-d2c">
         <name>uDMAChannelDisable</name>
         <value>0x4079</value>
         <object_component_ref idref="oc-6cb"/>
      </symbol>
      <symbol id="sm-d2d">
         <name>uDMAChannelModeGet</name>
         <value>0x3cb9</value>
         <object_component_ref idref="oc-6f0"/>
      </symbol>
      <symbol id="sm-d2e">
         <name>uDMAChannelTransferSet</name>
         <value>0x2671</value>
         <object_component_ref idref="oc-6ff"/>
      </symbol>
      <symbol id="sm-d2f">
         <name>uDMAChannelAttributeDisable</name>
         <value>0x3481</value>
         <object_component_ref idref="oc-6be"/>
      </symbol>
      <symbol id="sm-d30">
         <name>uDMAChannelEnable</name>
         <value>0x4091</value>
         <object_component_ref idref="oc-6e4"/>
      </symbol>
      <symbol id="sm-d54">
         <name>SysTickEnable</name>
         <value>0x40d5</value>
         <object_component_ref idref="oc-1f8"/>
      </symbol>
      <symbol id="sm-d55">
         <name>SysTickIntEnable</name>
         <value>0x40e9</value>
         <object_component_ref idref="oc-1f2"/>
      </symbol>
      <symbol id="sm-d56">
         <name>SysTickPeriodSet</name>
         <value>0x424d</value>
         <object_component_ref idref="oc-1ec"/>
      </symbol>
      <symbol id="sm-dc9">
         <name>SysCtlClockSet</name>
         <value>0x1809</value>
         <object_component_ref idref="oc-1da"/>
      </symbol>
      <symbol id="sm-dca">
         <name>SysCtlDelay</name>
         <value>0x43e7</value>
         <object_component_ref idref="oc-7a"/>
      </symbol>
      <symbol id="sm-dcb">
         <name>SysCtlPeripheralEnable</name>
         <value>0x3941</value>
         <object_component_ref idref="oc-1e0"/>
      </symbol>
      <symbol id="sm-dcc">
         <name>SysCtlClockGet</name>
         <value>0x15e1</value>
         <object_component_ref idref="oc-1c7"/>
      </symbol>
      <symbol id="sm-dcd">
         <name>SysCtlUSBPLLEnable</name>
         <value>0x40c1</value>
         <object_component_ref idref="oc-455"/>
      </symbol>
      <symbol id="sm-dce">
         <name>SysCtlPeripheralReset</name>
         <value>0x30a1</value>
         <object_component_ref idref="oc-44f"/>
      </symbol>
      <symbol id="sm-e0e">
         <name>SSIDataPut</name>
         <value>0x434f</value>
         <object_component_ref idref="oc-2db"/>
      </symbol>
      <symbol id="sm-e0f">
         <name>SSIDataGet</name>
         <value>0x4307</value>
         <object_component_ref idref="oc-2e1"/>
      </symbol>
      <symbol id="sm-e10">
         <name>SSIDataGetNonBlocking</name>
         <value>0x41cf</value>
         <object_component_ref idref="oc-2d2"/>
      </symbol>
      <symbol id="sm-e11">
         <name>SSIConfigSetExpClk</name>
         <value>0x361d</value>
         <object_component_ref idref="oc-1cd"/>
      </symbol>
      <symbol id="sm-e12">
         <name>SSIEnable</name>
         <value>0x4363</value>
         <object_component_ref idref="oc-1d3"/>
      </symbol>
      <symbol id="sm-e13">
         <name>SSIDisable</name>
         <value>0x4359</value>
         <object_component_ref idref="oc-1c1"/>
      </symbol>
      <symbol id="sm-e75">
         <name>IntPrioritySet</name>
         <value>0x3d55</value>
         <object_component_ref idref="oc-2cc"/>
      </symbol>
      <symbol id="sm-e76">
         <name>IntIsEnabled</name>
         <value>0x2a19</value>
         <object_component_ref idref="oc-6d2"/>
      </symbol>
      <symbol id="sm-e77">
         <name>IntEnable</name>
         <value>0x2c69</value>
         <object_component_ref idref="oc-2c6"/>
      </symbol>
      <symbol id="sm-e78">
         <name>IntDisable</name>
         <value>0x2c09</value>
         <object_component_ref idref="oc-6d8"/>
      </symbol>
      <symbol id="sm-e79">
         <name>IntMasterEnable</name>
         <value>0x4345</value>
         <object_component_ref idref="oc-2c0"/>
      </symbol>
      <symbol id="sm-ee9">
         <name>GPIOPinConfigure</name>
         <value>0x33f1</value>
         <object_component_ref idref="oc-2a2"/>
      </symbol>
      <symbol id="sm-eea">
         <name>GPIOPinTypeUSBAnalog</name>
         <value>0x4199</value>
         <object_component_ref idref="oc-31f"/>
      </symbol>
      <symbol id="sm-eeb">
         <name>GPIOIntEnable</name>
         <value>0x42fb</value>
         <object_component_ref idref="oc-2b4"/>
      </symbol>
      <symbol id="sm-eec">
         <name>GPIOIntTypeSet</name>
         <value>0x2f51</value>
         <object_component_ref idref="oc-2ba"/>
      </symbol>
      <symbol id="sm-eed">
         <name>GPIOPinTypeGPIOInput</name>
         <value>0x4175</value>
         <object_component_ref idref="oc-2a8"/>
      </symbol>
      <symbol id="sm-eee">
         <name>GPIOPinTypeGPIOOutput</name>
         <value>0x3fe7</value>
         <object_component_ref idref="oc-1e6"/>
      </symbol>
      <symbol id="sm-eef">
         <name>GPIOPinRead</name>
         <value>0x43db</value>
         <object_component_ref idref="oc-8d"/>
      </symbol>
      <symbol id="sm-ef0">
         <name>GPIODirModeSet</name>
         <value>0x3c15</value>
         <object_component_ref idref="oc-314"/>
      </symbol>
      <symbol id="sm-ef1">
         <name>GPIOPinWrite</name>
         <value>0x43e1</value>
         <object_component_ref idref="oc-74"/>
      </symbol>
      <symbol id="sm-ef2">
         <name>GPIOPadConfigSet</name>
         <value>0x14b1</value>
         <object_component_ref idref="oc-30e"/>
      </symbol>
      <symbol id="sm-ef3">
         <name>GPIOPinTypeSSI</name>
         <value>0x4187</value>
         <object_component_ref idref="oc-2ae"/>
      </symbol>
      <symbol id="sm-efd">
         <name>CPUcpsie</name>
         <value>0x42ef</value>
         <object_component_ref idref="oc-38c"/>
      </symbol>
      <symbol id="sm-eff">
         <name>__TI_static_base__</name>
         <value>0x0</value>
      </symbol>
      <symbol id="sm-f00">
         <name>__TI_args_main</name>
         <value>0x1</value>
      </symbol>
      <symbol id="sm-f01">
         <name>SHT$$INIT_ARRAY$$Limit</name>
         <value>0x0</value>
      </symbol>
      <symbol id="sm-f02">
         <name>SHT$$INIT_ARRAY$$Base</name>
         <value>0x0</value>
      </symbol>
   </symbol_table>
   <title>Link successful</title>
</link_info>
