******************************************************************************
                  TI ARM Linker PC v5.1.6                      
******************************************************************************
>> Linked Wed Jul 09 17:31:01 2014

OUTPUT FILE NAME:   <usbSwarmControl.out>
ENTRY POINT SYMBOL: "_c_int00"  address: 00003439


MEMORY CONFIGURATION

         name            origin    length      used     unused   attr    fill
----------------------  --------  ---------  --------  --------  ----  --------
  FLASH                 00000000   00040000  00004895  0003b76b  R  X
  SRAM                  20000000   00008000  0000073d  000078c3  RW X


SEGMENT ALLOCATION MAP

run origin  load origin   length   init length attrs members
----------  ----------- ---------- ----------- ----- -------
00000000    00000000    00004898   00004898    r-x
  00000000    00000000    0000026c   0000026c    r-- .intvecs
  0000026c    0000026c    000041aa   000041aa    r-x .text
  00004418    00004418    000003df   000003df    r-- .const
  000047f8    000047f8    000000a0   000000a0    r-- .cinit
20000000    20000000    00000740   00000000    rw-
  20000000    20000000    00000400   00000000    rw- .stack
  20000400    20000400    00000271   00000000    rw- .bss
  20000674    20000674    000000cc   00000000    rw- .data


SECTION ALLOCATION MAP

 output                                  attributes/
section   page    origin      length       input sections
--------  ----  ----------  ----------   ----------------
.intvecs   0    00000000    0000026c     
                  00000000    0000026c     tm4c123gh6pm_startup_ccs.obj (.intvecs)

.init_array 
*          0    00000000    00000000     UNINITIALIZED

.text      0    0000026c    000041aa     
                  0000026c    00000860     nRF24L01.obj (.text)
                  00000acc    00000368     main.obj (.text)
                  00000e34    00000160     usblib.lib : usbdma.obj (.text:USBLibDMAInit)
                  00000f94    00000154                : usbdenum.obj (.text:USBDEP0StateTxConfig)
                  000010e8    00000148                : usbdenum.obj (.text:USBDCDInit)
                  00001230    00000140                : usbdconfig.obj (.text:USBDeviceConfig)
                  00001370    00000140                : usbdenum.obj (.text:USBDeviceIntHandlerInternal)
                  000014b0    00000130     driverlib.lib : gpio.obj (.text:GPIOPadConfigSet)
                  000015e0    00000118                   : sysctl.obj (.text:SysCtlClockGet)
                  000016f8    0000010e     usblib.lib : usbdhid.obj (.text:HandleRequest)
                  00001806    00000002                : usbdma.obj (.text:iDMAUSBArbSizeSet)
                  00001808    000000f0     driverlib.lib : sysctl.obj (.text:SysCtlClockSet)
                  000018f8    000000e8     usblib.lib : usbdma.obj (.text:iDMAUSBTransfer)
                  000019e0    000000e0                : usbdhid.obj (.text:USBDHIDCompositeInit)
                  00001ac0    000000dc                : usbdenum.obj (.text:USBDGetDescriptor)
                  00001b9c    000000dc     TM4C123_nRF24L01.obj (.text:initSpiForRF)
                  00001c78    000000d8     usblib.lib : usbdenum.obj (.text:USBDeviceEnumHandler)
                  00001d50    000000c0                : usbdma.obj (.text:uDMAUSBChannelAllocate)
                  00001e10    000000ba                : usbdma.obj (.text:uDMAUSBTransfer)
                  00001eca    00000002                : usbdma.obj (.text:iDMAUSBUnitSizeSet)
                  00001ecc    000000ac     main.obj (.text:configureRF)
                  00001f78    000000a8     main.obj (.text:receiveDataFromRobotWithCommand)
                  00002020    0000009c     rtsv7M4_T_le_v4SPD16_eabi.lib : memcpy_t2.obj (.text)
                  000020bc    0000009c     main.obj (.text:transmitDataToRobot)
                  00002158    00000098     usblib.lib : usbdenum.obj (.text:USBDSetInterface)
                  000021f0    00000098     main.obj (.text:configureSPI)
                  00002288    00000098     main.obj (.text:initRfModule)
                  00002320    00000094     rtsv7M4_T_le_v4SPD16_eabi.lib : auto_init.obj (.text)
                  000023b4    00000090     main.obj (.text:receiveDataNoCommand)
                  00002444    0000008c     usblib.lib : usbdhid.obj (.text:ProcessIdleTimers)
                  000024d0    0000008c                : usbdenum.obj (.text:USBDSetConfiguration)
                  0000255c    0000008c                : usbdconfig.obj (.text:USBDeviceConfigAlternate)
                  000025e8    00000086                : usbdma.obj (.text:iDMAUSBChannelAllocate)
                  0000266e    00000002                : usbdma.obj (.text:uDMAUSBChannelIntDisable)
                  00002670    00000080     driverlib.lib : udma.obj (.text:uDMAChannelTransferSet)
                  000026f0    0000007a                   : usb.obj (.text:USBDevEndpointConfigSet)
                  0000276a    00000002     usblib.lib : usbdma.obj (.text:uDMAUSBChannelIntEnable)
                  0000276c    00000078                : usbdenum.obj (.text:USBDClearFeature)
                  000027e4    00000072                : usbdhid.obj (.text:USBDHIDPacketRead)
                  00002856    00000072                : usbdma.obj (.text:uDMAUSBArbSizeSet)
                  000028c8    00000070                : usbdenum.obj (.text:USBDEP0StateTx)
                  00002938    00000070                : usbdenum.obj (.text:USBDGetStatus)
                  000029a8    00000070                : usbdma.obj (.text:uDMAUSBUnitSizeSet)
                  00002a18    00000064     driverlib.lib : interrupt.obj (.text:IntIsEnabled)
                  00002a7c    00000064     usblib.lib : usbdenum.obj (.text:USBDSetFeature)
                  00002ae0    00000064     main.obj (.text:initUSB)
                  00002b44    00000064     usblib.lib : usbdma.obj (.text:uDMAUSBChannelEnable)
                  00002ba8    00000060                : usbdhid.obj (.text:HandleGetDescriptor)
                  00002c08    00000060     driverlib.lib : interrupt.obj (.text:IntDisable)
                  00002c68    00000060                   : interrupt.obj (.text:IntEnable)
                  00002cc8    00000060     usblib.lib : usbdenum.obj (.text:USBDReadAndDispatchRequest)
                  00002d28    0000005e     driverlib.lib : usb.obj (.text:USBDevEndpointStatusClear)
                  00002d86    0000005e     rtsv7M4_T_le_v4SPD16_eabi.lib : copy_decompress_rle.obj (.text)
                  00002de4    0000005c     usblib.lib : usbdhid.obj (.text:FindHIDDescriptor)
                  00002e40    0000005c                : usbdenum.obj (.text:USBDStringIndexFromRequest)
                  00002e9c    0000005a                : usbdhid.obj (.text:HandleDevice)
                  00002ef6    00000002     --HOLE-- [fill = 0]
                  00002ef8    00000058                : usbdhid.obj (.text:ProcessDataFromHost)
                  00002f50    00000056     driverlib.lib : gpio.obj (.text:GPIOIntTypeSet)
                  00002fa6    00000054     usblib.lib : usbdhid.obj (.text:ProcessDataToHost)
                  00002ffa    00000054                : usbdma.obj (.text:uDMAUSBChannelRelease)
                  0000304e    00000052                : usbulpi.obj (.text:ULPIConfigSet)
                  000030a0    00000050     driverlib.lib : sysctl.obj (.text:SysCtlPeripheralReset)
                  000030f0    00000050     usblib.lib : usbdcdesc.obj (.text:USBDCDConfigDescGet)
                  00003140    00000050                : usbdenum.obj (.text:USBDeviceResumeTickHandler)
                  00003190    00000050     main.obj (.text:initSystem)
                  000031e0    0000004c     usblib.lib : usbdcdesc.obj (.text:ConfigAlternateInterfaceGet)
                  0000322c    0000004c                : usbdconfig.obj (.text:GetEPDescriptorType)
                  00003278    0000004c     driverlib.lib : usb.obj (.text:USBDevEndpointStallClear)
                  000032c4    0000004c                   : usb.obj (.text:USBEndpointDMAConfigSet)
                  00003310    0000004a     usblib.lib : usbdhid.obj (.text:USBDHIDReportWrite)
                  0000335a    0000004a                : usbdma.obj (.text:iDMAUSBChannelEnable)
                  000033a4    0000004a                : usbdma.obj (.text:uDMAUSBChannelDisable)
                  000033ee    00000002     --HOLE-- [fill = 0]
                  000033f0    00000048     driverlib.lib : gpio.obj (.text:GPIOPinConfigure)
                  00003438    00000048     rtsv7M4_T_le_v4SPD16_eabi.lib : boot.obj (.text)
                  00003480    00000048     driverlib.lib : udma.obj (.text:uDMAChannelAttributeDisable)
                  000034c8    00000044     usblib.lib : usbdenum.obj (.text:USBDCDDeviceInfoInit)
                  0000350c    00000044                : usbdenum.obj (.text:USBDeviceEnumResetHandler)
                  00003550    00000044     driverlib.lib : usb.obj (.text:USBEndpointDataGet)
                  00003594    00000044     rtsv7M4_T_le_v4SPD16_eabi.lib : cpy_tbl.obj (.text)
                  000035d8    00000044                                   : exit.obj (.text)
                  0000361c    00000042     driverlib.lib : ssi.obj (.text:SSIConfigSetExpClk)
                  0000365e    00000042     usblib.lib : usbdhid.obj (.text:SetIdleTimeout)
                  000036a0    00000040                : usbdenum.obj (.text:USBDGetInterface)
                  000036e0    0000003e                : usbdhid.obj (.text:ScheduleReportTransmission)
                  0000371e    0000003a                : usbdcdesc.obj (.text:USBDCDConfigGetInterfaceEndpoint)
                  00003758    0000003a     driverlib.lib : usb.obj (.text:USBFIFOConfigSet)
                  00003792    0000003a     usblib.lib : usbdma.obj (.text:iDMAUSBChannelRelease)
                  000037cc    00000038     driverlib.lib : usb.obj (.text:USBIntStatusControl)
                  00003804    00000036     usblib.lib : usbdhid.obj (.text:HandleEndpoints)
                  0000383a    00000002     --HOLE-- [fill = 0]
                  0000383c    00000034                : usbdhid.obj (.text:HIDTickHandler)
                  00003870    00000034                : usbtick.obj (.text:InternalUSBRegisterTickHandler)
                  000038a4    00000034                : usbtick.obj (.text:InternalUSBStartOfFrameTick)
                  000038d8    00000034     nRF24L01.obj (.text:RF24_readRegister)
                  0000390c    00000034     nRF24L01.obj (.text:RF24_writeRegister)
                  00003940    00000034     driverlib.lib : sysctl.obj (.text:SysCtlPeripheralEnable)
                  00003974    00000034     usblib.lib : usbdma.obj (.text:iDMAUSBChannelStatus)
                  000039a8    00000032                : usbdhid.obj (.text:ClearReportTimer)
                  000039da    00000032                : usbdcdesc.obj (.text:NextConfigDescGet)
                  00003a0c    00000032     driverlib.lib : usb.obj (.text:USBDevEndpointStall)
                  00003a3e    00000032     usblib.lib : usbdma.obj (.text:iDMAUSBChannelDisable)
                  00003a70    00000030                : usbdma.obj (.text:DMAUSBIntHandler)
                  00003aa0    00000030                : usbdhid.obj (.text:HandleConfigChange)
                  00003ad0    00000030                : usbtick.obj (.text:InternalUSBTickInit)
                  00003b00    00000030                : usbdenum.obj (.text:USBDGetConfiguration)
                  00003b30    00000030     driverlib.lib : usb.obj (.text:USBEndpointDataPut)
                  00003b60    0000002e                   : usb.obj (.text:USBEndpointDataSend)
                  00003b8e    00000002     --HOLE-- [fill = 0]
                  00003b90    0000002c     TM4C123_nRF24L01.obj (.text)
                  00003bbc    0000002c     usblib.lib : usbdesc.obj (.text:USBDescGet)
                  00003be8    0000002c                : usbdma.obj (.text:uDMAUSBIntStatus)
                  00003c14    0000002a     driverlib.lib : gpio.obj (.text:GPIODirModeSet)
                  00003c3e    0000002a     usblib.lib : usbdcdesc.obj (.text:USBDCDConfigDescGetNum)
                  00003c68    00000028                : usbdesc.obj (.text:USBDescGetNum)
                  00003c90    00000028     driverlib.lib : usb.obj (.text:USBIntEnableControl)
                  00003cb8    00000028                   : udma.obj (.text:uDMAChannelModeGet)
                  00003ce0    00000026     usblib.lib : usbdhid.obj (.text:GetIdleTimeout)
                  00003d06    00000026                : usbdhid.obj (.text:HandleEP0DataReceived)
                  00003d2c    00000026                : usbdhid.obj (.text:USBDHIDInit)
                  00003d52    00000002     --HOLE-- [fill = 0]
                  00003d54    00000024     driverlib.lib : interrupt.obj (.text:IntPrioritySet)
                  00003d78    00000024     usblib.lib : usbdenum.obj (.text:USBDSetAddress)
                  00003d9c    00000024     driverlib.lib : usb.obj (.text:USBDevEndpointDataAck)
                  00003dc0    00000024                   : usb.obj (.text:USBEndpointDMADisable)
                  00003de4    00000024                   : usb.obj (.text:USBEndpointDMAEnable)
                  00003e08    00000024                   : udma.obj (.text:uDMAChannelControlSet)
                  00003e2c    00000022     usblib.lib : usbdma.obj (.text:uDMAUSBChannelStatus)
                  00003e4e    00000020                : usbdconfig.obj (.text:GetEndpointFIFOSize)
                  00003e6e    00000002     --HOLE-- [fill = 0]
                  00003e70    00000020                : usbmode.obj (.text:USBStackModeSet)
                  00003e90    0000001e                : usbdhid.obj (.text:HandleDisconnect)
                  00003eae    0000001e                : usbdhid.obj (.text:HandleEP0DataSent)
                  00003ecc    0000001e     driverlib.lib : usb.obj (.text:USBULPIRegRead)
                  00003eea    0000001e                   : usb.obj (.text:USBULPIRegWrite)
                  00003f08    0000001c     usblib.lib : usbdhid.obj (.text:ClearIdleTimers)
                  00003f24    0000001c                : usbdhid.obj (.text:SetDeferredOpFlag)
                  00003f40    0000001c                : usbdcdesc.obj (.text:USBDCDConfigGetInterface)
                  00003f5c    0000001c                : usbdenum.obj (.text:USBDCDStallEP0)
                  00003f78    0000001c     driverlib.lib : usb.obj (.text:USBEndpointDataAvail)
                  00003f94    0000001c     TM4C123_nRF24L01.obj (.text:clearRfCE)
                  00003fb0    0000001c     TM4C123_nRF24L01.obj (.text:setRfCE)
                  00003fcc    0000001a     driverlib.lib : usb.obj (.text:USBEndpointDMAChannel)
                  00003fe6    00000018                   : gpio.obj (.text:GPIOPinTypeGPIOOutput)
                  00003ffe    00000002     --HOLE-- [fill = 0]
                  00004000    00000018     usblib.lib : usbdhandler.obj (.text:USB0DeviceIntHandler)
                  00004018    00000018                : usbdcdesc.obj (.text:USBDCDConfigDescGetSize)
                  00004030    00000018                : usbdenum.obj (.text:USBDSetDescriptor)
                  00004048    00000018                : usbdenum.obj (.text:USBDSyncFrame)
                  00004060    00000018     rtsv7M4_T_le_v4SPD16_eabi.lib : args_main.obj (.text)
                  00004078    00000018     driverlib.lib : udma.obj (.text:uDMAChannelDisable)
                  00004090    00000018                   : udma.obj (.text:uDMAChannelEnable)
                  000040a8    00000016     nRF24L01.obj (.text:RF24_setConfigureRegister)
                  000040be    00000002     --HOLE-- [fill = 0]
                  000040c0    00000014     driverlib.lib : sysctl.obj (.text:SysCtlUSBPLLEnable)
                  000040d4    00000014                   : systick.obj (.text:SysTickEnable)
                  000040e8    00000014                   : systick.obj (.text:SysTickIntEnable)
                  000040fc    00000014     usblib.lib : usbdenum.obj (.text:USBDCDRequestDataEP0)
                  00004110    00000014                : usbdenum.obj (.text:USBDCDSendDataEP0)
                  00004124    00000014     driverlib.lib : usb.obj (.text:USBHostResume)
                  00004138    00000014                   : usb.obj (.text:USBIntEnableEndpoint)
                  0000414c    00000014                   : usb.obj (.text:_USBIndexWrite)
                  00004160    00000014     rtsv7M4_T_le_v4SPD16_eabi.lib : _lock.obj (.text)
                  00004174    00000012     driverlib.lib : gpio.obj (.text:GPIOPinTypeGPIOInput)
                  00004186    00000012                   : gpio.obj (.text:GPIOPinTypeSSI)
                  00004198    00000012                   : gpio.obj (.text:GPIOPinTypeUSBAnalog)
                  000041aa    00000012     usblib.lib : usbdhid.obj (.text:HandleResume)
                  000041bc    00000012                : usbdhid.obj (.text:HandleSuspend)
                  000041ce    00000012     driverlib.lib : ssi.obj (.text:SSIDataGetNonBlocking)
                  000041e0    00000012                   : usb.obj (.text:USBDMAChannelConfigSet)
                  000041f2    00000012                   : usb.obj (.text:USBDMAChannelDisable)
                  00004204    00000012                   : usb.obj (.text:USBDMAChannelEnable)
                  00004216    00000012                   : usb.obj (.text:USBDMAChannelIntDisable)
                  00004228    00000012                   : usb.obj (.text:USBDMAChannelIntEnable)
                  0000423a    00000012     rtsv7M4_T_le_v4SPD16_eabi.lib : copy_zero_init.obj (.text:decompress:ZI)
                  0000424c    00000010     driverlib.lib : systick.obj (.text:SysTickPeriodSet)
                  0000425c    00000010                   : usb.obj (.text:USBEndpointStatus)
                  0000426c    00000010     TM4C123_nRF24L01.obj (.text:clearRfCSN)
                  0000427c    00000010     TM4C123_nRF24L01.obj (.text:setRfCSN)
                  0000428c    0000000e     usblib.lib : usbdma.obj (.text:DMAUSBIntStatusClear)
                  0000429a    0000000e     driverlib.lib : usb.obj (.text:USBDMAChannelStatus)
                  000042a8    0000000e                   : usb.obj (.text:USBDevLPMDisable)
                  000042b6    0000000e                   : usb.obj (.text:USBDevLPMEnable)
                  000042c4    0000000e                   : usb.obj (.text:USBULPIDisable)
                  000042d2    0000000e                   : usb.obj (.text:USBULPIEnable)
                  000042e0    0000000e     rtsv7M4_T_le_v4SPD16_eabi.lib : copy_decompress_none.obj (.text:decompress:none)
                  000042ee    0000000c     driverlib.lib : cpu.obj (.text:CPUcpsie)
                  000042fa    0000000c                   : gpio.obj (.text:GPIOIntEnable)
                  00004306    0000000c                   : ssi.obj (.text:SSIDataGet)
                  00004312    0000000c                   : usb.obj (.text:USBEndpointPacketCountSet)
                  0000431e    0000000c                   : usb.obj (.text:USBLPMIntEnable)
                  0000432a    00000002     --HOLE-- [fill = 0]
                  0000432c    0000000c     TM4C123_nRF24L01.obj (.text:getCEState)
                  00004338    0000000c     tm4c123gh6pm_startup_ccs.obj (.text)
                  00004344    0000000a     driverlib.lib : interrupt.obj (.text:IntMasterEnable)
                  0000434e    0000000a                   : ssi.obj (.text:SSIDataPut)
                  00004358    0000000a                   : ssi.obj (.text:SSIDisable)
                  00004362    0000000a                   : ssi.obj (.text:SSIEnable)
                  0000436c    0000000a                   : usb.obj (.text:USBClockEnable)
                  00004376    0000000a                   : usb.obj (.text:USBControllerVersion)
                  00004380    0000000a                   : usb.obj (.text:USBDMAChannelAddressSet)
                  0000438a    0000000a                   : usb.obj (.text:USBDMAChannelCountSet)
                  00004394    0000000a                   : usb.obj (.text:USBDevConnect)
                  0000439e    0000000a                   : usb.obj (.text:USBDevDisconnect)
                  000043a8    0000000a                   : usb.obj (.text:USBIntStatusEndpoint)
                  000043b2    00000008                   : usb.obj (.text:USBDevMode)
                  000043ba    00000008                   : usb.obj (.text:USBFIFOAddrGet)
                  000043c2    00000008                   : usb.obj (.text:USBOTGMode)
                  000043ca    00000008     usblib.lib : usbdma.obj (.text:iDMAUSBChannelIntDisable)
                  000043d2    00000008                : usbdma.obj (.text:iDMAUSBChannelIntEnable)
                  000043da    00000006     driverlib.lib : gpio.obj (.text:GPIOPinRead)
                  000043e0    00000006                   : gpio.obj (.text:GPIOPinWrite)
                  000043e6    00000006                   : sysctl.obj (.text:SysCtlDelay)
                  000043ec    00000006                   : usb.obj (.text:USBDMAChannelIntStatus)
                  000043f2    00000006                   : usb.obj (.text:USBDevLPMConfig)
                  000043f8    00000006                   : usb.obj (.text:USBLPMIntStatus)
                  000043fe    00000006     rtsv7M4_T_le_v4SPD16_eabi.lib : copy_decompress_rle.obj (.text:decompress:rle24)
                  00004404    00000006     usblib.lib : usbdma.obj (.text:iDMAUSBIntStatus)
                  0000440a    00000004                : usbdma.obj (.text:DMAUSBStatus)
                  0000440e    00000004                : usbdhid.obj (.text:HandleReset)
                  00004412    00000004     driverlib.lib : usb.obj (.text:USBDevAddrSet)

.const     0    00004418    000003df     
                  00004418    0000009c     driverlib.lib : interrupt.obj (.const:g_pui32Regs)
                  000044b4    00000090                   : gpio.obj (.const:g_pui32GPIOBaseAddrs)
                  00004544    00000070                   : interrupt.obj (.const)
                  000045b4    00000070     usb_swarm_control_structs.obj (.const)
                  00004624    0000006c     driverlib.lib : sysctl.obj (.const:g_pui32Xtals)
                  00004690    00000068     usb_swarm_control_structs.obj (.const:.string)
                  000046f8    00000040     usb_swarm_control_structs.obj (.const:.string:g_pui8ConfigString)
                  00004738    00000034     usblib.lib : usbdenum.obj (.const:g_psUSBDStdRequests)
                  0000476c    00000030     usb_swarm_control_structs.obj (.const:.string:g_pui8HIDInterfaceString)
                  0000479c    00000030     usblib.lib : usbdhid.obj (.const:g_sHIDHandlers)
                  000047cc    00000028     usb_swarm_control_structs.obj (.const:.string:g_pui8ProductString)
                  000047f4    00000003     main.obj (.const:.string)

.cinit     0    000047f8    000000a0     
                  000047f8    0000007a     (.cinit..data.load) [load image, compression = rle]
                  00004872    00000002     --HOLE-- [fill = 0]
                  00004874    0000000c     (__TI_handler_table)
                  00004880    00000008     (.cinit..bss.load) [load image, compression = zero_init]
                  00004888    00000010     (__TI_cinit_table)

.stack     0    20000000    00000400     UNINITIALIZED
                  20000000    00000400     --HOLE--

.bss       0    20000400    00000271     UNINITIALIZED
                  20000400    00000110     usblib.lib : usbdma.obj (.bss:g_psUSBDMAInst)
                  20000510    00000050                : usbdenum.obj (.bss:g_psDCDInst)
                  20000560    00000040                : usbdenum.obj (.bss:g_pui8DataBufferIn)
                  200005a0    00000040     main.obj (.bss:usbBufferDeviceToHost)
                  200005e0    00000040     main.obj (.bss:usbBufferHostToDevice)
                  20000620    00000030     usblib.lib : usbtick.obj (.bss)
                  20000650    0000000c                : usbmode.obj (.bss)
                  2000065c    00000008                : usbdenum.obj (.bss)
                  20000664    00000004     (.common:g_ui32SysTickCount)
                  20000668    00000004     (.common:pvDevice)
                  2000066c    00000001     (.common:CEState)
                  2000066d    00000001     (.common:addressWidth)
                  2000066e    00000001     (.common:crcConfig)
                  2000066f    00000001     (.common:features)
                  20000670    00000001     (.common:status)

.data      0    20000674    000000cc     UNINITIALIZED
                  20000674    0000006c     usb_swarm_control_structs.obj (.data:g_sHIDSwarmColtrolDevice)
                  200006e0    00000012     usblib.lib : usbdhid.obj (.data)
                  200006f2    00000002     --HOLE--
                  200006f4    00000010     main.obj (.data)
                  20000704    0000000c     usblib.lib : usbtick.obj (.data)
                  20000710    00000009                : usbmode.obj (.data)
                  20000719    00000003     --HOLE--
                  2000071c    00000008     rtsv7M4_T_le_v4SPD16_eabi.lib : _lock.obj (.data)
                  20000724    00000008                                   : exit.obj (.data)
                  2000072c    00000008     usb_swarm_control_structs.obj (.data)
                  20000734    00000008     usblib.lib : usbdenum.obj (.data)
                  2000073c    00000004     rtsv7M4_T_le_v4SPD16_eabi.lib : stkdepth_vars.obj (.data)


LINKER GENERATED COPY TABLES

__TI_cinit_table @ 00004888 records: 2, size/record: 8, table size: 16
	.data: load addr=000047f8, load size=0000007a bytes, run addr=20000674, run size=000000cc bytes, compression=rle
	.bss: load addr=00004880, load size=00000008 bytes, run addr=20000400, run size=00000271 bytes, compression=zero_init


LINKER GENERATED HANDLER TABLE

__TI_handler_table @ 00004874 records: 3, size/record: 4, table size: 12
	index: 0, handler: __TI_decompress_rle24
	index: 1, handler: __TI_decompress_none
	index: 2, handler: __TI_zero_init


GLOBAL SYMBOLS: SORTED ALPHABETICALLY BY Name 

address    name
--------   ----
000035d9   C$$EXIT
000042ef   CPUcpsie
00003c15   GPIODirModeSet
00000e17   GPIOEIntHandler
000042fb   GPIOIntEnable
00002f51   GPIOIntTypeSet
000014b1   GPIOPadConfigSet
000033f1   GPIOPinConfigure
000043db   GPIOPinRead
00004175   GPIOPinTypeGPIOInput
00003fe7   GPIOPinTypeGPIOOutput
00004187   GPIOPinTypeSSI
00004199   GPIOPinTypeUSBAnalog
000043e1   GPIOPinWrite
00002c09   IntDisable
00002c69   IntEnable
00002a19   IntIsEnabled
00004345   IntMasterEnable
00003d55   IntPrioritySet
00003871   InternalUSBRegisterTickHandler
000038a5   InternalUSBStartOfFrameTick
00003ad1   InternalUSBTickInit
0000088f   RF24_PIPE_close
000008eb   RF24_PIPE_closeAll
0000097d   RF24_PIPE_isOpen
00000907   RF24_PIPE_open
000009bd   RF24_PIPE_setPacketSize
00000ab9   RF24_RETRANS_getLastRetransmits
00000a7f   RF24_RETRANS_setCount
00000a45   RF24_RETRANS_setDelay
000007d1   RF24_RX_activate
00000875   RF24_RX_carrierDetection
000007bb   RF24_RX_flush
00000769   RF24_RX_getPayloadData
00000745   RF24_RX_getPayloadWidth
000007f3   RF24_RX_isEmpty
0000080f   RF24_RX_sendAckWithPayload
000006d7   RF24_RX_setAddress
000006a5   RF24_TX_activate
00000679   RF24_TX_flush
000006c3   RF24_TX_pulseTransmit
0000068f   RF24_TX_reuseLastPayload
00000585   RF24_TX_setAddress
000005d1   RF24_TX_writePayloadAck
00000625   RF24_TX_writePayloadNoAck
00000547   RF24_clearIrqFlag
0000034d   RF24_disableFeatures
00000313   RF24_enableFeatures
000003fd   RF24_getCurrentState
00000513   RF24_getIrqFlag
00000377   RF24_getLostPackets
0000026d   RF24_init
00000385   RF24_isAlive
000038d9   RF24_readRegister
000004ad   RF24_scan
000003df   RF24_setAddressWidth
000003c9   RF24_setChannel
000040a9   RF24_setConfigureRegister
000003ab   RF24_setSpeedAndPower
00000457   RF24_startPowerDown
0000046b   RF24_startStandby
0000390d   RF24_writeRegister
00004339   ResetISR
UNDEFED    SHT$$INIT_ARRAY$$Base
UNDEFED    SHT$$INIT_ARRAY$$Limit
00003b91   SPI_sendAndGetData
0000361d   SSIConfigSetExpClk
00004307   SSIDataGet
000041cf   SSIDataGetNonBlocking
0000434f   SSIDataPut
00004359   SSIDisable
00004363   SSIEnable
00000b0b   SwarmControlReceiveEventHandler
00000c17   SwarmControlTransmitEventHandler
000015e1   SysCtlClockGet
00001809   SysCtlClockSet
000043e7   SysCtlDelay
00003941   SysCtlPeripheralEnable
000030a1   SysCtlPeripheralReset
000040c1   SysCtlUSBPLLEnable
000040d5   SysTickEnable
00000b01   SysTickHandler
000040e9   SysTickIntEnable
0000424d   SysTickPeriodSet
0000304f   ULPIConfigSet
00004001   USB0DeviceIntHandler
0000436d   USBClockEnable
00004377   USBControllerVersion
000030f1   USBDCDConfigDescGet
00003c3f   USBDCDConfigDescGetNum
00004019   USBDCDConfigDescGetSize
00003f41   USBDCDConfigGetInterface
0000371f   USBDCDConfigGetInterfaceEndpoint
000034c9   USBDCDDeviceInfoInit
000010e9   USBDCDInit
000040fd   USBDCDRequestDataEP0
00004111   USBDCDSendDataEP0
00003f5d   USBDCDStallEP0
000019e1   USBDHIDCompositeInit
00003d2d   USBDHIDInit
000027e5   USBDHIDPacketRead
00003311   USBDHIDReportWrite
00004381   USBDMAChannelAddressSet
000041e1   USBDMAChannelConfigSet
0000438b   USBDMAChannelCountSet
000041f3   USBDMAChannelDisable
00004205   USBDMAChannelEnable
00004217   USBDMAChannelIntDisable
00004229   USBDMAChannelIntEnable
000043ed   USBDMAChannelIntStatus
0000429b   USBDMAChannelStatus
00003bbd   USBDescGet
00003c69   USBDescGetNum
00004413   USBDevAddrSet
00004395   USBDevConnect
0000439f   USBDevDisconnect
000026f1   USBDevEndpointConfigSet
00003d9d   USBDevEndpointDataAck
00003a0d   USBDevEndpointStall
00003279   USBDevEndpointStallClear
00002d29   USBDevEndpointStatusClear
000043f3   USBDevLPMConfig
000042a9   USBDevLPMDisable
000042b7   USBDevLPMEnable
000043b3   USBDevMode
00001231   USBDeviceConfig
0000255d   USBDeviceConfigAlternate
00001c79   USBDeviceEnumHandler
0000350d   USBDeviceEnumResetHandler
00001371   USBDeviceIntHandlerInternal
00003141   USBDeviceResumeTickHandler
00003fcd   USBEndpointDMAChannel
000032c5   USBEndpointDMAConfigSet
00003dc1   USBEndpointDMADisable
00003de5   USBEndpointDMAEnable
00003f79   USBEndpointDataAvail
00003551   USBEndpointDataGet
00003b31   USBEndpointDataPut
00003b61   USBEndpointDataSend
00004313   USBEndpointPacketCountSet
0000425d   USBEndpointStatus
000043bb   USBFIFOAddrGet
00003759   USBFIFOConfigSet
00004125   USBHostResume
00003c91   USBIntEnableControl
00004139   USBIntEnableEndpoint
000037cd   USBIntStatusControl
000043a9   USBIntStatusEndpoint
0000431f   USBLPMIntEnable
000043f9   USBLPMIntStatus
00000e35   USBLibDMAInit
000043c3   USBOTGMode
00003e71   USBStackModeSet
000042c5   USBULPIDisable
000042d3   USBULPIEnable
00003ecd   USBULPIRegRead
00003eeb   USBULPIRegWrite
00000c39   USB_sendData
20000400   __STACK_END
00000400   __STACK_SIZE
20000200   __STACK_TOP
00004888   __TI_CINIT_Base
00004898   __TI_CINIT_Limit
00004874   __TI_Handler_Table_Base
00004880   __TI_Handler_Table_Limit
00000001   __TI_args_main
00002321   __TI_auto_init
20000724   __TI_cleanup_ptr
000042e1   __TI_decompress_none
000043ff   __TI_decompress_rle24
20000728   __TI_dtors_ptr
00000000   __TI_static_base__
0000423b   __TI_zero_init
00002021   __aeabi_memcpy
00002021   __aeabi_memcpy4
00002021   __aeabi_memcpy8
ffffffff   __binit__
ffffffff   __c_args__
20000000   __stack
00004061   _args_main
00003439   _c_int00
2000071c   _lock
0000416f   _nop
00004167   _register_lock
00004161   _register_unlock
20000720   _unlock
000035dd   abort
ffffffff   binit
00003f95   clearRfCE
0000426d   clearRfCSN
00001ecd   configureRF
000021f1   configureSPI
00000c85   convertByteToUINT32
00003595   copy_in
000035e5   exit
200006fc   g_USBRxState
200006f8   g_USBTxState
200006f5   g_bConnected
200006f4   g_bSuspended
20000704   g_bUSBTimerInitialized
20000654   g_eOTGModeState
20000710   g_iUSBMode
20000620   g_pfnTickHandlers
00000000   g_pfnVectors
20000660   g_ppsDevInfo
000045b4   g_ppui8StringDescriptors
20000510   g_psDCDInst
2000072c   g_psReportIdle
000046f8   g_pui8ConfigString
200006e0   g_pui8HIDDeviceDescriptor
0000476c   g_pui8HIDInterfaceString
00004690   g_pui8LangDescriptor
00004694   g_pui8ManufacturerString
000047cc   g_pui8ProductString
000046a2   g_pui8SeriailNumberString
20000638   g_pvTickInstance
0000479c   g_sHIDHandlers
20000674   g_sHIDSwarmColtrolDevice
20000708   g_ui32CurrentUSBTick
20000650   g_ui32PollRate
20000664   g_ui32SysTickCount
2000070c   g_ui32USBSOFCount
20000714   g_ui32WaitTicks
20000700   g_ui32uDMAErrCount
0000432d   getCEState
00002289   initRfModule
00001b9d   initSpiForRF
00003191   initSystem
00002ae1   initUSB
00000df9   main
2000073c   main_func_sp
00002021   memcpy
00000d8d   processUsbRequestFromHost
20000668   pvDevice
00000d27   readDataFromRobot
00001f79   receiveDataFromRobotWithCommand
000023b5   receiveDataNoCommand
00003bab   rfDelayLoop
00000cc7   sendResponeToHost
00003fb1   setRfCE
0000427d   setRfCSN
00000acd   signalUnhandleError
00000cdd   startTransmitDataToRobot
000020bd   transmitDataToRobot
00003481   uDMAChannelAttributeDisable
00003e09   uDMAChannelControlSet
00004079   uDMAChannelDisable
00004091   uDMAChannelEnable
00003cb9   uDMAChannelModeGet
00002671   uDMAChannelTransferSet
200005a0   usbBufferDeviceToHost
200005e0   usbBufferHostToDevice


GLOBAL SYMBOLS: SORTED BY Symbol Address 

address    name
--------   ----
00000000   __TI_static_base__
00000000   g_pfnVectors
00000001   __TI_args_main
0000026d   RF24_init
00000313   RF24_enableFeatures
0000034d   RF24_disableFeatures
00000377   RF24_getLostPackets
00000385   RF24_isAlive
000003ab   RF24_setSpeedAndPower
000003c9   RF24_setChannel
000003df   RF24_setAddressWidth
000003fd   RF24_getCurrentState
00000400   __STACK_SIZE
00000457   RF24_startPowerDown
0000046b   RF24_startStandby
000004ad   RF24_scan
00000513   RF24_getIrqFlag
00000547   RF24_clearIrqFlag
00000585   RF24_TX_setAddress
000005d1   RF24_TX_writePayloadAck
00000625   RF24_TX_writePayloadNoAck
00000679   RF24_TX_flush
0000068f   RF24_TX_reuseLastPayload
000006a5   RF24_TX_activate
000006c3   RF24_TX_pulseTransmit
000006d7   RF24_RX_setAddress
00000745   RF24_RX_getPayloadWidth
00000769   RF24_RX_getPayloadData
000007bb   RF24_RX_flush
000007d1   RF24_RX_activate
000007f3   RF24_RX_isEmpty
0000080f   RF24_RX_sendAckWithPayload
00000875   RF24_RX_carrierDetection
0000088f   RF24_PIPE_close
000008eb   RF24_PIPE_closeAll
00000907   RF24_PIPE_open
0000097d   RF24_PIPE_isOpen
000009bd   RF24_PIPE_setPacketSize
00000a45   RF24_RETRANS_setDelay
00000a7f   RF24_RETRANS_setCount
00000ab9   RF24_RETRANS_getLastRetransmits
00000acd   signalUnhandleError
00000b01   SysTickHandler
00000b0b   SwarmControlReceiveEventHandler
00000c17   SwarmControlTransmitEventHandler
00000c39   USB_sendData
00000c85   convertByteToUINT32
00000cc7   sendResponeToHost
00000cdd   startTransmitDataToRobot
00000d27   readDataFromRobot
00000d8d   processUsbRequestFromHost
00000df9   main
00000e17   GPIOEIntHandler
00000e35   USBLibDMAInit
000010e9   USBDCDInit
00001231   USBDeviceConfig
00001371   USBDeviceIntHandlerInternal
000014b1   GPIOPadConfigSet
000015e1   SysCtlClockGet
00001809   SysCtlClockSet
000019e1   USBDHIDCompositeInit
00001b9d   initSpiForRF
00001c79   USBDeviceEnumHandler
00001ecd   configureRF
00001f79   receiveDataFromRobotWithCommand
00002021   __aeabi_memcpy
00002021   __aeabi_memcpy4
00002021   __aeabi_memcpy8
00002021   memcpy
000020bd   transmitDataToRobot
000021f1   configureSPI
00002289   initRfModule
00002321   __TI_auto_init
000023b5   receiveDataNoCommand
0000255d   USBDeviceConfigAlternate
00002671   uDMAChannelTransferSet
000026f1   USBDevEndpointConfigSet
000027e5   USBDHIDPacketRead
00002a19   IntIsEnabled
00002ae1   initUSB
00002c09   IntDisable
00002c69   IntEnable
00002d29   USBDevEndpointStatusClear
00002f51   GPIOIntTypeSet
0000304f   ULPIConfigSet
000030a1   SysCtlPeripheralReset
000030f1   USBDCDConfigDescGet
00003141   USBDeviceResumeTickHandler
00003191   initSystem
00003279   USBDevEndpointStallClear
000032c5   USBEndpointDMAConfigSet
00003311   USBDHIDReportWrite
000033f1   GPIOPinConfigure
00003439   _c_int00
00003481   uDMAChannelAttributeDisable
000034c9   USBDCDDeviceInfoInit
0000350d   USBDeviceEnumResetHandler
00003551   USBEndpointDataGet
00003595   copy_in
000035d9   C$$EXIT
000035dd   abort
000035e5   exit
0000361d   SSIConfigSetExpClk
0000371f   USBDCDConfigGetInterfaceEndpoint
00003759   USBFIFOConfigSet
000037cd   USBIntStatusControl
00003871   InternalUSBRegisterTickHandler
000038a5   InternalUSBStartOfFrameTick
000038d9   RF24_readRegister
0000390d   RF24_writeRegister
00003941   SysCtlPeripheralEnable
00003a0d   USBDevEndpointStall
00003ad1   InternalUSBTickInit
00003b31   USBEndpointDataPut
00003b61   USBEndpointDataSend
00003b91   SPI_sendAndGetData
00003bab   rfDelayLoop
00003bbd   USBDescGet
00003c15   GPIODirModeSet
00003c3f   USBDCDConfigDescGetNum
00003c69   USBDescGetNum
00003c91   USBIntEnableControl
00003cb9   uDMAChannelModeGet
00003d2d   USBDHIDInit
00003d55   IntPrioritySet
00003d9d   USBDevEndpointDataAck
00003dc1   USBEndpointDMADisable
00003de5   USBEndpointDMAEnable
00003e09   uDMAChannelControlSet
00003e71   USBStackModeSet
00003ecd   USBULPIRegRead
00003eeb   USBULPIRegWrite
00003f41   USBDCDConfigGetInterface
00003f5d   USBDCDStallEP0
00003f79   USBEndpointDataAvail
00003f95   clearRfCE
00003fb1   setRfCE
00003fcd   USBEndpointDMAChannel
00003fe7   GPIOPinTypeGPIOOutput
00004001   USB0DeviceIntHandler
00004019   USBDCDConfigDescGetSize
00004061   _args_main
00004079   uDMAChannelDisable
00004091   uDMAChannelEnable
000040a9   RF24_setConfigureRegister
000040c1   SysCtlUSBPLLEnable
000040d5   SysTickEnable
000040e9   SysTickIntEnable
000040fd   USBDCDRequestDataEP0
00004111   USBDCDSendDataEP0
00004125   USBHostResume
00004139   USBIntEnableEndpoint
00004161   _register_unlock
00004167   _register_lock
0000416f   _nop
00004175   GPIOPinTypeGPIOInput
00004187   GPIOPinTypeSSI
00004199   GPIOPinTypeUSBAnalog
000041cf   SSIDataGetNonBlocking
000041e1   USBDMAChannelConfigSet
000041f3   USBDMAChannelDisable
00004205   USBDMAChannelEnable
00004217   USBDMAChannelIntDisable
00004229   USBDMAChannelIntEnable
0000423b   __TI_zero_init
0000424d   SysTickPeriodSet
0000425d   USBEndpointStatus
0000426d   clearRfCSN
0000427d   setRfCSN
0000429b   USBDMAChannelStatus
000042a9   USBDevLPMDisable
000042b7   USBDevLPMEnable
000042c5   USBULPIDisable
000042d3   USBULPIEnable
000042e1   __TI_decompress_none
000042ef   CPUcpsie
000042fb   GPIOIntEnable
00004307   SSIDataGet
00004313   USBEndpointPacketCountSet
0000431f   USBLPMIntEnable
0000432d   getCEState
00004339   ResetISR
00004345   IntMasterEnable
0000434f   SSIDataPut
00004359   SSIDisable
00004363   SSIEnable
0000436d   USBClockEnable
00004377   USBControllerVersion
00004381   USBDMAChannelAddressSet
0000438b   USBDMAChannelCountSet
00004395   USBDevConnect
0000439f   USBDevDisconnect
000043a9   USBIntStatusEndpoint
000043b3   USBDevMode
000043bb   USBFIFOAddrGet
000043c3   USBOTGMode
000043db   GPIOPinRead
000043e1   GPIOPinWrite
000043e7   SysCtlDelay
000043ed   USBDMAChannelIntStatus
000043f3   USBDevLPMConfig
000043f9   USBLPMIntStatus
000043ff   __TI_decompress_rle24
00004413   USBDevAddrSet
000045b4   g_ppui8StringDescriptors
00004690   g_pui8LangDescriptor
00004694   g_pui8ManufacturerString
000046a2   g_pui8SeriailNumberString
000046f8   g_pui8ConfigString
0000476c   g_pui8HIDInterfaceString
0000479c   g_sHIDHandlers
000047cc   g_pui8ProductString
00004874   __TI_Handler_Table_Base
00004880   __TI_Handler_Table_Limit
00004888   __TI_CINIT_Base
00004898   __TI_CINIT_Limit
20000000   __stack
20000200   __STACK_TOP
20000400   __STACK_END
20000510   g_psDCDInst
200005a0   usbBufferDeviceToHost
200005e0   usbBufferHostToDevice
20000620   g_pfnTickHandlers
20000638   g_pvTickInstance
20000650   g_ui32PollRate
20000654   g_eOTGModeState
20000660   g_ppsDevInfo
20000664   g_ui32SysTickCount
20000668   pvDevice
20000674   g_sHIDSwarmColtrolDevice
200006e0   g_pui8HIDDeviceDescriptor
200006f4   g_bSuspended
200006f5   g_bConnected
200006f8   g_USBTxState
200006fc   g_USBRxState
20000700   g_ui32uDMAErrCount
20000704   g_bUSBTimerInitialized
20000708   g_ui32CurrentUSBTick
2000070c   g_ui32USBSOFCount
20000710   g_iUSBMode
20000714   g_ui32WaitTicks
2000071c   _lock
20000720   _unlock
20000724   __TI_cleanup_ptr
20000728   __TI_dtors_ptr
2000072c   g_psReportIdle
2000073c   main_func_sp
ffffffff   __binit__
ffffffff   __c_args__
ffffffff   binit
UNDEFED    SHT$$INIT_ARRAY$$Base
UNDEFED    SHT$$INIT_ARRAY$$Limit

[252 symbols]
