******************************************************************************
                  TI ARM Linker PC v5.1.6                      
******************************************************************************
>> Linked Tue Jul 08 19:21:14 2014

OUTPUT FILE NAME:   <usbSwarmControl.out>
ENTRY POINT SYMBOL: "_c_int00"  address: 0000383d


MEMORY CONFIGURATION

         name            origin    length      used     unused   attr    fill
----------------------  --------  ---------  --------  --------  ----  --------
  FLASH                 00000000   00040000  00004dff  0003b201  R  X
  SRAM                  20000000   00008000  00001011  00006fef  RW X


SEGMENT ALLOCATION MAP

run origin  load origin   length   init length attrs members
----------  ----------- ---------- ----------- ----- -------
00000000    00000000    00004e00   00004e00    r-x
  00000000    00000000    0000026c   0000026c    r-- .intvecs
  0000026c    0000026c    0000470c   0000470c    r-x .text
  00004978    00004978    000003df   000003df    r-- .const
  00004d58    00004d58    000000a8   000000a8    r-- .cinit
20000000    20000000    00001014   00000000    rw-
  20000000    20000000    00000b41   00000000    rw- .bss
  20000b44    20000b44    00000400   00000000    rw- .stack
  20000f44    20000f44    000000d0   00000000    rw- .data


SECTION ALLOCATION MAP

 output                                  attributes/
section   page    origin      length       input sections
--------  ----  ----------  ----------   ----------------
.intvecs   0    00000000    0000026c     
                  00000000    0000026c     tm4c123gh6pm_startup_ccs.obj (.intvecs)

.init_array 
*          0    00000000    00000000     UNINITIALIZED

.text      0    0000026c    0000470c     
                  0000026c    00000860     nRF24L01.obj (.text)
                  00000acc    00000390     main.obj (.text)
                  00000e5c    00000160     usblib.lib : usbdma.obj (.text:USBLibDMAInit)
                  00000fbc    00000154                : usbdenum.obj (.text:USBDEP0StateTxConfig)
                  00001110    00000148                : usbdenum.obj (.text:USBDCDInit)
                  00001258    00000140                : usbdconfig.obj (.text:USBDeviceConfig)
                  00001398    00000140                : usbdenum.obj (.text:USBDeviceIntHandlerInternal)
                  000014d8    00000130     driverlib.lib : gpio.obj (.text:GPIOPadConfigSet)
                  00001608    00000124     distanceSensing.obj (.text:DistanceSensing_initModules)
                  0000172c    00000118     driverlib.lib : sysctl.obj (.text:SysCtlClockGet)
                  00001844    0000010e     usblib.lib : usbdhid.obj (.text:HandleRequest)
                  00001952    00000002                : usbdma.obj (.text:iDMAUSBArbSizeSet)
                  00001954    000000f0     driverlib.lib : sysctl.obj (.text:SysCtlClockSet)
                  00001a44    000000f0     distanceSensing.obj (.text)
                  00001b34    000000e8     usblib.lib : usbdma.obj (.text:iDMAUSBTransfer)
                  00001c1c    000000e0                : usbdhid.obj (.text:USBDHIDCompositeInit)
                  00001cfc    000000dc                : usbdenum.obj (.text:USBDGetDescriptor)
                  00001dd8    000000dc     TM4C123_nRF24L01.obj (.text:initSpiForRF)
                  00001eb4    000000d8     usblib.lib : usbdenum.obj (.text:USBDeviceEnumHandler)
                  00001f8c    000000c0                : usbdma.obj (.text:uDMAUSBChannelAllocate)
                  0000204c    000000ba                : usbdma.obj (.text:uDMAUSBTransfer)
                  00002106    00000002                : usbdma.obj (.text:iDMAUSBUnitSizeSet)
                  00002108    000000ac     main.obj (.text:configureRF)
                  000021b4    000000a8     main.obj (.text:receiveDataFromRobotWithCommand)
                  0000225c    0000009c     rtsv7M4_T_le_v4SPD16_eabi.lib : memcpy_t2.obj (.text)
                  000022f8    0000009c     main.obj (.text:transmitDataToRobot)
                  00002394    00000098     usblib.lib : usbdenum.obj (.text:USBDSetInterface)
                  0000242c    00000098     main.obj (.text:configureSPI)
                  000024c4    00000094     rtsv7M4_T_le_v4SPD16_eabi.lib : auto_init.obj (.text)
                  00002558    00000090     main.obj (.text:receiveDataNoCommand)
                  000025e8    0000008c     usblib.lib : usbdhid.obj (.text:ProcessIdleTimers)
                  00002674    0000008c                : usbdenum.obj (.text:USBDSetConfiguration)
                  00002700    0000008c                : usbdconfig.obj (.text:USBDeviceConfigAlternate)
                  0000278c    00000088     main.obj (.text:initRfModule)
                  00002814    00000086     usblib.lib : usbdma.obj (.text:iDMAUSBChannelAllocate)
                  0000289a    00000080     driverlib.lib : adc.obj (.text:ADCSequenceStepConfigure)
                  0000291a    00000002     usblib.lib : usbdma.obj (.text:uDMAUSBChannelIntDisable)
                  0000291c    00000080     driverlib.lib : udma.obj (.text:uDMAChannelTransferSet)
                  0000299c    0000007a                   : usb.obj (.text:USBDevEndpointConfigSet)
                  00002a16    00000002     usblib.lib : usbdma.obj (.text:uDMAUSBChannelIntEnable)
                  00002a18    00000078                : usbdenum.obj (.text:USBDClearFeature)
                  00002a90    00000072                : usbdhid.obj (.text:USBDHIDPacketRead)
                  00002b02    00000072                : usbdma.obj (.text:uDMAUSBArbSizeSet)
                  00002b74    00000070                : usbdenum.obj (.text:USBDEP0StateTx)
                  00002be4    00000070                : usbdenum.obj (.text:USBDGetStatus)
                  00002c54    00000070                : usbdma.obj (.text:uDMAUSBUnitSizeSet)
                  00002cc4    00000064     driverlib.lib : interrupt.obj (.text:IntIsEnabled)
                  00002d28    00000064     usblib.lib : usbdenum.obj (.text:USBDSetFeature)
                  00002d8c    00000064     main.obj (.text:initUSB)
                  00002df0    00000064     usblib.lib : usbdma.obj (.text:uDMAUSBChannelEnable)
                  00002e54    00000060                : usbdhid.obj (.text:HandleGetDescriptor)
                  00002eb4    00000060     driverlib.lib : interrupt.obj (.text:IntDisable)
                  00002f14    00000060                   : interrupt.obj (.text:IntEnable)
                  00002f74    00000060     usblib.lib : usbdenum.obj (.text:USBDReadAndDispatchRequest)
                  00002fd4    0000005e     driverlib.lib : usb.obj (.text:USBDevEndpointStatusClear)
                  00003032    0000005e     rtsv7M4_T_le_v4SPD16_eabi.lib : copy_decompress_rle.obj (.text)
                  00003090    0000005c     usblib.lib : usbdhid.obj (.text:FindHIDDescriptor)
                  000030ec    0000005c     driverlib.lib : timer.obj (.text:TimerConfigure)
                  00003148    0000005c     usblib.lib : usbdenum.obj (.text:USBDStringIndexFromRequest)
                  000031a4    0000005a                : usbdhid.obj (.text:HandleDevice)
                  000031fe    00000002     --HOLE-- [fill = 0]
                  00003200    00000058                : usbdhid.obj (.text:ProcessDataFromHost)
                  00003258    00000058     driverlib.lib : timer.obj (.text:TimerControlTrigger)
                  000032b0    00000056                   : gpio.obj (.text:GPIOIntTypeSet)
                  00003306    00000054     usblib.lib : usbdhid.obj (.text:ProcessDataToHost)
                  0000335a    00000002     --HOLE-- [fill = 0]
                  0000335c    00000054     main.obj (.text:initSystem)
                  000033b0    00000054     usblib.lib : usbdma.obj (.text:uDMAUSBChannelRelease)
                  00003404    00000052                : usbulpi.obj (.text:ULPIConfigSet)
                  00003456    00000002     --HOLE-- [fill = 0]
                  00003458    00000050     driverlib.lib : sysctl.obj (.text:SysCtlPeripheralReset)
                  000034a8    00000050     usblib.lib : usbdcdesc.obj (.text:USBDCDConfigDescGet)
                  000034f8    00000050                : usbdenum.obj (.text:USBDeviceResumeTickHandler)
                  00003548    00000050     main.obj (.text:startDistanceSensing)
                  00003598    0000004c     usblib.lib : usbdcdesc.obj (.text:ConfigAlternateInterfaceGet)
                  000035e4    0000004c     CustomTivaDrivers.obj (.text)
                  00003630    0000004c     usblib.lib : usbdconfig.obj (.text:GetEPDescriptorType)
                  0000367c    0000004c     driverlib.lib : usb.obj (.text:USBDevEndpointStallClear)
                  000036c8    0000004c                   : usb.obj (.text:USBEndpointDMAConfigSet)
                  00003714    0000004a     usblib.lib : usbdhid.obj (.text:USBDHIDReportWrite)
                  0000375e    0000004a                : usbdma.obj (.text:iDMAUSBChannelEnable)
                  000037a8    0000004a                : usbdma.obj (.text:uDMAUSBChannelDisable)
                  000037f2    00000002     --HOLE-- [fill = 0]
                  000037f4    00000048     driverlib.lib : gpio.obj (.text:GPIOPinConfigure)
                  0000383c    00000048     rtsv7M4_T_le_v4SPD16_eabi.lib : boot.obj (.text)
                  00003884    00000048     driverlib.lib : udma.obj (.text:uDMAChannelAttributeDisable)
                  000038cc    00000044     usblib.lib : usbdenum.obj (.text:USBDCDDeviceInfoInit)
                  00003910    00000044                : usbdenum.obj (.text:USBDeviceEnumResetHandler)
                  00003954    00000044     driverlib.lib : usb.obj (.text:USBEndpointDataGet)
                  00003998    00000044     rtsv7M4_T_le_v4SPD16_eabi.lib : cpy_tbl.obj (.text)
                  000039dc    00000044                                   : exit.obj (.text)
                  00003a20    00000042     driverlib.lib : ssi.obj (.text:SSIConfigSetExpClk)
                  00003a62    00000042     usblib.lib : usbdhid.obj (.text:SetIdleTimeout)
                  00003aa4    00000040                : usbdenum.obj (.text:USBDGetInterface)
                  00003ae4    0000003e     driverlib.lib : adc.obj (.text:ADCSequenceConfigure)
                  00003b22    0000003e     usblib.lib : usbdhid.obj (.text:ScheduleReportTransmission)
                  00003b60    0000003a                : usbdcdesc.obj (.text:USBDCDConfigGetInterfaceEndpoint)
                  00003b9a    0000003a     driverlib.lib : usb.obj (.text:USBFIFOConfigSet)
                  00003bd4    0000003a     usblib.lib : usbdma.obj (.text:iDMAUSBChannelRelease)
                  00003c0e    00000002     --HOLE-- [fill = 0]
                  00003c10    00000038     driverlib.lib : usb.obj (.text:USBIntStatusControl)
                  00003c48    00000036     usblib.lib : usbdhid.obj (.text:HandleEndpoints)
                  00003c7e    00000002     --HOLE-- [fill = 0]
                  00003c80    00000034                : usbdhid.obj (.text:HIDTickHandler)
                  00003cb4    00000034                : usbtick.obj (.text:InternalUSBRegisterTickHandler)
                  00003ce8    00000034                : usbtick.obj (.text:InternalUSBStartOfFrameTick)
                  00003d1c    00000034     nRF24L01.obj (.text:RF24_readRegister)
                  00003d50    00000034     nRF24L01.obj (.text:RF24_writeRegister)
                  00003d84    00000034     driverlib.lib : sysctl.obj (.text:SysCtlPeripheralEnable)
                  00003db8    00000034     usblib.lib : usbdma.obj (.text:iDMAUSBChannelStatus)
                  00003dec    00000032                : usbdhid.obj (.text:ClearReportTimer)
                  00003e1e    00000032                : usbdcdesc.obj (.text:NextConfigDescGet)
                  00003e50    00000032     driverlib.lib : usb.obj (.text:USBDevEndpointStall)
                  00003e82    00000032     usblib.lib : usbdma.obj (.text:iDMAUSBChannelDisable)
                  00003eb4    00000030                : usbdma.obj (.text:DMAUSBIntHandler)
                  00003ee4    00000030                : usbdhid.obj (.text:HandleConfigChange)
                  00003f14    00000030                : usbtick.obj (.text:InternalUSBTickInit)
                  00003f44    00000030                : usbdenum.obj (.text:USBDGetConfiguration)
                  00003f74    00000030     driverlib.lib : usb.obj (.text:USBEndpointDataPut)
                  00003fa4    0000002e                   : adc.obj (.text:ADCIntStatus)
                  00003fd2    0000002e                   : usb.obj (.text:USBEndpointDataSend)
                  00004000    0000002c     TM4C123_nRF24L01.obj (.text)
                  0000402c    0000002c     usblib.lib : usbdesc.obj (.text:USBDescGet)
                  00004058    0000002c     driverlib.lib : udma.obj (.text:uDMAChannelAssign)
                  00004084    0000002c     usblib.lib : usbdma.obj (.text:uDMAUSBIntStatus)
                  000040b0    0000002a     driverlib.lib : gpio.obj (.text:GPIODirModeSet)
                  000040da    0000002a     usblib.lib : usbdcdesc.obj (.text:USBDCDConfigDescGetNum)
                  00004104    00000028                : usbdesc.obj (.text:USBDescGetNum)
                  0000412c    00000028     driverlib.lib : usb.obj (.text:USBIntEnableControl)
                  00004154    00000028                   : udma.obj (.text:uDMAChannelModeGet)
                  0000417c    00000026     usblib.lib : usbdhid.obj (.text:GetIdleTimeout)
                  000041a2    00000026                : usbdhid.obj (.text:HandleEP0DataReceived)
                  000041c8    00000026                : usbdhid.obj (.text:USBDHIDInit)
                  000041ee    00000002     --HOLE-- [fill = 0]
                  000041f0    00000024     driverlib.lib : interrupt.obj (.text:IntPrioritySet)
                  00004214    00000024     usblib.lib : usbdenum.obj (.text:USBDSetAddress)
                  00004238    00000024     driverlib.lib : usb.obj (.text:USBDevEndpointDataAck)
                  0000425c    00000024                   : usb.obj (.text:USBEndpointDMADisable)
                  00004280    00000024                   : usb.obj (.text:USBEndpointDMAEnable)
                  000042a4    00000024                   : udma.obj (.text:uDMAChannelControlSet)
                  000042c8    00000022     usblib.lib : usbdma.obj (.text:uDMAUSBChannelStatus)
                  000042ea    00000020                : usbdconfig.obj (.text:GetEndpointFIFOSize)
                  0000430a    00000002     --HOLE-- [fill = 0]
                  0000430c    00000020                : usbmode.obj (.text:USBStackModeSet)
                  0000432c    0000001e                : usbdhid.obj (.text:HandleDisconnect)
                  0000434a    0000001e                : usbdhid.obj (.text:HandleEP0DataSent)
                  00004368    0000001e     driverlib.lib : usb.obj (.text:USBULPIRegRead)
                  00004386    0000001e                   : usb.obj (.text:USBULPIRegWrite)
                  000043a4    0000001c     usblib.lib : usbdhid.obj (.text:ClearIdleTimers)
                  000043c0    0000001c                : usbdhid.obj (.text:SetDeferredOpFlag)
                  000043dc    0000001c                : usbdcdesc.obj (.text:USBDCDConfigGetInterface)
                  000043f8    0000001c                : usbdenum.obj (.text:USBDCDStallEP0)
                  00004414    0000001c     driverlib.lib : usb.obj (.text:USBEndpointDataAvail)
                  00004430    0000001c     TM4C123_nRF24L01.obj (.text:clearRfCE)
                  0000444c    0000001c     TM4C123_nRF24L01.obj (.text:setRfCE)
                  00004468    0000001a     driverlib.lib : usb.obj (.text:USBEndpointDMAChannel)
                  00004482    00000018                   : gpio.obj (.text:GPIOPinTypeGPIOOutput)
                  0000449a    00000002     --HOLE-- [fill = 0]
                  0000449c    00000018     usblib.lib : usbdhandler.obj (.text:USB0DeviceIntHandler)
                  000044b4    00000018                : usbdcdesc.obj (.text:USBDCDConfigDescGetSize)
                  000044cc    00000018                : usbdenum.obj (.text:USBDSetDescriptor)
                  000044e4    00000018                : usbdenum.obj (.text:USBDSyncFrame)
                  000044fc    00000018     rtsv7M4_T_le_v4SPD16_eabi.lib : args_main.obj (.text)
                  00004514    00000018     driverlib.lib : udma.obj (.text:uDMAChannelDisable)
                  0000452c    00000018                   : udma.obj (.text:uDMAChannelEnable)
                  00004544    00000016     nRF24L01.obj (.text:RF24_setConfigureRegister)
                  0000455a    00000002     --HOLE-- [fill = 0]
                  0000455c    00000014     driverlib.lib : sysctl.obj (.text:SysCtlUSBPLLEnable)
                  00004570    00000014                   : systick.obj (.text:SysTickEnable)
                  00004584    00000014                   : systick.obj (.text:SysTickIntEnable)
                  00004598    00000014                   : timer.obj (.text:TimerDisable)
                  000045ac    00000014     usblib.lib : usbdenum.obj (.text:USBDCDRequestDataEP0)
                  000045c0    00000014                : usbdenum.obj (.text:USBDCDSendDataEP0)
                  000045d4    00000014     driverlib.lib : usb.obj (.text:USBHostResume)
                  000045e8    00000014                   : usb.obj (.text:USBIntEnableEndpoint)
                  000045fc    00000014                   : usb.obj (.text:_USBIndexWrite)
                  00004610    00000014     rtsv7M4_T_le_v4SPD16_eabi.lib : _lock.obj (.text)
                  00004624    00000012     driverlib.lib : adc.obj (.text:ADCHardwareOversampleConfigure)
                  00004636    00000012                   : gpio.obj (.text:GPIOPinTypeADC)
                  00004648    00000012                   : gpio.obj (.text:GPIOPinTypeGPIOInput)
                  0000465a    00000012                   : gpio.obj (.text:GPIOPinTypeSSI)
                  0000466c    00000012                   : gpio.obj (.text:GPIOPinTypeUSBAnalog)
                  0000467e    00000012     usblib.lib : usbdhid.obj (.text:HandleResume)
                  00004690    00000012                : usbdhid.obj (.text:HandleSuspend)
                  000046a2    00000012     driverlib.lib : ssi.obj (.text:SSIDataGetNonBlocking)
                  000046b4    00000012                   : timer.obj (.text:TimerLoadSet)
                  000046c6    00000012                   : usb.obj (.text:USBDMAChannelConfigSet)
                  000046d8    00000012                   : usb.obj (.text:USBDMAChannelDisable)
                  000046ea    00000012                   : usb.obj (.text:USBDMAChannelEnable)
                  000046fc    00000012                   : usb.obj (.text:USBDMAChannelIntDisable)
                  0000470e    00000012                   : usb.obj (.text:USBDMAChannelIntEnable)
                  00004720    00000012     rtsv7M4_T_le_v4SPD16_eabi.lib : copy_zero_init.obj (.text:decompress:ZI)
                  00004732    00000010     driverlib.lib : adc.obj (.text:ADCSequenceDMAEnable)
                  00004742    00000002     --HOLE-- [fill = 0]
                  00004744    00000010     distanceSensing.obj (.text:DistanceSensing_start)
                  00004754    00000010     driverlib.lib : systick.obj (.text:SysTickPeriodSet)
                  00004764    00000010                   : usb.obj (.text:USBEndpointStatus)
                  00004774    00000010     TM4C123_nRF24L01.obj (.text:clearRfCSN)
                  00004784    00000010     TM4C123_nRF24L01.obj (.text:setRfCSN)
                  00004794    00000010     driverlib.lib : udma.obj (.text:uDMAEnable)
                  000047a4    0000000e                   : adc.obj (.text:ADCSequenceEnable)
                  000047b2    0000000e     usblib.lib : usbdma.obj (.text:DMAUSBIntStatusClear)
                  000047c0    0000000e     driverlib.lib : timer.obj (.text:TimerEnable)
                  000047ce    0000000e                   : usb.obj (.text:USBDMAChannelStatus)
                  000047dc    0000000e                   : usb.obj (.text:USBDevLPMDisable)
                  000047ea    0000000e                   : usb.obj (.text:USBDevLPMEnable)
                  000047f8    0000000e                   : usb.obj (.text:USBULPIDisable)
                  00004806    0000000e                   : usb.obj (.text:USBULPIEnable)
                  00004814    0000000e     rtsv7M4_T_le_v4SPD16_eabi.lib : copy_decompress_none.obj (.text:decompress:none)
                  00004822    0000000c     driverlib.lib : cpu.obj (.text:CPUcpsie)
                  0000482e    0000000c                   : gpio.obj (.text:GPIOIntEnable)
                  0000483a    0000000c                   : ssi.obj (.text:SSIDataGet)
                  00004846    0000000c                   : usb.obj (.text:USBEndpointPacketCountSet)
                  00004852    0000000c                   : usb.obj (.text:USBLPMIntEnable)
                  0000485e    00000002     --HOLE-- [fill = 0]
                  00004860    0000000c     TM4C123_nRF24L01.obj (.text:getCEState)
                  0000486c    0000000c     tm4c123gh6pm_startup_ccs.obj (.text)
                  00004878    0000000c     driverlib.lib : udma.obj (.text:uDMAControlBaseSet)
                  00004884    0000000c                   : udma.obj (.text:uDMAErrorStatusClear)
                  00004890    0000000c                   : udma.obj (.text:uDMAErrorStatusGet)
                  0000489c    0000000a                   : adc.obj (.text:ADCIntClear)
                  000048a6    0000000a                   : interrupt.obj (.text:IntMasterEnable)
                  000048b0    0000000a                   : ssi.obj (.text:SSIDataPut)
                  000048ba    0000000a                   : ssi.obj (.text:SSIDisable)
                  000048c4    0000000a                   : ssi.obj (.text:SSIEnable)
                  000048ce    0000000a                   : usb.obj (.text:USBClockEnable)
                  000048d8    0000000a                   : usb.obj (.text:USBControllerVersion)
                  000048e2    0000000a                   : usb.obj (.text:USBDMAChannelAddressSet)
                  000048ec    0000000a                   : usb.obj (.text:USBDMAChannelCountSet)
                  000048f6    0000000a                   : usb.obj (.text:USBDevConnect)
                  00004900    0000000a                   : usb.obj (.text:USBDevDisconnect)
                  0000490a    0000000a                   : usb.obj (.text:USBIntStatusEndpoint)
                  00004914    00000008                   : usb.obj (.text:USBDevMode)
                  0000491c    00000008                   : usb.obj (.text:USBFIFOAddrGet)
                  00004924    00000008                   : usb.obj (.text:USBOTGMode)
                  0000492c    00000008     usblib.lib : usbdma.obj (.text:iDMAUSBChannelIntDisable)
                  00004934    00000008                : usbdma.obj (.text:iDMAUSBChannelIntEnable)
                  0000493c    00000006     driverlib.lib : gpio.obj (.text:GPIOPinRead)
                  00004942    00000006                   : gpio.obj (.text:GPIOPinWrite)
                  00004948    00000006                   : sysctl.obj (.text:SysCtlDelay)
                  0000494e    00000006                   : usb.obj (.text:USBDMAChannelIntStatus)
                  00004954    00000006                   : usb.obj (.text:USBDevLPMConfig)
                  0000495a    00000006                   : usb.obj (.text:USBLPMIntStatus)
                  00004960    00000006     rtsv7M4_T_le_v4SPD16_eabi.lib : copy_decompress_rle.obj (.text:decompress:rle24)
                  00004966    00000006     usblib.lib : usbdma.obj (.text:iDMAUSBIntStatus)
                  0000496c    00000004                : usbdma.obj (.text:DMAUSBStatus)
                  00004970    00000004                : usbdhid.obj (.text:HandleReset)
                  00004974    00000004     driverlib.lib : usb.obj (.text:USBDevAddrSet)

.const     0    00004978    000003df     
                  00004978    0000009c     driverlib.lib : interrupt.obj (.const:g_pui32Regs)
                  00004a14    00000090                   : gpio.obj (.const:g_pui32GPIOBaseAddrs)
                  00004aa4    00000070                   : interrupt.obj (.const)
                  00004b14    00000070     usb_swarm_control_structs.obj (.const)
                  00004b84    0000006c     driverlib.lib : sysctl.obj (.const:g_pui32Xtals)
                  00004bf0    00000068     usb_swarm_control_structs.obj (.const:.string)
                  00004c58    00000040     usb_swarm_control_structs.obj (.const:.string:g_pui8ConfigString)
                  00004c98    00000034     usblib.lib : usbdenum.obj (.const:g_psUSBDStdRequests)
                  00004ccc    00000030     usb_swarm_control_structs.obj (.const:.string:g_pui8HIDInterfaceString)
                  00004cfc    00000030     usblib.lib : usbdhid.obj (.const:g_sHIDHandlers)
                  00004d2c    00000028     usb_swarm_control_structs.obj (.const:.string:g_pui8ProductString)
                  00004d54    00000003     main.obj (.const:.string)

.cinit     0    00004d58    000000a8     
                  00004d58    0000007f     (.cinit..data.load) [load image, compression = rle]
                  00004dd7    00000001     --HOLE-- [fill = 0]
                  00004dd8    0000000c     (__TI_handler_table)
                  00004de4    00000004     --HOLE-- [fill = 0]
                  00004de8    00000008     (.cinit..bss.load) [load image, compression = zero_init]
                  00004df0    00000010     (__TI_cinit_table)

.bss       0    20000000    00000b41     UNINITIALIZED
                  20000000    00000400     distanceSensing.obj (.bss:ui8ControlTable)
                  20000400    00000258     main.obj (.bss:g_ui16ADC0Result)
                  20000658    00000258     main.obj (.bss:g_ui16ADC1Result)
                  200008b0    00000110     usblib.lib : usbdma.obj (.bss:g_psUSBDMAInst)
                  200009c0    00000050                : usbdenum.obj (.bss:g_psDCDInst)
                  20000a10    00000040                : usbdenum.obj (.bss:g_pui8DataBufferIn)
                  20000a50    00000040     main.obj (.bss:usbBufferDeviceToHost)
                  20000a90    00000040     main.obj (.bss:usbBufferHostToDevice)
                  20000ad0    00000030     usblib.lib : usbtick.obj (.bss)
                  20000b00    00000020     (.common:RF24_RX_buffer)
                  20000b20    0000000c                : usbmode.obj (.bss)
                  20000b2c    00000008                : usbdenum.obj (.bss)
                  20000b34    00000004     (.common:g_ui32SysTickCount)
                  20000b38    00000004     (.common:pvDevice)
                  20000b3c    00000001     (.common:CEState)
                  20000b3d    00000001     (.common:addressWidth)
                  20000b3e    00000001     (.common:crcConfig)
                  20000b3f    00000001     (.common:features)
                  20000b40    00000001     (.common:status)

.stack     0    20000b44    00000400     UNINITIALIZED
                  20000b44    00000400     --HOLE--

.data      0    20000f44    000000d0     UNINITIALIZED
                  20000f44    0000006c     usb_swarm_control_structs.obj (.data:g_sHIDSwarmColtrolDevice)
                  20000fb0    00000014     main.obj (.data)
                  20000fc4    00000012     usblib.lib : usbdhid.obj (.data)
                  20000fd6    00000002     --HOLE--
                  20000fd8    0000000c                : usbtick.obj (.data)
                  20000fe4    00000009                : usbmode.obj (.data)
                  20000fed    00000003     --HOLE--
                  20000ff0    00000008     rtsv7M4_T_le_v4SPD16_eabi.lib : _lock.obj (.data)
                  20000ff8    00000008                                   : exit.obj (.data)
                  20001000    00000008     usb_swarm_control_structs.obj (.data)
                  20001008    00000008     usblib.lib : usbdenum.obj (.data)
                  20001010    00000004     rtsv7M4_T_le_v4SPD16_eabi.lib : stkdepth_vars.obj (.data)


LINKER GENERATED COPY TABLES

__TI_cinit_table @ 00004df0 records: 2, size/record: 8, table size: 16
	.data: load addr=00004d58, load size=0000007f bytes, run addr=20000f44, run size=000000d0 bytes, compression=rle
	.bss: load addr=00004de8, load size=00000008 bytes, run addr=20000000, run size=00000b41 bytes, compression=zero_init


LINKER GENERATED HANDLER TABLE

__TI_handler_table @ 00004dd8 records: 3, size/record: 4, table size: 12
	index: 0, handler: __TI_decompress_rle24
	index: 1, handler: __TI_decompress_none
	index: 2, handler: __TI_zero_init


GLOBAL SYMBOLS: SORTED ALPHABETICALLY BY Name 

address    name
--------   ----
00001a8f   ADC0IntHandler
00001ad3   ADC1IntHandler
0000361b   ADCDitherDisable
00003605   ADCDitherEnable
00004625   ADCHardwareOversampleConfigure
0000489d   ADCIntClear
00003fa5   ADCIntStatus
00003ae5   ADCSequenceConfigure
00004733   ADCSequenceDMAEnable
000047a5   ADCSequenceEnable
0000289b   ADCSequenceStepConfigure
000039dd   C$$EXIT
00004823   CPUcpsie
00001609   DistanceSensing_initModules
00004745   DistanceSensing_start
000040b1   GPIODirModeSet
00000e1f   GPIOEIntHandler
0000482f   GPIOIntEnable
000032b1   GPIOIntTypeSet
000014d9   GPIOPadConfigSet
000037f5   GPIOPinConfigure
0000493d   GPIOPinRead
000035e5   GPIOPinToggle
00004637   GPIOPinTypeADC
00004649   GPIOPinTypeGPIOInput
00004483   GPIOPinTypeGPIOOutput
0000465b   GPIOPinTypeSSI
0000466d   GPIOPinTypeUSBAnalog
00004943   GPIOPinWrite
00002eb5   IntDisable
00002f15   IntEnable
00002cc5   IntIsEnabled
000048a7   IntMasterEnable
000041f1   IntPrioritySet
00003cb5   InternalUSBRegisterTickHandler
00003ce9   InternalUSBStartOfFrameTick
00003f15   InternalUSBTickInit
0000088f   RF24_PIPE_close
000008eb   RF24_PIPE_closeAll
0000097d   RF24_PIPE_isOpen
00000907   RF24_PIPE_open
000009bd   RF24_PIPE_setPacketSize
00000ab9   RF24_RETRANS_getLastRetransmits
00000a7f   RF24_RETRANS_setCount
00000a45   RF24_RETRANS_setDelay
000007d1   RF24_RX_activate
20000b00   RF24_RX_buffer
00000875   RF24_RX_carrierDetection
000007bb   RF24_RX_flush
00000769   RF24_RX_getPayloadData
00000745   RF24_RX_getPayloadWidth
000007f3   RF24_RX_isEmpty
0000080f   RF24_RX_sendAckWithPayload
000006d7   RF24_RX_setAddress
000006a5   RF24_TX_activate
00000679   RF24_TX_flush
000006c3   RF24_TX_pulseTransmit
0000068f   RF24_TX_reuseLastPayload
00000585   RF24_TX_setAddress
000005d1   RF24_TX_writePayloadAck
00000625   RF24_TX_writePayloadNoAck
00000547   RF24_clearIrqFlag
0000034d   RF24_disableFeatures
00000313   RF24_enableFeatures
000003fd   RF24_getCurrentState
00000513   RF24_getIrqFlag
00000377   RF24_getLostPackets
0000026d   RF24_init
00000385   RF24_isAlive
00003d1d   RF24_readRegister
000004ad   RF24_scan
000003df   RF24_setAddressWidth
000003c9   RF24_setChannel
00004545   RF24_setConfigureRegister
000003ab   RF24_setSpeedAndPower
00000457   RF24_startPowerDown
0000046b   RF24_startStandby
00003d51   RF24_writeRegister
0000486d   ResetISR
UNDEFED    SHT$$INIT_ARRAY$$Base
UNDEFED    SHT$$INIT_ARRAY$$Limit
00004001   SPI_sendAndGetData
00003a21   SSIConfigSetExpClk
0000483b   SSIDataGet
000046a3   SSIDataGetNonBlocking
000048b1   SSIDataPut
000048bb   SSIDisable
000048c5   SSIEnable
00000b0b   SwarmControlReceiveEventHandler
00000c17   SwarmControlTransmitEventHandler
0000172d   SysCtlClockGet
00001955   SysCtlClockSet
00004949   SysCtlDelay
00003d85   SysCtlPeripheralEnable
00003459   SysCtlPeripheralReset
0000455d   SysCtlUSBPLLEnable
00004571   SysTickEnable
00000b01   SysTickHandler
00004585   SysTickIntEnable
00004755   SysTickPeriodSet
000030ed   TimerConfigure
00003259   TimerControlTrigger
00004599   TimerDisable
000047c1   TimerEnable
000046b5   TimerLoadSet
00003405   ULPIConfigSet
0000449d   USB0DeviceIntHandler
000048cf   USBClockEnable
000048d9   USBControllerVersion
000034a9   USBDCDConfigDescGet
000040db   USBDCDConfigDescGetNum
000044b5   USBDCDConfigDescGetSize
000043dd   USBDCDConfigGetInterface
00003b61   USBDCDConfigGetInterfaceEndpoint
000038cd   USBDCDDeviceInfoInit
00001111   USBDCDInit
000045ad   USBDCDRequestDataEP0
000045c1   USBDCDSendDataEP0
000043f9   USBDCDStallEP0
00001c1d   USBDHIDCompositeInit
000041c9   USBDHIDInit
00002a91   USBDHIDPacketRead
00003715   USBDHIDReportWrite
000048e3   USBDMAChannelAddressSet
000046c7   USBDMAChannelConfigSet
000048ed   USBDMAChannelCountSet
000046d9   USBDMAChannelDisable
000046eb   USBDMAChannelEnable
000046fd   USBDMAChannelIntDisable
0000470f   USBDMAChannelIntEnable
0000494f   USBDMAChannelIntStatus
000047cf   USBDMAChannelStatus
0000402d   USBDescGet
00004105   USBDescGetNum
00004975   USBDevAddrSet
000048f7   USBDevConnect
00004901   USBDevDisconnect
0000299d   USBDevEndpointConfigSet
00004239   USBDevEndpointDataAck
00003e51   USBDevEndpointStall
0000367d   USBDevEndpointStallClear
00002fd5   USBDevEndpointStatusClear
00004955   USBDevLPMConfig
000047dd   USBDevLPMDisable
000047eb   USBDevLPMEnable
00004915   USBDevMode
00001259   USBDeviceConfig
00002701   USBDeviceConfigAlternate
00001eb5   USBDeviceEnumHandler
00003911   USBDeviceEnumResetHandler
00001399   USBDeviceIntHandlerInternal
000034f9   USBDeviceResumeTickHandler
00004469   USBEndpointDMAChannel
000036c9   USBEndpointDMAConfigSet
0000425d   USBEndpointDMADisable
00004281   USBEndpointDMAEnable
00004415   USBEndpointDataAvail
00003955   USBEndpointDataGet
00003f75   USBEndpointDataPut
00003fd3   USBEndpointDataSend
00004847   USBEndpointPacketCountSet
00004765   USBEndpointStatus
0000491d   USBFIFOAddrGet
00003b9b   USBFIFOConfigSet
000045d5   USBHostResume
0000412d   USBIntEnableControl
000045e9   USBIntEnableEndpoint
00003c11   USBIntStatusControl
0000490b   USBIntStatusEndpoint
00004853   USBLPMIntEnable
0000495b   USBLPMIntStatus
00000e5d   USBLibDMAInit
00004925   USBOTGMode
0000430d   USBStackModeSet
000047f9   USBULPIDisable
00004807   USBULPIEnable
00004369   USBULPIRegRead
00004387   USBULPIRegWrite
00000c39   USB_sendData
20000f44   __STACK_END
00000400   __STACK_SIZE
20000d44   __STACK_TOP
00004df0   __TI_CINIT_Base
00004e00   __TI_CINIT_Limit
00004dd8   __TI_Handler_Table_Base
00004de4   __TI_Handler_Table_Limit
00000001   __TI_args_main
000024c5   __TI_auto_init
20000ff8   __TI_cleanup_ptr
00004815   __TI_decompress_none
00004961   __TI_decompress_rle24
20000ffc   __TI_dtors_ptr
00000000   __TI_static_base__
00004721   __TI_zero_init
0000225d   __aeabi_memcpy
0000225d   __aeabi_memcpy4
0000225d   __aeabi_memcpy8
ffffffff   __binit__
ffffffff   __c_args__
20000b44   __stack
000044fd   _args_main
0000383d   _c_int00
20000ff0   _lock
0000461f   _nop
00004617   _register_lock
00004611   _register_unlock
20000ff4   _unlock
000039e1   abort
ffffffff   binit
00004431   clearRfCE
00004775   clearRfCSN
00002109   configureRF
0000242d   configureSPI
00000c85   convertByteToUINT32
00003999   copy_in
000039e9   exit
20000fb8   g_USBRxState
20000fb4   g_USBTxState
20000fb1   g_bConnected
20000fb0   g_bSuspended
20000fd8   g_bUSBTimerInitialized
20000fbd   g_bulkReceiveFlag
20000fbc   g_bulkSendFlag
20000b24   g_eOTGModeState
20000fe4   g_iUSBMode
20000ad0   g_pfnTickHandlers
00000000   g_pfnVectors
20000b30   g_ppsDevInfo
00004b14   g_ppui8StringDescriptors
200009c0   g_psDCDInst
20001000   g_psReportIdle
00004c58   g_pui8ConfigString
20000fc4   g_pui8HIDDeviceDescriptor
00004ccc   g_pui8HIDInterfaceString
00004bf0   g_pui8LangDescriptor
00004bf4   g_pui8ManufacturerString
00004d2c   g_pui8ProductString
00004c02   g_pui8SeriailNumberString
20000ae8   g_pvTickInstance
00004cfc   g_sHIDHandlers
20000f44   g_sHIDSwarmColtrolDevice
20000400   g_ui16ADC0Result
20000658   g_ui16ADC1Result
20000fdc   g_ui32CurrentUSBTick
20000b20   g_ui32PollRate
20000b34   g_ui32SysTickCount
20000fe0   g_ui32USBSOFCount
20000fe8   g_ui32WaitTicks
20000fc0   g_ui32uDMAErrCount
00004861   getCEState
00001a45   initADC
0000278d   initRfModule
00001dd9   initSpiForRF
0000335d   initSystem
00002d8d   initUSB
00000e01   main
20001010   main_func_sp
0000225d   memcpy
00000d8d   processUsbRequestFromHost
20000b38   pvDevice
00000d27   readDataFromRobot
000021b5   receiveDataFromRobotWithCommand
00002559   receiveDataNoCommand
0000401b   rfDelayLoop
00000cc7   sendResponeToHost
0000444d   setRfCE
00004785   setRfCSN
00000acd   signalUnhandleError
00003549   startDistanceSensing
00000cdd   startTransmitDataToRobot
000022f9   transmitDataToRobot
00004059   uDMAChannelAssign
00003885   uDMAChannelAttributeDisable
000042a5   uDMAChannelControlSet
00004515   uDMAChannelDisable
0000452d   uDMAChannelEnable
00004155   uDMAChannelModeGet
0000291d   uDMAChannelTransferSet
00004879   uDMAControlBaseSet
00004795   uDMAEnable
00000e29   uDMAErrorHandler
00004885   uDMAErrorStatusClear
00004891   uDMAErrorStatusGet
20000a50   usbBufferDeviceToHost
20000a90   usbBufferHostToDevice


GLOBAL SYMBOLS: SORTED BY Symbol Address 

address    name
--------   ----
00000000   __TI_static_base__
00000000   g_pfnVectors
00000001   __TI_args_main
0000026d   RF24_init
00000313   RF24_enableFeatures
0000034d   RF24_disableFeatures
00000377   RF24_getLostPackets
00000385   RF24_isAlive
000003ab   RF24_setSpeedAndPower
000003c9   RF24_setChannel
000003df   RF24_setAddressWidth
000003fd   RF24_getCurrentState
00000400   __STACK_SIZE
00000457   RF24_startPowerDown
0000046b   RF24_startStandby
000004ad   RF24_scan
00000513   RF24_getIrqFlag
00000547   RF24_clearIrqFlag
00000585   RF24_TX_setAddress
000005d1   RF24_TX_writePayloadAck
00000625   RF24_TX_writePayloadNoAck
00000679   RF24_TX_flush
0000068f   RF24_TX_reuseLastPayload
000006a5   RF24_TX_activate
000006c3   RF24_TX_pulseTransmit
000006d7   RF24_RX_setAddress
00000745   RF24_RX_getPayloadWidth
00000769   RF24_RX_getPayloadData
000007bb   RF24_RX_flush
000007d1   RF24_RX_activate
000007f3   RF24_RX_isEmpty
0000080f   RF24_RX_sendAckWithPayload
00000875   RF24_RX_carrierDetection
0000088f   RF24_PIPE_close
000008eb   RF24_PIPE_closeAll
00000907   RF24_PIPE_open
0000097d   RF24_PIPE_isOpen
000009bd   RF24_PIPE_setPacketSize
00000a45   RF24_RETRANS_setDelay
00000a7f   RF24_RETRANS_setCount
00000ab9   RF24_RETRANS_getLastRetransmits
00000acd   signalUnhandleError
00000b01   SysTickHandler
00000b0b   SwarmControlReceiveEventHandler
00000c17   SwarmControlTransmitEventHandler
00000c39   USB_sendData
00000c85   convertByteToUINT32
00000cc7   sendResponeToHost
00000cdd   startTransmitDataToRobot
00000d27   readDataFromRobot
00000d8d   processUsbRequestFromHost
00000e01   main
00000e1f   GPIOEIntHandler
00000e29   uDMAErrorHandler
00000e5d   USBLibDMAInit
00001111   USBDCDInit
00001259   USBDeviceConfig
00001399   USBDeviceIntHandlerInternal
000014d9   GPIOPadConfigSet
00001609   DistanceSensing_initModules
0000172d   SysCtlClockGet
00001955   SysCtlClockSet
00001a45   initADC
00001a8f   ADC0IntHandler
00001ad3   ADC1IntHandler
00001c1d   USBDHIDCompositeInit
00001dd9   initSpiForRF
00001eb5   USBDeviceEnumHandler
00002109   configureRF
000021b5   receiveDataFromRobotWithCommand
0000225d   __aeabi_memcpy
0000225d   __aeabi_memcpy4
0000225d   __aeabi_memcpy8
0000225d   memcpy
000022f9   transmitDataToRobot
0000242d   configureSPI
000024c5   __TI_auto_init
00002559   receiveDataNoCommand
00002701   USBDeviceConfigAlternate
0000278d   initRfModule
0000289b   ADCSequenceStepConfigure
0000291d   uDMAChannelTransferSet
0000299d   USBDevEndpointConfigSet
00002a91   USBDHIDPacketRead
00002cc5   IntIsEnabled
00002d8d   initUSB
00002eb5   IntDisable
00002f15   IntEnable
00002fd5   USBDevEndpointStatusClear
000030ed   TimerConfigure
00003259   TimerControlTrigger
000032b1   GPIOIntTypeSet
0000335d   initSystem
00003405   ULPIConfigSet
00003459   SysCtlPeripheralReset
000034a9   USBDCDConfigDescGet
000034f9   USBDeviceResumeTickHandler
00003549   startDistanceSensing
000035e5   GPIOPinToggle
00003605   ADCDitherEnable
0000361b   ADCDitherDisable
0000367d   USBDevEndpointStallClear
000036c9   USBEndpointDMAConfigSet
00003715   USBDHIDReportWrite
000037f5   GPIOPinConfigure
0000383d   _c_int00
00003885   uDMAChannelAttributeDisable
000038cd   USBDCDDeviceInfoInit
00003911   USBDeviceEnumResetHandler
00003955   USBEndpointDataGet
00003999   copy_in
000039dd   C$$EXIT
000039e1   abort
000039e9   exit
00003a21   SSIConfigSetExpClk
00003ae5   ADCSequenceConfigure
00003b61   USBDCDConfigGetInterfaceEndpoint
00003b9b   USBFIFOConfigSet
00003c11   USBIntStatusControl
00003cb5   InternalUSBRegisterTickHandler
00003ce9   InternalUSBStartOfFrameTick
00003d1d   RF24_readRegister
00003d51   RF24_writeRegister
00003d85   SysCtlPeripheralEnable
00003e51   USBDevEndpointStall
00003f15   InternalUSBTickInit
00003f75   USBEndpointDataPut
00003fa5   ADCIntStatus
00003fd3   USBEndpointDataSend
00004001   SPI_sendAndGetData
0000401b   rfDelayLoop
0000402d   USBDescGet
00004059   uDMAChannelAssign
000040b1   GPIODirModeSet
000040db   USBDCDConfigDescGetNum
00004105   USBDescGetNum
0000412d   USBIntEnableControl
00004155   uDMAChannelModeGet
000041c9   USBDHIDInit
000041f1   IntPrioritySet
00004239   USBDevEndpointDataAck
0000425d   USBEndpointDMADisable
00004281   USBEndpointDMAEnable
000042a5   uDMAChannelControlSet
0000430d   USBStackModeSet
00004369   USBULPIRegRead
00004387   USBULPIRegWrite
000043dd   USBDCDConfigGetInterface
000043f9   USBDCDStallEP0
00004415   USBEndpointDataAvail
00004431   clearRfCE
0000444d   setRfCE
00004469   USBEndpointDMAChannel
00004483   GPIOPinTypeGPIOOutput
0000449d   USB0DeviceIntHandler
000044b5   USBDCDConfigDescGetSize
000044fd   _args_main
00004515   uDMAChannelDisable
0000452d   uDMAChannelEnable
00004545   RF24_setConfigureRegister
0000455d   SysCtlUSBPLLEnable
00004571   SysTickEnable
00004585   SysTickIntEnable
00004599   TimerDisable
000045ad   USBDCDRequestDataEP0
000045c1   USBDCDSendDataEP0
000045d5   USBHostResume
000045e9   USBIntEnableEndpoint
00004611   _register_unlock
00004617   _register_lock
0000461f   _nop
00004625   ADCHardwareOversampleConfigure
00004637   GPIOPinTypeADC
00004649   GPIOPinTypeGPIOInput
0000465b   GPIOPinTypeSSI
0000466d   GPIOPinTypeUSBAnalog
000046a3   SSIDataGetNonBlocking
000046b5   TimerLoadSet
000046c7   USBDMAChannelConfigSet
000046d9   USBDMAChannelDisable
000046eb   USBDMAChannelEnable
000046fd   USBDMAChannelIntDisable
0000470f   USBDMAChannelIntEnable
00004721   __TI_zero_init
00004733   ADCSequenceDMAEnable
00004745   DistanceSensing_start
00004755   SysTickPeriodSet
00004765   USBEndpointStatus
00004775   clearRfCSN
00004785   setRfCSN
00004795   uDMAEnable
000047a5   ADCSequenceEnable
000047c1   TimerEnable
000047cf   USBDMAChannelStatus
000047dd   USBDevLPMDisable
000047eb   USBDevLPMEnable
000047f9   USBULPIDisable
00004807   USBULPIEnable
00004815   __TI_decompress_none
00004823   CPUcpsie
0000482f   GPIOIntEnable
0000483b   SSIDataGet
00004847   USBEndpointPacketCountSet
00004853   USBLPMIntEnable
00004861   getCEState
0000486d   ResetISR
00004879   uDMAControlBaseSet
00004885   uDMAErrorStatusClear
00004891   uDMAErrorStatusGet
0000489d   ADCIntClear
000048a7   IntMasterEnable
000048b1   SSIDataPut
000048bb   SSIDisable
000048c5   SSIEnable
000048cf   USBClockEnable
000048d9   USBControllerVersion
000048e3   USBDMAChannelAddressSet
000048ed   USBDMAChannelCountSet
000048f7   USBDevConnect
00004901   USBDevDisconnect
0000490b   USBIntStatusEndpoint
00004915   USBDevMode
0000491d   USBFIFOAddrGet
00004925   USBOTGMode
0000493d   GPIOPinRead
00004943   GPIOPinWrite
00004949   SysCtlDelay
0000494f   USBDMAChannelIntStatus
00004955   USBDevLPMConfig
0000495b   USBLPMIntStatus
00004961   __TI_decompress_rle24
00004975   USBDevAddrSet
00004b14   g_ppui8StringDescriptors
00004bf0   g_pui8LangDescriptor
00004bf4   g_pui8ManufacturerString
00004c02   g_pui8SeriailNumberString
00004c58   g_pui8ConfigString
00004ccc   g_pui8HIDInterfaceString
00004cfc   g_sHIDHandlers
00004d2c   g_pui8ProductString
00004dd8   __TI_Handler_Table_Base
00004de4   __TI_Handler_Table_Limit
00004df0   __TI_CINIT_Base
00004e00   __TI_CINIT_Limit
20000400   g_ui16ADC0Result
20000658   g_ui16ADC1Result
200009c0   g_psDCDInst
20000a50   usbBufferDeviceToHost
20000a90   usbBufferHostToDevice
20000ad0   g_pfnTickHandlers
20000ae8   g_pvTickInstance
20000b00   RF24_RX_buffer
20000b20   g_ui32PollRate
20000b24   g_eOTGModeState
20000b30   g_ppsDevInfo
20000b34   g_ui32SysTickCount
20000b38   pvDevice
20000b44   __stack
20000d44   __STACK_TOP
20000f44   __STACK_END
20000f44   g_sHIDSwarmColtrolDevice
20000fb0   g_bSuspended
20000fb1   g_bConnected
20000fb4   g_USBTxState
20000fb8   g_USBRxState
20000fbc   g_bulkSendFlag
20000fbd   g_bulkReceiveFlag
20000fc0   g_ui32uDMAErrCount
20000fc4   g_pui8HIDDeviceDescriptor
20000fd8   g_bUSBTimerInitialized
20000fdc   g_ui32CurrentUSBTick
20000fe0   g_ui32USBSOFCount
20000fe4   g_iUSBMode
20000fe8   g_ui32WaitTicks
20000ff0   _lock
20000ff4   _unlock
20000ff8   __TI_cleanup_ptr
20000ffc   __TI_dtors_ptr
20001000   g_psReportIdle
20001010   main_func_sp
ffffffff   __binit__
ffffffff   __c_args__
ffffffff   binit
UNDEFED    SHT$$INIT_ARRAY$$Base
UNDEFED    SHT$$INIT_ARRAY$$Limit

[285 symbols]
