<?xml version="1.0"?>
<link_info>
   <banner>TI ARM Linker PC v5.1.6</banner>
   <copyright>Copyright (c) 1996-2014 Texas Instruments Incorporated</copyright>
   <link_time>0x53bb8f87</link_time>
   <link_errors>0x0</link_errors>
   <output_file>usbSwarmControl.out</output_file>
   <entry_point>
      <name>_c_int00</name>
      <address>0x37c9</address>
   </entry_point>
   <input_file_list>
      <input_file id="fl-2">
         <path>.\libnrf24l01\src\</path>
         <kind>object</kind>
         <file>nRF24L01.obj</file>
         <name>nRF24L01.obj</name>
      </input_file>
      <input_file id="fl-3">
         <path>.\libnrf24l01\src\</path>
         <kind>object</kind>
         <file>TM4C123_nRF24L01.obj</file>
         <name>TM4C123_nRF24L01.obj</name>
      </input_file>
      <input_file id="fl-4">
         <path>.\</path>
         <kind>object</kind>
         <file>usb_swarm_control_structs.obj</file>
         <name>usb_swarm_control_structs.obj</name>
      </input_file>
      <input_file id="fl-5">
         <path>.\</path>
         <kind>object</kind>
         <file>tm4c123gh6pm_startup_ccs.obj</file>
         <name>tm4c123gh6pm_startup_ccs.obj</name>
      </input_file>
      <input_file id="fl-6">
         <path>.\</path>
         <kind>object</kind>
         <file>main.obj</file>
         <name>main.obj</name>
      </input_file>
      <input_file id="fl-7">
         <path>.\</path>
         <kind>object</kind>
         <file>distanceSensing.obj</file>
         <name>distanceSensing.obj</name>
      </input_file>
      <input_file id="fl-8">
         <path>.\</path>
         <kind>object</kind>
         <file>CustomTivaDrivers.obj</file>
         <name>CustomTivaDrivers.obj</name>
      </input_file>
      <input_file id="fl-137">
         <path>c:\ti\ccsv6\tools\compiler\arm_5.1.6\lib\</path>
         <kind>archive</kind>
         <file>rtsv7M4_T_le_v4SPD16_eabi.lib</file>
         <name>boot.obj</name>
      </input_file>
      <input_file id="fl-138">
         <path>c:\ti\ccsv6\tools\compiler\arm_5.1.6\lib\</path>
         <kind>archive</kind>
         <file>rtsv7M4_T_le_v4SPD16_eabi.lib</file>
         <name>copy_decompress_none.obj</name>
      </input_file>
      <input_file id="fl-139">
         <path>c:\ti\ccsv6\tools\compiler\arm_5.1.6\lib\</path>
         <kind>archive</kind>
         <file>rtsv7M4_T_le_v4SPD16_eabi.lib</file>
         <name>copy_decompress_rle.obj</name>
      </input_file>
      <input_file id="fl-13a">
         <path>c:\ti\ccsv6\tools\compiler\arm_5.1.6\lib\</path>
         <kind>archive</kind>
         <file>rtsv7M4_T_le_v4SPD16_eabi.lib</file>
         <name>copy_zero_init.obj</name>
      </input_file>
      <input_file id="fl-13b">
         <path>c:\ti\ccsv6\tools\compiler\arm_5.1.6\lib\</path>
         <kind>archive</kind>
         <file>rtsv7M4_T_le_v4SPD16_eabi.lib</file>
         <name>exit.obj</name>
      </input_file>
      <input_file id="fl-13c">
         <path>c:\ti\ccsv6\tools\compiler\arm_5.1.6\lib\</path>
         <kind>archive</kind>
         <file>rtsv7M4_T_le_v4SPD16_eabi.lib</file>
         <name>memcpy_t2.obj</name>
      </input_file>
      <input_file id="fl-13d">
         <path>c:\ti\ccsv6\tools\compiler\arm_5.1.6\lib\</path>
         <kind>archive</kind>
         <file>rtsv7M4_T_le_v4SPD16_eabi.lib</file>
         <name>stkdepth_vars.obj</name>
      </input_file>
      <input_file id="fl-13e">
         <path>c:\ti\ccsv6\tools\compiler\arm_5.1.6\lib\</path>
         <kind>archive</kind>
         <file>rtsv7M4_T_le_v4SPD16_eabi.lib</file>
         <name>_lock.obj</name>
      </input_file>
      <input_file id="fl-13f">
         <path>c:\ti\ccsv6\tools\compiler\arm_5.1.6\lib\</path>
         <kind>archive</kind>
         <file>rtsv7M4_T_le_v4SPD16_eabi.lib</file>
         <name>args_main.obj</name>
      </input_file>
      <input_file id="fl-140">
         <path>c:\ti\ccsv6\tools\compiler\arm_5.1.6\lib\</path>
         <kind>archive</kind>
         <file>rtsv7M4_T_le_v4SPD16_eabi.lib</file>
         <name>auto_init.obj</name>
      </input_file>
      <input_file id="fl-141">
         <path>c:\ti\ccsv6\tools\compiler\arm_5.1.6\lib\</path>
         <kind>archive</kind>
         <file>rtsv7M4_T_le_v4SPD16_eabi.lib</file>
         <name>cpy_tbl.obj</name>
      </input_file>
      <input_file id="fl-142">
         <path>D:\Portable\Programs\TivaDriver\usblib\ccs\Debug\</path>
         <kind>archive</kind>
         <file>usblib.lib</file>
         <name>usbdhid.obj</name>
      </input_file>
      <input_file id="fl-143">
         <path>D:\Portable\Programs\TivaDriver\usblib\ccs\Debug\</path>
         <kind>archive</kind>
         <file>usblib.lib</file>
         <name>usbdhandler.obj</name>
      </input_file>
      <input_file id="fl-144">
         <path>D:\Portable\Programs\TivaDriver\usblib\ccs\Debug\</path>
         <kind>archive</kind>
         <file>usblib.lib</file>
         <name>usbdenum.obj</name>
      </input_file>
      <input_file id="fl-145">
         <path>D:\Portable\Programs\TivaDriver\usblib\ccs\Debug\</path>
         <kind>archive</kind>
         <file>usblib.lib</file>
         <name>usbdconfig.obj</name>
      </input_file>
      <input_file id="fl-146">
         <path>D:\Portable\Programs\TivaDriver\usblib\ccs\Debug\</path>
         <kind>archive</kind>
         <file>usblib.lib</file>
         <name>usbdcdesc.obj</name>
      </input_file>
      <input_file id="fl-147">
         <path>D:\Portable\Programs\TivaDriver\usblib\ccs\Debug\</path>
         <kind>archive</kind>
         <file>usblib.lib</file>
         <name>usbulpi.obj</name>
      </input_file>
      <input_file id="fl-148">
         <path>D:\Portable\Programs\TivaDriver\usblib\ccs\Debug\</path>
         <kind>archive</kind>
         <file>usblib.lib</file>
         <name>usbtick.obj</name>
      </input_file>
      <input_file id="fl-149">
         <path>D:\Portable\Programs\TivaDriver\usblib\ccs\Debug\</path>
         <kind>archive</kind>
         <file>usblib.lib</file>
         <name>usbmode.obj</name>
      </input_file>
      <input_file id="fl-14a">
         <path>D:\Portable\Programs\TivaDriver\usblib\ccs\Debug\</path>
         <kind>archive</kind>
         <file>usblib.lib</file>
         <name>usbdma.obj</name>
      </input_file>
      <input_file id="fl-14b">
         <path>D:\Portable\Programs\TivaDriver\usblib\ccs\Debug\</path>
         <kind>archive</kind>
         <file>usblib.lib</file>
         <name>usbdesc.obj</name>
      </input_file>
      <input_file id="fl-14c">
         <path>D:\Portable\Programs\TivaDriver\usblib\ccs\Debug\</path>
         <kind>archive</kind>
         <file>usblib.lib</file>
         <name>usbhostenum.obj</name>
      </input_file>
      <input_file id="fl-14d">
         <path>D:\Portable\Programs\TivaDriver\usblib\ccs\Debug\</path>
         <kind>archive</kind>
         <file>usblib.lib</file>
         <name>usbhhub.obj</name>
      </input_file>
      <input_file id="fl-14e">
         <path>D:\Portable\Programs\TivaDriver\driverlib\ccs\Debug\</path>
         <kind>archive</kind>
         <file>driverlib.lib</file>
         <name>usb.obj</name>
      </input_file>
      <input_file id="fl-14f">
         <path>D:\Portable\Programs\TivaDriver\driverlib\ccs\Debug\</path>
         <kind>archive</kind>
         <file>driverlib.lib</file>
         <name>udma.obj</name>
      </input_file>
      <input_file id="fl-150">
         <path>D:\Portable\Programs\TivaDriver\driverlib\ccs\Debug\</path>
         <kind>archive</kind>
         <file>driverlib.lib</file>
         <name>timer.obj</name>
      </input_file>
      <input_file id="fl-151">
         <path>D:\Portable\Programs\TivaDriver\driverlib\ccs\Debug\</path>
         <kind>archive</kind>
         <file>driverlib.lib</file>
         <name>systick.obj</name>
      </input_file>
      <input_file id="fl-152">
         <path>D:\Portable\Programs\TivaDriver\driverlib\ccs\Debug\</path>
         <kind>archive</kind>
         <file>driverlib.lib</file>
         <name>sysctl.obj</name>
      </input_file>
      <input_file id="fl-153">
         <path>D:\Portable\Programs\TivaDriver\driverlib\ccs\Debug\</path>
         <kind>archive</kind>
         <file>driverlib.lib</file>
         <name>ssi.obj</name>
      </input_file>
      <input_file id="fl-154">
         <path>D:\Portable\Programs\TivaDriver\driverlib\ccs\Debug\</path>
         <kind>archive</kind>
         <file>driverlib.lib</file>
         <name>interrupt.obj</name>
      </input_file>
      <input_file id="fl-155">
         <path>D:\Portable\Programs\TivaDriver\driverlib\ccs\Debug\</path>
         <kind>archive</kind>
         <file>driverlib.lib</file>
         <name>gpio.obj</name>
      </input_file>
      <input_file id="fl-156">
         <path>D:\Portable\Programs\TivaDriver\driverlib\ccs\Debug\</path>
         <kind>archive</kind>
         <file>driverlib.lib</file>
         <name>cpu.obj</name>
      </input_file>
      <input_file id="fl-157">
         <path>D:\Portable\Programs\TivaDriver\driverlib\ccs\Debug\</path>
         <kind>archive</kind>
         <file>driverlib.lib</file>
         <name>adc.obj</name>
      </input_file>
   </input_file_list>
   <object_component_list>
      <object_component id="oc-e">
         <name>.intvecs</name>
         <load_address>0x0</load_address>
         <run_address>0x0</run_address>
         <size>0x26c</size>
         <input_file_ref idref="fl-5"/>
      </object_component>
      <object_component id="oc-8d">
         <name>.text</name>
         <load_address>0x26c</load_address>
         <run_address>0x26c</run_address>
         <size>0x860</size>
         <input_file_ref idref="fl-2"/>
      </object_component>
      <object_component id="oc-2f">
         <name>.text</name>
         <load_address>0xacc</load_address>
         <run_address>0xacc</run_address>
         <size>0x388</size>
         <input_file_ref idref="fl-6"/>
      </object_component>
      <object_component id="oc-56d">
         <name>.text:USBLibDMAInit</name>
         <load_address>0xe54</load_address>
         <run_address>0xe54</run_address>
         <size>0x160</size>
         <input_file_ref idref="fl-14a"/>
      </object_component>
      <object_component id="oc-42c">
         <name>.text:USBDEP0StateTxConfig</name>
         <load_address>0xfb4</load_address>
         <run_address>0xfb4</run_address>
         <size>0x154</size>
         <input_file_ref idref="fl-144"/>
      </object_component>
      <object_component id="oc-49b">
         <name>.text:USBDCDInit</name>
         <load_address>0x1108</load_address>
         <run_address>0x1108</run_address>
         <size>0x148</size>
         <input_file_ref idref="fl-144"/>
      </object_component>
      <object_component id="oc-722">
         <name>.text:USBDeviceConfig</name>
         <load_address>0x1250</load_address>
         <run_address>0x1250</run_address>
         <size>0x140</size>
         <input_file_ref idref="fl-145"/>
      </object_component>
      <object_component id="oc-142">
         <name>.text:USBDeviceIntHandlerInternal</name>
         <load_address>0x1390</load_address>
         <run_address>0x1390</run_address>
         <size>0x140</size>
         <input_file_ref idref="fl-144"/>
      </object_component>
      <object_component id="oc-399">
         <name>.text:GPIOPadConfigSet</name>
         <load_address>0x14d0</load_address>
         <run_address>0x14d0</run_address>
         <size>0x130</size>
         <input_file_ref idref="fl-155"/>
      </object_component>
      <object_component id="oc-275">
         <name>.text:DistanceSensing_initModules</name>
         <load_address>0x1600</load_address>
         <run_address>0x1600</run_address>
         <size>0x124</size>
         <input_file_ref idref="fl-7"/>
      </object_component>
      <object_component id="oc-22e">
         <name>.text:SysCtlClockGet</name>
         <load_address>0x1724</load_address>
         <run_address>0x1724</run_address>
         <size>0x118</size>
         <input_file_ref idref="fl-152"/>
      </object_component>
      <object_component id="oc-603">
         <name>.text:HandleRequest</name>
         <load_address>0x183c</load_address>
         <run_address>0x183c</run_address>
         <size>0x10e</size>
         <input_file_ref idref="fl-142"/>
      </object_component>
      <object_component id="oc-6bf">
         <name>.text:iDMAUSBArbSizeSet</name>
         <load_address>0x194a</load_address>
         <run_address>0x194a</run_address>
         <size>0x2</size>
         <input_file_ref idref="fl-14a"/>
      </object_component>
      <object_component id="oc-249">
         <name>.text:SysCtlClockSet</name>
         <load_address>0x194c</load_address>
         <run_address>0x194c</run_address>
         <size>0xf0</size>
         <input_file_ref idref="fl-152"/>
      </object_component>
      <object_component id="oc-35">
         <name>.text</name>
         <load_address>0x1a3c</load_address>
         <run_address>0x1a3c</run_address>
         <size>0xf0</size>
         <input_file_ref idref="fl-7"/>
      </object_component>
      <object_component id="oc-6e3">
         <name>.text:iDMAUSBTransfer</name>
         <load_address>0x1b2c</load_address>
         <run_address>0x1b2c</run_address>
         <size>0xe8</size>
         <input_file_ref idref="fl-14a"/>
      </object_component>
      <object_component id="oc-495">
         <name>.text:USBDHIDCompositeInit</name>
         <load_address>0x1c14</load_address>
         <run_address>0x1c14</run_address>
         <size>0xe0</size>
         <input_file_ref idref="fl-142"/>
      </object_component>
      <object_component id="oc-5b9">
         <name>.text:USBDGetDescriptor</name>
         <load_address>0x1cf4</load_address>
         <run_address>0x1cf4</run_address>
         <size>0xdc</size>
         <input_file_ref idref="fl-144"/>
      </object_component>
      <object_component id="oc-1ba">
         <name>.text:initSpiForRF</name>
         <load_address>0x1dd0</load_address>
         <run_address>0x1dd0</run_address>
         <size>0xdc</size>
         <input_file_ref idref="fl-3"/>
      </object_component>
      <object_component id="oc-2c2">
         <name>.text:USBDeviceEnumHandler</name>
         <load_address>0x1eac</load_address>
         <run_address>0x1eac</run_address>
         <size>0xd8</size>
         <input_file_ref idref="fl-144"/>
      </object_component>
      <object_component id="oc-a6">
         <name>.text:configureRF</name>
         <load_address>0x1f84</load_address>
         <run_address>0x1f84</run_address>
         <size>0xd0</size>
         <input_file_ref idref="fl-6"/>
      </object_component>
      <object_component id="oc-671">
         <name>.text:uDMAUSBChannelAllocate</name>
         <load_address>0x2054</load_address>
         <run_address>0x2054</run_address>
         <size>0xc0</size>
         <input_file_ref idref="fl-14a"/>
      </object_component>
      <object_component id="oc-6b3">
         <name>.text:uDMAUSBTransfer</name>
         <load_address>0x2114</load_address>
         <run_address>0x2114</run_address>
         <size>0xba</size>
         <input_file_ref idref="fl-14a"/>
      </object_component>
      <object_component id="oc-6fb">
         <name>.text:iDMAUSBUnitSizeSet</name>
         <load_address>0x21ce</load_address>
         <run_address>0x21ce</run_address>
         <size>0x2</size>
         <input_file_ref idref="fl-14a"/>
      </object_component>
      <object_component id="oc-b4">
         <name>.text:receiveDataFromRobot</name>
         <load_address>0x21d0</load_address>
         <run_address>0x21d0</run_address>
         <size>0xa8</size>
         <input_file_ref idref="fl-6"/>
      </object_component>
      <object_component id="oc-59">
         <name>.text</name>
         <load_address>0x2278</load_address>
         <run_address>0x2278</run_address>
         <size>0x9c</size>
         <input_file_ref idref="fl-13c"/>
      </object_component>
      <object_component id="oc-ad">
         <name>.text:transmitDataToRobot</name>
         <load_address>0x2314</load_address>
         <run_address>0x2314</run_address>
         <size>0x9c</size>
         <input_file_ref idref="fl-6"/>
      </object_component>
      <object_component id="oc-5d7">
         <name>.text:USBDSetInterface</name>
         <load_address>0x23b0</load_address>
         <run_address>0x23b0</run_address>
         <size>0x98</size>
         <input_file_ref idref="fl-144"/>
      </object_component>
      <object_component id="oc-9f">
         <name>.text:configureSPI</name>
         <load_address>0x2448</load_address>
         <run_address>0x2448</run_address>
         <size>0x98</size>
         <input_file_ref idref="fl-6"/>
      </object_component>
      <object_component id="oc-44">
         <name>.text</name>
         <load_address>0x24e0</load_address>
         <run_address>0x24e0</run_address>
         <size>0x94</size>
         <input_file_ref idref="fl-140"/>
      </object_component>
      <object_component id="oc-643">
         <name>.text:ProcessIdleTimers</name>
         <load_address>0x2574</load_address>
         <run_address>0x2574</run_address>
         <size>0x8c</size>
         <input_file_ref idref="fl-142"/>
      </object_component>
      <object_component id="oc-5cb">
         <name>.text:USBDSetConfiguration</name>
         <load_address>0x2600</load_address>
         <run_address>0x2600</run_address>
         <size>0x8c</size>
         <input_file_ref idref="fl-144"/>
      </object_component>
      <object_component id="oc-730">
         <name>.text:USBDeviceConfigAlternate</name>
         <load_address>0x268c</load_address>
         <run_address>0x268c</run_address>
         <size>0x8c</size>
         <input_file_ref idref="fl-145"/>
      </object_component>
      <object_component id="oc-26e">
         <name>.text:initRfModule</name>
         <load_address>0x2718</load_address>
         <run_address>0x2718</run_address>
         <size>0x88</size>
         <input_file_ref idref="fl-6"/>
      </object_component>
      <object_component id="oc-6c5">
         <name>.text:iDMAUSBChannelAllocate</name>
         <load_address>0x27a0</load_address>
         <run_address>0x27a0</run_address>
         <size>0x86</size>
         <input_file_ref idref="fl-14a"/>
      </object_component>
      <object_component id="oc-f9">
         <name>.text:ADCSequenceStepConfigure</name>
         <load_address>0x2826</load_address>
         <run_address>0x2826</run_address>
         <size>0x80</size>
         <input_file_ref idref="fl-157"/>
      </object_component>
      <object_component id="oc-689">
         <name>.text:uDMAUSBChannelIntDisable</name>
         <load_address>0x28a6</load_address>
         <run_address>0x28a6</run_address>
         <size>0x2</size>
         <input_file_ref idref="fl-14a"/>
      </object_component>
      <object_component id="oc-129">
         <name>.text:uDMAChannelTransferSet</name>
         <load_address>0x28a8</load_address>
         <run_address>0x28a8</run_address>
         <size>0x80</size>
         <input_file_ref idref="fl-14f"/>
      </object_component>
      <object_component id="oc-81e">
         <name>.text:USBDevEndpointConfigSet</name>
         <load_address>0x2928</load_address>
         <run_address>0x2928</run_address>
         <size>0x7a</size>
         <input_file_ref idref="fl-14e"/>
      </object_component>
      <object_component id="oc-683">
         <name>.text:uDMAUSBChannelIntEnable</name>
         <load_address>0x29a2</load_address>
         <run_address>0x29a2</run_address>
         <size>0x2</size>
         <input_file_ref idref="fl-14a"/>
      </object_component>
      <object_component id="oc-5a7">
         <name>.text:USBDClearFeature</name>
         <load_address>0x29a4</load_address>
         <run_address>0x29a4</run_address>
         <size>0x78</size>
         <input_file_ref idref="fl-144"/>
      </object_component>
      <object_component id="oc-81">
         <name>.text:USBDHIDPacketRead</name>
         <load_address>0x2a1c</load_address>
         <run_address>0x2a1c</run_address>
         <size>0x72</size>
         <input_file_ref idref="fl-142"/>
      </object_component>
      <object_component id="oc-66b">
         <name>.text:uDMAUSBArbSizeSet</name>
         <load_address>0x2a8e</load_address>
         <run_address>0x2a8e</run_address>
         <size>0x72</size>
         <input_file_ref idref="fl-14a"/>
      </object_component>
      <object_component id="oc-432">
         <name>.text:USBDEP0StateTx</name>
         <load_address>0x2b00</load_address>
         <run_address>0x2b00</run_address>
         <size>0x70</size>
         <input_file_ref idref="fl-144"/>
      </object_component>
      <object_component id="oc-5a1">
         <name>.text:USBDGetStatus</name>
         <load_address>0x2b70</load_address>
         <run_address>0x2b70</run_address>
         <size>0x70</size>
         <input_file_ref idref="fl-144"/>
      </object_component>
      <object_component id="oc-6b9">
         <name>.text:uDMAUSBUnitSizeSet</name>
         <load_address>0x2be0</load_address>
         <run_address>0x2be0</run_address>
         <size>0x70</size>
         <input_file_ref idref="fl-14a"/>
      </object_component>
      <object_component id="oc-7a4">
         <name>.text:IntIsEnabled</name>
         <load_address>0x2c50</load_address>
         <run_address>0x2c50</run_address>
         <size>0x64</size>
         <input_file_ref idref="fl-154"/>
      </object_component>
      <object_component id="oc-5ad">
         <name>.text:USBDSetFeature</name>
         <load_address>0x2cb4</load_address>
         <run_address>0x2cb4</run_address>
         <size>0x64</size>
         <input_file_ref idref="fl-144"/>
      </object_component>
      <object_component id="oc-267">
         <name>.text:initUSB</name>
         <load_address>0x2d18</load_address>
         <run_address>0x2d18</run_address>
         <size>0x64</size>
         <input_file_ref idref="fl-6"/>
      </object_component>
      <object_component id="oc-67d">
         <name>.text:uDMAUSBChannelEnable</name>
         <load_address>0x2d7c</load_address>
         <run_address>0x2d7c</run_address>
         <size>0x64</size>
         <input_file_ref idref="fl-14a"/>
      </object_component>
      <object_component id="oc-5fd">
         <name>.text:HandleGetDescriptor</name>
         <load_address>0x2de0</load_address>
         <run_address>0x2de0</run_address>
         <size>0x60</size>
         <input_file_ref idref="fl-142"/>
      </object_component>
      <object_component id="oc-7aa">
         <name>.text:IntDisable</name>
         <load_address>0x2e40</load_address>
         <run_address>0x2e40</run_address>
         <size>0x60</size>
         <input_file_ref idref="fl-154"/>
      </object_component>
      <object_component id="oc-34d">
         <name>.text:IntEnable</name>
         <load_address>0x2ea0</load_address>
         <run_address>0x2ea0</run_address>
         <size>0x60</size>
         <input_file_ref idref="fl-154"/>
      </object_component>
      <object_component id="oc-426">
         <name>.text:USBDReadAndDispatchRequest</name>
         <load_address>0x2f00</load_address>
         <run_address>0x2f00</run_address>
         <size>0x60</size>
         <input_file_ref idref="fl-144"/>
      </object_component>
      <object_component id="oc-18f">
         <name>.text:USBDevEndpointStatusClear</name>
         <load_address>0x2f60</load_address>
         <run_address>0x2f60</run_address>
         <size>0x5e</size>
         <input_file_ref idref="fl-14e"/>
      </object_component>
      <object_component id="oc-6c">
         <name>.text</name>
         <load_address>0x2fbe</load_address>
         <run_address>0x2fbe</run_address>
         <size>0x5e</size>
         <input_file_ref idref="fl-139"/>
      </object_component>
      <object_component id="oc-752">
         <name>.text:FindHIDDescriptor</name>
         <load_address>0x301c</load_address>
         <run_address>0x301c</run_address>
         <size>0x5c</size>
         <input_file_ref idref="fl-142"/>
      </object_component>
      <object_component id="oc-3e7">
         <name>.text:TimerConfigure</name>
         <load_address>0x3078</load_address>
         <run_address>0x3078</run_address>
         <size>0x5c</size>
         <input_file_ref idref="fl-150"/>
      </object_component>
      <object_component id="oc-719">
         <name>.text:USBDStringIndexFromRequest</name>
         <load_address>0x30d4</load_address>
         <run_address>0x30d4</run_address>
         <size>0x5c</size>
         <input_file_ref idref="fl-144"/>
      </object_component>
      <object_component id="oc-639">
         <name>.text:HandleDevice</name>
         <load_address>0x3130</load_address>
         <run_address>0x3130</run_address>
         <size>0x5a</size>
         <input_file_ref idref="fl-142"/>
      </object_component>
      <object_component id="oc-779">
         <name>.text:ProcessDataFromHost</name>
         <load_address>0x318c</load_address>
         <run_address>0x318c</run_address>
         <size>0x58</size>
         <input_file_ref idref="fl-142"/>
      </object_component>
      <object_component id="oc-3f3">
         <name>.text:TimerControlTrigger</name>
         <load_address>0x31e4</load_address>
         <run_address>0x31e4</run_address>
         <size>0x58</size>
         <input_file_ref idref="fl-150"/>
      </object_component>
      <object_component id="oc-341">
         <name>.text:GPIOIntTypeSet</name>
         <load_address>0x323c</load_address>
         <run_address>0x323c</run_address>
         <size>0x56</size>
         <input_file_ref idref="fl-155"/>
      </object_component>
      <object_component id="oc-77f">
         <name>.text:ProcessDataToHost</name>
         <load_address>0x3292</load_address>
         <run_address>0x3292</run_address>
         <size>0x54</size>
         <input_file_ref idref="fl-142"/>
      </object_component>
      <object_component id="oc-c2">
         <name>.text:initSystem</name>
         <load_address>0x32e8</load_address>
         <run_address>0x32e8</run_address>
         <size>0x54</size>
         <input_file_ref idref="fl-6"/>
      </object_component>
      <object_component id="oc-68f">
         <name>.text:uDMAUSBChannelRelease</name>
         <load_address>0x333c</load_address>
         <run_address>0x333c</run_address>
         <size>0x54</size>
         <input_file_ref idref="fl-14a"/>
      </object_component>
      <object_component id="oc-543">
         <name>.text:ULPIConfigSet</name>
         <load_address>0x3390</load_address>
         <run_address>0x3390</run_address>
         <size>0x52</size>
         <input_file_ref idref="fl-147"/>
      </object_component>
      <object_component id="oc-52b">
         <name>.text:SysCtlPeripheralReset</name>
         <load_address>0x33e4</load_address>
         <run_address>0x33e4</run_address>
         <size>0x50</size>
         <input_file_ref idref="fl-152"/>
      </object_component>
      <object_component id="oc-744">
         <name>.text:USBDCDConfigDescGet</name>
         <load_address>0x3434</load_address>
         <run_address>0x3434</run_address>
         <size>0x50</size>
         <input_file_ref idref="fl-146"/>
      </object_component>
      <object_component id="oc-2a4">
         <name>.text:USBDeviceResumeTickHandler</name>
         <load_address>0x3484</load_address>
         <run_address>0x3484</run_address>
         <size>0x50</size>
         <input_file_ref idref="fl-144"/>
      </object_component>
      <object_component id="oc-bb">
         <name>.text:startDistanceSensing</name>
         <load_address>0x34d4</load_address>
         <run_address>0x34d4</run_address>
         <size>0x50</size>
         <input_file_ref idref="fl-6"/>
      </object_component>
      <object_component id="oc-74a">
         <name>.text:ConfigAlternateInterfaceGet</name>
         <load_address>0x3524</load_address>
         <run_address>0x3524</run_address>
         <size>0x4c</size>
         <input_file_ref idref="fl-146"/>
      </object_component>
      <object_component id="oc-ff">
         <name>.text</name>
         <load_address>0x3570</load_address>
         <run_address>0x3570</run_address>
         <size>0x4c</size>
         <input_file_ref idref="fl-8"/>
      </object_component>
      <object_component id="oc-818">
         <name>.text:GetEPDescriptorType</name>
         <load_address>0x35bc</load_address>
         <run_address>0x35bc</run_address>
         <size>0x4c</size>
         <input_file_ref idref="fl-145"/>
      </object_component>
      <object_component id="oc-710">
         <name>.text:USBDevEndpointStallClear</name>
         <load_address>0x3608</load_address>
         <run_address>0x3608</run_address>
         <size>0x4c</size>
         <input_file_ref idref="fl-14e"/>
      </object_component>
      <object_component id="oc-7cb">
         <name>.text:USBEndpointDMAConfigSet</name>
         <load_address>0x3654</load_address>
         <run_address>0x3654</run_address>
         <size>0x4c</size>
         <input_file_ref idref="fl-14e"/>
      </object_component>
      <object_component id="oc-87">
         <name>.text:USBDHIDReportWrite</name>
         <load_address>0x36a0</load_address>
         <run_address>0x36a0</run_address>
         <size>0x4a</size>
         <input_file_ref idref="fl-142"/>
      </object_component>
      <object_component id="oc-6ef">
         <name>.text:iDMAUSBChannelEnable</name>
         <load_address>0x36ea</load_address>
         <run_address>0x36ea</run_address>
         <size>0x4a</size>
         <input_file_ref idref="fl-14a"/>
      </object_component>
      <object_component id="oc-677">
         <name>.text:uDMAUSBChannelDisable</name>
         <load_address>0x3734</load_address>
         <run_address>0x3734</run_address>
         <size>0x4a</size>
         <input_file_ref idref="fl-14a"/>
      </object_component>
      <object_component id="oc-329">
         <name>.text:GPIOPinConfigure</name>
         <load_address>0x3780</load_address>
         <run_address>0x3780</run_address>
         <size>0x48</size>
         <input_file_ref idref="fl-155"/>
      </object_component>
      <object_component id="oc-11">
         <name>.text</name>
         <load_address>0x37c8</load_address>
         <run_address>0x37c8</run_address>
         <size>0x48</size>
         <input_file_ref idref="fl-137"/>
      </object_component>
      <object_component id="oc-3db">
         <name>.text:uDMAChannelAttributeDisable</name>
         <load_address>0x3810</load_address>
         <run_address>0x3810</run_address>
         <size>0x48</size>
         <input_file_ref idref="fl-14f"/>
      </object_component>
      <object_component id="oc-506">
         <name>.text:USBDCDDeviceInfoInit</name>
         <load_address>0x3858</load_address>
         <run_address>0x3858</run_address>
         <size>0x44</size>
         <input_file_ref idref="fl-144"/>
      </object_component>
      <object_component id="oc-29e">
         <name>.text:USBDeviceEnumResetHandler</name>
         <load_address>0x389c</load_address>
         <run_address>0x389c</run_address>
         <size>0x44</size>
         <input_file_ref idref="fl-144"/>
      </object_component>
      <object_component id="oc-189">
         <name>.text:USBEndpointDataGet</name>
         <load_address>0x38e0</load_address>
         <run_address>0x38e0</run_address>
         <size>0x44</size>
         <input_file_ref idref="fl-14e"/>
      </object_component>
      <object_component id="oc-14b">
         <name>.text</name>
         <load_address>0x3924</load_address>
         <run_address>0x3924</run_address>
         <size>0x44</size>
         <input_file_ref idref="fl-141"/>
      </object_component>
      <object_component id="oc-4f">
         <name>.text</name>
         <load_address>0x3968</load_address>
         <run_address>0x3968</run_address>
         <size>0x44</size>
         <input_file_ref idref="fl-13b"/>
      </object_component>
      <object_component id="oc-234">
         <name>.text:SSIConfigSetExpClk</name>
         <load_address>0x39ac</load_address>
         <run_address>0x39ac</run_address>
         <size>0x42</size>
         <input_file_ref idref="fl-153"/>
      </object_component>
      <object_component id="oc-76b">
         <name>.text:SetIdleTimeout</name>
         <load_address>0x39ee</load_address>
         <run_address>0x39ee</run_address>
         <size>0x42</size>
         <input_file_ref idref="fl-142"/>
      </object_component>
      <object_component id="oc-5d1">
         <name>.text:USBDGetInterface</name>
         <load_address>0x3a30</load_address>
         <run_address>0x3a30</run_address>
         <size>0x40</size>
         <input_file_ref idref="fl-144"/>
      </object_component>
      <object_component id="oc-f3">
         <name>.text:ADCSequenceConfigure</name>
         <load_address>0x3a70</load_address>
         <run_address>0x3a70</run_address>
         <size>0x3e</size>
         <input_file_ref idref="fl-157"/>
      </object_component>
      <object_component id="oc-1b3">
         <name>.text:ScheduleReportTransmission</name>
         <load_address>0x3aae</load_address>
         <run_address>0x3aae</run_address>
         <size>0x3e</size>
         <input_file_ref idref="fl-142"/>
      </object_component>
      <object_component id="oc-500">
         <name>.text:USBDCDConfigGetInterfaceEndpoint</name>
         <load_address>0x3aec</load_address>
         <run_address>0x3aec</run_address>
         <size>0x3a</size>
         <input_file_ref idref="fl-146"/>
      </object_component>
      <object_component id="oc-82a">
         <name>.text:USBFIFOConfigSet</name>
         <load_address>0x3b26</load_address>
         <run_address>0x3b26</run_address>
         <size>0x3a</size>
         <input_file_ref idref="fl-14e"/>
      </object_component>
      <object_component id="oc-6e9">
         <name>.text:iDMAUSBChannelRelease</name>
         <load_address>0x3b60</load_address>
         <run_address>0x3b60</run_address>
         <size>0x3a</size>
         <input_file_ref idref="fl-14a"/>
      </object_component>
      <object_component id="oc-13c">
         <name>.text:USBIntStatusControl</name>
         <load_address>0x3b9c</load_address>
         <run_address>0x3b9c</run_address>
         <size>0x38</size>
         <input_file_ref idref="fl-14e"/>
      </object_component>
      <object_component id="oc-633">
         <name>.text:HandleEndpoints</name>
         <load_address>0x3bd4</load_address>
         <run_address>0x3bd4</run_address>
         <size>0x36</size>
         <input_file_ref idref="fl-142"/>
      </object_component>
      <object_component id="oc-524">
         <name>.text:HIDTickHandler</name>
         <load_address>0x3c0c</load_address>
         <run_address>0x3c0c</run_address>
         <size>0x34</size>
         <input_file_ref idref="fl-142"/>
      </object_component>
      <object_component id="oc-518">
         <name>.text:InternalUSBRegisterTickHandler</name>
         <load_address>0x3c40</load_address>
         <run_address>0x3c40</run_address>
         <size>0x34</size>
         <input_file_ref idref="fl-148"/>
      </object_component>
      <object_component id="oc-2aa">
         <name>.text:InternalUSBStartOfFrameTick</name>
         <load_address>0x3c74</load_address>
         <run_address>0x3c74</run_address>
         <size>0x34</size>
         <input_file_ref idref="fl-148"/>
      </object_component>
      <object_component id="oc-1dc">
         <name>.text:RF24_readRegister</name>
         <load_address>0x3ca8</load_address>
         <run_address>0x3ca8</run_address>
         <size>0x34</size>
         <input_file_ref idref="fl-2"/>
      </object_component>
      <object_component id="oc-1d5">
         <name>.text:RF24_writeRegister</name>
         <load_address>0x3cdc</load_address>
         <run_address>0x3cdc</run_address>
         <size>0x34</size>
         <input_file_ref idref="fl-2"/>
      </object_component>
      <object_component id="oc-e7">
         <name>.text:SysCtlPeripheralEnable</name>
         <load_address>0x3d10</load_address>
         <run_address>0x3d10</run_address>
         <size>0x34</size>
         <input_file_ref idref="fl-152"/>
      </object_component>
      <object_component id="oc-6cb">
         <name>.text:iDMAUSBChannelStatus</name>
         <load_address>0x3d44</load_address>
         <run_address>0x3d44</run_address>
         <size>0x34</size>
         <input_file_ref idref="fl-14a"/>
      </object_component>
      <object_component id="oc-1ad">
         <name>.text:ClearReportTimer</name>
         <load_address>0x3d78</load_address>
         <run_address>0x3d78</run_address>
         <size>0x32</size>
         <input_file_ref idref="fl-142"/>
      </object_component>
      <object_component id="oc-5f2">
         <name>.text:NextConfigDescGet</name>
         <load_address>0x3daa</load_address>
         <run_address>0x3daa</run_address>
         <size>0x32</size>
         <input_file_ref idref="fl-146"/>
      </object_component>
      <object_component id="oc-598">
         <name>.text:USBDevEndpointStall</name>
         <load_address>0x3ddc</load_address>
         <run_address>0x3ddc</run_address>
         <size>0x32</size>
         <input_file_ref idref="fl-14e"/>
      </object_component>
      <object_component id="oc-6f5">
         <name>.text:iDMAUSBChannelDisable</name>
         <load_address>0x3e0e</load_address>
         <run_address>0x3e0e</run_address>
         <size>0x32</size>
         <input_file_ref idref="fl-14a"/>
      </object_component>
      <object_component id="oc-69b">
         <name>.text:DMAUSBIntHandler</name>
         <load_address>0x3e40</load_address>
         <run_address>0x3e40</run_address>
         <size>0x30</size>
         <input_file_ref idref="fl-14a"/>
      </object_component>
      <object_component id="oc-609">
         <name>.text:HandleConfigChange</name>
         <load_address>0x3e70</load_address>
         <run_address>0x3e70</run_address>
         <size>0x30</size>
         <input_file_ref idref="fl-142"/>
      </object_component>
      <object_component id="oc-512">
         <name>.text:InternalUSBTickInit</name>
         <load_address>0x3ea0</load_address>
         <run_address>0x3ea0</run_address>
         <size>0x30</size>
         <input_file_ref idref="fl-148"/>
      </object_component>
      <object_component id="oc-5c5">
         <name>.text:USBDGetConfiguration</name>
         <load_address>0x3ed0</load_address>
         <run_address>0x3ed0</run_address>
         <size>0x30</size>
         <input_file_ref idref="fl-144"/>
      </object_component>
      <object_component id="oc-31c">
         <name>.text:USBEndpointDataPut</name>
         <load_address>0x3f00</load_address>
         <run_address>0x3f00</run_address>
         <size>0x30</size>
         <input_file_ref idref="fl-14e"/>
      </object_component>
      <object_component id="oc-111">
         <name>.text:ADCIntStatus</name>
         <load_address>0x3f30</load_address>
         <run_address>0x3f30</run_address>
         <size>0x2e</size>
         <input_file_ref idref="fl-157"/>
      </object_component>
      <object_component id="oc-322">
         <name>.text:USBEndpointDataSend</name>
         <load_address>0x3f5e</load_address>
         <run_address>0x3f5e</run_address>
         <size>0x2e</size>
         <input_file_ref idref="fl-14e"/>
      </object_component>
      <object_component id="oc-1cf">
         <name>.text</name>
         <load_address>0x3f8c</load_address>
         <run_address>0x3f8c</run_address>
         <size>0x2c</size>
         <input_file_ref idref="fl-3"/>
      </object_component>
      <object_component id="oc-83f">
         <name>.text:USBDescGet</name>
         <load_address>0x3fb8</load_address>
         <run_address>0x3fb8</run_address>
         <size>0x2c</size>
         <input_file_ref idref="fl-14b"/>
      </object_component>
      <object_component id="oc-3d5">
         <name>.text:uDMAChannelAssign</name>
         <load_address>0x3fe4</load_address>
         <run_address>0x3fe4</run_address>
         <size>0x2c</size>
         <input_file_ref idref="fl-14f"/>
      </object_component>
      <object_component id="oc-6a1">
         <name>.text:uDMAUSBIntStatus</name>
         <load_address>0x4010</load_address>
         <run_address>0x4010</run_address>
         <size>0x2c</size>
         <input_file_ref idref="fl-14a"/>
      </object_component>
      <object_component id="oc-39f">
         <name>.text:GPIODirModeSet</name>
         <load_address>0x403c</load_address>
         <run_address>0x403c</run_address>
         <size>0x2a</size>
         <input_file_ref idref="fl-155"/>
      </object_component>
      <object_component id="oc-72a">
         <name>.text:USBDCDConfigDescGetNum</name>
         <load_address>0x4066</load_address>
         <run_address>0x4066</run_address>
         <size>0x2a</size>
         <input_file_ref idref="fl-146"/>
      </object_component>
      <object_component id="oc-832">
         <name>.text:USBDescGetNum</name>
         <load_address>0x4090</load_address>
         <run_address>0x4090</run_address>
         <size>0x28</size>
         <input_file_ref idref="fl-14b"/>
      </object_component>
      <object_component id="oc-573">
         <name>.text:USBIntEnableControl</name>
         <load_address>0x40b8</load_address>
         <run_address>0x40b8</run_address>
         <size>0x28</size>
         <input_file_ref idref="fl-14e"/>
      </object_component>
      <object_component id="oc-11d">
         <name>.text:uDMAChannelModeGet</name>
         <load_address>0x40e0</load_address>
         <run_address>0x40e0</run_address>
         <size>0x28</size>
         <input_file_ref idref="fl-14f"/>
      </object_component>
      <object_component id="oc-765">
         <name>.text:GetIdleTimeout</name>
         <load_address>0x4108</load_address>
         <run_address>0x4108</run_address>
         <size>0x26</size>
         <input_file_ref idref="fl-142"/>
      </object_component>
      <object_component id="oc-60f">
         <name>.text:HandleEP0DataReceived</name>
         <load_address>0x412e</load_address>
         <run_address>0x412e</run_address>
         <size>0x26</size>
         <input_file_ref idref="fl-142"/>
      </object_component>
      <object_component id="oc-3b6">
         <name>.text:USBDHIDInit</name>
         <load_address>0x4154</load_address>
         <run_address>0x4154</run_address>
         <size>0x26</size>
         <input_file_ref idref="fl-142"/>
      </object_component>
      <object_component id="oc-353">
         <name>.text:IntPrioritySet</name>
         <load_address>0x417c</load_address>
         <run_address>0x417c</run_address>
         <size>0x24</size>
         <input_file_ref idref="fl-154"/>
      </object_component>
      <object_component id="oc-5b3">
         <name>.text:USBDSetAddress</name>
         <load_address>0x41a0</load_address>
         <run_address>0x41a0</run_address>
         <size>0x24</size>
         <input_file_ref idref="fl-144"/>
      </object_component>
      <object_component id="oc-195">
         <name>.text:USBDevEndpointDataAck</name>
         <load_address>0x41c4</load_address>
         <run_address>0x41c4</run_address>
         <size>0x24</size>
         <input_file_ref idref="fl-14e"/>
      </object_component>
      <object_component id="oc-796">
         <name>.text:USBEndpointDMADisable</name>
         <load_address>0x41e8</load_address>
         <run_address>0x41e8</run_address>
         <size>0x24</size>
         <input_file_ref idref="fl-14e"/>
      </object_component>
      <object_component id="oc-7b0">
         <name>.text:USBEndpointDMAEnable</name>
         <load_address>0x420c</load_address>
         <run_address>0x420c</run_address>
         <size>0x24</size>
         <input_file_ref idref="fl-14e"/>
      </object_component>
      <object_component id="oc-3e1">
         <name>.text:uDMAChannelControlSet</name>
         <load_address>0x4230</load_address>
         <run_address>0x4230</run_address>
         <size>0x24</size>
         <input_file_ref idref="fl-14f"/>
      </object_component>
      <object_component id="oc-695">
         <name>.text:uDMAUSBChannelStatus</name>
         <load_address>0x4254</load_address>
         <run_address>0x4254</run_address>
         <size>0x22</size>
         <input_file_ref idref="fl-14a"/>
      </object_component>
      <object_component id="oc-824">
         <name>.text:GetEndpointFIFOSize</name>
         <load_address>0x4276</load_address>
         <run_address>0x4276</run_address>
         <size>0x20</size>
         <input_file_ref idref="fl-145"/>
      </object_component>
      <object_component id="oc-3b0">
         <name>.text:USBStackModeSet</name>
         <load_address>0x4298</load_address>
         <run_address>0x4298</run_address>
         <size>0x20</size>
         <input_file_ref idref="fl-149"/>
      </object_component>
      <object_component id="oc-62d">
         <name>.text:HandleDisconnect</name>
         <load_address>0x42b8</load_address>
         <run_address>0x42b8</run_address>
         <size>0x1e</size>
         <input_file_ref idref="fl-142"/>
      </object_component>
      <object_component id="oc-615">
         <name>.text:HandleEP0DataSent</name>
         <load_address>0x42d6</load_address>
         <run_address>0x42d6</run_address>
         <size>0x1e</size>
         <input_file_ref idref="fl-142"/>
      </object_component>
      <object_component id="oc-64e">
         <name>.text:USBULPIRegRead</name>
         <load_address>0x42f4</load_address>
         <run_address>0x42f4</run_address>
         <size>0x1e</size>
         <input_file_ref idref="fl-14e"/>
      </object_component>
      <object_component id="oc-654">
         <name>.text:USBULPIRegWrite</name>
         <load_address>0x4312</load_address>
         <run_address>0x4312</run_address>
         <size>0x1e</size>
         <input_file_ref idref="fl-14e"/>
      </object_component>
      <object_component id="oc-50c">
         <name>.text:ClearIdleTimers</name>
         <load_address>0x4330</load_address>
         <run_address>0x4330</run_address>
         <size>0x1c</size>
         <input_file_ref idref="fl-142"/>
      </object_component>
      <object_component id="oc-19b">
         <name>.text:SetDeferredOpFlag</name>
         <load_address>0x434c</load_address>
         <run_address>0x434c</run_address>
         <size>0x1c</size>
         <input_file_ref idref="fl-142"/>
      </object_component>
      <object_component id="oc-5ec">
         <name>.text:USBDCDConfigGetInterface</name>
         <load_address>0x4368</load_address>
         <run_address>0x4368</run_address>
         <size>0x1c</size>
         <input_file_ref idref="fl-146"/>
      </object_component>
      <object_component id="oc-4c8">
         <name>.text:USBDCDStallEP0</name>
         <load_address>0x4384</load_address>
         <run_address>0x4384</run_address>
         <size>0x1c</size>
         <input_file_ref idref="fl-144"/>
      </object_component>
      <object_component id="oc-183">
         <name>.text:USBEndpointDataAvail</name>
         <load_address>0x43a0</load_address>
         <run_address>0x43a0</run_address>
         <size>0x1c</size>
         <input_file_ref idref="fl-14e"/>
      </object_component>
      <object_component id="oc-1c8">
         <name>.text:clearRfCE</name>
         <load_address>0x43bc</load_address>
         <run_address>0x43bc</run_address>
         <size>0x1c</size>
         <input_file_ref idref="fl-3"/>
      </object_component>
      <object_component id="oc-1fd">
         <name>.text:setRfCE</name>
         <load_address>0x43d8</load_address>
         <run_address>0x43d8</run_address>
         <size>0x1c</size>
         <input_file_ref idref="fl-3"/>
      </object_component>
      <object_component id="oc-790">
         <name>.text:USBEndpointDMAChannel</name>
         <load_address>0x43f4</load_address>
         <run_address>0x43f4</run_address>
         <size>0x1a</size>
         <input_file_ref idref="fl-14e"/>
      </object_component>
      <object_component id="oc-24f">
         <name>.text:GPIOPinTypeGPIOOutput</name>
         <load_address>0x440e</load_address>
         <run_address>0x440e</run_address>
         <size>0x18</size>
         <input_file_ref idref="fl-155"/>
      </object_component>
      <object_component id="oc-3b">
         <name>.text:USB0DeviceIntHandler</name>
         <load_address>0x4428</load_address>
         <run_address>0x4428</run_address>
         <size>0x18</size>
         <input_file_ref idref="fl-143"/>
      </object_component>
      <object_component id="oc-4d5">
         <name>.text:USBDCDConfigDescGetSize</name>
         <load_address>0x4440</load_address>
         <run_address>0x4440</run_address>
         <size>0x18</size>
         <input_file_ref idref="fl-146"/>
      </object_component>
      <object_component id="oc-5bf">
         <name>.text:USBDSetDescriptor</name>
         <load_address>0x4458</load_address>
         <run_address>0x4458</run_address>
         <size>0x18</size>
         <input_file_ref idref="fl-144"/>
      </object_component>
      <object_component id="oc-5dd">
         <name>.text:USBDSyncFrame</name>
         <load_address>0x4470</load_address>
         <run_address>0x4470</run_address>
         <size>0x18</size>
         <input_file_ref idref="fl-144"/>
      </object_component>
      <object_component id="oc-49">
         <name>.text</name>
         <load_address>0x4488</load_address>
         <run_address>0x4488</run_address>
         <size>0x18</size>
         <input_file_ref idref="fl-13f"/>
      </object_component>
      <object_component id="oc-79d">
         <name>.text:uDMAChannelDisable</name>
         <load_address>0x44a0</load_address>
         <run_address>0x44a0</run_address>
         <size>0x18</size>
         <input_file_ref idref="fl-14f"/>
      </object_component>
      <object_component id="oc-12f">
         <name>.text:uDMAChannelEnable</name>
         <load_address>0x44b8</load_address>
         <run_address>0x44b8</run_address>
         <size>0x18</size>
         <input_file_ref idref="fl-14f"/>
      </object_component>
      <object_component id="oc-1ea">
         <name>.text:RF24_setConfigureRegister</name>
         <load_address>0x44d0</load_address>
         <run_address>0x44d0</run_address>
         <size>0x16</size>
         <input_file_ref idref="fl-2"/>
      </object_component>
      <object_component id="oc-531">
         <name>.text:SysCtlUSBPLLEnable</name>
         <load_address>0x44e8</load_address>
         <run_address>0x44e8</run_address>
         <size>0x14</size>
         <input_file_ref idref="fl-152"/>
      </object_component>
      <object_component id="oc-261">
         <name>.text:SysTickEnable</name>
         <load_address>0x44fc</load_address>
         <run_address>0x44fc</run_address>
         <size>0x14</size>
         <input_file_ref idref="fl-151"/>
      </object_component>
      <object_component id="oc-25b">
         <name>.text:SysTickIntEnable</name>
         <load_address>0x4510</load_address>
         <run_address>0x4510</run_address>
         <size>0x14</size>
         <input_file_ref idref="fl-151"/>
      </object_component>
      <object_component id="oc-123">
         <name>.text:TimerDisable</name>
         <load_address>0x4524</load_address>
         <run_address>0x4524</run_address>
         <size>0x14</size>
         <input_file_ref idref="fl-150"/>
      </object_component>
      <object_component id="oc-75f">
         <name>.text:USBDCDRequestDataEP0</name>
         <load_address>0x4538</load_address>
         <run_address>0x4538</run_address>
         <size>0x14</size>
         <input_file_ref idref="fl-144"/>
      </object_component>
      <object_component id="oc-758">
         <name>.text:USBDCDSendDataEP0</name>
         <load_address>0x454c</load_address>
         <run_address>0x454c</run_address>
         <size>0x14</size>
         <input_file_ref idref="fl-144"/>
      </object_component>
      <object_component id="oc-411">
         <name>.text:USBHostResume</name>
         <load_address>0x4560</load_address>
         <run_address>0x4560</run_address>
         <size>0x14</size>
         <input_file_ref idref="fl-14e"/>
      </object_component>
      <object_component id="oc-579">
         <name>.text:USBIntEnableEndpoint</name>
         <load_address>0x4574</load_address>
         <run_address>0x4574</run_address>
         <size>0x14</size>
         <input_file_ref idref="fl-14e"/>
      </object_component>
      <object_component id="oc-863">
         <name>.text:_USBIndexWrite</name>
         <load_address>0x4588</load_address>
         <run_address>0x4588</run_address>
         <size>0x14</size>
         <input_file_ref idref="fl-14e"/>
      </object_component>
      <object_component id="oc-2e5">
         <name>.text</name>
         <load_address>0x459c</load_address>
         <run_address>0x459c</run_address>
         <size>0x14</size>
         <input_file_ref idref="fl-13e"/>
      </object_component>
      <object_component id="oc-ed">
         <name>.text:ADCHardwareOversampleConfigure</name>
         <load_address>0x45b0</load_address>
         <run_address>0x45b0</run_address>
         <size>0x12</size>
         <input_file_ref idref="fl-157"/>
      </object_component>
      <object_component id="oc-3c3">
         <name>.text:GPIOPinTypeADC</name>
         <load_address>0x45c2</load_address>
         <run_address>0x45c2</run_address>
         <size>0x12</size>
         <input_file_ref idref="fl-155"/>
      </object_component>
      <object_component id="oc-32f">
         <name>.text:GPIOPinTypeGPIOInput</name>
         <load_address>0x45d4</load_address>
         <run_address>0x45d4</run_address>
         <size>0x12</size>
         <input_file_ref idref="fl-155"/>
      </object_component>
      <object_component id="oc-335">
         <name>.text:GPIOPinTypeSSI</name>
         <load_address>0x45e6</load_address>
         <run_address>0x45e6</run_address>
         <size>0x12</size>
         <input_file_ref idref="fl-155"/>
      </object_component>
      <object_component id="oc-3aa">
         <name>.text:GPIOPinTypeUSBAnalog</name>
         <load_address>0x45f8</load_address>
         <run_address>0x45f8</run_address>
         <size>0x12</size>
         <input_file_ref idref="fl-155"/>
      </object_component>
      <object_component id="oc-627">
         <name>.text:HandleResume</name>
         <load_address>0x460a</load_address>
         <run_address>0x460a</run_address>
         <size>0x12</size>
         <input_file_ref idref="fl-142"/>
      </object_component>
      <object_component id="oc-621">
         <name>.text:HandleSuspend</name>
         <load_address>0x461c</load_address>
         <run_address>0x461c</run_address>
         <size>0x12</size>
         <input_file_ref idref="fl-142"/>
      </object_component>
      <object_component id="oc-359">
         <name>.text:SSIDataGetNonBlocking</name>
         <load_address>0x462e</load_address>
         <run_address>0x462e</run_address>
         <size>0x12</size>
         <input_file_ref idref="fl-153"/>
      </object_component>
      <object_component id="oc-3ed">
         <name>.text:TimerLoadSet</name>
         <load_address>0x4640</load_address>
         <run_address>0x4640</run_address>
         <size>0x12</size>
         <input_file_ref idref="fl-150"/>
      </object_component>
      <object_component id="oc-803">
         <name>.text:USBDMAChannelConfigSet</name>
         <load_address>0x4652</load_address>
         <run_address>0x4652</run_address>
         <size>0x12</size>
         <input_file_ref idref="fl-14e"/>
      </object_component>
      <object_component id="oc-7d4">
         <name>.text:USBDMAChannelDisable</name>
         <load_address>0x4664</load_address>
         <run_address>0x4664</run_address>
         <size>0x12</size>
         <input_file_ref idref="fl-14e"/>
      </object_component>
      <object_component id="oc-809">
         <name>.text:USBDMAChannelEnable</name>
         <load_address>0x4676</load_address>
         <run_address>0x4676</run_address>
         <size>0x12</size>
         <input_file_ref idref="fl-14e"/>
      </object_component>
      <object_component id="oc-7f0">
         <name>.text:USBDMAChannelIntDisable</name>
         <load_address>0x4688</load_address>
         <run_address>0x4688</run_address>
         <size>0x12</size>
         <input_file_ref idref="fl-14e"/>
      </object_component>
      <object_component id="oc-7e9">
         <name>.text:USBDMAChannelIntEnable</name>
         <load_address>0x469a</load_address>
         <run_address>0x469a</run_address>
         <size>0x12</size>
         <input_file_ref idref="fl-14e"/>
      </object_component>
      <object_component id="oc-1c">
         <name>.text:decompress:ZI</name>
         <load_address>0x46ac</load_address>
         <run_address>0x46ac</run_address>
         <size>0x12</size>
         <input_file_ref idref="fl-13a"/>
      </object_component>
      <object_component id="oc-10b">
         <name>.text:ADCSequenceDMAEnable</name>
         <load_address>0x46be</load_address>
         <run_address>0x46be</run_address>
         <size>0x10</size>
         <input_file_ref idref="fl-157"/>
      </object_component>
      <object_component id="oc-241">
         <name>.text:DistanceSensing_start</name>
         <load_address>0x46d0</load_address>
         <run_address>0x46d0</run_address>
         <size>0x10</size>
         <input_file_ref idref="fl-7"/>
      </object_component>
      <object_component id="oc-255">
         <name>.text:SysTickPeriodSet</name>
         <load_address>0x46e0</load_address>
         <run_address>0x46e0</run_address>
         <size>0x10</size>
         <input_file_ref idref="fl-151"/>
      </object_component>
      <object_component id="oc-17d">
         <name>.text:USBEndpointStatus</name>
         <load_address>0x46f0</load_address>
         <run_address>0x46f0</run_address>
         <size>0x10</size>
         <input_file_ref idref="fl-14e"/>
      </object_component>
      <object_component id="oc-1f1">
         <name>.text:clearRfCSN</name>
         <load_address>0x4700</load_address>
         <run_address>0x4700</run_address>
         <size>0x10</size>
         <input_file_ref idref="fl-3"/>
      </object_component>
      <object_component id="oc-1c1">
         <name>.text:setRfCSN</name>
         <load_address>0x4710</load_address>
         <run_address>0x4710</run_address>
         <size>0x10</size>
         <input_file_ref idref="fl-3"/>
      </object_component>
      <object_component id="oc-3c9">
         <name>.text:uDMAEnable</name>
         <load_address>0x4720</load_address>
         <run_address>0x4720</run_address>
         <size>0x10</size>
         <input_file_ref idref="fl-14f"/>
      </object_component>
      <object_component id="oc-105">
         <name>.text:ADCSequenceEnable</name>
         <load_address>0x4730</load_address>
         <run_address>0x4730</run_address>
         <size>0xe</size>
         <input_file_ref idref="fl-157"/>
      </object_component>
      <object_component id="oc-6a7">
         <name>.text:DMAUSBIntStatusClear</name>
         <load_address>0x473e</load_address>
         <run_address>0x473e</run_address>
         <size>0xe</size>
         <input_file_ref idref="fl-14a"/>
      </object_component>
      <object_component id="oc-392">
         <name>.text:TimerEnable</name>
         <load_address>0x474c</load_address>
         <run_address>0x474c</run_address>
         <size>0xe</size>
         <input_file_ref idref="fl-150"/>
      </object_component>
      <object_component id="oc-7db">
         <name>.text:USBDMAChannelStatus</name>
         <load_address>0x475a</load_address>
         <run_address>0x475a</run_address>
         <size>0xe</size>
         <input_file_ref idref="fl-14e"/>
      </object_component>
      <object_component id="oc-55b">
         <name>.text:USBDevLPMDisable</name>
         <load_address>0x4768</load_address>
         <run_address>0x4768</run_address>
         <size>0xe</size>
         <input_file_ref idref="fl-14e"/>
      </object_component>
      <object_component id="oc-2b6">
         <name>.text:USBDevLPMEnable</name>
         <load_address>0x4776</load_address>
         <run_address>0x4776</run_address>
         <size>0xe</size>
         <input_file_ref idref="fl-14e"/>
      </object_component>
      <object_component id="oc-549">
         <name>.text:USBULPIDisable</name>
         <load_address>0x4784</load_address>
         <run_address>0x4784</run_address>
         <size>0xe</size>
         <input_file_ref idref="fl-14e"/>
      </object_component>
      <object_component id="oc-53d">
         <name>.text:USBULPIEnable</name>
         <load_address>0x4792</load_address>
         <run_address>0x4792</run_address>
         <size>0xe</size>
         <input_file_ref idref="fl-14e"/>
      </object_component>
      <object_component id="oc-16">
         <name>.text:decompress:none</name>
         <load_address>0x47a0</load_address>
         <run_address>0x47a0</run_address>
         <size>0xe</size>
         <input_file_ref idref="fl-138"/>
      </object_component>
      <object_component id="oc-462">
         <name>.text:CPUcpsie</name>
         <load_address>0x47ae</load_address>
         <run_address>0x47ae</run_address>
         <size>0xc</size>
         <input_file_ref idref="fl-156"/>
      </object_component>
      <object_component id="oc-33b">
         <name>.text:GPIOIntEnable</name>
         <load_address>0x47ba</load_address>
         <run_address>0x47ba</run_address>
         <size>0xc</size>
         <input_file_ref idref="fl-155"/>
      </object_component>
      <object_component id="oc-368">
         <name>.text:SSIDataGet</name>
         <load_address>0x47c6</load_address>
         <run_address>0x47c6</run_address>
         <size>0xc</size>
         <input_file_ref idref="fl-153"/>
      </object_component>
      <object_component id="oc-7c5">
         <name>.text:USBEndpointPacketCountSet</name>
         <load_address>0x47d2</load_address>
         <run_address>0x47d2</run_address>
         <size>0xc</size>
         <input_file_ref idref="fl-14e"/>
      </object_component>
      <object_component id="oc-567">
         <name>.text:USBLPMIntEnable</name>
         <load_address>0x47de</load_address>
         <run_address>0x47de</run_address>
         <size>0xc</size>
         <input_file_ref idref="fl-14e"/>
      </object_component>
      <object_component id="oc-1e3">
         <name>.text:getCEState</name>
         <load_address>0x47ec</load_address>
         <run_address>0x47ec</run_address>
         <size>0xc</size>
         <input_file_ref idref="fl-3"/>
      </object_component>
      <object_component id="oc-29">
         <name>.text</name>
         <load_address>0x47f8</load_address>
         <run_address>0x47f8</run_address>
         <size>0xc</size>
         <input_file_ref idref="fl-5"/>
      </object_component>
      <object_component id="oc-3cf">
         <name>.text:uDMAControlBaseSet</name>
         <load_address>0x4804</load_address>
         <run_address>0x4804</run_address>
         <size>0xc</size>
         <input_file_ref idref="fl-14f"/>
      </object_component>
      <object_component id="oc-d2">
         <name>.text:uDMAErrorStatusClear</name>
         <load_address>0x4810</load_address>
         <run_address>0x4810</run_address>
         <size>0xc</size>
         <input_file_ref idref="fl-14f"/>
      </object_component>
      <object_component id="oc-cc">
         <name>.text:uDMAErrorStatusGet</name>
         <load_address>0x481c</load_address>
         <run_address>0x481c</run_address>
         <size>0xc</size>
         <input_file_ref idref="fl-14f"/>
      </object_component>
      <object_component id="oc-117">
         <name>.text:ADCIntClear</name>
         <load_address>0x4828</load_address>
         <run_address>0x4828</run_address>
         <size>0xa</size>
         <input_file_ref idref="fl-157"/>
      </object_component>
      <object_component id="oc-347">
         <name>.text:IntMasterEnable</name>
         <load_address>0x4832</load_address>
         <run_address>0x4832</run_address>
         <size>0xa</size>
         <input_file_ref idref="fl-154"/>
      </object_component>
      <object_component id="oc-362">
         <name>.text:SSIDataPut</name>
         <load_address>0x483c</load_address>
         <run_address>0x483c</run_address>
         <size>0xa</size>
         <input_file_ref idref="fl-153"/>
      </object_component>
      <object_component id="oc-228">
         <name>.text:SSIDisable</name>
         <load_address>0x4846</load_address>
         <run_address>0x4846</run_address>
         <size>0xa</size>
         <input_file_ref idref="fl-153"/>
      </object_component>
      <object_component id="oc-23a">
         <name>.text:SSIEnable</name>
         <load_address>0x4850</load_address>
         <run_address>0x4850</run_address>
         <size>0xa</size>
         <input_file_ref idref="fl-153"/>
      </object_component>
      <object_component id="oc-537">
         <name>.text:USBClockEnable</name>
         <load_address>0x485a</load_address>
         <run_address>0x485a</run_address>
         <size>0xa</size>
         <input_file_ref idref="fl-14e"/>
      </object_component>
      <object_component id="oc-662">
         <name>.text:USBControllerVersion</name>
         <load_address>0x4864</load_address>
         <run_address>0x4864</run_address>
         <size>0xa</size>
         <input_file_ref idref="fl-14e"/>
      </object_component>
      <object_component id="oc-7f7">
         <name>.text:USBDMAChannelAddressSet</name>
         <load_address>0x486e</load_address>
         <run_address>0x486e</run_address>
         <size>0xa</size>
         <input_file_ref idref="fl-14e"/>
      </object_component>
      <object_component id="oc-7fd">
         <name>.text:USBDMAChannelCountSet</name>
         <load_address>0x4878</load_address>
         <run_address>0x4878</run_address>
         <size>0xa</size>
         <input_file_ref idref="fl-14e"/>
      </object_component>
      <object_component id="oc-57f">
         <name>.text:USBDevConnect</name>
         <load_address>0x4882</load_address>
         <run_address>0x4882</run_address>
         <size>0xa</size>
         <input_file_ref idref="fl-14e"/>
      </object_component>
      <object_component id="oc-2c8">
         <name>.text:USBDevDisconnect</name>
         <load_address>0x488c</load_address>
         <run_address>0x488c</run_address>
         <size>0xa</size>
         <input_file_ref idref="fl-14e"/>
      </object_component>
      <object_component id="oc-2bc">
         <name>.text:USBIntStatusEndpoint</name>
         <load_address>0x4896</load_address>
         <run_address>0x4896</run_address>
         <size>0xa</size>
         <input_file_ref idref="fl-14e"/>
      </object_component>
      <object_component id="oc-555">
         <name>.text:USBDevMode</name>
         <load_address>0x48a0</load_address>
         <run_address>0x48a0</run_address>
         <size>0x8</size>
         <input_file_ref idref="fl-14e"/>
      </object_component>
      <object_component id="oc-7bf">
         <name>.text:USBFIFOAddrGet</name>
         <load_address>0x48a8</load_address>
         <run_address>0x48a8</run_address>
         <size>0x8</size>
         <input_file_ref idref="fl-14e"/>
      </object_component>
      <object_component id="oc-54f">
         <name>.text:USBOTGMode</name>
         <load_address>0x48b0</load_address>
         <run_address>0x48b0</run_address>
         <size>0x8</size>
         <input_file_ref idref="fl-14e"/>
      </object_component>
      <object_component id="oc-6dd">
         <name>.text:iDMAUSBChannelIntDisable</name>
         <load_address>0x48b8</load_address>
         <run_address>0x48b8</run_address>
         <size>0x8</size>
         <input_file_ref idref="fl-14a"/>
      </object_component>
      <object_component id="oc-6d7">
         <name>.text:iDMAUSBChannelIntEnable</name>
         <load_address>0x48c0</load_address>
         <run_address>0x48c0</run_address>
         <size>0x8</size>
         <input_file_ref idref="fl-14a"/>
      </object_component>
      <object_component id="oc-93">
         <name>.text:GPIOPinRead</name>
         <load_address>0x48c8</load_address>
         <run_address>0x48c8</run_address>
         <size>0x6</size>
         <input_file_ref idref="fl-155"/>
      </object_component>
      <object_component id="oc-7a">
         <name>.text:GPIOPinWrite</name>
         <load_address>0x48ce</load_address>
         <run_address>0x48ce</run_address>
         <size>0x6</size>
         <input_file_ref idref="fl-155"/>
      </object_component>
      <object_component id="oc-80">
         <name>.text:SysCtlDelay</name>
         <load_address>0x48d4</load_address>
         <run_address>0x48d4</run_address>
         <size>0x6</size>
         <input_file_ref idref="fl-152"/>
      </object_component>
      <object_component id="oc-7e2">
         <name>.text:USBDMAChannelIntStatus</name>
         <load_address>0x48da</load_address>
         <run_address>0x48da</run_address>
         <size>0x6</size>
         <input_file_ref idref="fl-14e"/>
      </object_component>
      <object_component id="oc-561">
         <name>.text:USBDevLPMConfig</name>
         <load_address>0x48e0</load_address>
         <run_address>0x48e0</run_address>
         <size>0x6</size>
         <input_file_ref idref="fl-14e"/>
      </object_component>
      <object_component id="oc-2b0">
         <name>.text:USBLPMIntStatus</name>
         <load_address>0x48e6</load_address>
         <run_address>0x48e6</run_address>
         <size>0x6</size>
         <input_file_ref idref="fl-14e"/>
      </object_component>
      <object_component id="oc-22">
         <name>.text:decompress:rle24</name>
         <load_address>0x48ec</load_address>
         <run_address>0x48ec</run_address>
         <size>0x6</size>
         <input_file_ref idref="fl-139"/>
      </object_component>
      <object_component id="oc-6d1">
         <name>.text:iDMAUSBIntStatus</name>
         <load_address>0x48f2</load_address>
         <run_address>0x48f2</run_address>
         <size>0x6</size>
         <input_file_ref idref="fl-14a"/>
      </object_component>
      <object_component id="oc-6ad">
         <name>.text:DMAUSBStatus</name>
         <load_address>0x48f8</load_address>
         <run_address>0x48f8</run_address>
         <size>0x4</size>
         <input_file_ref idref="fl-14a"/>
      </object_component>
      <object_component id="oc-61b">
         <name>.text:HandleReset</name>
         <load_address>0x48fc</load_address>
         <run_address>0x48fc</run_address>
         <size>0x4</size>
         <input_file_ref idref="fl-142"/>
      </object_component>
      <object_component id="oc-420">
         <name>.text:USBDevAddrSet</name>
         <load_address>0x4900</load_address>
         <run_address>0x4900</run_address>
         <size>0x4</size>
         <input_file_ref idref="fl-14e"/>
      </object_component>
      <object_component id="oc-46e">
         <name>.const:g_pui32Regs</name>
         <load_address>0x4904</load_address>
         <run_address>0x4904</run_address>
         <size>0x9c</size>
         <input_file_ref idref="fl-154"/>
      </object_component>
      <object_component id="oc-45a">
         <name>.const:g_pui32GPIOBaseAddrs</name>
         <load_address>0x49a0</load_address>
         <run_address>0x49a0</run_address>
         <size>0x90</size>
         <input_file_ref idref="fl-155"/>
      </object_component>
      <object_component id="oc-469">
         <name>.const</name>
         <load_address>0x4a30</load_address>
         <run_address>0x4a30</run_address>
         <size>0x70</size>
         <input_file_ref idref="fl-154"/>
      </object_component>
      <object_component id="oc-4a5">
         <name>.const</name>
         <load_address>0x4aa0</load_address>
         <run_address>0x4aa0</run_address>
         <size>0x70</size>
         <input_file_ref idref="fl-4"/>
      </object_component>
      <object_component id="oc-38c">
         <name>.const:g_pui32Xtals</name>
         <load_address>0x4b10</load_address>
         <run_address>0x4b10</run_address>
         <size>0x6c</size>
         <input_file_ref idref="fl-152"/>
      </object_component>
      <object_component id="oc-588">
         <name>.const:.string</name>
         <load_address>0x4b7c</load_address>
         <run_address>0x4b7c</run_address>
         <size>0x68</size>
         <input_file_ref idref="fl-4"/>
      </object_component>
      <object_component id="oc-591">
         <name>.const:.string:g_pui8ConfigString</name>
         <load_address>0x4be4</load_address>
         <run_address>0x4be4</run_address>
         <size>0x40</size>
         <input_file_ref idref="fl-4"/>
      </object_component>
      <object_component id="oc-4d1">
         <name>.const:g_psUSBDStdRequests</name>
         <load_address>0x4c24</load_address>
         <run_address>0x4c24</run_address>
         <size>0x34</size>
         <input_file_ref idref="fl-144"/>
      </object_component>
      <object_component id="oc-58e">
         <name>.const:.string:g_pui8HIDInterfaceString</name>
         <load_address>0x4c58</load_address>
         <run_address>0x4c58</run_address>
         <size>0x30</size>
         <input_file_ref idref="fl-4"/>
      </object_component>
      <object_component id="oc-51e">
         <name>.const:g_sHIDHandlers</name>
         <load_address>0x4c88</load_address>
         <run_address>0x4c88</run_address>
         <size>0x30</size>
         <input_file_ref idref="fl-142"/>
      </object_component>
      <object_component id="oc-58b">
         <name>.const:.string:g_pui8ProductString</name>
         <load_address>0x4cb8</load_address>
         <run_address>0x4cb8</run_address>
         <size>0x28</size>
         <input_file_ref idref="fl-4"/>
      </object_component>
      <object_component id="oc-3c0">
         <name>.const:.string</name>
         <load_address>0x4ce0</load_address>
         <run_address>0x4ce0</run_address>
         <size>0x3</size>
         <input_file_ref idref="fl-6"/>
      </object_component>
      <object_component id="oc-8a9">
         <name>.cinit..data.load</name>
         <load_address>0x4ce8</load_address>
         <run_address>0x4ce8</run_address>
         <size>0x7f</size>
      </object_component>
      <object_component id="oc-8a7">
         <name>__TI_handler_table</name>
         <load_address>0x4d68</load_address>
         <run_address>0x4d68</run_address>
         <size>0xc</size>
      </object_component>
      <object_component id="oc-8aa">
         <name>.cinit..bss.load</name>
         <load_address>0x4d78</load_address>
         <run_address>0x4d78</run_address>
         <size>0x8</size>
      </object_component>
      <object_component id="oc-8a8">
         <name>__TI_cinit_table</name>
         <load_address>0x4d80</load_address>
         <run_address>0x4d80</run_address>
         <size>0x10</size>
      </object_component>
      <object_component id="oc-55">
         <name>.data</name>
         <load_address>0x20001010</load_address>
         <run_address>0x20001010</run_address>
         <size>0x4</size>
         <input_file_ref idref="fl-13d"/>
      </object_component>
      <object_component id="oc-9c">
         <name>.data</name>
         <load_address>0x20000fb0</load_address>
         <run_address>0x20000fb0</run_address>
         <size>0x14</size>
         <input_file_ref idref="fl-6"/>
      </object_component>
      <object_component id="oc-159">
         <name>.data</name>
         <load_address>0x20000ff0</load_address>
         <run_address>0x20000ff0</run_address>
         <size>0x8</size>
         <input_file_ref idref="fl-13e"/>
      </object_component>
      <object_component id="oc-15c">
         <name>.data</name>
         <load_address>0x20000ff8</load_address>
         <run_address>0x20000ff8</run_address>
         <size>0x8</size>
         <input_file_ref idref="fl-13b"/>
      </object_component>
      <object_component id="oc-2d4">
         <name>.data</name>
         <load_address>0x20000fd8</load_address>
         <run_address>0x20000fd8</run_address>
         <size>0xc</size>
         <input_file_ref idref="fl-148"/>
      </object_component>
      <object_component id="oc-2d7">
         <name>.data</name>
         <load_address>0x20001008</load_address>
         <run_address>0x20001008</run_address>
         <size>0x8</size>
         <input_file_ref idref="fl-144"/>
      </object_component>
      <object_component id="oc-3bd">
         <name>.data:g_sHIDSwarmColtrolDevice</name>
         <load_address>0x20000f44</load_address>
         <run_address>0x20000f44</run_address>
         <size>0x6c</size>
         <input_file_ref idref="fl-4"/>
      </object_component>
      <object_component id="oc-488">
         <name>.data</name>
         <load_address>0x20000fe4</load_address>
         <run_address>0x20000fe4</run_address>
         <size>0x9</size>
         <input_file_ref idref="fl-149"/>
      </object_component>
      <object_component id="oc-4a2">
         <name>.data</name>
         <load_address>0x20001000</load_address>
[...]
         <object_component_ref idref="oc-2d4"/>
      </symbol>
      <symbol id="sm-97a">
         <name>g_ui32CurrentUSBTick</name>
         <value>0x20000fdc</value>
         <object_component_ref idref="oc-2d4"/>
      </symbol>
      <symbol id="sm-97b">
         <name>InternalUSBStartOfFrameTick</name>
         <value>0x3c75</value>
         <object_component_ref idref="oc-2aa"/>
      </symbol>
      <symbol id="sm-97c">
         <name>g_pfnTickHandlers</name>
         <value>0x20000ad0</value>
         <object_component_ref idref="oc-418"/>
      </symbol>
      <symbol id="sm-97d">
         <name>InternalUSBRegisterTickHandler</name>
         <value>0x3c41</value>
         <object_component_ref idref="oc-518"/>
      </symbol>
      <symbol id="sm-97e">
         <name>InternalUSBTickInit</name>
         <value>0x3ea1</value>
         <object_component_ref idref="oc-512"/>
      </symbol>
      <symbol id="sm-9b7">
         <name>g_eOTGModeState</name>
         <value>0x20000b24</value>
         <object_component_ref idref="oc-48b"/>
      </symbol>
      <symbol id="sm-9b8">
         <name>g_ui32PollRate</name>
         <value>0x20000b20</value>
         <object_component_ref idref="oc-48b"/>
      </symbol>
      <symbol id="sm-9b9">
         <name>g_iUSBMode</name>
         <value>0x20000fe4</value>
         <object_component_ref idref="oc-488"/>
      </symbol>
      <symbol id="sm-9ba">
         <name>USBStackModeSet</name>
         <value>0x4299</value>
         <object_component_ref idref="oc-3b0"/>
      </symbol>
      <symbol id="sm-9bb">
         <name>g_ui32WaitTicks</name>
         <value>0x20000fe8</value>
         <object_component_ref idref="oc-488"/>
      </symbol>
      <symbol id="sm-b15">
         <name>USBLibDMAInit</name>
         <value>0xe55</value>
         <object_component_ref idref="oc-56d"/>
      </symbol>
      <symbol id="sm-b4a">
         <name>USBDescGet</name>
         <value>0x3fb9</value>
         <object_component_ref idref="oc-83f"/>
      </symbol>
      <symbol id="sm-b4b">
         <name>USBDescGetNum</name>
         <value>0x4091</value>
         <object_component_ref idref="oc-832"/>
      </symbol>
      <symbol id="sm-d13">
         <name>USBLPMIntEnable</name>
         <value>0x47df</value>
         <object_component_ref idref="oc-567"/>
      </symbol>
      <symbol id="sm-d14">
         <name>USBEndpointDataAvail</name>
         <value>0x43a1</value>
         <object_component_ref idref="oc-183"/>
      </symbol>
      <symbol id="sm-d15">
         <name>USBClockEnable</name>
         <value>0x485b</value>
         <object_component_ref idref="oc-537"/>
      </symbol>
      <symbol id="sm-d16">
         <name>USBDevDisconnect</name>
         <value>0x488d</value>
         <object_component_ref idref="oc-2c8"/>
      </symbol>
      <symbol id="sm-d17">
         <name>USBDevEndpointStallClear</name>
         <value>0x3609</value>
         <object_component_ref idref="oc-710"/>
      </symbol>
      <symbol id="sm-d18">
         <name>USBEndpointDataPut</name>
         <value>0x3f01</value>
         <object_component_ref idref="oc-31c"/>
      </symbol>
      <symbol id="sm-d19">
         <name>USBDMAChannelIntStatus</name>
         <value>0x48db</value>
         <object_component_ref idref="oc-7e2"/>
      </symbol>
      <symbol id="sm-d1a">
         <name>USBDevAddrSet</name>
         <value>0x4901</value>
         <object_component_ref idref="oc-420"/>
      </symbol>
      <symbol id="sm-d1b">
         <name>USBDMAChannelCountSet</name>
         <value>0x4879</value>
         <object_component_ref idref="oc-7fd"/>
      </symbol>
      <symbol id="sm-d1c">
         <name>USBLPMIntStatus</name>
         <value>0x48e7</value>
         <object_component_ref idref="oc-2b0"/>
      </symbol>
      <symbol id="sm-d1d">
         <name>USBDMAChannelAddressSet</name>
         <value>0x486f</value>
         <object_component_ref idref="oc-7f7"/>
      </symbol>
      <symbol id="sm-d1e">
         <name>USBULPIDisable</name>
         <value>0x4785</value>
         <object_component_ref idref="oc-549"/>
      </symbol>
      <symbol id="sm-d1f">
         <name>USBIntStatusControl</name>
         <value>0x3b9d</value>
         <object_component_ref idref="oc-13c"/>
      </symbol>
      <symbol id="sm-d20">
         <name>USBEndpointDMADisable</name>
         <value>0x41e9</value>
         <object_component_ref idref="oc-796"/>
      </symbol>
      <symbol id="sm-d21">
         <name>USBDevEndpointDataAck</name>
         <value>0x41c5</value>
         <object_component_ref idref="oc-195"/>
      </symbol>
      <symbol id="sm-d22">
         <name>USBOTGMode</name>
         <value>0x48b1</value>
         <object_component_ref idref="oc-54f"/>
      </symbol>
      <symbol id="sm-d23">
         <name>USBDMAChannelConfigSet</name>
         <value>0x4653</value>
         <object_component_ref idref="oc-803"/>
      </symbol>
      <symbol id="sm-d24">
         <name>USBULPIRegRead</name>
         <value>0x42f5</value>
         <object_component_ref idref="oc-64e"/>
      </symbol>
      <symbol id="sm-d25">
         <name>USBDevMode</name>
         <value>0x48a1</value>
         <object_component_ref idref="oc-555"/>
      </symbol>
      <symbol id="sm-d26">
         <name>USBIntEnableEndpoint</name>
         <value>0x4575</value>
         <object_component_ref idref="oc-579"/>
      </symbol>
      <symbol id="sm-d27">
         <name>USBEndpointDataGet</name>
         <value>0x38e1</value>
         <object_component_ref idref="oc-189"/>
      </symbol>
      <symbol id="sm-d28">
         <name>USBDevEndpointStatusClear</name>
         <value>0x2f61</value>
         <object_component_ref idref="oc-18f"/>
      </symbol>
      <symbol id="sm-d29">
         <name>USBULPIEnable</name>
         <value>0x4793</value>
         <object_component_ref idref="oc-53d"/>
      </symbol>
      <symbol id="sm-d2a">
         <name>USBFIFOAddrGet</name>
         <value>0x48a9</value>
         <object_component_ref idref="oc-7bf"/>
      </symbol>
      <symbol id="sm-d2b">
         <name>USBDMAChannelStatus</name>
         <value>0x475b</value>
         <object_component_ref idref="oc-7db"/>
      </symbol>
      <symbol id="sm-d2c">
         <name>USBULPIRegWrite</name>
         <value>0x4313</value>
         <object_component_ref idref="oc-654"/>
      </symbol>
      <symbol id="sm-d2d">
         <name>USBDMAChannelIntEnable</name>
         <value>0x469b</value>
         <object_component_ref idref="oc-7e9"/>
      </symbol>
      <symbol id="sm-d2e">
         <name>USBDevLPMConfig</name>
         <value>0x48e1</value>
         <object_component_ref idref="oc-561"/>
      </symbol>
      <symbol id="sm-d2f">
         <name>USBDevLPMEnable</name>
         <value>0x4777</value>
         <object_component_ref idref="oc-2b6"/>
      </symbol>
      <symbol id="sm-d30">
         <name>USBControllerVersion</name>
         <value>0x4865</value>
         <object_component_ref idref="oc-662"/>
      </symbol>
      <symbol id="sm-d31">
         <name>USBFIFOConfigSet</name>
         <value>0x3b27</value>
         <object_component_ref idref="oc-82a"/>
      </symbol>
      <symbol id="sm-d32">
         <name>USBEndpointDMAEnable</name>
         <value>0x420d</value>
         <object_component_ref idref="oc-7b0"/>
      </symbol>
      <symbol id="sm-d33">
         <name>USBDevLPMDisable</name>
         <value>0x4769</value>
         <object_component_ref idref="oc-55b"/>
      </symbol>
      <symbol id="sm-d34">
         <name>USBEndpointDataSend</name>
         <value>0x3f5f</value>
         <object_component_ref idref="oc-322"/>
      </symbol>
      <symbol id="sm-d35">
         <name>USBIntStatusEndpoint</name>
         <value>0x4897</value>
         <object_component_ref idref="oc-2bc"/>
      </symbol>
      <symbol id="sm-d36">
         <name>USBEndpointStatus</name>
         <value>0x46f1</value>
         <object_component_ref idref="oc-17d"/>
      </symbol>
      <symbol id="sm-d37">
         <name>USBEndpointPacketCountSet</name>
         <value>0x47d3</value>
         <object_component_ref idref="oc-7c5"/>
      </symbol>
      <symbol id="sm-d38">
         <name>USBDMAChannelIntDisable</name>
         <value>0x4689</value>
         <object_component_ref idref="oc-7f0"/>
      </symbol>
      <symbol id="sm-d39">
         <name>USBEndpointDMAConfigSet</name>
         <value>0x3655</value>
         <object_component_ref idref="oc-7cb"/>
      </symbol>
      <symbol id="sm-d3a">
         <name>USBDevEndpointStall</name>
         <value>0x3ddd</value>
         <object_component_ref idref="oc-598"/>
      </symbol>
      <symbol id="sm-d3b">
         <name>USBDevConnect</name>
         <value>0x4883</value>
         <object_component_ref idref="oc-57f"/>
      </symbol>
      <symbol id="sm-d3c">
         <name>USBDevEndpointConfigSet</name>
         <value>0x2929</value>
         <object_component_ref idref="oc-81e"/>
      </symbol>
      <symbol id="sm-d3d">
         <name>USBDMAChannelDisable</name>
         <value>0x4665</value>
         <object_component_ref idref="oc-7d4"/>
      </symbol>
      <symbol id="sm-d3e">
         <name>USBDMAChannelEnable</name>
         <value>0x4677</value>
         <object_component_ref idref="oc-809"/>
      </symbol>
      <symbol id="sm-d3f">
         <name>USBHostResume</name>
         <value>0x4561</value>
         <object_component_ref idref="oc-411"/>
      </symbol>
      <symbol id="sm-d40">
         <name>USBIntEnableControl</name>
         <value>0x40b9</value>
         <object_component_ref idref="oc-573"/>
      </symbol>
      <symbol id="sm-d41">
         <name>USBEndpointDMAChannel</name>
         <value>0x43f5</value>
         <object_component_ref idref="oc-790"/>
      </symbol>
      <symbol id="sm-dbe">
         <name>uDMAChannelControlSet</name>
         <value>0x4231</value>
         <object_component_ref idref="oc-3e1"/>
      </symbol>
      <symbol id="sm-dbf">
         <name>uDMAErrorStatusGet</name>
         <value>0x481d</value>
         <object_component_ref idref="oc-cc"/>
      </symbol>
      <symbol id="sm-dc0">
         <name>uDMAChannelDisable</name>
         <value>0x44a1</value>
         <object_component_ref idref="oc-79d"/>
      </symbol>
      <symbol id="sm-dc1">
         <name>uDMAChannelModeGet</name>
         <value>0x40e1</value>
         <object_component_ref idref="oc-11d"/>
      </symbol>
      <symbol id="sm-dc2">
         <name>uDMAErrorStatusClear</name>
         <value>0x4811</value>
         <object_component_ref idref="oc-d2"/>
      </symbol>
      <symbol id="sm-dc3">
         <name>uDMAChannelTransferSet</name>
         <value>0x28a9</value>
         <object_component_ref idref="oc-129"/>
      </symbol>
      <symbol id="sm-dc4">
         <name>uDMAChannelAssign</name>
         <value>0x3fe5</value>
         <object_component_ref idref="oc-3d5"/>
      </symbol>
      <symbol id="sm-dc5">
         <name>uDMAEnable</name>
         <value>0x4721</value>
         <object_component_ref idref="oc-3c9"/>
      </symbol>
      <symbol id="sm-dc6">
         <name>uDMAControlBaseSet</name>
         <value>0x4805</value>
         <object_component_ref idref="oc-3cf"/>
      </symbol>
      <symbol id="sm-dc7">
         <name>uDMAChannelAttributeDisable</name>
         <value>0x3811</value>
         <object_component_ref idref="oc-3db"/>
      </symbol>
      <symbol id="sm-dc8">
         <name>uDMAChannelEnable</name>
         <value>0x44b9</value>
         <object_component_ref idref="oc-12f"/>
      </symbol>
      <symbol id="sm-e04">
         <name>TimerLoadSet</name>
         <value>0x4641</value>
         <object_component_ref idref="oc-3ed"/>
      </symbol>
      <symbol id="sm-e05">
         <name>TimerDisable</name>
         <value>0x4525</value>
         <object_component_ref idref="oc-123"/>
      </symbol>
      <symbol id="sm-e06">
         <name>TimerEnable</name>
         <value>0x474d</value>
         <object_component_ref idref="oc-392"/>
      </symbol>
      <symbol id="sm-e07">
         <name>TimerControlTrigger</name>
         <value>0x31e5</value>
         <object_component_ref idref="oc-3f3"/>
      </symbol>
      <symbol id="sm-e08">
         <name>TimerConfigure</name>
         <value>0x3079</value>
         <object_component_ref idref="oc-3e7"/>
      </symbol>
      <symbol id="sm-e2b">
         <name>SysTickEnable</name>
         <value>0x44fd</value>
         <object_component_ref idref="oc-261"/>
      </symbol>
      <symbol id="sm-e2c">
         <name>SysTickIntEnable</name>
         <value>0x4511</value>
         <object_component_ref idref="oc-25b"/>
      </symbol>
      <symbol id="sm-e2d">
         <name>SysTickPeriodSet</name>
         <value>0x46e1</value>
         <object_component_ref idref="oc-255"/>
      </symbol>
      <symbol id="sm-ea0">
         <name>SysCtlClockSet</name>
         <value>0x194d</value>
         <object_component_ref idref="oc-249"/>
      </symbol>
      <symbol id="sm-ea1">
         <name>SysCtlDelay</name>
         <value>0x48d5</value>
         <object_component_ref idref="oc-80"/>
      </symbol>
      <symbol id="sm-ea2">
         <name>SysCtlPeripheralEnable</name>
         <value>0x3d11</value>
         <object_component_ref idref="oc-e7"/>
      </symbol>
      <symbol id="sm-ea3">
         <name>SysCtlClockGet</name>
         <value>0x1725</value>
         <object_component_ref idref="oc-22e"/>
      </symbol>
      <symbol id="sm-ea4">
         <name>SysCtlUSBPLLEnable</name>
         <value>0x44e9</value>
         <object_component_ref idref="oc-531"/>
      </symbol>
      <symbol id="sm-ea5">
         <name>SysCtlPeripheralReset</name>
         <value>0x33e5</value>
         <object_component_ref idref="oc-52b"/>
      </symbol>
      <symbol id="sm-ee5">
         <name>SSIDataPut</name>
         <value>0x483d</value>
         <object_component_ref idref="oc-362"/>
      </symbol>
      <symbol id="sm-ee6">
         <name>SSIDataGet</name>
         <value>0x47c7</value>
         <object_component_ref idref="oc-368"/>
      </symbol>
      <symbol id="sm-ee7">
         <name>SSIDataGetNonBlocking</name>
         <value>0x462f</value>
         <object_component_ref idref="oc-359"/>
      </symbol>
      <symbol id="sm-ee8">
         <name>SSIConfigSetExpClk</name>
         <value>0x39ad</value>
         <object_component_ref idref="oc-234"/>
      </symbol>
      <symbol id="sm-ee9">
         <name>SSIEnable</name>
         <value>0x4851</value>
         <object_component_ref idref="oc-23a"/>
      </symbol>
      <symbol id="sm-eea">
         <name>SSIDisable</name>
         <value>0x4847</value>
         <object_component_ref idref="oc-228"/>
      </symbol>
      <symbol id="sm-f4c">
         <name>IntPrioritySet</name>
         <value>0x417d</value>
         <object_component_ref idref="oc-353"/>
      </symbol>
      <symbol id="sm-f4d">
         <name>IntIsEnabled</name>
         <value>0x2c51</value>
         <object_component_ref idref="oc-7a4"/>
      </symbol>
      <symbol id="sm-f4e">
         <name>IntEnable</name>
         <value>0x2ea1</value>
         <object_component_ref idref="oc-34d"/>
      </symbol>
      <symbol id="sm-f4f">
         <name>IntDisable</name>
         <value>0x2e41</value>
         <object_component_ref idref="oc-7aa"/>
      </symbol>
      <symbol id="sm-f50">
         <name>IntMasterEnable</name>
         <value>0x4833</value>
         <object_component_ref idref="oc-347"/>
      </symbol>
      <symbol id="sm-fc8">
         <name>GPIOPinConfigure</name>
         <value>0x3781</value>
         <object_component_ref idref="oc-329"/>
      </symbol>
      <symbol id="sm-fc9">
         <name>GPIOPinTypeUSBAnalog</name>
         <value>0x45f9</value>
         <object_component_ref idref="oc-3aa"/>
      </symbol>
      <symbol id="sm-fca">
         <name>GPIOIntEnable</name>
         <value>0x47bb</value>
         <object_component_ref idref="oc-33b"/>
      </symbol>
      <symbol id="sm-fcb">
         <name>GPIOIntTypeSet</name>
         <value>0x323d</value>
         <object_component_ref idref="oc-341"/>
      </symbol>
      <symbol id="sm-fcc">
         <name>GPIOPinTypeADC</name>
         <value>0x45c3</value>
         <object_component_ref idref="oc-3c3"/>
      </symbol>
      <symbol id="sm-fcd">
         <name>GPIOPinTypeGPIOInput</name>
         <value>0x45d5</value>
         <object_component_ref idref="oc-32f"/>
      </symbol>
      <symbol id="sm-fce">
         <name>GPIOPinTypeGPIOOutput</name>
         <value>0x440f</value>
         <object_component_ref idref="oc-24f"/>
      </symbol>
      <symbol id="sm-fcf">
         <name>GPIOPinRead</name>
         <value>0x48c9</value>
         <object_component_ref idref="oc-93"/>
      </symbol>
      <symbol id="sm-fd0">
         <name>GPIODirModeSet</name>
         <value>0x403d</value>
         <object_component_ref idref="oc-39f"/>
      </symbol>
      <symbol id="sm-fd1">
         <name>GPIOPinWrite</name>
         <value>0x48cf</value>
         <object_component_ref idref="oc-7a"/>
      </symbol>
      <symbol id="sm-fd2">
         <name>GPIOPadConfigSet</name>
         <value>0x14d1</value>
         <object_component_ref idref="oc-399"/>
      </symbol>
      <symbol id="sm-fd3">
         <name>GPIOPinTypeSSI</name>
         <value>0x45e7</value>
         <object_component_ref idref="oc-335"/>
      </symbol>
      <symbol id="sm-fdd">
         <name>CPUcpsie</name>
         <value>0x47af</value>
         <object_component_ref idref="oc-462"/>
      </symbol>
      <symbol id="sm-1024">
         <name>ADCSequenceDMAEnable</name>
         <value>0x46bf</value>
         <object_component_ref idref="oc-10b"/>
      </symbol>
      <symbol id="sm-1025">
         <name>ADCSequenceEnable</name>
         <value>0x4731</value>
         <object_component_ref idref="oc-105"/>
      </symbol>
      <symbol id="sm-1026">
         <name>ADCSequenceConfigure</name>
         <value>0x3a71</value>
         <object_component_ref idref="oc-f3"/>
      </symbol>
      <symbol id="sm-1027">
         <name>ADCSequenceStepConfigure</name>
         <value>0x2827</value>
         <object_component_ref idref="oc-f9"/>
      </symbol>
      <symbol id="sm-1028">
         <name>ADCIntClear</name>
         <value>0x4829</value>
         <object_component_ref idref="oc-117"/>
      </symbol>
      <symbol id="sm-1029">
         <name>ADCHardwareOversampleConfigure</name>
         <value>0x45b1</value>
         <object_component_ref idref="oc-ed"/>
      </symbol>
      <symbol id="sm-102a">
         <name>ADCIntStatus</name>
         <value>0x3f31</value>
         <object_component_ref idref="oc-111"/>
      </symbol>
      <symbol id="sm-102b">
         <name>__TI_static_base__</name>
         <value>0x0</value>
      </symbol>
      <symbol id="sm-102c">
         <name>__TI_args_main</name>
         <value>0x1</value>
      </symbol>
      <symbol id="sm-102d">
         <name>SHT$$INIT_ARRAY$$Limit</name>
         <value>0x0</value>
      </symbol>
      <symbol id="sm-102e">
         <name>SHT$$INIT_ARRAY$$Base</name>
         <value>0x0</value>
      </symbol>
   </symbol_table>
   <title>Link successful</title>
</link_info>
