<?xml version="1.0"?>
<link_info>
   <banner>TI ARM Linker PC v5.1.6</banner>
   <copyright>Copyright (c) 1996-2014 Texas Instruments Incorporated</copyright>
   <link_time>0x54d06749</link_time>
   <link_errors>0x0</link_errors>
   <output_file>TivaControlBoardV1.out</output_file>
   <entry_point>
      <name>_c_int00</name>
      <address>0x3845</address>
   </entry_point>
   <input_file_list>
      <input_file id="fl-2">
         <path>.\</path>
         <kind>object</kind>
         <file>ControlBoard.obj</file>
         <name>ControlBoard.obj</name>
      </input_file>
      <input_file id="fl-3">
         <path>.\</path>
         <kind>object</kind>
         <file>main.obj</file>
         <name>main.obj</name>
      </input_file>
      <input_file id="fl-4">
         <path>.\</path>
         <kind>object</kind>
         <file>tm4c123gh6pm_startup_ccs.obj</file>
         <name>tm4c123gh6pm_startup_ccs.obj</name>
      </input_file>
      <input_file id="fl-5">
         <path>.\</path>
         <kind>object</kind>
         <file>usb_swarm_control_structs.obj</file>
         <name>usb_swarm_control_structs.obj</name>
      </input_file>
      <input_file id="fl-6">
         <path>.\libnrf24l01\src\</path>
         <kind>object</kind>
         <file>TM4C123_nRF24L01.obj</file>
         <name>TM4C123_nRF24L01.obj</name>
      </input_file>
      <input_file id="fl-7">
         <path>.\libnrf24l01\src\</path>
         <kind>object</kind>
         <file>nRF24L01.obj</file>
         <name>nRF24L01.obj</name>
      </input_file>
      <input_file id="fl-136">
         <path>D:\ti\ccsv6\tools\compiler\arm_5.1.6\lib\</path>
         <kind>archive</kind>
         <file>rtsv7M4_T_le_v4SPD16_eabi.lib</file>
         <name>boot.obj</name>
      </input_file>
      <input_file id="fl-137">
         <path>D:\ti\ccsv6\tools\compiler\arm_5.1.6\lib\</path>
         <kind>archive</kind>
         <file>rtsv7M4_T_le_v4SPD16_eabi.lib</file>
         <name>copy_decompress_none.obj</name>
      </input_file>
      <input_file id="fl-138">
         <path>D:\ti\ccsv6\tools\compiler\arm_5.1.6\lib\</path>
         <kind>archive</kind>
         <file>rtsv7M4_T_le_v4SPD16_eabi.lib</file>
         <name>copy_decompress_rle.obj</name>
      </input_file>
      <input_file id="fl-139">
         <path>D:\ti\ccsv6\tools\compiler\arm_5.1.6\lib\</path>
         <kind>archive</kind>
         <file>rtsv7M4_T_le_v4SPD16_eabi.lib</file>
         <name>copy_zero_init.obj</name>
      </input_file>
      <input_file id="fl-13a">
         <path>D:\ti\ccsv6\tools\compiler\arm_5.1.6\lib\</path>
         <kind>archive</kind>
         <file>rtsv7M4_T_le_v4SPD16_eabi.lib</file>
         <name>exit.obj</name>
      </input_file>
      <input_file id="fl-13b">
         <path>D:\ti\ccsv6\tools\compiler\arm_5.1.6\lib\</path>
         <kind>archive</kind>
         <file>rtsv7M4_T_le_v4SPD16_eabi.lib</file>
         <name>memcpy_t2.obj</name>
      </input_file>
      <input_file id="fl-13c">
         <path>D:\ti\ccsv6\tools\compiler\arm_5.1.6\lib\</path>
         <kind>archive</kind>
         <file>rtsv7M4_T_le_v4SPD16_eabi.lib</file>
         <name>memset_t2.obj</name>
      </input_file>
      <input_file id="fl-13d">
         <path>D:\ti\ccsv6\tools\compiler\arm_5.1.6\lib\</path>
         <kind>archive</kind>
         <file>rtsv7M4_T_le_v4SPD16_eabi.lib</file>
         <name>stkdepth_vars.obj</name>
      </input_file>
      <input_file id="fl-13e">
         <path>D:\ti\ccsv6\tools\compiler\arm_5.1.6\lib\</path>
         <kind>archive</kind>
         <file>rtsv7M4_T_le_v4SPD16_eabi.lib</file>
         <name>_lock.obj</name>
      </input_file>
      <input_file id="fl-13f">
         <path>D:\ti\ccsv6\tools\compiler\arm_5.1.6\lib\</path>
         <kind>archive</kind>
         <file>rtsv7M4_T_le_v4SPD16_eabi.lib</file>
         <name>args_main.obj</name>
      </input_file>
      <input_file id="fl-140">
         <path>D:\ti\ccsv6\tools\compiler\arm_5.1.6\lib\</path>
         <kind>archive</kind>
         <file>rtsv7M4_T_le_v4SPD16_eabi.lib</file>
         <name>auto_init.obj</name>
      </input_file>
      <input_file id="fl-141">
         <path>D:\ti\ccsv6\tools\compiler\arm_5.1.6\lib\</path>
         <kind>archive</kind>
         <file>rtsv7M4_T_le_v4SPD16_eabi.lib</file>
         <name>cpy_tbl.obj</name>
      </input_file>
      <input_file id="fl-142">
         <path>D:\Program Files\TI\TivaWare_C_Series-2.1.0.12573\usblib\ccs\Debug\</path>
         <kind>archive</kind>
         <file>usblib.lib</file>
         <name>usbdhid.obj</name>
      </input_file>
      <input_file id="fl-143">
         <path>D:\Program Files\TI\TivaWare_C_Series-2.1.0.12573\usblib\ccs\Debug\</path>
         <kind>archive</kind>
         <file>usblib.lib</file>
         <name>usbdhandler.obj</name>
      </input_file>
      <input_file id="fl-144">
         <path>D:\Program Files\TI\TivaWare_C_Series-2.1.0.12573\usblib\ccs\Debug\</path>
         <kind>archive</kind>
         <file>usblib.lib</file>
         <name>usbdenum.obj</name>
      </input_file>
      <input_file id="fl-145">
         <path>D:\Program Files\TI\TivaWare_C_Series-2.1.0.12573\usblib\ccs\Debug\</path>
         <kind>archive</kind>
         <file>usblib.lib</file>
         <name>usbdconfig.obj</name>
      </input_file>
      <input_file id="fl-146">
         <path>D:\Program Files\TI\TivaWare_C_Series-2.1.0.12573\usblib\ccs\Debug\</path>
         <kind>archive</kind>
         <file>usblib.lib</file>
         <name>usbdcdesc.obj</name>
      </input_file>
      <input_file id="fl-147">
         <path>D:\Program Files\TI\TivaWare_C_Series-2.1.0.12573\usblib\ccs\Debug\</path>
         <kind>archive</kind>
         <file>usblib.lib</file>
         <name>usbulpi.obj</name>
      </input_file>
      <input_file id="fl-148">
         <path>D:\Program Files\TI\TivaWare_C_Series-2.1.0.12573\usblib\ccs\Debug\</path>
         <kind>archive</kind>
         <file>usblib.lib</file>
         <name>usbtick.obj</name>
      </input_file>
      <input_file id="fl-149">
         <path>D:\Program Files\TI\TivaWare_C_Series-2.1.0.12573\usblib\ccs\Debug\</path>
         <kind>archive</kind>
         <file>usblib.lib</file>
         <name>usbmode.obj</name>
      </input_file>
      <input_file id="fl-14a">
         <path>D:\Program Files\TI\TivaWare_C_Series-2.1.0.12573\usblib\ccs\Debug\</path>
         <kind>archive</kind>
         <file>usblib.lib</file>
         <name>usbdma.obj</name>
      </input_file>
      <input_file id="fl-14b">
         <path>D:\Program Files\TI\TivaWare_C_Series-2.1.0.12573\usblib\ccs\Debug\</path>
         <kind>archive</kind>
         <file>usblib.lib</file>
         <name>usbdesc.obj</name>
      </input_file>
      <input_file id="fl-14c">
         <path>D:\Program Files\TI\TivaWare_C_Series-2.1.0.12573\usblib\ccs\Debug\</path>
         <kind>archive</kind>
         <file>usblib.lib</file>
         <name>usbhostenum.obj</name>
      </input_file>
      <input_file id="fl-14d">
         <path>D:\Program Files\TI\TivaWare_C_Series-2.1.0.12573\usblib\ccs\Debug\</path>
         <kind>archive</kind>
         <file>usblib.lib</file>
         <name>usbhhub.obj</name>
      </input_file>
      <input_file id="fl-14e">
         <path>D:\Program Files\TI\TivaWare_C_Series-2.1.0.12573\driverlib\ccs\Debug\</path>
         <kind>archive</kind>
         <file>driverlib.lib</file>
         <name>usb.obj</name>
      </input_file>
      <input_file id="fl-14f">
         <path>D:\Program Files\TI\TivaWare_C_Series-2.1.0.12573\driverlib\ccs\Debug\</path>
         <kind>archive</kind>
         <file>driverlib.lib</file>
         <name>udma.obj</name>
      </input_file>
      <input_file id="fl-150">
         <path>D:\Program Files\TI\TivaWare_C_Series-2.1.0.12573\driverlib\ccs\Debug\</path>
         <kind>archive</kind>
         <file>driverlib.lib</file>
         <name>uart.obj</name>
      </input_file>
      <input_file id="fl-151">
         <path>D:\Program Files\TI\TivaWare_C_Series-2.1.0.12573\driverlib\ccs\Debug\</path>
         <kind>archive</kind>
         <file>driverlib.lib</file>
         <name>systick.obj</name>
      </input_file>
      <input_file id="fl-152">
         <path>D:\Program Files\TI\TivaWare_C_Series-2.1.0.12573\driverlib\ccs\Debug\</path>
         <kind>archive</kind>
         <file>driverlib.lib</file>
         <name>sysctl.obj</name>
      </input_file>
      <input_file id="fl-153">
         <path>D:\Program Files\TI\TivaWare_C_Series-2.1.0.12573\driverlib\ccs\Debug\</path>
         <kind>archive</kind>
         <file>driverlib.lib</file>
         <name>ssi.obj</name>
      </input_file>
      <input_file id="fl-154">
         <path>D:\Program Files\TI\TivaWare_C_Series-2.1.0.12573\driverlib\ccs\Debug\</path>
         <kind>archive</kind>
         <file>driverlib.lib</file>
         <name>interrupt.obj</name>
      </input_file>
      <input_file id="fl-155">
         <path>D:\Program Files\TI\TivaWare_C_Series-2.1.0.12573\driverlib\ccs\Debug\</path>
         <kind>archive</kind>
         <file>driverlib.lib</file>
         <name>gpio.obj</name>
      </input_file>
      <input_file id="fl-156">
         <path>D:\Program Files\TI\TivaWare_C_Series-2.1.0.12573\driverlib\ccs\Debug\</path>
         <kind>archive</kind>
         <file>driverlib.lib</file>
         <name>cpu.obj</name>
      </input_file>
   </input_file_list>
   <object_component_list>
      <object_component id="oc-e">
         <name>.intvecs</name>
         <load_address>0x0</load_address>
         <run_address>0x0</run_address>
         <size>0x26c</size>
         <input_file_ref idref="fl-4"/>
      </object_component>
      <object_component id="oc-92">
         <name>.text</name>
         <load_address>0x26c</load_address>
         <run_address>0x26c</run_address>
         <size>0x860</size>
         <input_file_ref idref="fl-7"/>
      </object_component>
      <object_component id="oc-2f">
         <name>.text</name>
         <load_address>0xacc</load_address>
         <run_address>0xacc</run_address>
         <size>0x584</size>
         <input_file_ref idref="fl-2"/>
      </object_component>
      <object_component id="oc-35">
         <name>.text</name>
         <load_address>0x1050</load_address>
         <run_address>0x1050</run_address>
         <size>0x33c</size>
         <input_file_ref idref="fl-3"/>
      </object_component>
      <object_component id="oc-4ca">
         <name>.text:USBLibDMAInit</name>
         <load_address>0x138c</load_address>
         <run_address>0x138c</run_address>
         <size>0x160</size>
         <input_file_ref idref="fl-14a"/>
      </object_component>
      <object_component id="oc-3a1">
         <name>.text:USBDEP0StateTxConfig</name>
         <load_address>0x14ec</load_address>
         <run_address>0x14ec</run_address>
         <size>0x154</size>
         <input_file_ref idref="fl-144"/>
      </object_component>
      <object_component id="oc-40b">
         <name>.text:USBDCDInit</name>
         <load_address>0x1640</load_address>
         <run_address>0x1640</run_address>
         <size>0x148</size>
         <input_file_ref idref="fl-144"/>
      </object_component>
      <object_component id="oc-68f">
         <name>.text:USBDeviceConfig</name>
         <load_address>0x1788</load_address>
         <run_address>0x1788</run_address>
         <size>0x140</size>
         <input_file_ref idref="fl-145"/>
      </object_component>
      <object_component id="oc-116">
         <name>.text:USBDeviceIntHandlerInternal</name>
         <load_address>0x18c8</load_address>
         <run_address>0x18c8</run_address>
         <size>0x140</size>
         <input_file_ref idref="fl-144"/>
      </object_component>
      <object_component id="oc-23a">
         <name>.text:GPIOPadConfigSet</name>
         <load_address>0x1a08</load_address>
         <run_address>0x1a08</run_address>
         <size>0x130</size>
         <input_file_ref idref="fl-155"/>
      </object_component>
      <object_component id="oc-80">
         <name>.text:SysCtlClockGet</name>
         <load_address>0x1b38</load_address>
         <run_address>0x1b38</run_address>
         <size>0x118</size>
         <input_file_ref idref="fl-152"/>
      </object_component>
      <object_component id="oc-55f">
         <name>.text:HandleRequest</name>
         <load_address>0x1c50</load_address>
         <run_address>0x1c50</run_address>
         <size>0x10e</size>
         <input_file_ref idref="fl-142"/>
      </object_component>
      <object_component id="oc-61b">
         <name>.text:iDMAUSBArbSizeSet</name>
         <load_address>0x1d5e</load_address>
         <run_address>0x1d5e</run_address>
         <size>0x2</size>
         <input_file_ref idref="fl-14a"/>
      </object_component>
      <object_component id="oc-210">
         <name>.text:SysCtlClockSet</name>
         <load_address>0x1d60</load_address>
         <run_address>0x1d60</run_address>
         <size>0xf0</size>
         <input_file_ref idref="fl-152"/>
      </object_component>
      <object_component id="oc-63f">
         <name>.text:iDMAUSBTransfer</name>
         <load_address>0x1e50</load_address>
         <run_address>0x1e50</run_address>
         <size>0xe8</size>
         <input_file_ref idref="fl-14a"/>
      </object_component>
      <object_component id="oc-405">
         <name>.text:USBDHIDCompositeInit</name>
         <load_address>0x1f38</load_address>
         <run_address>0x1f38</run_address>
         <size>0xe0</size>
         <input_file_ref idref="fl-142"/>
      </object_component>
      <object_component id="oc-515">
         <name>.text:USBDGetDescriptor</name>
         <load_address>0x2018</load_address>
         <run_address>0x2018</run_address>
         <size>0xdc</size>
         <input_file_ref idref="fl-144"/>
      </object_component>
      <object_component id="oc-157">
         <name>.text:initSpiForRF</name>
         <load_address>0x20f4</load_address>
         <run_address>0x20f4</run_address>
         <size>0xdc</size>
         <input_file_ref idref="fl-6"/>
      </object_component>
      <object_component id="oc-2a5">
         <name>.text:USBDeviceEnumHandler</name>
         <load_address>0x21d0</load_address>
         <run_address>0x21d0</run_address>
         <size>0xd8</size>
         <input_file_ref idref="fl-144"/>
      </object_component>
      <object_component id="oc-258">
         <name>.text:initBluetooth</name>
         <load_address>0x22a8</load_address>
         <run_address>0x22a8</run_address>
         <size>0xd4</size>
         <input_file_ref idref="fl-2"/>
      </object_component>
      <object_component id="oc-5cd">
         <name>.text:uDMAUSBChannelAllocate</name>
         <load_address>0x237c</load_address>
         <run_address>0x237c</run_address>
         <size>0xc0</size>
         <input_file_ref idref="fl-14a"/>
      </object_component>
      <object_component id="oc-60f">
         <name>.text:uDMAUSBTransfer</name>
         <load_address>0x243c</load_address>
         <run_address>0x243c</run_address>
         <size>0xba</size>
         <input_file_ref idref="fl-14a"/>
      </object_component>
      <object_component id="oc-266">
         <name>.text:initRfModule</name>
         <load_address>0x24f6</load_address>
         <run_address>0x24f6</run_address>
         <size>0xb6</size>
         <input_file_ref idref="fl-2"/>
      </object_component>
      <object_component id="oc-d5">
         <name>.text:initSystem</name>
         <load_address>0x25ac</load_address>
         <run_address>0x25ac</run_address>
         <size>0xb4</size>
         <input_file_ref idref="fl-2"/>
      </object_component>
      <object_component id="oc-59">
         <name>.text</name>
         <load_address>0x2660</load_address>
         <run_address>0x2660</run_address>
         <size>0x9c</size>
         <input_file_ref idref="fl-13b"/>
      </object_component>
      <object_component id="oc-533">
         <name>.text:USBDSetInterface</name>
         <load_address>0x26fc</load_address>
         <run_address>0x26fc</run_address>
         <size>0x98</size>
         <input_file_ref idref="fl-144"/>
      </object_component>
      <object_component id="oc-44">
         <name>.text</name>
         <load_address>0x2794</load_address>
         <run_address>0x2794</run_address>
         <size>0x94</size>
         <input_file_ref idref="fl-140"/>
      </object_component>
      <object_component id="oc-59f">
         <name>.text:ProcessIdleTimers</name>
         <load_address>0x2828</load_address>
         <run_address>0x2828</run_address>
         <size>0x8c</size>
         <input_file_ref idref="fl-142"/>
      </object_component>
      <object_component id="oc-527">
         <name>.text:USBDSetConfiguration</name>
         <load_address>0x28b4</load_address>
         <run_address>0x28b4</run_address>
         <size>0x8c</size>
         <input_file_ref idref="fl-144"/>
      </object_component>
      <object_component id="oc-69d">
         <name>.text:USBDeviceConfigAlternate</name>
         <load_address>0x2940</load_address>
         <run_address>0x2940</run_address>
         <size>0x8c</size>
         <input_file_ref idref="fl-145"/>
      </object_component>
      <object_component id="oc-621">
         <name>.text:iDMAUSBChannelAllocate</name>
         <load_address>0x29cc</load_address>
         <run_address>0x29cc</run_address>
         <size>0x86</size>
         <input_file_ref idref="fl-14a"/>
      </object_component>
      <object_component id="oc-657">
         <name>.text:iDMAUSBUnitSizeSet</name>
         <load_address>0x2a52</load_address>
         <run_address>0x2a52</run_address>
         <size>0x2</size>
         <input_file_ref idref="fl-14a"/>
      </object_component>
      <object_component id="oc-744">
         <name>.text:uDMAChannelTransferSet</name>
         <load_address>0x2a54</load_address>
         <run_address>0x2a54</run_address>
         <size>0x80</size>
         <input_file_ref idref="fl-14f"/>
      </object_component>
      <object_component id="oc-7a3">
         <name>.text:USBDevEndpointConfigSet</name>
         <load_address>0x2ad4</load_address>
         <run_address>0x2ad4</run_address>
         <size>0x7a</size>
         <input_file_ref idref="fl-14e"/>
      </object_component>
      <object_component id="oc-5e5">
         <name>.text:uDMAUSBChannelIntDisable</name>
         <load_address>0x2b4e</load_address>
         <run_address>0x2b4e</run_address>
         <size>0x2</size>
         <input_file_ref idref="fl-14a"/>
      </object_component>
      <object_component id="oc-503">
         <name>.text:USBDClearFeature</name>
         <load_address>0x2b50</load_address>
         <run_address>0x2b50</run_address>
         <size>0x78</size>
         <input_file_ref idref="fl-144"/>
      </object_component>
      <object_component id="oc-106">
         <name>.text</name>
         <load_address>0x2bc8</load_address>
         <run_address>0x2bc8</run_address>
         <size>0x78</size>
         <input_file_ref idref="fl-13c"/>
      </object_component>
      <object_component id="oc-b0">
         <name>.text:USBDHIDPacketRead</name>
         <load_address>0x2c40</load_address>
         <run_address>0x2c40</run_address>
         <size>0x72</size>
         <input_file_ref idref="fl-142"/>
      </object_component>
      <object_component id="oc-5c7">
         <name>.text:uDMAUSBArbSizeSet</name>
         <load_address>0x2cb2</load_address>
         <run_address>0x2cb2</run_address>
         <size>0x72</size>
         <input_file_ref idref="fl-14a"/>
      </object_component>
      <object_component id="oc-3a7">
         <name>.text:USBDEP0StateTx</name>
         <load_address>0x2d24</load_address>
         <run_address>0x2d24</run_address>
         <size>0x70</size>
         <input_file_ref idref="fl-144"/>
      </object_component>
      <object_component id="oc-4fd">
         <name>.text:USBDGetStatus</name>
         <load_address>0x2d94</load_address>
         <run_address>0x2d94</run_address>
         <size>0x70</size>
         <input_file_ref idref="fl-144"/>
      </object_component>
      <object_component id="oc-615">
         <name>.text:uDMAUSBUnitSizeSet</name>
         <load_address>0x2e04</load_address>
         <run_address>0x2e04</run_address>
         <size>0x70</size>
         <input_file_ref idref="fl-14a"/>
      </object_component>
      <object_component id="oc-71d">
         <name>.text:IntIsEnabled</name>
         <load_address>0x2e74</load_address>
         <run_address>0x2e74</run_address>
         <size>0x64</size>
         <input_file_ref idref="fl-154"/>
      </object_component>
      <object_component id="oc-509">
         <name>.text:USBDSetFeature</name>
         <load_address>0x2ed8</load_address>
         <run_address>0x2ed8</run_address>
         <size>0x64</size>
         <input_file_ref idref="fl-144"/>
      </object_component>
      <object_component id="oc-25f">
         <name>.text:initUSB</name>
         <load_address>0x2f3c</load_address>
         <run_address>0x2f3c</run_address>
         <size>0x64</size>
         <input_file_ref idref="fl-2"/>
      </object_component>
      <object_component id="oc-5d9">
         <name>.text:uDMAUSBChannelEnable</name>
         <load_address>0x2fa0</load_address>
         <run_address>0x2fa0</run_address>
         <size>0x64</size>
         <input_file_ref idref="fl-14a"/>
      </object_component>
      <object_component id="oc-559">
         <name>.text:HandleGetDescriptor</name>
         <load_address>0x3004</load_address>
         <run_address>0x3004</run_address>
         <size>0x60</size>
         <input_file_ref idref="fl-142"/>
      </object_component>
      <object_component id="oc-1ac">
         <name>.text:IntDisable</name>
         <load_address>0x3064</load_address>
         <run_address>0x3064</run_address>
         <size>0x60</size>
         <input_file_ref idref="fl-154"/>
      </object_component>
      <object_component id="oc-1b2">
         <name>.text:IntEnable</name>
         <load_address>0x30c4</load_address>
         <run_address>0x30c4</run_address>
         <size>0x60</size>
         <input_file_ref idref="fl-154"/>
      </object_component>
      <object_component id="oc-39b">
         <name>.text:USBDReadAndDispatchRequest</name>
         <load_address>0x3124</load_address>
         <run_address>0x3124</run_address>
         <size>0x60</size>
         <input_file_ref idref="fl-144"/>
      </object_component>
      <object_component id="oc-1e1">
         <name>.text:USBDevEndpointStatusClear</name>
         <load_address>0x3184</load_address>
         <run_address>0x3184</run_address>
         <size>0x5e</size>
         <input_file_ref idref="fl-14e"/>
      </object_component>
      <object_component id="oc-6c">
         <name>.text</name>
         <load_address>0x31e2</load_address>
         <run_address>0x31e2</run_address>
         <size>0x5e</size>
         <input_file_ref idref="fl-138"/>
      </object_component>
      <object_component id="oc-6bf">
         <name>.text:FindHIDDescriptor</name>
         <load_address>0x3240</load_address>
         <run_address>0x3240</run_address>
         <size>0x5c</size>
         <input_file_ref idref="fl-142"/>
      </object_component>
      <object_component id="oc-686">
         <name>.text:USBDStringIndexFromRequest</name>
         <load_address>0x329c</load_address>
         <run_address>0x329c</run_address>
         <size>0x5c</size>
         <input_file_ref idref="fl-144"/>
      </object_component>
      <object_component id="oc-595">
         <name>.text:HandleDevice</name>
         <load_address>0x32f8</load_address>
         <run_address>0x32f8</run_address>
         <size>0x5a</size>
         <input_file_ref idref="fl-142"/>
      </object_component>
      <object_component id="oc-5df">
         <name>.text:uDMAUSBChannelIntEnable</name>
         <load_address>0x3352</load_address>
         <run_address>0x3352</run_address>
         <size>0x2</size>
         <input_file_ref idref="fl-14a"/>
      </object_component>
      <object_component id="oc-6e6">
         <name>.text:ProcessDataFromHost</name>
         <load_address>0x3354</load_address>
         <run_address>0x3354</run_address>
         <size>0x58</size>
         <input_file_ref idref="fl-142"/>
      </object_component>
      <object_component id="oc-246">
         <name>.text:GPIOIntTypeSet</name>
         <load_address>0x33ac</load_address>
         <run_address>0x33ac</run_address>
         <size>0x56</size>
         <input_file_ref idref="fl-155"/>
      </object_component>
      <object_component id="oc-6ec">
         <name>.text:ProcessDataToHost</name>
         <load_address>0x3402</load_address>
         <run_address>0x3402</run_address>
         <size>0x54</size>
         <input_file_ref idref="fl-142"/>
      </object_component>
      <object_component id="oc-5eb">
         <name>.text:uDMAUSBChannelRelease</name>
         <load_address>0x3456</load_address>
         <run_address>0x3456</run_address>
         <size>0x54</size>
         <input_file_ref idref="fl-14a"/>
      </object_component>
      <object_component id="oc-4a0">
         <name>.text:ULPIConfigSet</name>
         <load_address>0x34aa</load_address>
         <run_address>0x34aa</run_address>
         <size>0x52</size>
         <input_file_ref idref="fl-147"/>
      </object_component>
      <object_component id="oc-488">
         <name>.text:SysCtlPeripheralReset</name>
         <load_address>0x34fc</load_address>
         <run_address>0x34fc</run_address>
         <size>0x50</size>
         <input_file_ref idref="fl-152"/>
      </object_component>
      <object_component id="oc-6b1">
         <name>.text:USBDCDConfigDescGet</name>
         <load_address>0x354c</load_address>
         <run_address>0x354c</run_address>
         <size>0x50</size>
         <input_file_ref idref="fl-146"/>
      </object_component>
      <object_component id="oc-287">
         <name>.text:USBDeviceResumeTickHandler</name>
         <load_address>0x359c</load_address>
         <run_address>0x359c</run_address>
         <size>0x50</size>
         <input_file_ref idref="fl-144"/>
      </object_component>
      <object_component id="oc-6b7">
         <name>.text:ConfigAlternateInterfaceGet</name>
         <load_address>0x35ec</load_address>
         <run_address>0x35ec</run_address>
         <size>0x4c</size>
         <input_file_ref idref="fl-146"/>
      </object_component>
      <object_component id="oc-79d">
         <name>.text:GetEPDescriptorType</name>
         <load_address>0x3638</load_address>
         <run_address>0x3638</run_address>
         <size>0x4c</size>
         <input_file_ref idref="fl-145"/>
      </object_component>
      <object_component id="oc-67d">
         <name>.text:USBDevEndpointStallClear</name>
         <load_address>0x3684</load_address>
         <run_address>0x3684</run_address>
         <size>0x4c</size>
         <input_file_ref idref="fl-14e"/>
      </object_component>
      <object_component id="oc-750">
         <name>.text:USBEndpointDMAConfigSet</name>
         <load_address>0x36d0</load_address>
         <run_address>0x36d0</run_address>
         <size>0x4c</size>
         <input_file_ref idref="fl-14e"/>
      </object_component>
      <object_component id="oc-b6">
         <name>.text:USBDHIDReportWrite</name>
         <load_address>0x371c</load_address>
         <run_address>0x371c</run_address>
         <size>0x4a</size>
         <input_file_ref idref="fl-142"/>
      </object_component>
      <object_component id="oc-64b">
         <name>.text:iDMAUSBChannelEnable</name>
         <load_address>0x3766</load_address>
         <run_address>0x3766</run_address>
         <size>0x4a</size>
         <input_file_ref idref="fl-14a"/>
      </object_component>
      <object_component id="oc-5d3">
         <name>.text:uDMAUSBChannelDisable</name>
         <load_address>0x37b0</load_address>
         <run_address>0x37b0</run_address>
         <size>0x4a</size>
         <input_file_ref idref="fl-14a"/>
      </object_component>
      <object_component id="oc-2db">
         <name>.text:GPIOPinConfigure</name>
         <load_address>0x37fc</load_address>
         <run_address>0x37fc</run_address>
         <size>0x48</size>
         <input_file_ref idref="fl-155"/>
      </object_component>
      <object_component id="oc-11">
         <name>.text</name>
         <load_address>0x3844</load_address>
         <run_address>0x3844</run_address>
         <size>0x48</size>
         <input_file_ref idref="fl-136"/>
      </object_component>
      <object_component id="oc-709">
         <name>.text:uDMAChannelAttributeDisable</name>
         <load_address>0x388c</load_address>
         <run_address>0x388c</run_address>
         <size>0x48</size>
         <input_file_ref idref="fl-14f"/>
      </object_component>
      <object_component id="oc-463">
         <name>.text:USBDCDDeviceInfoInit</name>
         <load_address>0x38d4</load_address>
         <run_address>0x38d4</run_address>
         <size>0x44</size>
         <input_file_ref idref="fl-144"/>
      </object_component>
      <object_component id="oc-281">
         <name>.text:USBDeviceEnumResetHandler</name>
         <load_address>0x3918</load_address>
         <run_address>0x3918</run_address>
         <size>0x44</size>
         <input_file_ref idref="fl-144"/>
      </object_component>
      <object_component id="oc-1db">
         <name>.text:USBEndpointDataGet</name>
         <load_address>0x395c</load_address>
         <run_address>0x395c</run_address>
         <size>0x44</size>
         <input_file_ref idref="fl-14e"/>
      </object_component>
      <object_component id="oc-124">
         <name>.text</name>
         <load_address>0x39a0</load_address>
         <run_address>0x39a0</run_address>
         <size>0x44</size>
         <input_file_ref idref="fl-141"/>
      </object_component>
      <object_component id="oc-4f">
         <name>.text</name>
         <load_address>0x39e4</load_address>
         <run_address>0x39e4</run_address>
         <size>0x44</size>
         <input_file_ref idref="fl-13a"/>
      </object_component>
      <object_component id="oc-86">
         <name>.text:SSIConfigSetExpClk</name>
         <load_address>0x3a28</load_address>
         <run_address>0x3a28</run_address>
         <size>0x42</size>
         <input_file_ref idref="fl-153"/>
      </object_component>
      <object_component id="oc-6d8">
         <name>.text:SetIdleTimeout</name>
         <load_address>0x3a6a</load_address>
         <run_address>0x3a6a</run_address>
         <size>0x42</size>
         <input_file_ref idref="fl-142"/>
      </object_component>
      <object_component id="oc-a7">
         <name>.text</name>
         <load_address>0x3aac</load_address>
         <run_address>0x3aac</run_address>
         <size>0x40</size>
         <input_file_ref idref="fl-6"/>
      </object_component>
      <object_component id="oc-35f">
         <name>.text:UARTConfigSetExpClk</name>
         <load_address>0x3aec</load_address>
         <run_address>0x3aec</run_address>
         <size>0x40</size>
         <input_file_ref idref="fl-150"/>
      </object_component>
      <object_component id="oc-52d">
         <name>.text:USBDGetInterface</name>
         <load_address>0x3b2c</load_address>
         <run_address>0x3b2c</run_address>
         <size>0x40</size>
         <input_file_ref idref="fl-144"/>
      </object_component>
      <object_component id="oc-205">
         <name>.text:ScheduleReportTransmission</name>
         <load_address>0x3b6c</load_address>
         <run_address>0x3b6c</run_address>
         <size>0x3e</size>
         <input_file_ref idref="fl-142"/>
      </object_component>
      <object_component id="oc-45d">
         <name>.text:USBDCDConfigGetInterfaceEndpoint</name>
         <load_address>0x3baa</load_address>
         <run_address>0x3baa</run_address>
         <size>0x3a</size>
         <input_file_ref idref="fl-146"/>
      </object_component>
      <object_component id="oc-7af">
         <name>.text:USBFIFOConfigSet</name>
         <load_address>0x3be4</load_address>
         <run_address>0x3be4</run_address>
         <size>0x3a</size>
         <input_file_ref idref="fl-14e"/>
      </object_component>
      <object_component id="oc-645">
         <name>.text:iDMAUSBChannelRelease</name>
         <load_address>0x3c1e</load_address>
         <run_address>0x3c1e</run_address>
         <size>0x3a</size>
         <input_file_ref idref="fl-14a"/>
      </object_component>
      <object_component id="oc-110">
         <name>.text:USBIntStatusControl</name>
         <load_address>0x3c58</load_address>
         <run_address>0x3c58</run_address>
         <size>0x38</size>
         <input_file_ref idref="fl-14e"/>
      </object_component>
      <object_component id="oc-58f">
         <name>.text:HandleEndpoints</name>
         <load_address>0x3c90</load_address>
         <run_address>0x3c90</run_address>
         <size>0x36</size>
         <input_file_ref idref="fl-142"/>
      </object_component>
      <object_component id="oc-481">
         <name>.text:HIDTickHandler</name>
         <load_address>0x3cc8</load_address>
         <run_address>0x3cc8</run_address>
         <size>0x34</size>
         <input_file_ref idref="fl-142"/>
      </object_component>
      <object_component id="oc-475">
         <name>.text:InternalUSBRegisterTickHandler</name>
         <load_address>0x3cfc</load_address>
         <run_address>0x3cfc</run_address>
         <size>0x34</size>
         <input_file_ref idref="fl-148"/>
      </object_component>
      <object_component id="oc-28d">
         <name>.text:InternalUSBStartOfFrameTick</name>
         <load_address>0x3d30</load_address>
         <run_address>0x3d30</run_address>
         <size>0x34</size>
         <input_file_ref idref="fl-148"/>
      </object_component>
      <object_component id="oc-16c">
         <name>.text:RF24_writeRegister</name>
         <load_address>0x3d64</load_address>
         <run_address>0x3d64</run_address>
         <size>0x34</size>
         <input_file_ref idref="fl-7"/>
      </object_component>
      <object_component id="oc-216">
         <name>.text:SysCtlPeripheralEnable</name>
         <load_address>0x3d98</load_address>
         <run_address>0x3d98</run_address>
         <size>0x34</size>
         <input_file_ref idref="fl-152"/>
      </object_component>
      <object_component id="oc-627">
         <name>.text:iDMAUSBChannelStatus</name>
         <load_address>0x3dcc</load_address>
         <run_address>0x3dcc</run_address>
         <size>0x34</size>
         <input_file_ref idref="fl-14a"/>
      </object_component>
      <object_component id="oc-1ff">
         <name>.text:ClearReportTimer</name>
         <load_address>0x3e00</load_address>
         <run_address>0x3e00</run_address>
         <size>0x32</size>
         <input_file_ref idref="fl-142"/>
      </object_component>
      <object_component id="oc-54e">
         <name>.text:NextConfigDescGet</name>
         <load_address>0x3e32</load_address>
         <run_address>0x3e32</run_address>
         <size>0x32</size>
         <input_file_ref idref="fl-146"/>
      </object_component>
      <object_component id="oc-4f4">
         <name>.text:USBDevEndpointStall</name>
         <load_address>0x3e64</load_address>
         <run_address>0x3e64</run_address>
         <size>0x32</size>
         <input_file_ref idref="fl-14e"/>
      </object_component>
      <object_component id="oc-651">
         <name>.text:iDMAUSBChannelDisable</name>
         <load_address>0x3e96</load_address>
         <run_address>0x3e96</run_address>
         <size>0x32</size>
         <input_file_ref idref="fl-14a"/>
      </object_component>
      <object_component id="oc-5f7">
         <name>.text:DMAUSBIntHandler</name>
         <load_address>0x3ec8</load_address>
         <run_address>0x3ec8</run_address>
         <size>0x30</size>
         <input_file_ref idref="fl-14a"/>
      </object_component>
      <object_component id="oc-565">
         <name>.text:HandleConfigChange</name>
         <load_address>0x3ef8</load_address>
         <run_address>0x3ef8</run_address>
         <size>0x30</size>
         <input_file_ref idref="fl-142"/>
      </object_component>
      <object_component id="oc-46f">
         <name>.text:InternalUSBTickInit</name>
         <load_address>0x3f28</load_address>
         <run_address>0x3f28</run_address>
         <size>0x30</size>
         <input_file_ref idref="fl-148"/>
      </object_component>
      <object_component id="oc-521">
         <name>.text:USBDGetConfiguration</name>
         <load_address>0x3f58</load_address>
         <run_address>0x3f58</run_address>
         <size>0x30</size>
         <input_file_ref idref="fl-144"/>
      </object_component>
      <object_component id="oc-336">
         <name>.text:USBEndpointDataPut</name>
         <load_address>0x3f88</load_address>
         <run_address>0x3f88</run_address>
         <size>0x30</size>
         <input_file_ref idref="fl-14e"/>
      </object_component>
      <object_component id="oc-33c">
         <name>.text:USBEndpointDataSend</name>
         <load_address>0x3fb8</load_address>
         <run_address>0x3fb8</run_address>
         <size>0x2e</size>
         <input_file_ref idref="fl-14e"/>
      </object_component>
      <object_component id="oc-7c4">
         <name>.text:USBDescGet</name>
         <load_address>0x3fe6</load_address>
         <run_address>0x3fe6</run_address>
         <size>0x2c</size>
         <input_file_ref idref="fl-14b"/>
      </object_component>
      <object_component id="oc-5fd">
         <name>.text:uDMAUSBIntStatus</name>
         <load_address>0x4012</load_address>
         <run_address>0x4012</run_address>
         <size>0x2c</size>
         <input_file_ref idref="fl-14a"/>
      </object_component>
      <object_component id="oc-234">
         <name>.text:GPIODirModeSet</name>
         <load_address>0x403e</load_address>
         <run_address>0x403e</run_address>
         <size>0x2a</size>
         <input_file_ref idref="fl-155"/>
      </object_component>
      <object_component id="oc-697">
         <name>.text:USBDCDConfigDescGetNum</name>
         <load_address>0x4068</load_address>
         <run_address>0x4068</run_address>
         <size>0x2a</size>
         <input_file_ref idref="fl-146"/>
      </object_component>
      <object_component id="oc-7b7">
         <name>.text:USBDescGetNum</name>
         <load_address>0x4092</load_address>
         <run_address>0x4092</run_address>
         <size>0x28</size>
         <input_file_ref idref="fl-14b"/>
      </object_component>
      <object_component id="oc-4d0">
         <name>.text:USBIntEnableControl</name>
         <load_address>0x40bc</load_address>
         <run_address>0x40bc</run_address>
         <size>0x28</size>
         <input_file_ref idref="fl-14e"/>
      </object_component>
      <object_component id="oc-735">
         <name>.text:uDMAChannelModeGet</name>
         <load_address>0x40e4</load_address>
         <run_address>0x40e4</run_address>
         <size>0x28</size>
         <input_file_ref idref="fl-14f"/>
      </object_component>
      <object_component id="oc-6d2">
         <name>.text:GetIdleTimeout</name>
         <load_address>0x410c</load_address>
         <run_address>0x410c</run_address>
         <size>0x26</size>
         <input_file_ref idref="fl-142"/>
      </object_component>
      <object_component id="oc-56b">
         <name>.text:HandleEP0DataReceived</name>
         <load_address>0x4132</load_address>
         <run_address>0x4132</run_address>
         <size>0x26</size>
         <input_file_ref idref="fl-142"/>
      </object_component>
      <object_component id="oc-377">
         <name>.text:USBDHIDInit</name>
         <load_address>0x4158</load_address>
         <run_address>0x4158</run_address>
         <size>0x26</size>
         <input_file_ref idref="fl-142"/>
      </object_component>
      <object_component id="oc-24c">
         <name>.text:IntPrioritySet</name>
         <load_address>0x4180</load_address>
         <run_address>0x4180</run_address>
         <size>0x24</size>
         <input_file_ref idref="fl-154"/>
      </object_component>
      <object_component id="oc-50f">
         <name>.text:USBDSetAddress</name>
         <load_address>0x41a4</load_address>
         <run_address>0x41a4</run_address>
         <size>0x24</size>
         <input_file_ref idref="fl-144"/>
      </object_component>
      <object_component id="oc-1e7">
         <name>.text:USBDevEndpointDataAck</name>
         <load_address>0x41c8</load_address>
         <run_address>0x41c8</run_address>
         <size>0x24</size>
         <input_file_ref idref="fl-14e"/>
      </object_component>
      <object_component id="oc-70f">
         <name>.text:USBEndpointDMADisable</name>
         <load_address>0x41ec</load_address>
         <run_address>0x41ec</run_address>
         <size>0x24</size>
         <input_file_ref idref="fl-14e"/>
      </object_component>
      <object_component id="oc-723">
         <name>.text:USBEndpointDMAEnable</name>
         <load_address>0x4210</load_address>
         <run_address>0x4210</run_address>
         <size>0x24</size>
         <input_file_ref idref="fl-14e"/>
      </object_component>
      <object_component id="oc-6fc">
         <name>.text:uDMAChannelControlSet</name>
         <load_address>0x4234</load_address>
         <run_address>0x4234</run_address>
         <size>0x24</size>
         <input_file_ref idref="fl-14f"/>
      </object_component>
      <object_component id="oc-5f1">
         <name>.text:uDMAUSBChannelStatus</name>
         <load_address>0x4258</load_address>
         <run_address>0x4258</run_address>
         <size>0x22</size>
         <input_file_ref idref="fl-14a"/>
      </object_component>
      <object_component id="oc-7a9">
         <name>.text:GetEndpointFIFOSize</name>
         <load_address>0x427a</load_address>
         <run_address>0x427a</run_address>
         <size>0x20</size>
         <input_file_ref idref="fl-145"/>
      </object_component>
      <object_component id="oc-371">
         <name>.text:USBStackModeSet</name>
         <load_address>0x429c</load_address>
         <run_address>0x429c</run_address>
         <size>0x20</size>
         <input_file_ref idref="fl-149"/>
      </object_component>
      <object_component id="oc-589">
         <name>.text:HandleDisconnect</name>
         <load_address>0x42bc</load_address>
         <run_address>0x42bc</run_address>
         <size>0x1e</size>
         <input_file_ref idref="fl-142"/>
      </object_component>
      <object_component id="oc-571">
         <name>.text:HandleEP0DataSent</name>
         <load_address>0x42da</load_address>
         <run_address>0x42da</run_address>
         <size>0x1e</size>
         <input_file_ref idref="fl-142"/>
      </object_component>
      <object_component id="oc-5aa">
         <name>.text:USBULPIRegRead</name>
         <load_address>0x42f8</load_address>
         <run_address>0x42f8</run_address>
         <size>0x1e</size>
         <input_file_ref idref="fl-14e"/>
      </object_component>
      <object_component id="oc-5b0">
         <name>.text:USBULPIRegWrite</name>
         <load_address>0x4316</load_address>
         <run_address>0x4316</run_address>
         <size>0x1e</size>
         <input_file_ref idref="fl-14e"/>
      </object_component>
      <object_component id="oc-469">
         <name>.text:ClearIdleTimers</name>
         <load_address>0x4334</load_address>
         <run_address>0x4334</run_address>
         <size>0x1c</size>
         <input_file_ref idref="fl-142"/>
      </object_component>
      <object_component id="oc-1ed">
         <name>.text:SetDeferredOpFlag</name>
         <load_address>0x4350</load_address>
         <run_address>0x4350</run_address>
         <size>0x1c</size>
         <input_file_ref idref="fl-142"/>
      </object_component>
      <object_component id="oc-3e9">
         <name>.text:UARTDisable</name>
         <load_address>0x436c</load_address>
         <run_address>0x436c</run_address>
         <size>0x1c</size>
         <input_file_ref idref="fl-150"/>
      </object_component>
      <object_component id="oc-548">
         <name>.text:USBDCDConfigGetInterface</name>
         <load_address>0x4388</load_address>
         <run_address>0x4388</run_address>
         <size>0x1c</size>
         <input_file_ref idref="fl-146"/>
      </object_component>
      <object_component id="oc-42a">
         <name>.text:USBDCDStallEP0</name>
         <load_address>0x43a4</load_address>
         <run_address>0x43a4</run_address>
         <size>0x1c</size>
         <input_file_ref idref="fl-144"/>
      </object_component>
      <object_component id="oc-1d5">
         <name>.text:USBEndpointDataAvail</name>
         <load_address>0x43c0</load_address>
         <run_address>0x43c0</run_address>
         <size>0x1c</size>
         <input_file_ref idref="fl-14e"/>
      </object_component>
      <object_component id="oc-165">
         <name>.text:clearRfCE</name>
         <load_address>0x43dc</load_address>
         <run_address>0x43dc</run_address>
         <size>0x1c</size>
         <input_file_ref idref="fl-6"/>
      </object_component>
      <object_component id="oc-18d">
         <name>.text:setRfCE</name>
         <load_address>0x43f8</load_address>
         <run_address>0x43f8</run_address>
         <size>0x1c</size>
         <input_file_ref idref="fl-6"/>
      </object_component>
      <object_component id="oc-703">
         <name>.text:USBEndpointDMAChannel</name>
         <load_address>0x4414</load_address>
         <run_address>0x4414</run_address>
         <size>0x1a</size>
         <input_file_ref idref="fl-14e"/>
      </object_component>
      <object_component id="oc-21c">
         <name>.text:GPIOPinTypeGPIOOutput</name>
         <load_address>0x442e</load_address>
         <run_address>0x442e</run_address>
         <size>0x18</size>
         <input_file_ref idref="fl-155"/>
      </object_component>
      <object_component id="oc-3b">
         <name>.text:USB0DeviceIntHandler</name>
         <load_address>0x4448</load_address>
         <run_address>0x4448</run_address>
         <size>0x18</size>
         <input_file_ref idref="fl-143"/>
      </object_component>
      <object_component id="oc-437">
         <name>.text:USBDCDConfigDescGetSize</name>
         <load_address>0x4460</load_address>
         <run_address>0x4460</run_address>
         <size>0x18</size>
         <input_file_ref idref="fl-146"/>
      </object_component>
      <object_component id="oc-51b">
         <name>.text:USBDSetDescriptor</name>
         <load_address>0x4478</load_address>
         <run_address>0x4478</run_address>
         <size>0x18</size>
         <input_file_ref idref="fl-144"/>
      </object_component>
      <object_component id="oc-539">
         <name>.text:USBDSyncFrame</name>
         <load_address>0x4490</load_address>
         <run_address>0x4490</run_address>
         <size>0x18</size>
         <input_file_ref idref="fl-144"/>
      </object_component>
      <object_component id="oc-49">
         <name>.text</name>
         <load_address>0x44a8</load_address>
         <run_address>0x44a8</run_address>
         <size>0x18</size>
         <input_file_ref idref="fl-13f"/>
      </object_component>
      <object_component id="oc-716">
         <name>.text:uDMAChannelDisable</name>
         <load_address>0x44c0</load_address>
         <run_address>0x44c0</run_address>
         <size>0x18</size>
         <input_file_ref idref="fl-14f"/>
      </object_component>
      <object_component id="oc-729">
         <name>.text:uDMAChannelEnable</name>
         <load_address>0x44d8</load_address>
         <run_address>0x44d8</run_address>
         <size>0x18</size>
         <input_file_ref idref="fl-14f"/>
      </object_component>
      <object_component id="oc-17a">
         <name>.text:RF24_setConfigureRegister</name>
         <load_address>0x44f0</load_address>
         <run_address>0x44f0</run_address>
         <size>0x16</size>
         <input_file_ref idref="fl-7"/>
      </object_component>
      <object_component id="oc-48e">
         <name>.text:SysCtlUSBPLLEnable</name>
         <load_address>0x4508</load_address>
         <run_address>0x4508</run_address>
         <size>0x14</size>
         <input_file_ref idref="fl-152"/>
      </object_component>
      <object_component id="oc-22e">
         <name>.text:SysTickEnable</name>
         <load_address>0x451c</load_address>
         <run_address>0x451c</run_address>
         <size>0x14</size>
         <input_file_ref idref="fl-151"/>
      </object_component>
      <object_component id="oc-228">
         <name>.text:SysTickIntEnable</name>
         <load_address>0x4530</load_address>
         <run_address>0x4530</run_address>
         <size>0x14</size>
         <input_file_ref idref="fl-151"/>
      </object_component>
      <object_component id="oc-3ef">
         <name>.text:UARTEnable</name>
         <load_address>0x4544</load_address>
         <run_address>0x4544</run_address>
         <size>0x14</size>
         <input_file_ref idref="fl-150"/>
      </object_component>
      <object_component id="oc-6cc">
         <name>.text:USBDCDRequestDataEP0</name>
         <load_address>0x4558</load_address>
         <run_address>0x4558</run_address>
         <size>0x14</size>
         <input_file_ref idref="fl-144"/>
      </object_component>
      <object_component id="oc-6c5">
         <name>.text:USBDCDSendDataEP0</name>
         <load_address>0x456c</load_address>
         <run_address>0x456c</run_address>
         <size>0x14</size>
         <input_file_ref idref="fl-144"/>
      </object_component>
      <object_component id="oc-386">
         <name>.text:USBHostResume</name>
         <load_address>0x4580</load_address>
         <run_address>0x4580</run_address>
         <size>0x14</size>
         <input_file_ref idref="fl-14e"/>
      </object_component>
      <object_component id="oc-4d6">
         <name>.text:USBIntEnableEndpoint</name>
         <load_address>0x4594</load_address>
         <run_address>0x4594</run_address>
         <size>0x14</size>
         <input_file_ref idref="fl-14e"/>
      </object_component>
      <object_component id="oc-7ed">
         <name>.text:_USBIndexWrite</name>
         <load_address>0x45a8</load_address>
         <run_address>0x45a8</run_address>
         <size>0x14</size>
         <input_file_ref idref="fl-14e"/>
      </object_component>
      <object_component id="oc-2c8">
         <name>.text</name>
         <load_address>0x45bc</load_address>
         <run_address>0x45bc</run_address>
         <size>0x14</size>
         <input_file_ref idref="fl-13e"/>
      </object_component>
      <object_component id="oc-2e7">
         <name>.text:GPIOPinTypeGPIOInput</name>
         <load_address>0x45d0</load_address>
         <run_address>0x45d0</run_address>
         <size>0x12</size>
         <input_file_ref idref="fl-155"/>
      </object_component>
      <object_component id="oc-2e1">
         <name>.text:GPIOPinTypeSSI</name>
         <load_address>0x45e2</load_address>
         <run_address>0x45e2</run_address>
         <size>0x12</size>
         <input_file_ref idref="fl-155"/>
      </object_component>
      <object_component id="oc-359">
         <name>.text:GPIOPinTypeUART</name>
         <load_address>0x45f4</load_address>
         <run_address>0x45f4</run_address>
         <size>0x12</size>
         <input_file_ref idref="fl-155"/>
      </object_component>
      <object_component id="oc-36b">
         <name>.text:GPIOPinTypeUSBAnalog</name>
         <load_address>0x4606</load_address>
         <run_address>0x4606</run_address>
         <size>0x12</size>
         <input_file_ref idref="fl-155"/>
      </object_component>
      <object_component id="oc-583">
         <name>.text:HandleResume</name>
         <load_address>0x4618</load_address>
         <run_address>0x4618</run_address>
         <size>0x12</size>
         <input_file_ref idref="fl-142"/>
      </object_component>
      <object_component id="oc-57d">
         <name>.text:HandleSuspend</name>
         <load_address>0x462a</load_address>
         <run_address>0x462a</run_address>
         <size>0x12</size>
         <input_file_ref idref="fl-142"/>
      </object_component>
      <object_component id="oc-2ed">
         <name>.text:SSIDataGetNonBlocking</name>
         <load_address>0x463c</load_address>
         <run_address>0x463c</run_address>
         <size>0x12</size>
         <input_file_ref idref="fl-153"/>
      </object_component>
      <object_component id="oc-788">
         <name>.text:USBDMAChannelConfigSet</name>
         <load_address>0x464e</load_address>
         <run_address>0x464e</run_address>
         <size>0x12</size>
         <input_file_ref idref="fl-14e"/>
      </object_component>
      <object_component id="oc-759">
         <name>.text:USBDMAChannelDisable</name>
         <load_address>0x4660</load_address>
         <run_address>0x4660</run_address>
         <size>0x12</size>
         <input_file_ref idref="fl-14e"/>
      </object_component>
      <object_component id="oc-78e">
         <name>.text:USBDMAChannelEnable</name>
         <load_address>0x4672</load_address>
         <run_address>0x4672</run_address>
         <size>0x12</size>
         <input_file_ref idref="fl-14e"/>
      </object_component>
      <object_component id="oc-775">
         <name>.text:USBDMAChannelIntDisable</name>
         <load_address>0x4684</load_address>
         <run_address>0x4684</run_address>
         <size>0x12</size>
         <input_file_ref idref="fl-14e"/>
      </object_component>
      <object_component id="oc-76e">
         <name>.text:USBDMAChannelIntEnable</name>
         <load_address>0x4696</load_address>
         <run_address>0x4696</run_address>
         <size>0x12</size>
         <input_file_ref idref="fl-14e"/>
      </object_component>
      <object_component id="oc-1c">
         <name>.text:decompress:ZI</name>
         <load_address>0x46a8</load_address>
         <run_address>0x46a8</run_address>
         <size>0x12</size>
         <input_file_ref idref="fl-139"/>
      </object_component>
      <object_component id="oc-222">
         <name>.text:SysTickPeriodSet</name>
         <load_address>0x46bc</load_address>
         <run_address>0x46bc</run_address>
         <size>0x10</size>
         <input_file_ref idref="fl-151"/>
      </object_component>
      <object_component id="oc-1cf">
         <name>.text:USBEndpointStatus</name>
         <load_address>0x46cc</load_address>
         <run_address>0x46cc</run_address>
         <size>0x10</size>
         <input_file_ref idref="fl-14e"/>
      </object_component>
      <object_component id="oc-181">
         <name>.text:clearRfCSN</name>
         <load_address>0x46dc</load_address>
         <run_address>0x46dc</run_address>
         <size>0x10</size>
         <input_file_ref idref="fl-6"/>
      </object_component>
      <object_component id="oc-15e">
         <name>.text:setRfCSN</name>
         <load_address>0x46ec</load_address>
         <run_address>0x46ec</run_address>
         <size>0x10</size>
         <input_file_ref idref="fl-6"/>
      </object_component>
      <object_component id="oc-603">
         <name>.text:DMAUSBIntStatusClear</name>
         <load_address>0x46fc</load_address>
         <run_address>0x46fc</run_address>
         <size>0xe</size>
         <input_file_ref idref="fl-14a"/>
      </object_component>
      <object_component id="oc-fa">
         <name>.text:GPIOIntStatus</name>
         <load_address>0x470a</load_address>
         <run_address>0x470a</run_address>
         <size>0xe</size>
         <input_file_ref idref="fl-155"/>
      </object_component>
      <object_component id="oc-e8">
         <name>.text:UARTCharGetNonBlocking</name>
         <load_address>0x4718</load_address>
         <run_address>0x4718</run_address>
         <size>0xe</size>
         <input_file_ref idref="fl-150"/>
      </object_component>
      <object_component id="oc-760">
         <name>.text:USBDMAChannelStatus</name>
         <load_address>0x4726</load_address>
         <run_address>0x4726</run_address>
         <size>0xe</size>
         <input_file_ref idref="fl-14e"/>
      </object_component>
      <object_component id="oc-4b8">
         <name>.text:USBDevLPMDisable</name>
         <load_address>0x4734</load_address>
         <run_address>0x4734</run_address>
         <size>0xe</size>
         <input_file_ref idref="fl-14e"/>
      </object_component>
      <object_component id="oc-299">
         <name>.text:USBDevLPMEnable</name>
         <load_address>0x4742</load_address>
         <run_address>0x4742</run_address>
         <size>0xe</size>
         <input_file_ref idref="fl-14e"/>
      </object_component>
      <object_component id="oc-4a6">
         <name>.text:USBULPIDisable</name>
         <load_address>0x4750</load_address>
         <run_address>0x4750</run_address>
         <size>0xe</size>
         <input_file_ref idref="fl-14e"/>
      </object_component>
      <object_component id="oc-49a">
         <name>.text:USBULPIEnable</name>
         <load_address>0x475e</load_address>
         <run_address>0x475e</run_address>
         <size>0xe</size>
         <input_file_ref idref="fl-14e"/>
      </object_component>
      <object_component id="oc-16">
         <name>.text:decompress:none</name>
         <load_address>0x476c</load_address>
         <run_address>0x476c</run_address>
         <size>0xe</size>
         <input_file_ref idref="fl-137"/>
      </object_component>
      <object_component id="oc-352">
         <name>.text:CPUcpsie</name>
         <load_address>0x477a</load_address>
         <run_address>0x477a</run_address>
         <size>0xc</size>
         <input_file_ref idref="fl-156"/>
      </object_component>
      <object_component id="oc-240">
         <name>.text:GPIOIntEnable</name>
         <load_address>0x4786</load_address>
         <run_address>0x4786</run_address>
         <size>0xc</size>
         <input_file_ref idref="fl-155"/>
      </object_component>
      <object_component id="oc-1a6">
         <name>.text:SSIDataGet</name>
         <load_address>0x4792</load_address>
         <run_address>0x4792</run_address>
         <size>0xc</size>
         <input_file_ref idref="fl-153"/>
      </object_component>
      <object_component id="oc-ee">
         <name>.text:UARTCharsAvail</name>
         <load_address>0x479e</load_address>
         <run_address>0x479e</run_address>
         <size>0xc</size>
         <input_file_ref idref="fl-150"/>
      </object_component>
      <object_component id="oc-74a">
         <name>.text:USBEndpointPacketCountSet</name>
         <load_address>0x47aa</load_address>
         <run_address>0x47aa</run_address>
         <size>0xc</size>
         <input_file_ref idref="fl-14e"/>
      </object_component>
      <object_component id="oc-4c4">
         <name>.text:USBLPMIntEnable</name>
         <load_address>0x47b6</load_address>
         <run_address>0x47b6</run_address>
         <size>0xc</size>
         <input_file_ref idref="fl-14e"/>
      </object_component>
      <object_component id="oc-173">
         <name>.text:getCEState</name>
         <load_address>0x47c4</load_address>
         <run_address>0x47c4</run_address>
         <size>0xc</size>
         <input_file_ref idref="fl-6"/>
      </object_component>
      <object_component id="oc-29">
         <name>.text</name>
         <load_address>0x47d0</load_address>
         <run_address>0x47d0</run_address>
         <size>0xc</size>
         <input_file_ref idref="fl-4"/>
      </object_component>
      <object_component id="oc-252">
         <name>.text:IntMasterEnable</name>
         <load_address>0x47dc</load_address>
         <run_address>0x47dc</run_address>
         <size>0xa</size>
         <input_file_ref idref="fl-154"/>
      </object_component>
      <object_component id="oc-1a0">
         <name>.text:SSIDataPut</name>
         <load_address>0x47e6</load_address>
         <run_address>0x47e6</run_address>
         <size>0xa</size>
         <input_file_ref idref="fl-153"/>
      </object_component>
      <object_component id="oc-7a">
         <name>.text:SSIDisable</name>
         <load_address>0x47f0</load_address>
         <run_address>0x47f0</run_address>
         <size>0xa</size>
         <input_file_ref idref="fl-153"/>
      </object_component>
      <object_component id="oc-8c">
         <name>.text:SSIEnable</name>
         <load_address>0x47fa</load_address>
         <run_address>0x47fa</run_address>
         <size>0xa</size>
         <input_file_ref idref="fl-153"/>
      </object_component>
      <object_component id="oc-f4">
         <name>.text:UARTCharPut</name>
         <load_address>0x4804</load_address>
         <run_address>0x4804</run_address>
         <size>0xa</size>
         <input_file_ref idref="fl-150"/>
      </object_component>
      <object_component id="oc-dc">
         <name>.text:UARTIntStatus</name>
         <load_address>0x480e</load_address>
         <run_address>0x480e</run_address>
         <size>0xa</size>
         <input_file_ref idref="fl-150"/>
      </object_component>
      <object_component id="oc-494">
         <name>.text:USBClockEnable</name>
         <load_address>0x4818</load_address>
         <run_address>0x4818</run_address>
         <size>0xa</size>
         <input_file_ref idref="fl-14e"/>
      </object_component>
      <object_component id="oc-5be">
         <name>.text:USBControllerVersion</name>
         <load_address>0x4822</load_address>
         <run_address>0x4822</run_address>
         <size>0xa</size>
         <input_file_ref idref="fl-14e"/>
      </object_component>
      <object_component id="oc-77c">
         <name>.text:USBDMAChannelAddressSet</name>
         <load_address>0x482c</load_address>
         <run_address>0x482c</run_address>
         <size>0xa</size>
         <input_file_ref idref="fl-14e"/>
      </object_component>
      <object_component id="oc-782">
         <name>.text:USBDMAChannelCountSet</name>
         <load_address>0x4836</load_address>
         <run_address>0x4836</run_address>
         <size>0xa</size>
         <input_file_ref idref="fl-14e"/>
      </object_component>
      <object_component id="oc-4dc">
         <name>.text:USBDevConnect</name>
         <load_address>0x4840</load_address>
         <run_address>0x4840</run_address>
         <size>0xa</size>
         <input_file_ref idref="fl-14e"/>
      </object_component>
      <object_component id="oc-2ab">
         <name>.text:USBDevDisconnect</name>
         <load_address>0x484a</load_address>
         <run_address>0x484a</run_address>
         <size>0xa</size>
         <input_file_ref idref="fl-14e"/>
      </object_component>
      <object_component id="oc-29f">
         <name>.text:USBIntStatusEndpoint</name>
         <load_address>0x4854</load_address>
         <run_address>0x4854</run_address>
         <size>0xa</size>
         <input_file_ref idref="fl-14e"/>
      </object_component>
      <object_component id="oc-365">
         <name>.text:UARTIntEnable</name>
         <load_address>0x485e</load_address>
         <run_address>0x485e</run_address>
         <size>0x8</size>
         <input_file_ref idref="fl-150"/>
      </object_component>
      <object_component id="oc-4b2">
         <name>.text:USBDevMode</name>
         <load_address>0x4866</load_address>
         <run_address>0x4866</run_address>
         <size>0x8</size>
         <input_file_ref idref="fl-14e"/>
      </object_component>
      <object_component id="oc-73e">
         <name>.text:USBFIFOAddrGet</name>
         <load_address>0x486e</load_address>
         <run_address>0x486e</run_address>
         <size>0x8</size>
         <input_file_ref idref="fl-14e"/>
      </object_component>
      <object_component id="oc-4ac">
         <name>.text:USBOTGMode</name>
         <load_address>0x4876</load_address>
         <run_address>0x4876</run_address>
         <size>0x8</size>
         <input_file_ref idref="fl-14e"/>
      </object_component>
      <object_component id="oc-639">
         <name>.text:iDMAUSBChannelIntDisable</name>
         <load_address>0x487e</load_address>
         <run_address>0x487e</run_address>
         <size>0x8</size>
         <input_file_ref idref="fl-14a"/>
      </object_component>
      <object_component id="oc-633">
         <name>.text:iDMAUSBChannelIntEnable</name>
         <load_address>0x4886</load_address>
         <run_address>0x4886</run_address>
         <size>0x8</size>
         <input_file_ref idref="fl-14a"/>
      </object_component>
      <object_component id="oc-100">
         <name>.text:GPIOIntClear</name>
         <load_address>0x488e</load_address>
         <run_address>0x488e</run_address>
         <size>0x6</size>
         <input_file_ref idref="fl-155"/>
      </object_component>
      <object_component id="oc-98">
         <name>.text:GPIOPinRead</name>
         <load_address>0x4894</load_address>
         <run_address>0x4894</run_address>
         <size>0x6</size>
         <input_file_ref idref="fl-155"/>
      </object_component>
      <object_component id="oc-9e">
         <name>.text:GPIOPinWrite</name>
         <load_address>0x489a</load_address>
         <run_address>0x489a</run_address>
         <size>0x6</size>
         <input_file_ref idref="fl-155"/>
      </object_component>
      <object_component id="oc-bf">
         <name>.text:SysCtlDelay</name>
         <load_address>0x48a0</load_address>
         <run_address>0x48a0</run_address>
         <size>0x6</size>
         <input_file_ref idref="fl-152"/>
      </object_component>
      <object_component id="oc-767">
         <name>.text:USBDMAChannelIntStatus</name>
         <load_address>0x48a6</load_address>
         <run_address>0x48a6</run_address>
         <size>0x6</size>
         <input_file_ref idref="fl-14e"/>
      </object_component>
      <object_component id="oc-4be">
         <name>.text:USBDevLPMConfig</name>
         <load_address>0x48ac</load_address>
         <run_address>0x48ac</run_address>
         <size>0x6</size>
         <input_file_ref idref="fl-14e"/>
      </object_component>
      <object_component id="oc-293">
         <name>.text:USBLPMIntStatus</name>
         <load_address>0x48b2</load_address>
         <run_address>0x48b2</run_address>
         <size>0x6</size>
         <input_file_ref idref="fl-14e"/>
      </object_component>
      <object_component id="oc-22">
         <name>.text:decompress:rle24</name>
         <load_address>0x48b8</load_address>
         <run_address>0x48b8</run_address>
         <size>0x6</size>
         <input_file_ref idref="fl-138"/>
      </object_component>
      <object_component id="oc-62d">
         <name>.text:iDMAUSBIntStatus</name>
         <load_address>0x48be</load_address>
         <run_address>0x48be</run_address>
         <size>0x6</size>
         <input_file_ref idref="fl-14a"/>
      </object_component>
      <object_component id="oc-609">
         <name>.text:DMAUSBStatus</name>
         <load_address>0x48c4</load_address>
         <run_address>0x48c4</run_address>
         <size>0x4</size>
         <input_file_ref idref="fl-14a"/>
      </object_component>
      <object_component id="oc-577">
         <name>.text:HandleReset</name>
         <load_address>0x48c8</load_address>
         <run_address>0x48c8</run_address>
         <size>0x4</size>
         <input_file_ref idref="fl-142"/>
      </object_component>
      <object_component id="oc-e2">
         <name>.text:UARTIntClear</name>
         <load_address>0x48cc</load_address>
         <run_address>0x48cc</run_address>
         <size>0x4</size>
         <input_file_ref idref="fl-150"/>
      </object_component>
      <object_component id="oc-395">
         <name>.text:USBDevAddrSet</name>
         <load_address>0x48d0</load_address>
         <run_address>0x48d0</run_address>
         <size>0x4</size>
         <input_file_ref idref="fl-14e"/>
      </object_component>
      <object_component id="oc-34e">
         <name>.const:g_pui32Regs</name>
         <load_address>0x48d4</load_address>
         <run_address>0x48d4</run_address>
         <size>0x9c</size>
         <input_file_ref idref="fl-154"/>
      </object_component>
      <object_component id="oc-3d4">
         <name>.const:g_pui32GPIOBaseAddrs</name>
         <load_address>0x4970</load_address>
         <run_address>0x4970</run_address>
         <size>0x90</size>
         <input_file_ref idref="fl-155"/>
      </object_component>
      <object_component id="oc-2ff">
         <name>.const</name>
         <load_address>0x4a00</load_address>
         <run_address>0x4a00</run_address>
         <size>0x70</size>
         <input_file_ref idref="fl-154"/>
      </object_component>
      <object_component id="oc-415">
         <name>.const</name>
         <load_address>0x4a70</load_address>
         <run_address>0x4a70</run_address>
         <size>0x70</size>
         <input_file_ref idref="fl-5"/>
      </object_component>
      <object_component id="oc-151">
         <name>.const:g_pui32Xtals</name>
         <load_address>0x4ae0</load_address>
         <run_address>0x4ae0</run_address>
         <size>0x6c</size>
         <input_file_ref idref="fl-152"/>
      </object_component>
      <object_component id="oc-4e6">
         <name>.const:.string</name>
         <load_address>0x4b4c</load_address>
         <run_address>0x4b4c</run_address>
         <size>0x68</size>
         <input_file_ref idref="fl-5"/>
      </object_component>
      <object_component id="oc-4ef">
         <name>.const:.string:g_pui8ConfigString</name>
         <load_address>0x4bb4</load_address>
         <run_address>0x4bb4</run_address>
         <size>0x40</size>
         <input_file_ref idref="fl-5"/>
      </object_component>
      <object_component id="oc-433">
         <name>.const:g_psUSBDStdRequests</name>
         <load_address>0x4bf4</load_address>
         <run_address>0x4bf4</run_address>
         <size>0x34</size>
         <input_file_ref idref="fl-144"/>
      </object_component>
      <object_component id="oc-4ec">
         <name>.const:.string:g_pui8HIDInterfaceString</name>
         <load_address>0x4c28</load_address>
         <run_address>0x4c28</run_address>
         <size>0x30</size>
         <input_file_ref idref="fl-5"/>
      </object_component>
      <object_component id="oc-47b">
         <name>.const:g_sHIDHandlers</name>
         <load_address>0x4c58</load_address>
         <run_address>0x4c58</run_address>
         <size>0x30</size>
         <input_file_ref idref="fl-142"/>
      </object_component>
      <object_component id="oc-4e9">
         <name>.const:.string:g_pui8ProductString</name>
         <load_address>0x4c88</load_address>
         <run_address>0x4c88</run_address>
         <size>0x28</size>
         <input_file_ref idref="fl-5"/>
      </object_component>
      <object_component id="oc-83a">
         <name>.cinit..data.load</name>
         <load_address>0x4cb0</load_address>
         <run_address>0x4cb0</run_address>
         <size>0x7a</size>
      </object_component>
      <object_component id="oc-838">
         <name>__TI_handler_table</name>
         <load_address>0x4d2c</load_address>
         <run_address>0x4d2c</run_address>
         <size>0xc</size>
      </object_component>
      <object_component id="oc-83b">
         <name>.cinit..bss.load</name>
         <load_address>0x4d38</load_address>
         <run_address>0x4d38</run_address>
         <size>0x8</size>
      </object_component>
      <object_component id="oc-839">
         <name>__TI_cinit_table</name>
         <load_address>0x4d40</load_address>
         <run_address>0x4d40</run_address>
         <size>0x10</size>
      </object_component>
      <object_component id="oc-55">
         <name>.data</name>
         <load_address>0x20000560</load_address>
         <run_address>0x20000560</run_address>
         <size>0x4</size>
         <input_file_ref idref="fl-13d"/>
      </object_component>
      <object_component id="oc-c0">
         <name>.data</name>
         <load_address>0x20000518</load_address>
         <run_address>0x20000518</run_address>
         <size>0xd</size>
         <input_file_ref idref="fl-2"/>
      </object_component>
      <object_component id="oc-12d">
         <name>.data</name>
         <load_address>0x20000540</load_address>
         <run_address>0x20000540</run_address>
         <size>0x8</size>
         <input_file_ref idref="fl-13e"/>
      </object_component>
      <object_component id="oc-130">
         <name>.data</name>
         <load_address>0x20000548</load_address>
         <run_address>0x20000548</run_address>
         <size>0x8</size>
         <input_file_ref idref="fl-13a"/>
      </object_component>
      <object_component id="oc-2b7">
         <name>.data</name>
         <load_address>0x20000528</load_address>
         <run_address>0x20000528</run_address>
         <size>0xc</size>
         <input_file_ref idref="fl-148"/>
      </object_component>
      <object_component id="oc-2ba">
         <name>.data</name>
         <load_address>0x20000558</load_address>
         <run_address>0x20000558</run_address>
         <size>0x8</size>
         <input_file_ref idref="fl-144"/>
      </object_component>
      <object_component id="oc-37e">
         <name>.data:g_sHIDSwarmColtrolDevice</name>
         <load_address>0x20000498</load_address>
         <run_address>0x20000498</run_address>
         <size>0x6c</size>
         <input_file_ref idref="fl-5"/>
      </object_component>
      <object_component id="oc-3f8">
         <name>.data</name>
         <load_address>0x20000534</load_address>
         <run_address>0x20000534</run_address>
         <size>0x9</size>
         <input_file_ref idref="fl-149"/>
      </object_component>
      <object_component id="oc-412">
         <name>.data</name>
         <load_address>0x20000550</load_address>
         <run_address>0x20000550</run_address>
         <size>0x8</size>
         <input_file_ref idref="fl-5"/>
      </object_component>
      <object_component id="oc-47e">
         <name>.data</name>
         <load_address>0x20000504</load_address>
         <run_address>0x20000504</run_address>
         <size>0x12</size>
         <input_file_ref idref="fl-142"/>
      </object_component>
      <object_component id="oc-a4">
         <name>.bss:usbBufferHostToDevice</name>
         <uninitialized>true</uninitialized>
         <run_address>0x200001e0</run_address>
         <size>0x40</size>
         <input_file_ref idref="fl-2"/>
      </object_component>
      <object_component id="oc-bc">
         <name>.bss:usbBufferDeviceToHost</name>
         <uninitialized>true</uninitialized>
         <run_address>0x200001a0</run_address>
         <size>0x40</size>
         <input_file_ref idref="fl-2"/>
      </object_component>
      <object_component id="oc-10b">
         <name>.bss:g_BluetoothBuffer</name>
         <uninitialized>true</uninitialized>
         <run_address>0x20000250</run_address>
         <size>0x24</size>
         <input_file_ref idref="fl-2"/>
      </object_component>
      <object_component id="oc-2b1">
         <name>.bss</name>
         <uninitialized>true</uninitialized>
         <run_address>0x20000280</run_address>
         <size>0x8</size>
         <input_file_ref idref="fl-144"/>
      </object_component>
      <object_component id="oc-2b4">
         <name>.bss:g_psDCDInst</name>
         <uninitialized>true</uninitialized>
         <run_address>0x20000110</run_address>
         <size>0x50</size>
         <input_file_ref idref="fl-144"/>
      </object_component>
      <object_component id="oc-38d">
         <name>.bss</name>
         <uninitialized>true</uninitialized>
         <run_address>0x20000220</run_address>
         <size>0x30</size>
         <input_file_ref idref="fl-148"/>
      </object_component>
      <object_component id="oc-3fb">
         <name>.bss</name>
         <uninitialized>true</uninitialized>
         <run_address>0x20000274</run_address>
         <size>0xc</size>
         <input_file_ref idref="fl-149"/>
      </object_component>
      <object_component id="oc-430">
         <name>.bss:g_pui8DataBufferIn</name>
         <uninitialized>true</uninitialized>
         <run_address>0x20000160</run_address>
         <size>0x40</size>
         <input_file_ref idref="fl-144"/>
      </object_component>
      <object_component id="oc-5c4">
         <name>.bss:g_psUSBDMAInst</name>
         <uninitialized>true</uninitialized>
         <run_address>0x20000000</run_address>
         <size>0x110</size>
         <input_file_ref idref="fl-14a"/>
      </object_component>
      <object_component id="oc-37d">
         <name>.common:pvDevice</name>
         <uninitialized>true</uninitialized>
         <run_address>0x2000028c</run_address>
         <size>0x4</size>
      </object_component>
      <object_component id="oc-c4">
         <name>.common:g_ui32SysTickCount</name>
         <uninitialized>true</uninitialized>
         <run_address>0x20000288</run_address>
         <size>0x4</size>
      </object_component>
      <object_component id="oc-2fa">
         <name>.common:CEState</name>
         <uninitialized>true</uninitialized>
         <run_address>0x20000290</run_address>
         <size>0x1</size>
      </object_component>
      <object_component id="oc-196">
         <name>.common:crcConfig</name>
         <uninitialized>true</uninitialized>
         <run_address>0x20000292</run_address>
[...]
         <object_component_ref idref="oc-437"/>
      </symbol>
      <symbol id="sm-8c1">
         <name>USBDCDConfigGetInterfaceEndpoint</name>
         <value>0x3bab</value>
         <object_component_ref idref="oc-45d"/>
      </symbol>
      <symbol id="sm-8c2">
         <name>USBDCDConfigDescGetNum</name>
         <value>0x4069</value>
         <object_component_ref idref="oc-697"/>
      </symbol>
      <symbol id="sm-8cf">
         <name>ULPIConfigSet</name>
         <value>0x34ab</value>
         <object_component_ref idref="oc-4a0"/>
      </symbol>
      <symbol id="sm-921">
         <name>g_ui32USBSOFCount</name>
         <value>0x20000530</value>
         <object_component_ref idref="oc-2b7"/>
      </symbol>
      <symbol id="sm-922">
         <name>g_pvTickInstance</name>
         <value>0x20000238</value>
         <object_component_ref idref="oc-38d"/>
      </symbol>
      <symbol id="sm-923">
         <name>g_bUSBTimerInitialized</name>
         <value>0x20000528</value>
         <object_component_ref idref="oc-2b7"/>
      </symbol>
      <symbol id="sm-924">
         <name>g_ui32CurrentUSBTick</name>
         <value>0x2000052c</value>
         <object_component_ref idref="oc-2b7"/>
      </symbol>
      <symbol id="sm-925">
         <name>InternalUSBStartOfFrameTick</name>
         <value>0x3d31</value>
         <object_component_ref idref="oc-28d"/>
      </symbol>
      <symbol id="sm-926">
         <name>g_pfnTickHandlers</name>
         <value>0x20000220</value>
         <object_component_ref idref="oc-38d"/>
      </symbol>
      <symbol id="sm-927">
         <name>InternalUSBRegisterTickHandler</name>
         <value>0x3cfd</value>
         <object_component_ref idref="oc-475"/>
      </symbol>
      <symbol id="sm-928">
         <name>InternalUSBTickInit</name>
         <value>0x3f29</value>
         <object_component_ref idref="oc-46f"/>
      </symbol>
      <symbol id="sm-961">
         <name>g_eOTGModeState</name>
         <value>0x20000278</value>
         <object_component_ref idref="oc-3fb"/>
      </symbol>
      <symbol id="sm-962">
         <name>g_ui32PollRate</name>
         <value>0x20000274</value>
         <object_component_ref idref="oc-3fb"/>
      </symbol>
      <symbol id="sm-963">
         <name>g_iUSBMode</name>
         <value>0x20000534</value>
         <object_component_ref idref="oc-3f8"/>
      </symbol>
      <symbol id="sm-964">
         <name>USBStackModeSet</name>
         <value>0x429d</value>
         <object_component_ref idref="oc-371"/>
      </symbol>
      <symbol id="sm-965">
         <name>g_ui32WaitTicks</name>
         <value>0x20000538</value>
         <object_component_ref idref="oc-3f8"/>
      </symbol>
      <symbol id="sm-abf">
         <name>USBLibDMAInit</name>
         <value>0x138d</value>
         <object_component_ref idref="oc-4ca"/>
      </symbol>
      <symbol id="sm-af4">
         <name>USBDescGet</name>
         <value>0x3fe7</value>
         <object_component_ref idref="oc-7c4"/>
      </symbol>
      <symbol id="sm-af5">
         <name>USBDescGetNum</name>
         <value>0x4093</value>
         <object_component_ref idref="oc-7b7"/>
      </symbol>
      <symbol id="sm-cbd">
         <name>USBLPMIntEnable</name>
         <value>0x47b7</value>
         <object_component_ref idref="oc-4c4"/>
      </symbol>
      <symbol id="sm-cbe">
         <name>USBEndpointDataAvail</name>
         <value>0x43c1</value>
         <object_component_ref idref="oc-1d5"/>
      </symbol>
      <symbol id="sm-cbf">
         <name>USBClockEnable</name>
         <value>0x4819</value>
         <object_component_ref idref="oc-494"/>
      </symbol>
      <symbol id="sm-cc0">
         <name>USBDevDisconnect</name>
         <value>0x484b</value>
         <object_component_ref idref="oc-2ab"/>
      </symbol>
      <symbol id="sm-cc1">
         <name>USBDevEndpointStallClear</name>
         <value>0x3685</value>
         <object_component_ref idref="oc-67d"/>
      </symbol>
      <symbol id="sm-cc2">
         <name>USBEndpointDataPut</name>
         <value>0x3f89</value>
         <object_component_ref idref="oc-336"/>
      </symbol>
      <symbol id="sm-cc3">
         <name>USBDMAChannelIntStatus</name>
         <value>0x48a7</value>
         <object_component_ref idref="oc-767"/>
      </symbol>
      <symbol id="sm-cc4">
         <name>USBDevAddrSet</name>
         <value>0x48d1</value>
         <object_component_ref idref="oc-395"/>
      </symbol>
      <symbol id="sm-cc5">
         <name>USBDMAChannelCountSet</name>
         <value>0x4837</value>
         <object_component_ref idref="oc-782"/>
      </symbol>
      <symbol id="sm-cc6">
         <name>USBLPMIntStatus</name>
         <value>0x48b3</value>
         <object_component_ref idref="oc-293"/>
      </symbol>
      <symbol id="sm-cc7">
         <name>USBDMAChannelAddressSet</name>
         <value>0x482d</value>
         <object_component_ref idref="oc-77c"/>
      </symbol>
      <symbol id="sm-cc8">
         <name>USBULPIDisable</name>
         <value>0x4751</value>
         <object_component_ref idref="oc-4a6"/>
      </symbol>
      <symbol id="sm-cc9">
         <name>USBIntStatusControl</name>
         <value>0x3c59</value>
         <object_component_ref idref="oc-110"/>
      </symbol>
      <symbol id="sm-cca">
         <name>USBEndpointDMADisable</name>
         <value>0x41ed</value>
         <object_component_ref idref="oc-70f"/>
      </symbol>
      <symbol id="sm-ccb">
         <name>USBDevEndpointDataAck</name>
         <value>0x41c9</value>
         <object_component_ref idref="oc-1e7"/>
      </symbol>
      <symbol id="sm-ccc">
         <name>USBOTGMode</name>
         <value>0x4877</value>
         <object_component_ref idref="oc-4ac"/>
      </symbol>
      <symbol id="sm-ccd">
         <name>USBDMAChannelConfigSet</name>
         <value>0x464f</value>
         <object_component_ref idref="oc-788"/>
      </symbol>
      <symbol id="sm-cce">
         <name>USBULPIRegRead</name>
         <value>0x42f9</value>
         <object_component_ref idref="oc-5aa"/>
      </symbol>
      <symbol id="sm-ccf">
         <name>USBDevMode</name>
         <value>0x4867</value>
         <object_component_ref idref="oc-4b2"/>
      </symbol>
      <symbol id="sm-cd0">
         <name>USBIntEnableEndpoint</name>
         <value>0x4595</value>
         <object_component_ref idref="oc-4d6"/>
      </symbol>
      <symbol id="sm-cd1">
         <name>USBEndpointDataGet</name>
         <value>0x395d</value>
         <object_component_ref idref="oc-1db"/>
      </symbol>
      <symbol id="sm-cd2">
         <name>USBDevEndpointStatusClear</name>
         <value>0x3185</value>
         <object_component_ref idref="oc-1e1"/>
      </symbol>
      <symbol id="sm-cd3">
         <name>USBULPIEnable</name>
         <value>0x475f</value>
         <object_component_ref idref="oc-49a"/>
      </symbol>
      <symbol id="sm-cd4">
         <name>USBFIFOAddrGet</name>
         <value>0x486f</value>
         <object_component_ref idref="oc-73e"/>
      </symbol>
      <symbol id="sm-cd5">
         <name>USBDMAChannelStatus</name>
         <value>0x4727</value>
         <object_component_ref idref="oc-760"/>
      </symbol>
      <symbol id="sm-cd6">
         <name>USBULPIRegWrite</name>
         <value>0x4317</value>
         <object_component_ref idref="oc-5b0"/>
      </symbol>
      <symbol id="sm-cd7">
         <name>USBDMAChannelIntEnable</name>
         <value>0x4697</value>
         <object_component_ref idref="oc-76e"/>
      </symbol>
      <symbol id="sm-cd8">
         <name>USBDevLPMConfig</name>
         <value>0x48ad</value>
         <object_component_ref idref="oc-4be"/>
      </symbol>
      <symbol id="sm-cd9">
         <name>USBDevLPMEnable</name>
         <value>0x4743</value>
         <object_component_ref idref="oc-299"/>
      </symbol>
      <symbol id="sm-cda">
         <name>USBControllerVersion</name>
         <value>0x4823</value>
         <object_component_ref idref="oc-5be"/>
      </symbol>
      <symbol id="sm-cdb">
         <name>USBFIFOConfigSet</name>
         <value>0x3be5</value>
         <object_component_ref idref="oc-7af"/>
      </symbol>
      <symbol id="sm-cdc">
         <name>USBEndpointDMAEnable</name>
         <value>0x4211</value>
         <object_component_ref idref="oc-723"/>
      </symbol>
      <symbol id="sm-cdd">
         <name>USBDevLPMDisable</name>
         <value>0x4735</value>
         <object_component_ref idref="oc-4b8"/>
      </symbol>
      <symbol id="sm-cde">
         <name>USBEndpointDataSend</name>
         <value>0x3fb9</value>
         <object_component_ref idref="oc-33c"/>
      </symbol>
      <symbol id="sm-cdf">
         <name>USBIntStatusEndpoint</name>
         <value>0x4855</value>
         <object_component_ref idref="oc-29f"/>
      </symbol>
      <symbol id="sm-ce0">
         <name>USBEndpointStatus</name>
         <value>0x46cd</value>
         <object_component_ref idref="oc-1cf"/>
      </symbol>
      <symbol id="sm-ce1">
         <name>USBEndpointPacketCountSet</name>
         <value>0x47ab</value>
         <object_component_ref idref="oc-74a"/>
      </symbol>
      <symbol id="sm-ce2">
         <name>USBDMAChannelIntDisable</name>
         <value>0x4685</value>
         <object_component_ref idref="oc-775"/>
      </symbol>
      <symbol id="sm-ce3">
         <name>USBEndpointDMAConfigSet</name>
         <value>0x36d1</value>
         <object_component_ref idref="oc-750"/>
      </symbol>
      <symbol id="sm-ce4">
         <name>USBDevEndpointStall</name>
         <value>0x3e65</value>
         <object_component_ref idref="oc-4f4"/>
      </symbol>
      <symbol id="sm-ce5">
         <name>USBDevConnect</name>
         <value>0x4841</value>
         <object_component_ref idref="oc-4dc"/>
      </symbol>
      <symbol id="sm-ce6">
         <name>USBDevEndpointConfigSet</name>
         <value>0x2ad5</value>
         <object_component_ref idref="oc-7a3"/>
      </symbol>
      <symbol id="sm-ce7">
         <name>USBDMAChannelDisable</name>
         <value>0x4661</value>
         <object_component_ref idref="oc-759"/>
      </symbol>
      <symbol id="sm-ce8">
         <name>USBDMAChannelEnable</name>
         <value>0x4673</value>
         <object_component_ref idref="oc-78e"/>
      </symbol>
      <symbol id="sm-ce9">
         <name>USBHostResume</name>
         <value>0x4581</value>
         <object_component_ref idref="oc-386"/>
      </symbol>
      <symbol id="sm-cea">
         <name>USBIntEnableControl</name>
         <value>0x40bd</value>
         <object_component_ref idref="oc-4d0"/>
      </symbol>
      <symbol id="sm-ceb">
         <name>USBEndpointDMAChannel</name>
         <value>0x4415</value>
         <object_component_ref idref="oc-703"/>
      </symbol>
      <symbol id="sm-d36">
         <name>uDMAChannelControlSet</name>
         <value>0x4235</value>
         <object_component_ref idref="oc-6fc"/>
      </symbol>
      <symbol id="sm-d37">
         <name>uDMAChannelDisable</name>
         <value>0x44c1</value>
         <object_component_ref idref="oc-716"/>
      </symbol>
      <symbol id="sm-d38">
         <name>uDMAChannelModeGet</name>
         <value>0x40e5</value>
         <object_component_ref idref="oc-735"/>
      </symbol>
      <symbol id="sm-d39">
         <name>uDMAChannelTransferSet</name>
         <value>0x2a55</value>
         <object_component_ref idref="oc-744"/>
      </symbol>
      <symbol id="sm-d3a">
         <name>uDMAChannelAttributeDisable</name>
         <value>0x388d</value>
         <object_component_ref idref="oc-709"/>
      </symbol>
      <symbol id="sm-d3b">
         <name>uDMAChannelEnable</name>
         <value>0x44d9</value>
         <object_component_ref idref="oc-729"/>
      </symbol>
      <symbol id="sm-d91">
         <name>UARTConfigSetExpClk</name>
         <value>0x3aed</value>
         <object_component_ref idref="oc-35f"/>
      </symbol>
      <symbol id="sm-d92">
         <name>UARTDisable</name>
         <value>0x436d</value>
         <object_component_ref idref="oc-3e9"/>
      </symbol>
      <symbol id="sm-d93">
         <name>UARTIntEnable</name>
         <value>0x485f</value>
         <object_component_ref idref="oc-365"/>
      </symbol>
      <symbol id="sm-d94">
         <name>UARTCharsAvail</name>
         <value>0x479f</value>
         <object_component_ref idref="oc-ee"/>
      </symbol>
      <symbol id="sm-d95">
         <name>UARTCharGetNonBlocking</name>
         <value>0x4719</value>
         <object_component_ref idref="oc-e8"/>
      </symbol>
      <symbol id="sm-d96">
         <name>UARTCharPut</name>
         <value>0x4805</value>
         <object_component_ref idref="oc-f4"/>
      </symbol>
      <symbol id="sm-d97">
         <name>UARTEnable</name>
         <value>0x4545</value>
         <object_component_ref idref="oc-3ef"/>
      </symbol>
      <symbol id="sm-d98">
         <name>UARTIntClear</name>
         <value>0x48cd</value>
         <object_component_ref idref="oc-e2"/>
      </symbol>
      <symbol id="sm-d99">
         <name>UARTIntStatus</name>
         <value>0x480f</value>
         <object_component_ref idref="oc-dc"/>
      </symbol>
      <symbol id="sm-dbc">
         <name>SysTickEnable</name>
         <value>0x451d</value>
         <object_component_ref idref="oc-22e"/>
      </symbol>
      <symbol id="sm-dbd">
         <name>SysTickIntEnable</name>
         <value>0x4531</value>
         <object_component_ref idref="oc-228"/>
      </symbol>
      <symbol id="sm-dbe">
         <name>SysTickPeriodSet</name>
         <value>0x46bd</value>
         <object_component_ref idref="oc-222"/>
      </symbol>
      <symbol id="sm-e31">
         <name>SysCtlClockSet</name>
         <value>0x1d61</value>
         <object_component_ref idref="oc-210"/>
      </symbol>
      <symbol id="sm-e32">
         <name>SysCtlDelay</name>
         <value>0x48a1</value>
         <object_component_ref idref="oc-bf"/>
      </symbol>
      <symbol id="sm-e33">
         <name>SysCtlPeripheralEnable</name>
         <value>0x3d99</value>
         <object_component_ref idref="oc-216"/>
      </symbol>
      <symbol id="sm-e34">
         <name>SysCtlClockGet</name>
         <value>0x1b39</value>
         <object_component_ref idref="oc-80"/>
      </symbol>
      <symbol id="sm-e35">
         <name>SysCtlUSBPLLEnable</name>
         <value>0x4509</value>
         <object_component_ref idref="oc-48e"/>
      </symbol>
      <symbol id="sm-e36">
         <name>SysCtlPeripheralReset</name>
         <value>0x34fd</value>
         <object_component_ref idref="oc-488"/>
      </symbol>
      <symbol id="sm-e76">
         <name>SSIDataPut</name>
         <value>0x47e7</value>
         <object_component_ref idref="oc-1a0"/>
      </symbol>
      <symbol id="sm-e77">
         <name>SSIDataGet</name>
         <value>0x4793</value>
         <object_component_ref idref="oc-1a6"/>
      </symbol>
      <symbol id="sm-e78">
         <name>SSIDataGetNonBlocking</name>
         <value>0x463d</value>
         <object_component_ref idref="oc-2ed"/>
      </symbol>
      <symbol id="sm-e79">
         <name>SSIConfigSetExpClk</name>
         <value>0x3a29</value>
         <object_component_ref idref="oc-86"/>
      </symbol>
      <symbol id="sm-e7a">
         <name>SSIEnable</name>
         <value>0x47fb</value>
         <object_component_ref idref="oc-8c"/>
      </symbol>
      <symbol id="sm-e7b">
         <name>SSIDisable</name>
         <value>0x47f1</value>
         <object_component_ref idref="oc-7a"/>
      </symbol>
      <symbol id="sm-edd">
         <name>IntPrioritySet</name>
         <value>0x4181</value>
         <object_component_ref idref="oc-24c"/>
      </symbol>
      <symbol id="sm-ede">
         <name>IntIsEnabled</name>
         <value>0x2e75</value>
         <object_component_ref idref="oc-71d"/>
      </symbol>
      <symbol id="sm-edf">
         <name>IntEnable</name>
         <value>0x30c5</value>
         <object_component_ref idref="oc-1b2"/>
      </symbol>
      <symbol id="sm-ee0">
         <name>IntDisable</name>
         <value>0x3065</value>
         <object_component_ref idref="oc-1ac"/>
      </symbol>
      <symbol id="sm-ee1">
         <name>IntMasterEnable</name>
         <value>0x47dd</value>
         <object_component_ref idref="oc-252"/>
      </symbol>
      <symbol id="sm-f69">
         <name>GPIOPinConfigure</name>
         <value>0x37fd</value>
         <object_component_ref idref="oc-2db"/>
      </symbol>
      <symbol id="sm-f6a">
         <name>GPIOPinTypeUSBAnalog</name>
         <value>0x4607</value>
         <object_component_ref idref="oc-36b"/>
      </symbol>
      <symbol id="sm-f6b">
         <name>GPIOIntEnable</name>
         <value>0x4787</value>
         <object_component_ref idref="oc-240"/>
      </symbol>
      <symbol id="sm-f6c">
         <name>GPIOIntTypeSet</name>
         <value>0x33ad</value>
         <object_component_ref idref="oc-246"/>
      </symbol>
      <symbol id="sm-f6d">
         <name>GPIOPinTypeGPIOInput</name>
         <value>0x45d1</value>
         <object_component_ref idref="oc-2e7"/>
      </symbol>
      <symbol id="sm-f6e">
         <name>GPIOIntClear</name>
         <value>0x488f</value>
         <object_component_ref idref="oc-100"/>
      </symbol>
      <symbol id="sm-f6f">
         <name>GPIOPinTypeUART</name>
         <value>0x45f5</value>
         <object_component_ref idref="oc-359"/>
      </symbol>
      <symbol id="sm-f70">
         <name>GPIOIntStatus</name>
         <value>0x470b</value>
         <object_component_ref idref="oc-fa"/>
      </symbol>
      <symbol id="sm-f71">
         <name>GPIOPinTypeGPIOOutput</name>
         <value>0x442f</value>
         <object_component_ref idref="oc-21c"/>
      </symbol>
      <symbol id="sm-f72">
         <name>GPIOPinRead</name>
         <value>0x4895</value>
         <object_component_ref idref="oc-98"/>
      </symbol>
      <symbol id="sm-f73">
         <name>GPIODirModeSet</name>
         <value>0x403f</value>
         <object_component_ref idref="oc-234"/>
      </symbol>
      <symbol id="sm-f74">
         <name>GPIOPinWrite</name>
         <value>0x489b</value>
         <object_component_ref idref="oc-9e"/>
      </symbol>
      <symbol id="sm-f75">
         <name>GPIOPadConfigSet</name>
         <value>0x1a09</value>
         <object_component_ref idref="oc-23a"/>
      </symbol>
      <symbol id="sm-f76">
         <name>GPIOPinTypeSSI</name>
         <value>0x45e3</value>
         <object_component_ref idref="oc-2e1"/>
      </symbol>
      <symbol id="sm-f80">
         <name>CPUcpsie</name>
         <value>0x477b</value>
         <object_component_ref idref="oc-352"/>
      </symbol>
      <symbol id="sm-f81">
         <name>__TI_static_base__</name>
         <value>0x0</value>
      </symbol>
      <symbol id="sm-f82">
         <name>__TI_args_main</name>
         <value>0x1</value>
      </symbol>
      <symbol id="sm-f83">
         <name>SHT$$INIT_ARRAY$$Limit</name>
         <value>0x0</value>
      </symbol>
      <symbol id="sm-f84">
         <name>SHT$$INIT_ARRAY$$Base</name>
         <value>0x0</value>
      </symbol>
   </symbol_table>
   <title>Link successful</title>
</link_info>
