Archive member included because of file (symbol)

c:/ti/ccsv6/tools/compiler/gcc-arm-none-eabi-4_7-2013q3/bin/../lib/gcc/arm-none-eabi/4.7.4/../../../../arm-none-eabi/lib/armv7e-m/softfp\libc.a(lib_a-__atexit.o)
                              c:/ti/ccsv6/tools/compiler/gcc-arm-none-eabi-4_7-2013q3/bin/../lib/gcc/arm-none-eabi/4.7.4/../../../../arm-none-eabi/lib/armv7e-m/softfp/crt0.o (__register_exitproc)
c:/ti/ccsv6/tools/compiler/gcc-arm-none-eabi-4_7-2013q3/bin/../lib/gcc/arm-none-eabi/4.7.4/../../../../arm-none-eabi/lib/armv7e-m/softfp\libc.a(lib_a-exit.o)
                              c:/ti/ccsv6/tools/compiler/gcc-arm-none-eabi-4_7-2013q3/bin/../lib/gcc/arm-none-eabi/4.7.4/../../../../arm-none-eabi/lib/armv7e-m/softfp/crt0.o (exit)
c:/ti/ccsv6/tools/compiler/gcc-arm-none-eabi-4_7-2013q3/bin/../lib/gcc/arm-none-eabi/4.7.4/../../../../arm-none-eabi/lib/armv7e-m/softfp\libc.a(lib_a-fini.o)
                              c:/ti/ccsv6/tools/compiler/gcc-arm-none-eabi-4_7-2013q3/bin/../lib/gcc/arm-none-eabi/4.7.4/../../../../arm-none-eabi/lib/armv7e-m/softfp/crt0.o (__libc_fini_array)
c:/ti/ccsv6/tools/compiler/gcc-arm-none-eabi-4_7-2013q3/bin/../lib/gcc/arm-none-eabi/4.7.4/../../../../arm-none-eabi/lib/armv7e-m/softfp\libc.a(lib_a-impure.o)
                              c:/ti/ccsv6/tools/compiler/gcc-arm-none-eabi-4_7-2013q3/bin/../lib/gcc/arm-none-eabi/4.7.4/../../../../arm-none-eabi/lib/armv7e-m/softfp\libc.a(lib_a-__atexit.o) (_global_impure_ptr)
c:/ti/ccsv6/tools/compiler/gcc-arm-none-eabi-4_7-2013q3/bin/../lib/gcc/arm-none-eabi/4.7.4/../../../../arm-none-eabi/lib/armv7e-m/softfp\libc.a(lib_a-init.o)
                              c:/ti/ccsv6/tools/compiler/gcc-arm-none-eabi-4_7-2013q3/bin/../lib/gcc/arm-none-eabi/4.7.4/../../../../arm-none-eabi/lib/armv7e-m/softfp/crt0.o (__libc_init_array)
c:/ti/ccsv6/tools/compiler/gcc-arm-none-eabi-4_7-2013q3/bin/../lib/gcc/arm-none-eabi/4.7.4/../../../../arm-none-eabi/lib/armv7e-m/softfp\libc.a(lib_a-memset.o)
                              c:/ti/ccsv6/tools/compiler/gcc-arm-none-eabi-4_7-2013q3/bin/../lib/gcc/arm-none-eabi/4.7.4/../../../../arm-none-eabi/lib/armv7e-m/softfp/crt0.o (memset)
c:/ti/ccsv6/tools/compiler/gcc-arm-none-eabi-4_7-2013q3/bin/../lib/gcc/arm-none-eabi/4.7.4/../../../../arm-none-eabi/lib/armv7e-m/softfp\libc.a(lib_a-__call_atexit.o)
                              c:/ti/ccsv6/tools/compiler/gcc-arm-none-eabi-4_7-2013q3/bin/../lib/gcc/arm-none-eabi/4.7.4/../../../../arm-none-eabi/lib/armv7e-m/softfp\libc.a(lib_a-exit.o) (__call_exitprocs)
c:/ti/ccsv6/tools/compiler/gcc-arm-none-eabi-4_7-2013q3/bin/../lib/gcc/arm-none-eabi/4.7.4/../../../../arm-none-eabi/lib/armv7e-m/softfp\libc.a(lib_a-atexit.o)
                              c:/ti/ccsv6/tools/compiler/gcc-arm-none-eabi-4_7-2013q3/bin/../lib/gcc/arm-none-eabi/4.7.4/../../../../arm-none-eabi/lib/armv7e-m/softfp\libc.a(lib_a-__call_atexit.o) (atexit)
D:/Portable/Programs/TivaDriver/usblib/gcc\libusb.a(usbdhandler.o)
                              ./tm4c123gh6pm_startup_ccs_gcc.o (USB0DeviceIntHandler)
D:/Portable/Programs/TivaDriver/usblib/gcc\libusb.a(usbdhid.o)
                              ./main.o (USBDHIDInit)
D:/Portable/Programs/TivaDriver/usblib/gcc\libusb.a(usbmode.o)
                              ./main.o (USBStackModeSet)
D:/Portable/Programs/TivaDriver/usblib/gcc\libusb.a(usbtick.o)
                              D:/Portable/Programs/TivaDriver/usblib/gcc\libusb.a(usbdhid.o) (InternalUSBTickInit)
D:/Portable/Programs/TivaDriver/usblib/gcc\libusb.a(usbdcdesc.o)
                              D:/Portable/Programs/TivaDriver/usblib/gcc\libusb.a(usbdhid.o) (USBDCDConfigGetInterfaceEndpoint)
D:/Portable/Programs/TivaDriver/usblib/gcc\libusb.a(usbdenum.o)
                              D:/Portable/Programs/TivaDriver/usblib/gcc\libusb.a(usbdhid.o) (USBDCDDeviceInfoInit)
D:/Portable/Programs/TivaDriver/usblib/gcc\libusb.a(usbdesc.o)
                              D:/Portable/Programs/TivaDriver/usblib/gcc\libusb.a(usbdcdesc.o) (USBDescGetNum)
D:/Portable/Programs/TivaDriver/usblib/gcc\libusb.a(usbdma.o)
                              D:/Portable/Programs/TivaDriver/usblib/gcc\libusb.a(usbdenum.o) (USBLibDMAInit)
D:/Portable/Programs/TivaDriver/usblib/gcc\libusb.a(usbhostenum.o)
                              D:/Portable/Programs/TivaDriver/usblib/gcc\libusb.a(usbmode.o) (USBHCDPowerConfigGet)
D:/Portable/Programs/TivaDriver/usblib/gcc\libusb.a(usbulpi.o)
                              D:/Portable/Programs/TivaDriver/usblib/gcc\libusb.a(usbdenum.o) (ULPIConfigSet)
D:/Portable/Programs/TivaDriver/usblib/gcc\libusb.a(usbdconfig.o)
                              D:/Portable/Programs/TivaDriver/usblib/gcc\libusb.a(usbdenum.o) (USBDeviceConfig)
D:/Portable/Programs/TivaDriver/usblib/gcc\libusb.a(usbhhub.o)
                              D:/Portable/Programs/TivaDriver/usblib/gcc\libusb.a(usbhostenum.o) (USBHHubMain)
[...]
Memory Configuration

Name             Origin             Length             Attributes
FLASH            0x00000000         0x00040000         xr
SRAM             0x20000000         0x00008000         xw
*default*        0x00000000         0xffffffff

Linker script and memory map

LOAD c:/ti/ccsv6/tools/compiler/gcc-arm-none-eabi-4_7-2013q3/bin/../lib/gcc/arm-none-eabi/4.7.4/armv7e-m/softfp/crti.o
LOAD c:/ti/ccsv6/tools/compiler/gcc-arm-none-eabi-4_7-2013q3/bin/../lib/gcc/arm-none-eabi/4.7.4/armv7e-m/softfp/crtbegin.o
LOAD c:/ti/ccsv6/tools/compiler/gcc-arm-none-eabi-4_7-2013q3/bin/../lib/gcc/arm-none-eabi/4.7.4/../../../../arm-none-eabi/lib/armv7e-m/softfp/crt0.o
LOAD ./libnrf24l01/src/nRF24L01.o
LOAD ./libnrf24l01/src/TM4C123_nRF24L01.o
LOAD ./usb_swarm_control_structs.o
LOAD ./tm4c123gh6pm_startup_ccs_gcc.o
LOAD ./main.o
LOAD ./distanceSensing.o
LOAD ./CustomTivaDrivers.o
                0x00000000                PROVIDE (_intvecs_base_address, 0x0)

.intvecs        0x00000000      0x26c
 *(.intvecs)
 .intvecs       0x00000000      0x26c ./tm4c123gh6pm_startup_ccs_gcc.o
                0x00000000                g_pfnVectors
                0x20000000                PROVIDE (_vtable_base_address, 0x20000000)

.vtable
 *(.vtable)

.text           0x0000026c     0x9a6c
 CREATE_OBJECT_SYMBOLS
 *(.text)
 .text          0x0000026c        0x0 c:/ti/ccsv6/tools/compiler/gcc-arm-none-eabi-4_7-2013q3/bin/../lib/gcc/arm-none-eabi/4.7.4/armv7e-m/softfp/crti.o
 .text          0x0000026c       0x54 c:/ti/ccsv6/tools/compiler/gcc-arm-none-eabi-4_7-2013q3/bin/../lib/gcc/arm-none-eabi/4.7.4/armv7e-m/softfp/crtbegin.o
 .text          0x000002c0       0x70 c:/ti/ccsv6/tools/compiler/gcc-arm-none-eabi-4_7-2013q3/bin/../lib/gcc/arm-none-eabi/4.7.4/../../../../arm-none-eabi/lib/armv7e-m/softfp/crt0.o
                0x000002c0                _start
                0x000002c0                start
                0x000002c0                _mainCRTStartup
 .text          0x00000330        0x0 ./libnrf24l01/src/nRF24L01.o
 .text          0x00000330        0x0 ./libnrf24l01/src/TM4C123_nRF24L01.o
 .text          0x00000330        0x0 ./usb_swarm_control_structs.o
 .text          0x00000330        0x0 ./tm4c123gh6pm_startup_ccs_gcc.o
 .text          0x00000330        0x0 ./main.o
 .text          0x00000330        0x0 ./distanceSensing.o
 .text          0x00000330        0x0 ./CustomTivaDrivers.o
 .text          0x00000330        0x0 c:/ti/ccsv6/tools/compiler/gcc-arm-none-eabi-4_7-2013q3/bin/../lib/gcc/arm-none-eabi/4.7.4/../../../../arm-none-eabi/lib/armv7e-m/softfp\libc.a(lib_a-__atexit.o)
 .text          0x00000330        0x0 c:/ti/ccsv6/tools/compiler/gcc-arm-none-eabi-4_7-2013q3/bin/../lib/gcc/arm-none-eabi/4.7.4/../../../../arm-none-eabi/lib/armv7e-m/softfp\libc.a(lib_a-exit.o)
 .text          0x00000330        0x0 c:/ti/ccsv6/tools/compiler/gcc-arm-none-eabi-4_7-2013q3/bin/../lib/gcc/arm-none-eabi/4.7.4/../../../../arm-none-eabi/lib/armv7e-m/softfp\libc.a(lib_a-fini.o)
 .text          0x00000330        0x0 c:/ti/ccsv6/tools/compiler/gcc-arm-none-eabi-4_7-2013q3/bin/../lib/gcc/arm-none-eabi/4.7.4/../../../../arm-none-eabi/lib/armv7e-m/softfp\libc.a(lib_a-impure.o)
 .text          0x00000330        0x0 c:/ti/ccsv6/tools/compiler/gcc-arm-none-eabi-4_7-2013q3/bin/../lib/gcc/arm-none-eabi/4.7.4/../../../../arm-none-eabi/lib/armv7e-m/softfp\libc.a(lib_a-init.o)
 .text          0x00000330        0x0 c:/ti/ccsv6/tools/compiler/gcc-arm-none-eabi-4_7-2013q3/bin/../lib/gcc/arm-none-eabi/4.7.4/../../../../arm-none-eabi/lib/armv7e-m/softfp\libc.a(lib_a-memset.o)
 .text          0x00000330        0x0 c:/ti/ccsv6/tools/compiler/gcc-arm-none-eabi-4_7-2013q3/bin/../lib/gcc/arm-none-eabi/4.7.4/../../../../arm-none-eabi/lib/armv7e-m/softfp\libc.a(lib_a-__call_atexit.o)
 .text          0x00000330        0x0 c:/ti/ccsv6/tools/compiler/gcc-arm-none-eabi-4_7-2013q3/bin/../lib/gcc/arm-none-eabi/4.7.4/../../../../arm-none-eabi/lib/armv7e-m/softfp\libc.a(lib_a-atexit.o)
 .text          0x00000330        0x0 D:/Portable/Programs/TivaDriver/usblib/gcc\libusb.a(usbdhandler.o)
 .text          0x00000330        0x0 D:/Portable/Programs/TivaDriver/usblib/gcc\libusb.a(usbdhid.o)
 .text          0x00000330        0x0 D:/Portable/Programs/TivaDriver/usblib/gcc\libusb.a(usbmode.o)
 .text          0x00000330        0x0 D:/Portable/Programs/TivaDriver/usblib/gcc\libusb.a(usbtick.o)
 .text          0x00000330        0x0 D:/Portable/Programs/TivaDriver/usblib/gcc\libusb.a(usbdcdesc.o)
 .text          0x00000330        0x0 D:/Portable/Programs/TivaDriver/usblib/gcc\libusb.a(usbdenum.o)
 .text          0x00000330        0x0 D:/Portable/Programs/TivaDriver/usblib/gcc\libusb.a(usbdesc.o)
 .text          0x00000330        0x0 D:/Portable/Programs/TivaDriver/usblib/gcc\libusb.a(usbdma.o)
 .text          0x00000330        0x0 D:/Portable/Programs/TivaDriver/usblib/gcc\libusb.a(usbhostenum.o)
 .text          0x00000330        0x0 D:/Portable/Programs/TivaDriver/usblib/gcc\libusb.a(usbulpi.o)
 .text          0x00000330        0x0 D:/Portable/Programs/TivaDriver/usblib/gcc\libusb.a(usbdconfig.o)
 .text          0x00000330        0x0 D:/Portable/Programs/TivaDriver/usblib/gcc\libusb.a(usbhhub.o)
 .text          0x00000330        0x0 c:/ti/ccsv6/tools/compiler/gcc-arm-none-eabi-4_7-2013q3/bin/../lib/gcc/arm-none-eabi/4.7.4/../../../../arm-none-eabi/lib/armv7e-m/softfp\libnosys.a(_exit.o)
 .text          0x00000330        0x0 D:/Portable/Programs/TivaDriver/driverlib/gcc\libdriver.a(adc.o)
 .text          0x00000330        0x0 D:/Portable/Programs/TivaDriver/driverlib/gcc\libdriver.a(gpio.o)
 .text          0x00000330        0x0 D:/Portable/Programs/TivaDriver/driverlib/gcc\libdriver.a(interrupt.o)
 .text          0x00000330        0x0 D:/Portable/Programs/TivaDriver/driverlib/gcc\libdriver.a(ssi.o)
 .text          0x00000330        0x0 D:/Portable/Programs/TivaDriver/driverlib/gcc\libdriver.a(sysctl.o)
 .text          0x00000330        0x0 D:/Portable/Programs/TivaDriver/driverlib/gcc\libdriver.a(systick.o)
 .text          0x00000330        0x0 D:/Portable/Programs/TivaDriver/driverlib/gcc\libdriver.a(timer.o)
 .text          0x00000330        0x0 D:/Portable/Programs/TivaDriver/driverlib/gcc\libdriver.a(udma.o)
 .text          0x00000330        0x0 D:/Portable/Programs/TivaDriver/driverlib/gcc\libdriver.a(usb.o)
 .text          0x00000330        0x0 D:/Portable/Programs/TivaDriver/driverlib/gcc\libdriver.a(cpu.o)
 .text          0x00000330        0x0 c:/ti/ccsv6/tools/compiler/gcc-arm-none-eabi-4_7-2013q3/bin/../lib/gcc/arm-none-eabi/4.7.4/armv7e-m/softfp/crtend.o
 .text          0x00000330        0x0 c:/ti/ccsv6/tools/compiler/gcc-arm-none-eabi-4_7-2013q3/bin/../lib/gcc/arm-none-eabi/4.7.4/armv7e-m/softfp/crtn.o
 *(.text.*)
 .text.RF24_init
                0x00000330       0xdc ./libnrf24l01/src/nRF24L01.o
                0x00000330                RF24_init
 .text.RF24_enableFeatures
                0x0000040c       0x5c ./libnrf24l01/src/nRF24L01.o
                0x0000040c                RF24_enableFeatures
 .text.RF24_disableFeatures
                0x00000468       0x60 ./libnrf24l01/src/nRF24L01.o
                0x00000468                RF24_disableFeatures
 .text.RF24_getLostPackets
                0x000004c8       0x18 ./libnrf24l01/src/nRF24L01.o
                0x000004c8                RF24_getLostPackets
 .text.RF24_isAlive
                0x000004e0       0x3c ./libnrf24l01/src/nRF24L01.o
                0x000004e0                RF24_isAlive
 .text.RF24_setConfigureRegister
                0x0000051c       0x20 ./libnrf24l01/src/nRF24L01.o
                0x0000051c                RF24_setConfigureRegister
 .text.RF24_getConfigureRegister
                0x0000053c       0x14 ./libnrf24l01/src/nRF24L01.o
                0x0000053c                RF24_getConfigureRegister
 .text.RF24_setSpeedAndPower
                0x00000550       0x38 ./libnrf24l01/src/nRF24L01.o
                0x00000550                RF24_setSpeedAndPower
 .text.RF24_setChannel
                0x00000588       0x24 ./libnrf24l01/src/nRF24L01.o
                0x00000588                RF24_setChannel
 .text.RF24_setAddressWidth
                0x000005ac       0x28 ./libnrf24l01/src/nRF24L01.o
                0x000005ac                RF24_setAddressWidth
 .text.RF24_getCurrentState
                0x000005d4       0x90 ./libnrf24l01/src/nRF24L01.o
                0x000005d4                RF24_getCurrentState
 .text.RF24_startPowerDown
                0x00000664       0x20 ./libnrf24l01/src/nRF24L01.o
                0x00000664                RF24_startPowerDown
 .text.RF24_startStandby
                0x00000684       0x6c ./libnrf24l01/src/nRF24L01.o
                0x00000684                RF24_startStandby
 .text.RF24_scan
                0x000006f0       0x7c ./libnrf24l01/src/nRF24L01.o
                0x000006f0                RF24_scan
 .text.RF24_getIrqFlag
                0x0000076c       0x6c ./libnrf24l01/src/nRF24L01.o
                0x0000076c                RF24_getIrqFlag
 .text.RF24_clearIrqFlag
                0x000007d8       0x64 ./libnrf24l01/src/nRF24L01.o
                0x000007d8                RF24_clearIrqFlag
 .text.RF24_readRegister
                0x0000083c       0x40 ./libnrf24l01/src/nRF24L01.o
                0x0000083c                RF24_readRegister
 .text.RF24_writeRegister
                0x0000087c       0x44 ./libnrf24l01/src/nRF24L01.o
                0x0000087c                RF24_writeRegister
 .text.RF24_TX_setAddress
                0x000008c0       0x64 ./libnrf24l01/src/nRF24L01.o
                0x000008c0                RF24_TX_setAddress
 .text.RF24_TX_writePayloadAck
                0x00000924       0x60 ./libnrf24l01/src/nRF24L01.o
                0x00000924                RF24_TX_writePayloadAck
 .text.RF24_TX_writePayloadNoAck
                0x00000984       0x74 ./libnrf24l01/src/nRF24L01.o
                0x00000984                RF24_TX_writePayloadNoAck
 .text.RF24_TX_flush
                0x000009f8       0x24 ./libnrf24l01/src/nRF24L01.o
                0x000009f8                RF24_TX_flush
 .text.RF24_TX_reuseLastPayload
                0x00000a1c       0x28 ./libnrf24l01/src/nRF24L01.o
                0x00000a1c                RF24_TX_reuseLastPayload
 .text.RF24_TX_activate
                0x00000a44       0x2c ./libnrf24l01/src/nRF24L01.o
                0x00000a44                RF24_TX_activate
 .text.RF24_TX_pulseTransmit
                0x00000a70       0x18 ./libnrf24l01/src/nRF24L01.o
                0x00000a70                RF24_TX_pulseTransmit
 .text.RF24_RX_setAddress
                0x00000a88       0x8c ./libnrf24l01/src/nRF24L01.o
                0x00000a88                RF24_RX_setAddress
 .text.RF24_RX_getPayloadWidth
                0x00000b14       0x3c ./libnrf24l01/src/nRF24L01.o
                0x00000b14                RF24_RX_getPayloadWidth
 .text.RF24_RX_getPayloadData
                0x00000b50       0x74 ./libnrf24l01/src/nRF24L01.o
                0x00000b50                RF24_RX_getPayloadData
 .text.RF24_RX_flush
                0x00000bc4       0x24 ./libnrf24l01/src/nRF24L01.o
                0x00000bc4                RF24_RX_flush
 .text.RF24_RX_activate
                0x00000be8       0x30 ./libnrf24l01/src/nRF24L01.o
                0x00000be8                RF24_RX_activate
 .text.RF24_RX_isEmpty
                0x00000c18       0x50 ./libnrf24l01/src/nRF24L01.o
                0x00000c18                RF24_RX_isEmpty
 .text.RF24_RX_sendAckWithPayload
                0x00000c68       0x84 ./libnrf24l01/src/nRF24L01.o
                0x00000c68                RF24_RX_sendAckWithPayload
 .text.RF24_PIPE_close
                0x00000cec       0x80 ./libnrf24l01/src/nRF24L01.o
                0x00000cec                RF24_PIPE_close
 .text.RF24_PIPE_closeAll
                0x00000d6c       0x2c ./libnrf24l01/src/nRF24L01.o
                0x00000d6c                RF24_PIPE_closeAll
 .text.RF24_PIPE_open
                0x00000d98       0x90 ./libnrf24l01/src/nRF24L01.o
                0x00000d98                RF24_PIPE_open
 .text.RF24_PIPE_isOpen
                0x00000e28       0x50 ./libnrf24l01/src/nRF24L01.o
                0x00000e28                RF24_PIPE_isOpen
 .text.RF24_PIPE_setPacketSize
                0x00000e78       0xa8 ./libnrf24l01/src/nRF24L01.o
                0x00000e78                RF24_PIPE_setPacketSize
 .text.RF24_RETRANS_setDelay
                0x00000f20       0x3c ./libnrf24l01/src/nRF24L01.o
                0x00000f20                RF24_RETRANS_setDelay
 .text.RF24_RETRANS_setCount
                0x00000f5c       0x3c ./libnrf24l01/src/nRF24L01.o
                0x00000f5c                RF24_RETRANS_setCount
 .text.RF24_RETRANS_getLastRetransmits
                0x00000f98       0x18 ./libnrf24l01/src/nRF24L01.o
                0x00000f98                RF24_RETRANS_getLastRetransmits
 .text.initSpiForRF
                0x00000fb0      0x13c ./libnrf24l01/src/TM4C123_nRF24L01.o
                0x00000fb0                initSpiForRF
 .text.setRfCSN
                0x000010ec       0x1c ./libnrf24l01/src/TM4C123_nRF24L01.o
                0x000010ec                setRfCSN
 .text.clearRfCSN
                0x00001108       0x1c ./libnrf24l01/src/TM4C123_nRF24L01.o
                0x00001108                clearRfCSN
 .text.setRfCE  0x00001124       0x28 ./libnrf24l01/src/TM4C123_nRF24L01.o
                0x00001124                setRfCE
 .text.clearRfCE
                0x0000114c       0x28 ./libnrf24l01/src/TM4C123_nRF24L01.o
                0x0000114c                clearRfCE
 .text.SPI_sendAndGetData
                0x00001174       0x38 ./libnrf24l01/src/TM4C123_nRF24L01.o
                0x00001174                SPI_sendAndGetData
 .text.rfDelayLoop
                0x000011ac       0x18 ./libnrf24l01/src/TM4C123_nRF24L01.o
                0x000011ac                rfDelayLoop
 .text.getCEState
                0x000011c4       0x18 ./libnrf24l01/src/TM4C123_nRF24L01.o
                0x000011c4                getCEState
 .text.ResetISR
                0x000011dc       0x84 ./tm4c123gh6pm_startup_ccs_gcc.o
                0x000011dc                ResetISR
 .text.NmiSR    0x00001260        0x8 ./tm4c123gh6pm_startup_ccs_gcc.o
 .text.FaultISR
                0x00001268        0x8 ./tm4c123gh6pm_startup_ccs_gcc.o
 .text.IntDefaultHandler
                0x00001270        0x8 ./tm4c123gh6pm_startup_ccs_gcc.o
 .text.signalUnhandleError
                0x00001278       0x68 ./main.o
                0x00001278                signalUnhandleError
 .text.SysTickHandler
                0x000012e0       0x24 ./main.o
                0x000012e0                SysTickHandler
 .text.SwarmControlReceiveEventHandler
                0x00001304      0x1c4 ./main.o
                0x00001304                SwarmControlReceiveEventHandler
 .text.SwarmControlTransmitEventHandler
                0x000014c8       0x38 ./main.o
                0x000014c8                SwarmControlTransmitEventHandler
 .text.USB_sendData
                0x00001500       0x78 ./main.o
                0x00001500                USB_sendData
 .text.sendResponeToHost
                0x00001578       0x28 ./main.o
                0x00001578                sendResponeToHost
 .text.configureSPI
                0x000015a0       0xc0 ./main.o
                0x000015a0                configureSPI
 .text.configureRF
                0x00001660       0xec ./main.o
                0x00001660                configureRF
 .text.startTransmitDataToRobot
                0x0000174c       0x7c ./main.o
                0x0000174c                startTransmitDataToRobot
 .text.transmitDataToRobot
                0x000017c8       0xc4 ./main.o
                0x000017c8                transmitDataToRobot
 .text.readDataFromRobot
                0x0000188c       0x94 ./main.o
                0x0000188c                readDataFromRobot
 .text.receiveDataFromRobot
                0x00001920      0x114 ./main.o
                0x00001920                receiveDataFromRobot
 .text.startDistanceSensing
                0x00001a34       0x70 ./main.o
                0x00001a34                startDistanceSensing
 .text.processUsbRequestFromHost
                0x00001aa4       0x94 ./main.o
                0x00001aa4                processUsbRequestFromHost
 .text.initRfModule
                0x00001b38       0x98 ./main.o
                0x00001b38                initRfModule
 .text.initUSB  0x00001bd0       0x88 ./main.o
                0x00001bd0                initUSB
 .text.initSystem
                0x00001c58       0x74 ./main.o
                0x00001c58                initSystem
 .text.main     0x00001ccc       0x38 ./main.o
                0x00001ccc                main
 .text.GPIOEIntHandler
                0x00001d04        0xc ./main.o
                0x00001d04                GPIOEIntHandler
 .text.RF24_IntHandler
                0x00001d10        0xc ./main.o
                0x00001d10                RF24_IntHandler
 .text.uDMAErrorHandler
                0x00001d1c       0x38 ./main.o
                0x00001d1c                uDMAErrorHandler
 .text.initADC  0x00001d54       0x64 ./distanceSensing.o
                0x00001d54                initADC
 .text.ADC0IntHandler
                0x00001db8       0x7c ./distanceSensing.o
                0x00001db8                ADC0IntHandler
 .text.ADC1IntHandler
                0x00001e34       0x7c ./distanceSensing.o
                0x00001e34                ADC1IntHandler
 .text.DistanceSensing_initModules
                0x00001eb0      0x1a0 ./distanceSensing.o
                0x00001eb0                DistanceSensing_initModules
 .text.DistanceSensing_start
                0x00002050       0x18 ./distanceSensing.o
                0x00002050                DistanceSensing_start
 .text.GPIOPinToggle
                0x00002068       0x38 ./CustomTivaDrivers.o
                0x00002068                GPIOPinToggle
 .text.ADCDitherEnable
                0x000020a0       0x28 ./CustomTivaDrivers.o
                0x000020a0                ADCDitherEnable
 .text.ADCDitherDisable
                0x000020c8       0x28 ./CustomTivaDrivers.o
                0x000020c8                ADCDitherDisable
 .text.__register_exitproc
                0x000020f0       0xac c:/ti/ccsv6/tools/compiler/gcc-arm-none-eabi-4_7-2013q3/bin/../lib/gcc/arm-none-eabi/4.7.4/../../../../arm-none-eabi/lib/armv7e-m/softfp\libc.a(lib_a-__atexit.o)
                0x000020f0                __register_exitproc
 .text.exit     0x0000219c       0x20 c:/ti/ccsv6/tools/compiler/gcc-arm-none-eabi-4_7-2013q3/bin/../lib/gcc/arm-none-eabi/4.7.4/../../../../arm-none-eabi/lib/armv7e-m/softfp\libc.a(lib_a-exit.o)
                0x0000219c                exit
 .text.__libc_fini_array
                0x000021bc       0x50 c:/ti/ccsv6/tools/compiler/gcc-arm-none-eabi-4_7-2013q3/bin/../lib/gcc/arm-none-eabi/4.7.4/../../../../arm-none-eabi/lib/armv7e-m/softfp\libc.a(lib_a-fini.o)
                0x000021bc                __libc_fini_array
 .text.__libc_init_array
                0x0000220c       0x94 c:/ti/ccsv6/tools/compiler/gcc-arm-none-eabi-4_7-2013q3/bin/../lib/gcc/arm-none-eabi/4.7.4/../../../../arm-none-eabi/lib/armv7e-m/softfp\libc.a(lib_a-init.o)
                0x0000220c                __libc_init_array
 .text.memset   0x000022a0      0x12c c:/ti/ccsv6/tools/compiler/gcc-arm-none-eabi-4_7-2013q3/bin/../lib/gcc/arm-none-eabi/4.7.4/../../../../arm-none-eabi/lib/armv7e-m/softfp\libc.a(lib_a-memset.o)
                0x000022a0                memset
 .text.startup.register_fini
                0x000023cc       0x14 c:/ti/ccsv6/tools/compiler/gcc-arm-none-eabi-4_7-2013q3/bin/../lib/gcc/arm-none-eabi/4.7.4/../../../../arm-none-eabi/lib/armv7e-m/softfp\libc.a(lib_a-__call_atexit.o)
 .text.__call_exitprocs
                0x000023e0      0x288 c:/ti/ccsv6/tools/compiler/gcc-arm-none-eabi-4_7-2013q3/bin/../lib/gcc/arm-none-eabi/4.7.4/../../../../arm-none-eabi/lib/armv7e-m/softfp\libc.a(lib_a-__call_atexit.o)
                0x000023e0                __call_exitprocs
 .text.atexit   0x00002668        0xc c:/ti/ccsv6/tools/compiler/gcc-arm-none-eabi-4_7-2013q3/bin/../lib/gcc/arm-none-eabi/4.7.4/../../../../arm-none-eabi/lib/armv7e-m/softfp\libc.a(lib_a-atexit.o)
                0x00002668                atexit
 .text.USB0DeviceIntHandler
                0x00002674       0x18 D:/Portable/Programs/TivaDriver/usblib/gcc\libusb.a(usbdhandler.o)
                0x00002674                USB0DeviceIntHandler
 .text.SetDeferredOpFlag
                0x0000268c       0x1c D:/Portable/Programs/TivaDriver/usblib/gcc\libusb.a(usbdhid.o)
 .text.ClearIdleTimers
                0x000026a8       0x1c D:/Portable/Programs/TivaDriver/usblib/gcc\libusb.a(usbdhid.o)
 .text.HandleConfigChange
                0x000026c4       0x2c D:/Portable/Programs/TivaDriver/usblib/gcc\libusb.a(usbdhid.o)
 .text.HandleDevice
                0x000026f0       0x62 D:/Portable/Programs/TivaDriver/usblib/gcc\libusb.a(usbdhid.o)
 .text.HandleDisconnect
                0x00002752       0x1e D:/Portable/Programs/TivaDriver/usblib/gcc\libusb.a(usbdhid.o)
 .text.HandleEP0DataReceived
                0x00002770       0x26 D:/Portable/Programs/TivaDriver/usblib/gcc\libusb.a(usbdhid.o)
 .text.HandleEP0DataSent
                0x00002796       0x1c D:/Portable/Programs/TivaDriver/usblib/gcc\libusb.a(usbdhid.o)
 .text.HandleReset
                0x000027b2        0x4 D:/Portable/Programs/TivaDriver/usblib/gcc\libusb.a(usbdhid.o)
 .text.HandleSuspend
                0x000027b6       0x10 D:/Portable/Programs/TivaDriver/usblib/gcc\libusb.a(usbdhid.o)
 .text.HandleResume
                0x000027c6       0x10 D:/Portable/Programs/TivaDriver/usblib/gcc\libusb.a(usbdhid.o)
 .text.ScheduleReportTransmission
                0x000027d6       0x40 D:/Portable/Programs/TivaDriver/usblib/gcc\libusb.a(usbdhid.o)
 .text.HandleGetDescriptor
                0x00002816       0x9e D:/Portable/Programs/TivaDriver/usblib/gcc\libusb.a(usbdhid.o)
 .text.USBDHIDCompositeInit
                0x000028b4       0xdc D:/Portable/Programs/TivaDriver/usblib/gcc\libusb.a(usbdhid.o)
                0x000028b4                USBDHIDCompositeInit
 .text.USBDHIDInit
                0x00002990       0x26 D:/Portable/Programs/TivaDriver/usblib/gcc\libusb.a(usbdhid.o)
                0x00002990                USBDHIDInit
 .text.USBDHIDTerm
                0x000029b6       0x10 D:/Portable/Programs/TivaDriver/usblib/gcc\libusb.a(usbdhid.o)
                0x000029b6                USBDHIDTerm
 .text.USBDHIDSetRxCBData
                0x000029c6        0x8 D:/Portable/Programs/TivaDriver/usblib/gcc\libusb.a(usbdhid.o)
                0x000029c6                USBDHIDSetRxCBData
 .text.USBDHIDSetTxCBData
                0x000029ce        0x8 D:/Portable/Programs/TivaDriver/usblib/gcc\libusb.a(usbdhid.o)
                0x000029ce                USBDHIDSetTxCBData
 .text.USBDHIDReportWrite
                0x000029d6       0x78 D:/Portable/Programs/TivaDriver/usblib/gcc\libusb.a(usbdhid.o)
                0x000029d6                USBDHIDReportWrite
 .text.ProcessIdleTimers
                0x00002a4e       0x86 D:/Portable/Programs/TivaDriver/usblib/gcc\libusb.a(usbdhid.o)
 .text.HandleEndpoints
                0x00002ad4       0xc8 D:/Portable/Programs/TivaDriver/usblib/gcc\libusb.a(usbdhid.o)
 .text.HandleRequest
                0x00002b9c      0x17a D:/Portable/Programs/TivaDriver/usblib/gcc\libusb.a(usbdhid.o)
 *fill*         0x00002d16        0x2 00
 .text.HIDTickHandler
                0x00002d18       0x34 D:/Portable/Programs/TivaDriver/usblib/gcc\libusb.a(usbdhid.o)
 .text.USBDHIDPacketRead
                0x00002d4c       0x74 D:/Portable/Programs/TivaDriver/usblib/gcc\libusb.a(usbdhid.o)
                0x00002d4c                USBDHIDPacketRead
 .text.USBDHIDTxPacketAvailable
                0x00002dc0        0xe D:/Portable/Programs/TivaDriver/usblib/gcc\libusb.a(usbdhid.o)
                0x00002dc0                USBDHIDTxPacketAvailable
 .text.USBDHIDRxPacketAvailable
                0x00002dce       0x24 D:/Portable/Programs/TivaDriver/usblib/gcc\libusb.a(usbdhid.o)
                0x00002dce                USBDHIDRxPacketAvailable
 .text.USBDHIDPowerStatusSet
                0x00002df2        0x6 D:/Portable/Programs/TivaDriver/usblib/gcc\libusb.a(usbdhid.o)
                0x00002df2                USBDHIDPowerStatusSet
 .text.USBDHIDRemoteWakeupRequest
                0x00002df8        0x6 D:/Portable/Programs/TivaDriver/usblib/gcc\libusb.a(usbdhid.o)
                0x00002df8                USBDHIDRemoteWakeupRequest
 *fill*         0x00002dfe        0x2 00
 .text.USBOTGSetMode
                0x00002e00       0x88 D:/Portable/Programs/TivaDriver/usblib/gcc\libusb.a(usbmode.o)
 .text.USBStackModeSet
                0x00002e88       0x20 D:/Portable/Programs/TivaDriver/usblib/gcc\libusb.a(usbmode.o)
                0x00002e88                USBStackModeSet
 .text.USB0DualModeIntHandler
                0x00002ea8       0x44 D:/Portable/Programs/TivaDriver/usblib/gcc\libusb.a(usbmode.o)
                0x00002ea8                USB0DualModeIntHandler
 .text.USBDualModeInit
                0x00002eec       0x6c D:/Portable/Programs/TivaDriver/usblib/gcc\libusb.a(usbmode.o)
                0x00002eec                USBDualModeInit
 .text.USBDualModeTerm
                0x00002f58       0x2c D:/Portable/Programs/TivaDriver/usblib/gcc\libusb.a(usbmode.o)
                0x00002f58                USBDualModeTerm
 .text.USBOTGModeTerm
                0x00002f84       0x30 D:/Portable/Programs/TivaDriver/usblib/gcc\libusb.a(usbmode.o)
                0x00002f84                USBOTGModeTerm
 .text.USBOTGModeInit
                0x00002fb4       0xb8 D:/Portable/Programs/TivaDriver/usblib/gcc\libusb.a(usbmode.o)
                0x00002fb4                USBOTGModeInit
 .text.USBOTGPollRate
                0x0000306c        0xc D:/Portable/Programs/TivaDriver/usblib/gcc\libusb.a(usbmode.o)
                0x0000306c                USBOTGPollRate
 .text.USB0OTGModeIntHandler
                0x00003078       0xcc D:/Portable/Programs/TivaDriver/usblib/gcc\libusb.a(usbmode.o)
                0x00003078                USB0OTGModeIntHandler
 .text.OTGDeviceDisconnect
                0x00003144       0x1c D:/Portable/Programs/TivaDriver/usblib/gcc\libusb.a(usbmode.o)
                0x00003144                OTGDeviceDisconnect
 .text.USBOTGMain
                0x00003160       0x80 D:/Portable/Programs/TivaDriver/usblib/gcc\libusb.a(usbmode.o)
                0x00003160                USBOTGMain
 .text.USBOTGFeatureSet
                0x000031e0       0x22 D:/Portable/Programs/TivaDriver/usblib/gcc\libusb.a(usbmode.o)
                0x000031e0                USBOTGFeatureSet
 *fill*         0x00003202        0x2 00
 .text.InternalUSBTickInit
                0x00003204       0x28 D:/Portable/Programs/TivaDriver/usblib/gcc\libusb.a(usbtick.o)
                0x00003204                InternalUSBTickInit
 .text.InternalUSBTickReset
                0x0000322c        0xc D:/Portable/Programs/TivaDriver/usblib/gcc\libusb.a(usbtick.o)
                0x0000322c                InternalUSBTickReset
 .text.InternalUSBRegisterTickHandler
                0x00003238       0x38 D:/Portable/Programs/TivaDriver/usblib/gcc\libusb.a(usbtick.o)
                0x00003238                InternalUSBRegisterTickHandler
 .text.InternalUSBStartOfFrameTick
                0x00003270       0x30 D:/Portable/Programs/TivaDriver/usblib/gcc\libusb.a(usbtick.o)
                0x00003270                InternalUSBStartOfFrameTick
 .text.NextConfigDescGet
                0x000032a0       0x30 D:/Portable/Programs/TivaDriver/usblib/gcc\libusb.a(usbdcdesc.o)
 .text.USBDCDConfigDescGetSize
                0x000032d0       0x1e D:/Portable/Programs/TivaDriver/usblib/gcc\libusb.a(usbdcdesc.o)
                0x000032d0                USBDCDConfigDescGetSize
 .text.USBDCDConfigDescGetNum
                0x000032ee       0x2a D:/Portable/Programs/TivaDriver/usblib/gcc\libusb.a(usbdcdesc.o)
                0x000032ee                USBDCDConfigDescGetNum
 .text.USBDCDConfigDescGet
                0x00003318       0x5a D:/Portable/Programs/TivaDriver/usblib/gcc\libusb.a(usbdcdesc.o)
                0x00003318                USBDCDConfigDescGet
 .text.USBDCDConfigGetNumAlternateInterfaces
                0x00003372       0x32 D:/Portable/Programs/TivaDriver/usblib/gcc\libusb.a(usbdcdesc.o)
                0x00003372                USBDCDConfigGetNumAlternateInterfaces
 .text.USBDCDConfigGetInterface
                0x000033a4       0x5c D:/Portable/Programs/TivaDriver/usblib/gcc\libusb.a(usbdcdesc.o)
                0x000033a4                USBDCDConfigGetInterface
 .text.USBDCDConfigGetInterfaceEndpoint
                0x00003400       0x3c D:/Portable/Programs/TivaDriver/usblib/gcc\libusb.a(usbdcdesc.o)
                0x00003400                USBDCDConfigGetInterfaceEndpoint
 .text.USBDSetAddress
                0x0000343c       0x24 D:/Portable/Programs/TivaDriver/usblib/gcc\libusb.a(usbdenum.o)
 .text.USBDEP0StateTx.clone.0
                0x00003460       0x70 D:/Portable/Programs/TivaDriver/usblib/gcc\libusb.a(usbdenum.o)
 .text.USBDGetConfiguration
                0x000034d0       0x34 D:/Portable/Programs/TivaDriver/usblib/gcc\libusb.a(usbdenum.o)
 .text.USBDEP0StateTxConfig.clone.1
                0x00003504      0x154 D:/Portable/Programs/TivaDriver/usblib/gcc\libusb.a(usbdenum.o)
 .text.USBDCDDeviceInfoInit
                0x00003658       0x44 D:/Portable/Programs/TivaDriver/usblib/gcc\libusb.a(usbdenum.o)
                0x00003658                USBDCDDeviceInfoInit
 .text.USBDCDInit
                0x0000369c      0x14c D:/Portable/Programs/TivaDriver/usblib/gcc\libusb.a(usbdenum.o)
                0x0000369c                USBDCDInit
 .text.USBDCDTerm
                0x000037e8       0x58 D:/Portable/Programs/TivaDriver/usblib/gcc\libusb.a(usbdenum.o)
                0x000037e8                USBDCDTerm
 .text.USBDCDRequestDataEP0
                0x00003840       0x14 D:/Portable/Programs/TivaDriver/usblib/gcc\libusb.a(usbdenum.o)
                0x00003840                USBDCDRequestDataEP0
 .text.USBDCDSendDataEP0
                0x00003854       0x10 D:/Portable/Programs/TivaDriver/usblib/gcc\libusb.a(usbdenum.o)
                0x00003854                USBDCDSendDataEP0
 .text.USBDCDSetDefaultConfiguration
                0x00003864        0xc D:/Portable/Programs/TivaDriver/usblib/gcc\libusb.a(usbdenum.o)
                0x00003864                USBDCDSetDefaultConfiguration
 .text.USBDCDStallEP0
                0x00003870       0x1c D:/Portable/Programs/TivaDriver/usblib/gcc\libusb.a(usbdenum.o)
                0x00003870                USBDCDStallEP0
 .text.USBDReadAndDispatchRequest.clone.2
                0x0000388c       0x68 D:/Portable/Programs/TivaDriver/usblib/gcc\libusb.a(usbdenum.o)
 .text.USBDSyncFrame
                0x000038f4       0x1c D:/Portable/Programs/TivaDriver/usblib/gcc\libusb.a(usbdenum.o)
 .text.USBDSetInterface
                0x00003910       0x98 D:/Portable/Programs/TivaDriver/usblib/gcc\libusb.a(usbdenum.o)
 .text.USBDGetInterface
                0x000039a8       0x44 D:/Portable/Programs/TivaDriver/usblib/gcc\libusb.a(usbdenum.o)
 .text.USBDSetConfiguration
                0x000039ec       0x88 D:/Portable/Programs/TivaDriver/usblib/gcc\libusb.a(usbdenum.o)
 .text.USBDSetDescriptor
                0x00003a74       0x1c D:/Portable/Programs/TivaDriver/usblib/gcc\libusb.a(usbdenum.o)
 .text.USBDGetDescriptor
                0x00003a90      0x12c D:/Portable/Programs/TivaDriver/usblib/gcc\libusb.a(usbdenum.o)
 .text.USBDSetFeature
                0x00003bbc       0x70 D:/Portable/Programs/TivaDriver/usblib/gcc\libusb.a(usbdenum.o)
 .text.USBDClearFeature
                0x00003c2c       0x84 D:/Portable/Programs/TivaDriver/usblib/gcc\libusb.a(usbdenum.o)
 .text.USBDGetStatus
                0x00003cb0       0x70 D:/Portable/Programs/TivaDriver/usblib/gcc\libusb.a(usbdenum.o)
 .text.USBDCDPowerStatusSet
                0x00003d20       0x20 D:/Portable/Programs/TivaDriver/usblib/gcc\libusb.a(usbdenum.o)
                0x00003d20                USBDCDPowerStatusSet
 .text.USBDCDFeatureSet
                0x00003d40       0x7c D:/Portable/Programs/TivaDriver/usblib/gcc\libusb.a(usbdenum.o)
                0x00003d40                USBDCDFeatureSet
 .text.USBDCDRemoteWakeLPM
                0x00003dbc       0x18 D:/Portable/Programs/TivaDriver/usblib/gcc\libusb.a(usbdenum.o)
                0x00003dbc                USBDCDRemoteWakeLPM
 .text.USBDCDRemoteWakeupRequest
                0x00003dd4       0x38 D:/Portable/Programs/TivaDriver/usblib/gcc\libusb.a(usbdenum.o)
                0x00003dd4                USBDCDRemoteWakeupRequest
 .text.USBDeviceResumeTickHandler
                0x00003e0c       0x50 D:/Portable/Programs/TivaDriver/usblib/gcc\libusb.a(usbdenum.o)
                0x00003e0c                USBDeviceResumeTickHandler
 .text.USBDeviceEnumHandler
                0x00003e5c       0xd8 D:/Portable/Programs/TivaDriver/usblib/gcc\libusb.a(usbdenum.o)
                0x00003e5c                USBDeviceEnumHandler
 .text.USBDeviceEnumResetHandler
                0x00003f34       0x48 D:/Portable/Programs/TivaDriver/usblib/gcc\libusb.a(usbdenum.o)
                0x00003f34                USBDeviceEnumResetHandler
 .text.USBDeviceIntHandlerInternal
                0x00003f7c      0x148 D:/Portable/Programs/TivaDriver/usblib/gcc\libusb.a(usbdenum.o)
                0x00003f7c                USBDeviceIntHandlerInternal
 .text.USBDescGetNum
                0x000040c4       0x26 D:/Portable/Programs/TivaDriver/usblib/gcc\libusb.a(usbdesc.o)
                0x000040c4                USBDescGetNum
 .text.USBDescGet
                0x000040ea       0x2a D:/Portable/Programs/TivaDriver/usblib/gcc\libusb.a(usbdesc.o)
                0x000040ea                USBDescGet
 .text.USBDescGetNumAlternateInterfaces
                0x00004114       0x26 D:/Portable/Programs/TivaDriver/usblib/gcc\libusb.a(usbdesc.o)
                0x00004114                USBDescGetNumAlternateInterfaces
 .text.USBDescGetInterface
                0x0000413a       0x42 D:/Portable/Programs/TivaDriver/usblib/gcc\libusb.a(usbdesc.o)
                0x0000413a                USBDescGetInterface
 .text.USBDescGetInterfaceEndpoint
                0x0000417c       0x14 D:/Portable/Programs/TivaDriver/usblib/gcc\libusb.a(usbdesc.o)
                0x0000417c                USBDescGetInterfaceEndpoint
 .text.uDMAUSBChannelStatus
                0x00004190       0x20 D:/Portable/Programs/TivaDriver/usblib/gcc\libusb.a(usbdma.o)
 .text.DMAUSBIntStatusClear
                0x000041b0        0xe D:/Portable/Programs/TivaDriver/usblib/gcc\libusb.a(usbdma.o)
 .text.DMAUSBIntHandler
                0x000041be       0x34 D:/Portable/Programs/TivaDriver/usblib/gcc\libusb.a(usbdma.o)
 .text.uDMAUSBChannelIntEnable
                0x000041f2        0x2 D:/Portable/Programs/TivaDriver/usblib/gcc\libusb.a(usbdma.o)
 .text.uDMAUSBChannelIntDisable
                0x000041f4        0x2 D:/Portable/Programs/TivaDriver/usblib/gcc\libusb.a(usbdma.o)
 .text.iDMAUSBUnitSizeSet
                0x000041f6        0x2 D:/Portable/Programs/TivaDriver/usblib/gcc\libusb.a(usbdma.o)
 .text.iDMAUSBArbSizeSet
                0x000041f8        0x2 D:/Portable/Programs/TivaDriver/usblib/gcc\libusb.a(usbdma.o)
 .text.DMAUSBStatus
                0x000041fa        0x4 D:/Portable/Programs/TivaDriver/usblib/gcc\libusb.a(usbdma.o)
 .text.iDMAUSBChannelRelease
                0x000041fe       0x42 D:/Portable/Programs/TivaDriver/usblib/gcc\libusb.a(usbdma.o)
 .text.iDMAUSBChannelAllocate
                0x00004240       0x9e D:/Portable/Programs/TivaDriver/usblib/gcc\libusb.a(usbdma.o)
 .text.iDMAUSBChannelDisable
                0x000042de       0x36 D:/Portable/Programs/TivaDriver/usblib/gcc\libusb.a(usbdma.o)
 .text.iDMAUSBChannelIntDisable
                0x00004314        0x8 D:/Portable/Programs/TivaDriver/usblib/gcc\libusb.a(usbdma.o)
 .text.iDMAUSBChannelIntEnable
                0x0000431c        0x8 D:/Portable/Programs/TivaDriver/usblib/gcc\libusb.a(usbdma.o)
 .text.iDMAUSBChannelEnable
                0x00004324       0x50 D:/Portable/Programs/TivaDriver/usblib/gcc\libusb.a(usbdma.o)
 .text.iDMAUSBTransfer
                0x00004374      0x108 D:/Portable/Programs/TivaDriver/usblib/gcc\libusb.a(usbdma.o)
 .text.iDMAUSBIntStatus
                0x0000447c        0x6 D:/Portable/Programs/TivaDriver/usblib/gcc\libusb.a(usbdma.o)
 .text.iDMAUSBChannelStatus
                0x00004482       0x32 D:/Portable/Programs/TivaDriver/usblib/gcc\libusb.a(usbdma.o)
 .text.uDMAUSBUnitSizeSet
                0x000044b4       0x72 D:/Portable/Programs/TivaDriver/usblib/gcc\libusb.a(usbdma.o)
 .text.uDMAUSBArbSizeSet
                0x00004526       0x72 D:/Portable/Programs/TivaDriver/usblib/gcc\libusb.a(usbdma.o)
 .text.uDMAUSBIntStatus
                0x00004598       0x2c D:/Portable/Programs/TivaDriver/usblib/gcc\libusb.a(usbdma.o)
 .text.uDMAUSBChannelRelease
                0x000045c4       0x62 D:/Portable/Programs/TivaDriver/usblib/gcc\libusb.a(usbdma.o)
 .text.uDMAUSBChannelEnable
                0x00004626       0x76 D:/Portable/Programs/TivaDriver/usblib/gcc\libusb.a(usbdma.o)
 .text.uDMAUSBTransfer
                0x0000469c       0xcc D:/Portable/Programs/TivaDriver/usblib/gcc\libusb.a(usbdma.o)
 .text.uDMAUSBChannelDisable
                0x00004768       0x58 D:/Portable/Programs/TivaDriver/usblib/gcc\libusb.a(usbdma.o)
 .text.uDMAUSBChannelAllocate
                0x000047c0       0xcc D:/Portable/Programs/TivaDriver/usblib/gcc\libusb.a(usbdma.o)
 .text.USBLibDMAAddrGet
                0x0000488c        0x8 D:/Portable/Programs/TivaDriver/usblib/gcc\libusb.a(usbdma.o)
                0x0000488c                USBLibDMAAddrGet
 .text.USBLibDMASizeGet
                0x00004894        0x8 D:/Portable/Programs/TivaDriver/usblib/gcc\libusb.a(usbdma.o)
                0x00004894                USBLibDMASizeGet
 .text.USBLibDMAInit
                0x0000489c      0x168 D:/Portable/Programs/TivaDriver/usblib/gcc\libusb.a(usbdma.o)
                0x0000489c                USBLibDMAInit
 .text.HCDInstanceToDevIndex
                0x00004a04        0xa D:/Portable/Programs/TivaDriver/usblib/gcc\libusb.a(usbhostenum.o)
 *fill*         0x00004a0e        0x2 00
 .text.GetEventFlag
                0x00004a10       0x14 D:/Portable/Programs/TivaDriver/usblib/gcc\libusb.a(usbhostenum.o)
 .text.FIFOFree
                0x00004a24       0x34 D:/Portable/Programs/TivaDriver/usblib/gcc\libusb.a(usbhostenum.o)
 .text.FIFOAlloc
                0x00004a58       0x8c D:/Portable/Programs/TivaDriver/usblib/gcc\libusb.a(usbhostenum.o)
 .text.ConfigDescAlloc
                0x00004ae4       0x54 D:/Portable/Programs/TivaDriver/usblib/gcc\libusb.a(usbhostenum.o)
                0x00004ae4                ConfigDescAlloc
 .text.ConfigDescFree
                0x00004b38       0x34 D:/Portable/Programs/TivaDriver/usblib/gcc\libusb.a(usbhostenum.o)
                0x00004b38                ConfigDescFree
 .text.USBHCDEventEnable
                0x00004b6c       0x20 D:/Portable/Programs/TivaDriver/usblib/gcc\libusb.a(usbhostenum.o)
                0x00004b6c                USBHCDEventEnable
 .text.USBHCDEventDisable
                0x00004b8c       0x20 D:/Portable/Programs/TivaDriver/usblib/gcc\libusb.a(usbhostenum.o)
                0x00004b8c                USBHCDEventDisable
 .text.USBHCDPipeTransferSizeGet
                0x00004bac       0x14 D:/Portable/Programs/TivaDriver/usblib/gcc\libusb.a(usbhostenum.o)
                0x00004bac                USBHCDPipeTransferSizeGet
 .text.USBHCDPipeAllocSize
                0x00004bc0      0x1c4 D:/Portable/Programs/TivaDriver/usblib/gcc\libusb.a(usbhostenum.o)
                0x00004bc0                USBHCDPipeAllocSize
 .text.USBHCDPipeAlloc
                0x00004d84        0xc D:/Portable/Programs/TivaDriver/usblib/gcc\libusb.a(usbhostenum.o)
                0x00004d84                USBHCDPipeAlloc
 .text.USBHCDPipeConfig
                0x00004d90       0xec D:/Portable/Programs/TivaDriver/usblib/gcc\libusb.a(usbhostenum.o)
                0x00004d90                USBHCDPipeConfig
 .text.USBHCDPipeStatus
                0x00004e7c        0x4 D:/Portable/Programs/TivaDriver/usblib/gcc\libusb.a(usbhostenum.o)
                0x00004e7c                USBHCDPipeStatus
 .text.USBHCDPipeSchedule
                0x00004e80       0xbc D:/Portable/Programs/TivaDriver/usblib/gcc\libusb.a(usbhostenum.o)
                0x00004e80                USBHCDPipeSchedule
 .text.USBHCDPipeReadNonBlocking
                0x00004f3c       0x3c D:/Portable/Programs/TivaDriver/usblib/gcc\libusb.a(usbhostenum.o)
                0x00004f3c                USBHCDPipeReadNonBlocking
 .text.USBHCDPipeDataAck
                0x00004f78       0x28 D:/Portable/Programs/TivaDriver/usblib/gcc\libusb.a(usbhostenum.o)
                0x00004f78                USBHCDPipeDataAck
 .text.USBHCDPipeFree
                0x00004fa0       0xec D:/Portable/Programs/TivaDriver/usblib/gcc\libusb.a(usbhostenum.o)
                0x00004fa0                USBHCDPipeFree
 .text.USBHCDPowerConfigInit
                0x0000508c        0xc D:/Portable/Programs/TivaDriver/usblib/gcc\libusb.a(usbhostenum.o)
                0x0000508c                USBHCDPowerConfigInit
 .text.USBHCDPowerConfigGet
                0x00005098        0xc D:/Portable/Programs/TivaDriver/usblib/gcc\libusb.a(usbhostenum.o)
                0x00005098                USBHCDPowerConfigGet
 .text.USBHCDPowerConfigSet
                0x000050a4       0x54 D:/Portable/Programs/TivaDriver/usblib/gcc\libusb.a(usbhostenum.o)
                0x000050a4                USBHCDPowerConfigSet
 .text.USBHCDInitInternal
                0x000050f8      0x184 D:/Portable/Programs/TivaDriver/usblib/gcc\libusb.a(usbhostenum.o)
 .text.USBHCDPowerAutomatic
                0x0000527c       0x18 D:/Portable/Programs/TivaDriver/usblib/gcc\libusb.a(usbhostenum.o)
                0x0000527c                USBHCDPowerAutomatic
 .text.USBHCDInit
                0x00005294      0x100 D:/Portable/Programs/TivaDriver/usblib/gcc\libusb.a(usbhostenum.o)
                0x00005294                USBHCDInit
 .text.USBHCDRegisterDrivers
                0x00005394       0x10 D:/Portable/Programs/TivaDriver/usblib/gcc\libusb.a(usbhostenum.o)
                0x00005394                USBHCDRegisterDrivers
 .text.USBHCDTerm
                0x000053a4       0x80 D:/Portable/Programs/TivaDriver/usblib/gcc\libusb.a(usbhostenum.o)
                0x000053a4                USBHCDTerm
 .text.USBHCDReset
                0x00005424       0x34 D:/Portable/Programs/TivaDriver/usblib/gcc\libusb.a(usbhostenum.o)
                0x00005424                USBHCDReset
 .text.USBHCDSuspend
                0x00005458        0xc D:/Portable/Programs/TivaDriver/usblib/gcc\libusb.a(usbhostenum.o)
                0x00005458                USBHCDSuspend
 .text.USBHCDResume
                0x00005464       0x2c D:/Portable/Programs/TivaDriver/usblib/gcc\libusb.a(usbhostenum.o)
                0x00005464                USBHCDResume
 .text.USBHostCheckPipes
                0x00005490       0x68 D:/Portable/Programs/TivaDriver/usblib/gcc\libusb.a(usbhostenum.o)
                0x00005490                USBHostCheckPipes
 .text.USBHostIntHandlerInternal
                0x000054f8      0x458 D:/Portable/Programs/TivaDriver/usblib/gcc\libusb.a(usbhostenum.o)
                0x000054f8                USBHostIntHandlerInternal
 .text.USB0HostIntHandler
                0x00005950       0x18 D:/Portable/Programs/TivaDriver/usblib/gcc\libusb.a(usbhostenum.o)
                0x00005950                USB0HostIntHandler
 .text.InternalUSBHCDSendEvent
                0x00005968       0x2c D:/Portable/Programs/TivaDriver/usblib/gcc\libusb.a(usbhostenum.o)
                0x00005968                InternalUSBHCDSendEvent
 .text.SendUnknownConnect.clone.0
                0x00005994       0x14 D:/Portable/Programs/TivaDriver/usblib/gcc\libusb.a(usbhostenum.o)
 .text.USBHCDDeviceDisconnected.clone.2
                0x000059a8       0x90 D:/Portable/Programs/TivaDriver/usblib/gcc\libusb.a(usbhostenum.o)
 .text.USBHCDControlTransfer
                0x00005a38      0x224 D:/Portable/Programs/TivaDriver/usblib/gcc\libusb.a(usbhostenum.o)
                0x00005a38                USBHCDControlTransfer
 .text.USBHCDSetInterface
                0x00005c5c       0x30 D:/Portable/Programs/TivaDriver/usblib/gcc\libusb.a(usbhostenum.o)
                0x00005c5c                USBHCDSetInterface
 .text.USBHCDSetConfig
                0x00005c8c       0x30 D:/Portable/Programs/TivaDriver/usblib/gcc\libusb.a(usbhostenum.o)
                0x00005c8c                USBHCDSetConfig
 .text.USBHCDSetAddress
                0x00005cbc       0x4c D:/Portable/Programs/TivaDriver/usblib/gcc\libusb.a(usbhostenum.o)
                0x00005cbc                USBHCDSetAddress
 .text.USBHCDStringDescriptorGet
                0x00005d08       0x3c D:/Portable/Programs/TivaDriver/usblib/gcc\libusb.a(usbhostenum.o)
                0x00005d08                USBHCDStringDescriptorGet
 .text.USBHCDMain
                0x00005d44      0x3ac D:/Portable/Programs/TivaDriver/usblib/gcc\libusb.a(usbhostenum.o)
                0x00005d44                USBHCDMain
 .text.USBHCDClearFeature.clone.4
                0x000060f0       0x88 D:/Portable/Programs/TivaDriver/usblib/gcc\libusb.a(usbhostenum.o)
 .text.USBHCDPipeWrite
                0x00006178      0x14c D:/Portable/Programs/TivaDriver/usblib/gcc\libusb.a(usbhostenum.o)
                0x00006178                USBHCDPipeWrite
 .text.USBHCDPipeRead
                0x000062c4      0x170 D:/Portable/Programs/TivaDriver/usblib/gcc\libusb.a(usbhostenum.o)
                0x000062c4                USBHCDPipeRead
 .text.USBHCDHubDeviceConnected
                0x00006434       0x50 D:/Portable/Programs/TivaDriver/usblib/gcc\libusb.a(usbhostenum.o)
                0x00006434                USBHCDHubDeviceConnected
 .text.USBHCDHubDeviceDisconnected
                0x00006484       0x10 D:/Portable/Programs/TivaDriver/usblib/gcc\libusb.a(usbhostenum.o)
                0x00006484                USBHCDHubDeviceDisconnected
 .text.USBHCDDevHubPort
                0x00006494       0x1c D:/Portable/Programs/TivaDriver/usblib/gcc\libusb.a(usbhostenum.o)
                0x00006494                USBHCDDevHubPort
 .text.USBHCDDevAddress
                0x000064b0       0x1c D:/Portable/Programs/TivaDriver/usblib/gcc\libusb.a(usbhostenum.o)
                0x000064b0                USBHCDDevAddress
 .text.USBHCDDevClass
                0x000064cc       0x30 D:/Portable/Programs/TivaDriver/usblib/gcc\libusb.a(usbhostenum.o)
                0x000064cc                USBHCDDevClass
 .text.USBHCDDevSubClass
                0x000064fc       0x30 D:/Portable/Programs/TivaDriver/usblib/gcc\libusb.a(usbhostenum.o)
                0x000064fc                USBHCDDevSubClass
 .text.USBHCDDevProtocol
                0x0000652c       0x30 D:/Portable/Programs/TivaDriver/usblib/gcc\libusb.a(usbhostenum.o)
                0x0000652c                USBHCDDevProtocol
 .text.USBHCDFeatureSet
                0x0000655c       0x90 D:/Portable/Programs/TivaDriver/usblib/gcc\libusb.a(usbhostenum.o)
                0x0000655c                USBHCDFeatureSet
 .text.USBHCDLPMStatus
                0x000065ec       0x10 D:/Portable/Programs/TivaDriver/usblib/gcc\libusb.a(usbhostenum.o)
                0x000065ec                USBHCDLPMStatus
 .text.USBHCDLPMSleep
                0x000065fc       0x54 D:/Portable/Programs/TivaDriver/usblib/gcc\libusb.a(usbhostenum.o)
                0x000065fc                USBHCDLPMSleep
 .text.USBHCDLPMResume
                0x00006650        0xc D:/Portable/Programs/TivaDriver/usblib/gcc\libusb.a(usbhostenum.o)
                0x00006650                USBHCDLPMResume
 .text.ULPIConfigSet
                0x0000665c       0x54 D:/Portable/Programs/TivaDriver/usblib/gcc\libusb.a(usbulpi.o)
                0x0000665c                ULPIConfigSet
 .text.ULPIPowerTransceiver
                0x000066b0        0xe D:/Portable/Programs/TivaDriver/usblib/gcc\libusb.a(usbulpi.o)
                0x000066b0                ULPIPowerTransceiver
 .text.GetEndpointFIFOSize
                0x000066be       0x1c D:/Portable/Programs/TivaDriver/usblib/gcc\libusb.a(usbdconfig.o)
 .text.GetEPDescriptorType
                0x000066da       0x4a D:/Portable/Programs/TivaDriver/usblib/gcc\libusb.a(usbdconfig.o)
 .text.USBDeviceConfig
                0x00006724      0x130 D:/Portable/Programs/TivaDriver/usblib/gcc\libusb.a(usbdconfig.o)
                0x00006724                USBDeviceConfig
 .text.USBDeviceConfigAlternate
                0x00006854       0x88 D:/Portable/Programs/TivaDriver/usblib/gcc\libusb.a(usbdconfig.o)
                0x00006854                USBDeviceConfigAlternate
 .text.USBHubPortSpeedSet
                0x000068dc       0x10 D:/Portable/Programs/TivaDriver/usblib/gcc\libusb.a(usbhhub.o)
 .text.HubDriverClose
                0x000068ec       0x78 D:/Portable/Programs/TivaDriver/usblib/gcc\libusb.a(usbhhub.o)
 .text.HubIntINCallback
                0x00006964       0x4c D:/Portable/Programs/TivaDriver/usblib/gcc\libusb.a(usbhhub.o)
 .text.HubGetPortStatus.clone.0
                0x000069b0       0x50 D:/Portable/Programs/TivaDriver/usblib/gcc\libusb.a(usbhhub.o)
 .text.HubSetPortFeature.clone.1
                0x00006a00       0x38 D:/Portable/Programs/TivaDriver/usblib/gcc\libusb.a(usbhhub.o)
 .text.HubDriverOpen
                0x00006a38      0x178 D:/Portable/Programs/TivaDriver/usblib/gcc\libusb.a(usbhhub.o)
 .text.HubClearPortFeature.clone.2
                0x00006bb0       0x38 D:/Portable/Programs/TivaDriver/usblib/gcc\libusb.a(usbhhub.o)
 .text.USBHHubMain
                0x00006be8      0x240 D:/Portable/Programs/TivaDriver/usblib/gcc\libusb.a(usbhhub.o)
                0x00006be8                USBHHubMain
 .text.USBHHubEnumerationComplete
                0x00006e28       0x18 D:/Portable/Programs/TivaDriver/usblib/gcc\libusb.a(usbhhub.o)
                0x00006e28                USBHHubEnumerationComplete
 .text.USBHHubEnumerationError
                0x00006e40       0x18 D:/Portable/Programs/TivaDriver/usblib/gcc\libusb.a(usbhhub.o)
                0x00006e40                USBHHubEnumerationError
 .text.USBHHubOpen
                0x00006e58       0x14 D:/Portable/Programs/TivaDriver/usblib/gcc\libusb.a(usbhhub.o)
                0x00006e58                USBHHubOpen
 .text.USBHHubClose
                0x00006e6c        0x8 D:/Portable/Programs/TivaDriver/usblib/gcc\libusb.a(usbhhub.o)
                0x00006e6c                USBHHubClose
 .text.USBHHubInit
                0x00006e74       0x48 D:/Portable/Programs/TivaDriver/usblib/gcc\libusb.a(usbhhub.o)
                0x00006e74                USBHHubInit
 .text.USBHHubLPMSleep
                0x00006ebc        0x6 D:/Portable/Programs/TivaDriver/usblib/gcc\libusb.a(usbhhub.o)
                0x00006ebc                USBHHubLPMSleep
 .text.USBHHubLPMStatus
                0x00006ec2        0x6 D:/Portable/Programs/TivaDriver/usblib/gcc\libusb.a(usbhhub.o)
                0x00006ec2                USBHHubLPMStatus
 .text._exit    0x00006ec8        0x4 c:/ti/ccsv6/tools/compiler/gcc-arm-none-eabi-4_7-2013q3/bin/../lib/gcc/arm-none-eabi/4.7.4/../../../../arm-none-eabi/lib/armv7e-m/softfp\libnosys.a(_exit.o)
                0x00006ec8                _exit
 .text._ADCIntNumberGet
                0x00006ecc       0x4c D:/Portable/Programs/TivaDriver/driverlib/gcc\libdriver.a(adc.o)
 .text.ADCIntRegister
                0x00006f18       0x1a D:/Portable/Programs/TivaDriver/driverlib/gcc\libdriver.a(adc.o)
                0x00006f18                ADCIntRegister
 .text.ADCIntUnregister
                0x00006f32       0x16 D:/Portable/Programs/TivaDriver/driverlib/gcc\libdriver.a(adc.o)
                0x00006f32                ADCIntUnregister
 .text.ADCIntDisable
                0x00006f48        0xe D:/Portable/Programs/TivaDriver/driverlib/gcc\libdriver.a(adc.o)
                0x00006f48                ADCIntDisable
 .text.ADCIntEnable
                0x00006f56        0xe D:/Portable/Programs/TivaDriver/driverlib/gcc\libdriver.a(adc.o)
                0x00006f56                ADCIntEnable
 .text.ADCIntStatus
                0x00006f64       0x36 D:/Portable/Programs/TivaDriver/driverlib/gcc\libdriver.a(adc.o)
                0x00006f64                ADCIntStatus
 .text.ADCIntClear
                0x00006f9a        0x8 D:/Portable/Programs/TivaDriver/driverlib/gcc\libdriver.a(adc.o)
                0x00006f9a                ADCIntClear
 .text.ADCSequenceEnable
                0x00006fa2        0xe D:/Portable/Programs/TivaDriver/driverlib/gcc\libdriver.a(adc.o)
                0x00006fa2                ADCSequenceEnable
 .text.ADCSequenceDisable
                0x00006fb0        0xe D:/Portable/Programs/TivaDriver/driverlib/gcc\libdriver.a(adc.o)
                0x00006fb0                ADCSequenceDisable
 .text.ADCSequenceConfigure
                0x00006fbe       0x48 D:/Portable/Programs/TivaDriver/driverlib/gcc\libdriver.a(adc.o)
                0x00006fbe                ADCSequenceConfigure
 .text.ADCSequenceStepConfigure
                0x00007006       0x8c D:/Portable/Programs/TivaDriver/driverlib/gcc\libdriver.a(adc.o)
                0x00007006                ADCSequenceStepConfigure
 .text.ADCSequenceOverflow
                0x00007092        0xa D:/Portable/Programs/TivaDriver/driverlib/gcc\libdriver.a(adc.o)
                0x00007092                ADCSequenceOverflow
 .text.ADCSequenceOverflowClear
                0x0000709c        0x8 D:/Portable/Programs/TivaDriver/driverlib/gcc\libdriver.a(adc.o)
                0x0000709c                ADCSequenceOverflowClear
 .text.ADCSequenceUnderflow
                0x000070a4        0xa D:/Portable/Programs/TivaDriver/driverlib/gcc\libdriver.a(adc.o)
                0x000070a4                ADCSequenceUnderflow
 .text.ADCSequenceUnderflowClear
                0x000070ae        0x8 D:/Portable/Programs/TivaDriver/driverlib/gcc\libdriver.a(adc.o)
                0x000070ae                ADCSequenceUnderflowClear
 .text.ADCSequenceDataGet
                0x000070b6       0x20 D:/Portable/Programs/TivaDriver/driverlib/gcc\libdriver.a(adc.o)
                0x000070b6                ADCSequenceDataGet
 .text.ADCProcessorTrigger
                0x000070d6       0x1a D:/Portable/Programs/TivaDriver/driverlib/gcc\libdriver.a(adc.o)
                0x000070d6                ADCProcessorTrigger
 .text.ADCSoftwareOversampleConfigure
                0x000070f0       0x18 D:/Portable/Programs/TivaDriver/driverlib/gcc\libdriver.a(adc.o)
                0x000070f0                ADCSoftwareOversampleConfigure
 .text.ADCSoftwareOversampleStepConfigure
                0x00007108       0x78 D:/Portable/Programs/TivaDriver/driverlib/gcc\libdriver.a(adc.o)
                0x00007108                ADCSoftwareOversampleStepConfigure
 .text.ADCSoftwareOversampleDataGet
                0x00007180       0x30 D:/Portable/Programs/TivaDriver/driverlib/gcc\libdriver.a(adc.o)
                0x00007180                ADCSoftwareOversampleDataGet
 .text.ADCHardwareOversampleConfigure
                0x000071b0       0x12 D:/Portable/Programs/TivaDriver/driverlib/gcc\libdriver.a(adc.o)
                0x000071b0                ADCHardwareOversampleConfigure
 .text.ADCComparatorConfigure
                0x000071c2        0xa D:/Portable/Programs/TivaDriver/driverlib/gcc\libdriver.a(adc.o)
                0x000071c2                ADCComparatorConfigure
 .text.ADCComparatorRegionSet
                0x000071cc        0xe D:/Portable/Programs/TivaDriver/driverlib/gcc\libdriver.a(adc.o)
                0x000071cc                ADCComparatorRegionSet
 .text.ADCComparatorReset
                0x000071da       0x1e D:/Portable/Programs/TivaDriver/driverlib/gcc\libdriver.a(adc.o)
                0x000071da                ADCComparatorReset
 .text.ADCComparatorIntDisable
                0x000071f8       0x10 D:/Portable/Programs/TivaDriver/driverlib/gcc\libdriver.a(adc.o)
                0x000071f8                ADCComparatorIntDisable
 .text.ADCComparatorIntEnable
                0x00007208       0x10 D:/Portable/Programs/TivaDriver/driverlib/gcc\libdriver.a(adc.o)
                0x00007208                ADCComparatorIntEnable
 .text.ADCComparatorIntStatus
                0x00007218        0x4 D:/Portable/Programs/TivaDriver/driverlib/gcc\libdriver.a(adc.o)
                0x00007218                ADCComparatorIntStatus
 .text.ADCComparatorIntClear
                0x0000721c        0x4 D:/Portable/Programs/TivaDriver/driverlib/gcc\libdriver.a(adc.o)
                0x0000721c                ADCComparatorIntClear
 .text.ADCIntDisableEx
                0x00007220        0xa D:/Portable/Programs/TivaDriver/driverlib/gcc\libdriver.a(adc.o)
                0x00007220                ADCIntDisableEx
 .text.ADCIntEnableEx
                0x0000722a        0x8 D:/Portable/Programs/TivaDriver/driverlib/gcc\libdriver.a(adc.o)
                0x0000722a                ADCIntEnableEx
 .text.ADCIntStatusEx
                0x00007232       0x14 D:/Portable/Programs/TivaDriver/driverlib/gcc\libdriver.a(adc.o)
                0x00007232                ADCIntStatusEx
 .text.ADCIntClearEx
                0x00007246        0x8 D:/Portable/Programs/TivaDriver/driverlib/gcc\libdriver.a(adc.o)
                0x00007246                ADCIntClearEx
 .text.ADCReferenceSet
                0x0000724e        0xc D:/Portable/Programs/TivaDriver/driverlib/gcc\libdriver.a(adc.o)
                0x0000724e                ADCReferenceSet
 .text.ADCReferenceGet
                0x0000725a        0x8 D:/Portable/Programs/TivaDriver/driverlib/gcc\libdriver.a(adc.o)
                0x0000725a                ADCReferenceGet
 .text.ADCPhaseDelaySet
                0x00007262        0x4 D:/Portable/Programs/TivaDriver/driverlib/gcc\libdriver.a(adc.o)
                0x00007262                ADCPhaseDelaySet
 .text.ADCPhaseDelayGet
                0x00007266        0x4 D:/Portable/Programs/TivaDriver/driverlib/gcc\libdriver.a(adc.o)
                0x00007266                ADCPhaseDelayGet
 .text.ADCSequenceDMAEnable
                0x0000726a       0x10 D:/Portable/Programs/TivaDriver/driverlib/gcc\libdriver.a(adc.o)
                0x0000726a                ADCSequenceDMAEnable
 .text.ADCSequenceDMADisable
                0x0000727a       0x10 D:/Portable/Programs/TivaDriver/driverlib/gcc\libdriver.a(adc.o)
                0x0000727a                ADCSequenceDMADisable
 .text.ADCBusy  0x0000728a        0x8 D:/Portable/Programs/TivaDriver/driverlib/gcc\libdriver.a(adc.o)
                0x0000728a                ADCBusy
 .text.ADCClockConfigSet
                0x00007292       0x1a D:/Portable/Programs/TivaDriver/driverlib/gcc\libdriver.a(adc.o)
                0x00007292                ADCClockConfigSet
 .text.ADCClockConfigGet
                0x000072ac       0x1c D:/Portable/Programs/TivaDriver/driverlib/gcc\libdriver.a(adc.o)
                0x000072ac                ADCClockConfigGet
 .text._GPIOIntNumberGet
                0x000072c8       0x48 D:/Portable/Programs/TivaDriver/driverlib/gcc\libdriver.a(gpio.o)
 .text.GPIODirModeSet
                0x00007310       0x2e D:/Portable/Programs/TivaDriver/driverlib/gcc\libdriver.a(gpio.o)
                0x00007310                GPIODirModeSet
 .text.GPIODirModeGet
                0x0000733e       0x24 D:/Portable/Programs/TivaDriver/driverlib/gcc\libdriver.a(gpio.o)
                0x0000733e                GPIODirModeGet
 .text.GPIOIntTypeSet
                0x00007362       0x62 D:/Portable/Programs/TivaDriver/driverlib/gcc\libdriver.a(gpio.o)
                0x00007362                GPIOIntTypeSet
 .text.GPIOIntTypeGet
                0x000073c4       0x42 D:/Portable/Programs/TivaDriver/driverlib/gcc\libdriver.a(gpio.o)
                0x000073c4                GPIOIntTypeGet
 .text.GPIOPadConfigSet
                0x00007406      0x14e D:/Portable/Programs/TivaDriver/driverlib/gcc\libdriver.a(gpio.o)
                0x00007406                GPIOPadConfigSet
 .text.GPIOPadConfigGet
                0x00007554       0xbc D:/Portable/Programs/TivaDriver/driverlib/gcc\libdriver.a(gpio.o)
                0x00007554                GPIOPadConfigGet
 .text.GPIOIntEnable
                0x00007610        0xc D:/Portable/Programs/TivaDriver/driverlib/gcc\libdriver.a(gpio.o)
                0x00007610                GPIOIntEnable
 .text.GPIOIntDisable
                0x0000761c        0xe D:/Portable/Programs/TivaDriver/driverlib/gcc\libdriver.a(gpio.o)
                0x0000761c                GPIOIntDisable
 .text.GPIOIntStatus
                0x0000762a        0xe D:/Portable/Programs/TivaDriver/driverlib/gcc\libdriver.a(gpio.o)
                0x0000762a                GPIOIntStatus
 .text.GPIOIntClear
                0x00007638        0x6 D:/Portable/Programs/TivaDriver/driverlib/gcc\libdriver.a(gpio.o)
                0x00007638                GPIOIntClear
 .text.GPIOIntRegister
                0x0000763e       0x1a D:/Portable/Programs/TivaDriver/driverlib/gcc\libdriver.a(gpio.o)
                0x0000763e                GPIOIntRegister
 .text.GPIOIntUnregister
                0x00007658       0x16 D:/Portable/Programs/TivaDriver/driverlib/gcc\libdriver.a(gpio.o)
                0x00007658                GPIOIntUnregister
 .text.GPIOPinRead
                0x0000766e        0x6 D:/Portable/Programs/TivaDriver/driverlib/gcc\libdriver.a(gpio.o)
                0x0000766e                GPIOPinRead
 .text.GPIOPinWrite
                0x00007674        0x6 D:/Portable/Programs/TivaDriver/driverlib/gcc\libdriver.a(gpio.o)
                0x00007674                GPIOPinWrite
 .text.GPIOPinTypeADC
                0x0000767a       0x1c D:/Portable/Programs/TivaDriver/driverlib/gcc\libdriver.a(gpio.o)
                0x0000767a                GPIOPinTypeADC
 .text.GPIOPinTypeCAN
                0x00007696       0x1c D:/Portable/Programs/TivaDriver/driverlib/gcc\libdriver.a(gpio.o)
                0x00007696                GPIOPinTypeCAN
 .text.GPIOPinTypeComparator
                0x000076b2       0x1c D:/Portable/Programs/TivaDriver/driverlib/gcc\libdriver.a(gpio.o)
                0x000076b2                GPIOPinTypeComparator
 .text.GPIOPinTypeEPI
                0x000076ce       0x1c D:/Portable/Programs/TivaDriver/driverlib/gcc\libdriver.a(gpio.o)
                0x000076ce                GPIOPinTypeEPI
 .text.GPIOPinTypeEthernetLED
                0x000076ea       0x1c D:/Portable/Programs/TivaDriver/driverlib/gcc\libdriver.a(gpio.o)
                0x000076ea                GPIOPinTypeEthernetLED
 .text.GPIOPinTypeEthernetMII
                0x00007706       0x1c D:/Portable/Programs/TivaDriver/driverlib/gcc\libdriver.a(gpio.o)
                0x00007706                GPIOPinTypeEthernetMII
 .text.GPIOPinTypeGPIOInput
                0x00007722       0x1c D:/Portable/Programs/TivaDriver/driverlib/gcc\libdriver.a(gpio.o)
                0x00007722                GPIOPinTypeGPIOInput
 .text.GPIOPinTypeGPIOOutput
                0x0000773e       0x1c D:/Portable/Programs/TivaDriver/driverlib/gcc\libdriver.a(gpio.o)
                0x0000773e                GPIOPinTypeGPIOOutput
 .text.GPIOPinTypeGPIOOutputOD
                0x0000775a       0x1c D:/Portable/Programs/TivaDriver/driverlib/gcc\libdriver.a(gpio.o)
                0x0000775a                GPIOPinTypeGPIOOutputOD
 .text.GPIOPinTypeI2C
                0x00007776       0x1c D:/Portable/Programs/TivaDriver/driverlib/gcc\libdriver.a(gpio.o)
                0x00007776                GPIOPinTypeI2C
 .text.GPIOPinTypeI2CSCL
                0x00007792       0x1c D:/Portable/Programs/TivaDriver/driverlib/gcc\libdriver.a(gpio.o)
                0x00007792                GPIOPinTypeI2CSCL
 .text.GPIOPinTypeLCD
                0x000077ae       0x1c D:/Portable/Programs/TivaDriver/driverlib/gcc\libdriver.a(gpio.o)
                0x000077ae                GPIOPinTypeLCD
 .text.GPIOPinTypeLPC
                0x000077ca       0x1c D:/Portable/Programs/TivaDriver/driverlib/gcc\libdriver.a(gpio.o)
                0x000077ca                GPIOPinTypeLPC
 .text.GPIOPinTypePECIRx
                0x000077e6       0x1c D:/Portable/Programs/TivaDriver/driverlib/gcc\libdriver.a(gpio.o)
                0x000077e6                GPIOPinTypePECIRx
 .text.GPIOPinTypePECITx
                0x00007802       0x1c D:/Portable/Programs/TivaDriver/driverlib/gcc\libdriver.a(gpio.o)
                0x00007802                GPIOPinTypePECITx
 .text.GPIOPinTypePWM
                0x0000781e       0x1c D:/Portable/Programs/TivaDriver/driverlib/gcc\libdriver.a(gpio.o)
                0x0000781e                GPIOPinTypePWM
 .text.GPIOPinTypeQEI
                0x0000783a       0x1c D:/Portable/Programs/TivaDriver/driverlib/gcc\libdriver.a(gpio.o)
                0x0000783a                GPIOPinTypeQEI
 .text.GPIOPinTypeSSI
                0x00007856       0x1c D:/Portable/Programs/TivaDriver/driverlib/gcc\libdriver.a(gpio.o)
                0x00007856                GPIOPinTypeSSI
 .text.GPIOPinTypeTimer
                0x00007872       0x1c D:/Portable/Programs/TivaDriver/driverlib/gcc\libdriver.a(gpio.o)
                0x00007872                GPIOPinTypeTimer
 .text.GPIOPinTypeUART
                0x0000788e       0x1c D:/Portable/Programs/TivaDriver/driverlib/gcc\libdriver.a(gpio.o)
                0x0000788e                GPIOPinTypeUART
 .text.GPIOPinTypeUSBAnalog
                0x000078aa       0x1c D:/Portable/Programs/TivaDriver/driverlib/gcc\libdriver.a(gpio.o)
                0x000078aa                GPIOPinTypeUSBAnalog
 .text.GPIOPinTypeUSBDigital
                0x000078c6       0x1c D:/Portable/Programs/TivaDriver/driverlib/gcc\libdriver.a(gpio.o)
                0x000078c6                GPIOPinTypeUSBDigital
 .text.GPIOPinTypeWakeHigh
                0x000078e2       0x1e D:/Portable/Programs/TivaDriver/driverlib/gcc\libdriver.a(gpio.o)
                0x000078e2                GPIOPinTypeWakeHigh
 .text.GPIOPinTypeWakeLow
                0x00007900       0x1e D:/Portable/Programs/TivaDriver/driverlib/gcc\libdriver.a(gpio.o)
                0x00007900                GPIOPinTypeWakeLow
 .text.GPIOPinTypeKBRow
                0x0000791e       0x1c D:/Portable/Programs/TivaDriver/driverlib/gcc\libdriver.a(gpio.o)
                0x0000791e                GPIOPinTypeKBRow
 .text.GPIOPinTypeKBColumn
                0x0000793a       0x1c D:/Portable/Programs/TivaDriver/driverlib/gcc\libdriver.a(gpio.o)
                0x0000793a                GPIOPinTypeKBColumn
 .text.GPIOPinTypeLEDSeq
                0x00007956       0x1c D:/Portable/Programs/TivaDriver/driverlib/gcc\libdriver.a(gpio.o)
                0x00007956                GPIOPinTypeLEDSeq
 .text.GPIOPinTypeCIR
                0x00007972       0x1c D:/Portable/Programs/TivaDriver/driverlib/gcc\libdriver.a(gpio.o)
                0x00007972                GPIOPinTypeCIR
 .text.GPIOPinWakeStatus
                0x0000798e        0x6 D:/Portable/Programs/TivaDriver/driverlib/gcc\libdriver.a(gpio.o)
                0x0000798e                GPIOPinWakeStatus
 .text.GPIOPinConfigure
                0x00007994       0x4c D:/Portable/Programs/TivaDriver/driverlib/gcc\libdriver.a(gpio.o)
                0x00007994                GPIOPinConfigure
 .text.GPIODMATriggerEnable
                0x000079e0        0xc D:/Portable/Programs/TivaDriver/driverlib/gcc\libdriver.a(gpio.o)
                0x000079e0                GPIODMATriggerEnable
 .text.GPIODMATriggerDisable
                0x000079ec        0xe D:/Portable/Programs/TivaDriver/driverlib/gcc\libdriver.a(gpio.o)
                0x000079ec                GPIODMATriggerDisable
 .text.GPIOADCTriggerEnable
                0x000079fa        0xc D:/Portable/Programs/TivaDriver/driverlib/gcc\libdriver.a(gpio.o)
                0x000079fa                GPIOADCTriggerEnable
 .text.GPIOADCTriggerDisable
                0x00007a06        0xe D:/Portable/Programs/TivaDriver/driverlib/gcc\libdriver.a(gpio.o)
                0x00007a06                GPIOADCTriggerDisable
 .text._IntDefaultHandler
                0x00007a14        0x2 D:/Portable/Programs/TivaDriver/driverlib/gcc\libdriver.a(interrupt.o)
 .text.IntMasterEnable
                0x00007a16        0xe D:/Portable/Programs/TivaDriver/driverlib/gcc\libdriver.a(interrupt.o)
                0x00007a16                IntMasterEnable
 .text.IntMasterDisable
                0x00007a24        0xe D:/Portable/Programs/TivaDriver/driverlib/gcc\libdriver.a(interrupt.o)
                0x00007a24                IntMasterDisable
 *fill*         0x00007a32        0x2 00
 .text.IntRegister
                0x00007a34       0x30 D:/Portable/Programs/TivaDriver/driverlib/gcc\libdriver.a(interrupt.o)
                0x00007a34                IntRegister
 .text.IntUnregister
                0x00007a64       0x14 D:/Portable/Programs/TivaDriver/driverlib/gcc\libdriver.a(interrupt.o)
                0x00007a64                IntUnregister
 .text.IntPriorityGroupingSet
                0x00007a78       0x1c D:/Portable/Programs/TivaDriver/driverlib/gcc\libdriver.a(interrupt.o)
                0x00007a78                IntPriorityGroupingSet
 .text.IntPriorityGroupingGet
                0x00007a94       0x24 D:/Portable/Programs/TivaDriver/driverlib/gcc\libdriver.a(interrupt.o)
                0x00007a94                IntPriorityGroupingGet
 .text.IntPrioritySet
                0x00007ab8       0x28 D:/Portable/Programs/TivaDriver/driverlib/gcc\libdriver.a(interrupt.o)
                0x00007ab8                IntPrioritySet
 .text.IntPriorityGet
                0x00007ae0       0x1c D:/Portable/Programs/TivaDriver/driverlib/gcc\libdriver.a(interrupt.o)
                0x00007ae0                IntPriorityGet
 .text.IntEnable
                0x00007afc       0x60 D:/Portable/Programs/TivaDriver/driverlib/gcc\libdriver.a(interrupt.o)
                0x00007afc                IntEnable
 .text.IntDisable
                0x00007b5c       0x60 D:/Portable/Programs/TivaDriver/driverlib/gcc\libdriver.a(interrupt.o)
                0x00007b5c                IntDisable
 .text.IntIsEnabled
                0x00007bbc       0x64 D:/Portable/Programs/TivaDriver/driverlib/gcc\libdriver.a(interrupt.o)
                0x00007bbc                IntIsEnabled
 .text.IntPendSet
                0x00007c20       0x50 D:/Portable/Programs/TivaDriver/driverlib/gcc\libdriver.a(interrupt.o)
                0x00007c20                IntPendSet
 .text.IntPendClear
                0x00007c70       0x40 D:/Portable/Programs/TivaDriver/driverlib/gcc\libdriver.a(interrupt.o)
                0x00007c70                IntPendClear
 .text.IntPriorityMaskSet
                0x00007cb0        0x4 D:/Portable/Programs/TivaDriver/driverlib/gcc\libdriver.a(interrupt.o)
                0x00007cb0                IntPriorityMaskSet
 .text.IntPriorityMaskGet
                0x00007cb4        0x4 D:/Portable/Programs/TivaDriver/driverlib/gcc\libdriver.a(interrupt.o)
                0x00007cb4                IntPriorityMaskGet
 .text.IntTrigger
                0x00007cb8        0xc D:/Portable/Programs/TivaDriver/driverlib/gcc\libdriver.a(interrupt.o)
                0x00007cb8                IntTrigger
 .text._SSIIntNumberGet
                0x00007cc4       0x48 D:/Portable/Programs/TivaDriver/driverlib/gcc\libdriver.a(ssi.o)
 .text.SSIConfigSetExpClk
                0x00007d0c       0x4a D:/Portable/Programs/TivaDriver/driverlib/gcc\libdriver.a(ssi.o)
                0x00007d0c                SSIConfigSetExpClk
 .text.SSIEnable
                0x00007d56        0xa D:/Portable/Programs/TivaDriver/driverlib/gcc\libdriver.a(ssi.o)
                0x00007d56                SSIEnable
 .text.SSIDisable
                0x00007d60        0xa D:/Portable/Programs/TivaDriver/driverlib/gcc\libdriver.a(ssi.o)
                0x00007d60                SSIDisable
 .text.SSIIntRegister
                0x00007d6a       0x1a D:/Portable/Programs/TivaDriver/driverlib/gcc\libdriver.a(ssi.o)
                0x00007d6a                SSIIntRegister
 .text.SSIIntUnregister
                0x00007d84       0x16 D:/Portable/Programs/TivaDriver/driverlib/gcc\libdriver.a(ssi.o)
                0x00007d84                SSIIntUnregister
 .text.SSIIntEnable
                0x00007d9a        0x8 D:/Portable/Programs/TivaDriver/driverlib/gcc\libdriver.a(ssi.o)
                0x00007d9a                SSIIntEnable
 .text.SSIIntDisable
                0x00007da2        0xa D:/Portable/Programs/TivaDriver/driverlib/gcc\libdriver.a(ssi.o)
                0x00007da2                SSIIntDisable
 .text.SSIIntStatus
                0x00007dac        0xa D:/Portable/Programs/TivaDriver/driverlib/gcc\libdriver.a(ssi.o)
                0x00007dac                SSIIntStatus
 .text.SSIIntClear
                0x00007db6        0x4 D:/Portable/Programs/TivaDriver/driverlib/gcc\libdriver.a(ssi.o)
                0x00007db6                SSIIntClear
 .text.SSIDataPut
                0x00007dba        0xc D:/Portable/Programs/TivaDriver/driverlib/gcc\libdriver.a(ssi.o)
                0x00007dba                SSIDataPut
 .text.SSIDataPutNonBlocking
                0x00007dc6       0x12 D:/Portable/Programs/TivaDriver/driverlib/gcc\libdriver.a(ssi.o)
                0x00007dc6                SSIDataPutNonBlocking
 .text.SSIDataGet
                0x00007dd8        0xe D:/Portable/Programs/TivaDriver/driverlib/gcc\libdriver.a(ssi.o)
                0x00007dd8                SSIDataGet
 .text.SSIDataGetNonBlocking
                0x00007de6       0x14 D:/Portable/Programs/TivaDriver/driverlib/gcc\libdriver.a(ssi.o)
                0x00007de6                SSIDataGetNonBlocking
 .text.SSIDMAEnable
                0x00007dfa        0x8 D:/Portable/Programs/TivaDriver/driverlib/gcc\libdriver.a(ssi.o)
                0x00007dfa                SSIDMAEnable
 .text.SSIDMADisable
                0x00007e02        0xa D:/Portable/Programs/TivaDriver/driverlib/gcc\libdriver.a(ssi.o)
                0x00007e02                SSIDMADisable
 .text.SSIBusy  0x00007e0c        0x8 D:/Portable/Programs/TivaDriver/driverlib/gcc\libdriver.a(ssi.o)
                0x00007e0c                SSIBusy
 .text.SSIClockSourceSet
                0x00007e14        0x6 D:/Portable/Programs/TivaDriver/driverlib/gcc\libdriver.a(ssi.o)
                0x00007e14                SSIClockSourceSet
 .text.SSIClockSourceGet
                0x00007e1a        0x6 D:/Portable/Programs/TivaDriver/driverlib/gcc\libdriver.a(ssi.o)
                0x00007e1a                SSIClockSourceGet
 .text.SSIAdvModeSet
                0x00007e20        0xc D:/Portable/Programs/TivaDriver/driverlib/gcc\libdriver.a(ssi.o)
                0x00007e20                SSIAdvModeSet
 .text.SSIAdvDataPutFrameEnd
                0x00007e2c       0x14 D:/Portable/Programs/TivaDriver/driverlib/gcc\libdriver.a(ssi.o)
                0x00007e2c                SSIAdvDataPutFrameEnd
 .text.SSIAdvDataPutFrameEndNonBlocking
                0x00007e40       0x1a D:/Portable/Programs/TivaDriver/driverlib/gcc\libdriver.a(ssi.o)
                0x00007e40                SSIAdvDataPutFrameEndNonBlocking
 .text.SSIAdvFrameHoldEnable
                0x00007e5a        0xa D:/Portable/Programs/TivaDriver/driverlib/gcc\libdriver.a(ssi.o)
                0x00007e5a                SSIAdvFrameHoldEnable
 .text.SSIAdvFrameHoldDisable
                0x00007e64        0xa D:/Portable/Programs/TivaDriver/driverlib/gcc\libdriver.a(ssi.o)
                0x00007e64                SSIAdvFrameHoldDisable
 *fill*         0x00007e6e        0x2 00
 .text._SysCtlMemTimingGet
                0x00007e70       0x24 D:/Portable/Programs/TivaDriver/driverlib/gcc\libdriver.a(sysctl.o)
 .text.SysCtlSRAMSizeGet
                0x00007e94       0x10 D:/Portable/Programs/TivaDriver/driverlib/gcc\libdriver.a(sysctl.o)
                0x00007e94                SysCtlSRAMSizeGet
 .text.SysCtlFlashSizeGet
                0x00007ea4       0x40 D:/Portable/Programs/TivaDriver/driverlib/gcc\libdriver.a(sysctl.o)
                0x00007ea4                SysCtlFlashSizeGet
 .text.SysCtlFlashSectorSizeGet
                0x00007ee4       0x3c D:/Portable/Programs/TivaDriver/driverlib/gcc\libdriver.a(sysctl.o)
                0x00007ee4                SysCtlFlashSectorSizeGet
 .text.SysCtlPeripheralPresent
                0x00007f20       0x34 D:/Portable/Programs/TivaDriver/driverlib/gcc\libdriver.a(sysctl.o)
                0x00007f20                SysCtlPeripheralPresent
 .text.SysCtlPeripheralReady
                0x00007f54       0x34 D:/Portable/Programs/TivaDriver/driverlib/gcc\libdriver.a(sysctl.o)
                0x00007f54                SysCtlPeripheralReady
 .text.SysCtlPeripheralPowerOn
                0x00007f88       0x30 D:/Portable/Programs/TivaDriver/driverlib/gcc\libdriver.a(sysctl.o)
                0x00007f88                SysCtlPeripheralPowerOn
 .text.SysCtlPeripheralPowerOff
                0x00007fb8       0x30 D:/Portable/Programs/TivaDriver/driverlib/gcc\libdriver.a(sysctl.o)
                0x00007fb8                SysCtlPeripheralPowerOff
 .text.SysCtlPeripheralReset
                0x00007fe8       0x48 D:/Portable/Programs/TivaDriver/driverlib/gcc\libdriver.a(sysctl.o)
                0x00007fe8                SysCtlPeripheralReset
 .text.SysCtlPeripheralEnable
                0x00008030       0x30 D:/Portable/Programs/TivaDriver/driverlib/gcc\libdriver.a(sysctl.o)
                0x00008030                SysCtlPeripheralEnable
 .text.SysCtlPeripheralDisable
                0x00008060       0x30 D:/Portable/Programs/TivaDriver/driverlib/gcc\libdriver.a(sysctl.o)
                0x00008060                SysCtlPeripheralDisable
 .text.SysCtlPeripheralSleepEnable
                0x00008090       0x30 D:/Portable/Programs/TivaDriver/driverlib/gcc\libdriver.a(sysctl.o)
                0x00008090                SysCtlPeripheralSleepEnable
 .text.SysCtlPeripheralSleepDisable
                0x000080c0       0x30 D:/Portable/Programs/TivaDriver/driverlib/gcc\libdriver.a(sysctl.o)
                0x000080c0                SysCtlPeripheralSleepDisable
 .text.SysCtlPeripheralDeepSleepEnable
                0x000080f0       0x30 D:/Portable/Programs/TivaDriver/driverlib/gcc\libdriver.a(sysctl.o)
                0x000080f0                SysCtlPeripheralDeepSleepEnable
 .text.SysCtlPeripheralDeepSleepDisable
                0x00008120       0x30 D:/Portable/Programs/TivaDriver/driverlib/gcc\libdriver.a(sysctl.o)
                0x00008120                SysCtlPeripheralDeepSleepDisable
 .text.SysCtlPeripheralClockGating
                0x00008150       0x50 D:/Portable/Programs/TivaDriver/driverlib/gcc\libdriver.a(sysctl.o)
                0x00008150                SysCtlPeripheralClockGating
 .text.SysCtlIntRegister
                0x000081a0       0x14 D:/Portable/Programs/TivaDriver/driverlib/gcc\libdriver.a(sysctl.o)
                0x000081a0                SysCtlIntRegister
 .text.SysCtlIntUnregister
                0x000081b4       0x12 D:/Portable/Programs/TivaDriver/driverlib/gcc\libdriver.a(sysctl.o)
                0x000081b4                SysCtlIntUnregister
 *fill*         0x000081c6        0x2 00
 .text.SysCtlIntEnable
                0x000081c8       0x10 D:/Portable/Programs/TivaDriver/driverlib/gcc\libdriver.a(sysctl.o)
                0x000081c8                SysCtlIntEnable
 .text.SysCtlIntDisable
                0x000081d8       0x10 D:/Portable/Programs/TivaDriver/driverlib/gcc\libdriver.a(sysctl.o)
                0x000081d8                SysCtlIntDisable
 .text.SysCtlIntClear
                0x000081e8        0xc D:/Portable/Programs/TivaDriver/driverlib/gcc\libdriver.a(sysctl.o)
                0x000081e8                SysCtlIntClear
 .text.SysCtlIntStatus
                0x000081f4       0x18 D:/Portable/Programs/TivaDriver/driverlib/gcc\libdriver.a(sysctl.o)
                0x000081f4                SysCtlIntStatus
 .text.SysCtlLDOSleepSet
                0x0000820c        0xc D:/Portable/Programs/TivaDriver/driverlib/gcc\libdriver.a(sysctl.o)
                0x0000820c                SysCtlLDOSleepSet
 .text.SysCtlLDOSleepGet
                0x00008218        0xc D:/Portable/Programs/TivaDriver/driverlib/gcc\libdriver.a(sysctl.o)
                0x00008218                SysCtlLDOSleepGet
 .text.SysCtlLDODeepSleepSet
                0x00008224        0xc D:/Portable/Programs/TivaDriver/driverlib/gcc\libdriver.a(sysctl.o)
                0x00008224                SysCtlLDODeepSleepSet
 .text.SysCtlLDODeepSleepGet
                0x00008230        0xc D:/Portable/Programs/TivaDriver/driverlib/gcc\libdriver.a(sysctl.o)
                0x00008230                SysCtlLDODeepSleepGet
 .text.SysCtlSleepPowerSet
                0x0000823c        0xc D:/Portable/Programs/TivaDriver/driverlib/gcc\libdriver.a(sysctl.o)
                0x0000823c                SysCtlSleepPowerSet
 .text.SysCtlDeepSleepPowerSet
                0x00008248        0xc D:/Portable/Programs/TivaDriver/driverlib/gcc\libdriver.a(sysctl.o)
                0x00008248                SysCtlDeepSleepPowerSet
 .text.SysCtlReset
                0x00008254       0x10 D:/Portable/Programs/TivaDriver/driverlib/gcc\libdriver.a(sysctl.o)
                0x00008254                SysCtlReset
 .text.SysCtlSleep
                0x00008264        0x4 D:/Portable/Programs/TivaDriver/driverlib/gcc\libdriver.a(sysctl.o)
                0x00008264                SysCtlSleep
 .text.SysCtlDeepSleep
                0x00008268       0x20 D:/Portable/Programs/TivaDriver/driverlib/gcc\libdriver.a(sysctl.o)
                0x00008268                SysCtlDeepSleep
 .text.SysCtlResetCauseGet
                0x00008288        0xc D:/Portable/Programs/TivaDriver/driverlib/gcc\libdriver.a(sysctl.o)
                0x00008288                SysCtlResetCauseGet
 .text.SysCtlResetCauseClear
                0x00008294       0x10 D:/Portable/Programs/TivaDriver/driverlib/gcc\libdriver.a(sysctl.o)
                0x00008294                SysCtlResetCauseClear
 .text.SysCtlDelay
                0x000082a4        0x6 D:/Portable/Programs/TivaDriver/driverlib/gcc\libdriver.a(sysctl.o)
                0x000082a4                SysCtlDelay
 *fill*         0x000082aa        0x2 00
 .text.SysCtlMOSCConfigSet
                0x000082ac        0xc D:/Portable/Programs/TivaDriver/driverlib/gcc\libdriver.a(sysctl.o)
                0x000082ac                SysCtlMOSCConfigSet
 .text.SysCtlPIOSCCalibrate
                0x000082b8       0x54 D:/Portable/Programs/TivaDriver/driverlib/gcc\libdriver.a(sysctl.o)
                0x000082b8                SysCtlPIOSCCalibrate
 .text.SysCtlResetBehaviorSet
                0x0000830c        0xc D:/Portable/Programs/TivaDriver/driverlib/gcc\libdriver.a(sysctl.o)
                0x0000830c                SysCtlResetBehaviorSet
 .text.SysCtlResetBehaviorGet
                0x00008318        0xc D:/Portable/Programs/TivaDriver/driverlib/gcc\libdriver.a(sysctl.o)
                0x00008318                SysCtlResetBehaviorGet
 .text.SysCtlClockFreqSet
                0x00008324      0x264 D:/Portable/Programs/TivaDriver/driverlib/gcc\libdriver.a(sysctl.o)
                0x00008324                SysCtlClockFreqSet
 .text.SysCtlClockSet
                0x00008588      0x128 D:/Portable/Programs/TivaDriver/driverlib/gcc\libdriver.a(sysctl.o)
                0x00008588                SysCtlClockSet
 .text.SysCtlClockGet
                0x000086b0      0x15c D:/Portable/Programs/TivaDriver/driverlib/gcc\libdriver.a(sysctl.o)
                0x000086b0                SysCtlClockGet
 .text.SysCtlDeepSleepClockSet
                0x0000880c        0xc D:/Portable/Programs/TivaDriver/driverlib/gcc\libdriver.a(sysctl.o)
                0x0000880c                SysCtlDeepSleepClockSet
 .text.SysCtlDeepSleepClockConfigSet
                0x00008818       0x68 D:/Portable/Programs/TivaDriver/driverlib/gcc\libdriver.a(sysctl.o)
                0x00008818                SysCtlDeepSleepClockConfigSet
 .text.SysCtlPWMClockSet
                0x00008880       0x14 D:/Portable/Programs/TivaDriver/driverlib/gcc\libdriver.a(sysctl.o)
                0x00008880                SysCtlPWMClockSet
 .text.SysCtlPWMClockGet
                0x00008894       0x18 D:/Portable/Programs/TivaDriver/driverlib/gcc\libdriver.a(sysctl.o)
                0x00008894                SysCtlPWMClockGet
 .text.SysCtlGPIOAHBEnable
                0x000088ac       0x1c D:/Portable/Programs/TivaDriver/driverlib/gcc\libdriver.a(sysctl.o)
                0x000088ac                SysCtlGPIOAHBEnable
 .text.SysCtlGPIOAHBDisable
                0x000088c8       0x1c D:/Portable/Programs/TivaDriver/driverlib/gcc\libdriver.a(sysctl.o)
                0x000088c8                SysCtlGPIOAHBDisable
 .text.SysCtlUSBPLLEnable
                0x000088e4       0x10 D:/Portable/Programs/TivaDriver/driverlib/gcc\libdriver.a(sysctl.o)
                0x000088e4                SysCtlUSBPLLEnable
 .text.SysCtlUSBPLLDisable
                0x000088f4       0x10 D:/Portable/Programs/TivaDriver/driverlib/gcc\libdriver.a(sysctl.o)
                0x000088f4                SysCtlUSBPLLDisable
 .text.SysCtlVoltageEventConfig
                0x00008904        0xc D:/Portable/Programs/TivaDriver/driverlib/gcc\libdriver.a(sysctl.o)
                0x00008904                SysCtlVoltageEventConfig
 .text.SysCtlVoltageEventStatus
                0x00008910        0xc D:/Portable/Programs/TivaDriver/driverlib/gcc\libdriver.a(sysctl.o)
                0x00008910                SysCtlVoltageEventStatus
 .text.SysCtlVoltageEventClear
                0x0000891c       0x10 D:/Portable/Programs/TivaDriver/driverlib/gcc\libdriver.a(sysctl.o)
                0x0000891c                SysCtlVoltageEventClear
 .text.SysCtlNMIStatus
                0x0000892c        0xc D:/Portable/Programs/TivaDriver/driverlib/gcc\libdriver.a(sysctl.o)
                0x0000892c                SysCtlNMIStatus
 .text.SysCtlNMIClear
                0x00008938       0x10 D:/Portable/Programs/TivaDriver/driverlib/gcc\libdriver.a(sysctl.o)
                0x00008938                SysCtlNMIClear
 .text.SysCtlClockOutConfig
                0x00008948       0x14 D:/Portable/Programs/TivaDriver/driverlib/gcc\libdriver.a(sysctl.o)
                0x00008948                SysCtlClockOutConfig
 .text.SysCtlAltClkConfig
                0x0000895c        0xc D:/Portable/Programs/TivaDriver/driverlib/gcc\libdriver.a(sysctl.o)
                0x0000895c                SysCtlAltClkConfig
 .text.SysTickEnable
                0x00008968       0x10 D:/Portable/Programs/TivaDriver/driverlib/gcc\libdriver.a(systick.o)
                0x00008968                SysTickEnable
 .text.SysTickDisable
                0x00008978       0x10 D:/Portable/Programs/TivaDriver/driverlib/gcc\libdriver.a(systick.o)
                0x00008978                SysTickDisable
 .text.SysTickIntRegister
                0x00008988       0x1c D:/Portable/Programs/TivaDriver/driverlib/gcc\libdriver.a(systick.o)
                0x00008988                SysTickIntRegister
 .text.SysTickIntUnregister
                0x000089a4       0x14 D:/Portable/Programs/TivaDriver/driverlib/gcc\libdriver.a(systick.o)
                0x000089a4                SysTickIntUnregister
 .text.SysTickIntEnable
                0x000089b8       0x10 D:/Portable/Programs/TivaDriver/driverlib/gcc\libdriver.a(systick.o)
                0x000089b8                SysTickIntEnable
 .text.SysTickIntDisable
                0x000089c8       0x10 D:/Portable/Programs/TivaDriver/driverlib/gcc\libdriver.a(systick.o)
                0x000089c8                SysTickIntDisable
 .text.SysTickPeriodSet
                0x000089d8        0xc D:/Portable/Programs/TivaDriver/driverlib/gcc\libdriver.a(systick.o)
                0x000089d8                SysTickPeriodSet
 .text.SysTickPeriodGet
                0x000089e4        0xc D:/Portable/Programs/TivaDriver/driverlib/gcc\libdriver.a(systick.o)
                0x000089e4                SysTickPeriodGet
 .text.SysTickValueGet
                0x000089f0        0xc D:/Portable/Programs/TivaDriver/driverlib/gcc\libdriver.a(systick.o)
                0x000089f0                SysTickValueGet
 .text._TimerIntNumberGet
                0x000089fc       0x54 D:/Portable/Programs/TivaDriver/driverlib/gcc\libdriver.a(timer.o)
 .text.TimerEnable
                0x00008a50       0x12 D:/Portable/Programs/TivaDriver/driverlib/gcc\libdriver.a(timer.o)
                0x00008a50                TimerEnable
 .text.TimerDisable
                0x00008a62       0x12 D:/Portable/Programs/TivaDriver/driverlib/gcc\libdriver.a(timer.o)
                0x00008a62                TimerDisable
 .text.TimerConfigure
                0x00008a74       0x64 D:/Portable/Programs/TivaDriver/driverlib/gcc\libdriver.a(timer.o)
                0x00008a74                TimerConfigure
 .text.TimerControlLevel
                0x00008ad8       0x20 D:/Portable/Programs/TivaDriver/driverlib/gcc\libdriver.a(timer.o)
                0x00008ad8                TimerControlLevel
 .text.TimerControlTrigger
                0x00008af8       0x5c D:/Portable/Programs/TivaDriver/driverlib/gcc\libdriver.a(timer.o)
                0x00008af8                TimerControlTrigger
 .text.TimerControlEvent
                0x00008b54       0x18 D:/Portable/Programs/TivaDriver/driverlib/gcc\libdriver.a(timer.o)
                0x00008b54                TimerControlEvent
 .text.TimerControlStall
                0x00008b6c       0x20 D:/Portable/Programs/TivaDriver/driverlib/gcc\libdriver.a(timer.o)
                0x00008b6c                TimerControlStall
 .text.TimerControlWaitOnTrigger
                0x00008b8c       0x34 D:/Portable/Programs/TivaDriver/driverlib/gcc\libdriver.a(timer.o)
                0x00008b8c                TimerControlWaitOnTrigger
 .text.TimerRTCEnable
                0x00008bc0        0xa D:/Portable/Programs/TivaDriver/driverlib/gcc\libdriver.a(timer.o)
                0x00008bc0                TimerRTCEnable
 .text.TimerRTCDisable
                0x00008bca        0xa D:/Portable/Programs/TivaDriver/driverlib/gcc\libdriver.a(timer.o)
                0x00008bca                TimerRTCDisable
 .text.TimerClockSourceSet
                0x00008bd4        0x6 D:/Portable/Programs/TivaDriver/driverlib/gcc\libdriver.a(timer.o)
                0x00008bd4                TimerClockSourceSet
 .text.TimerClockSourceGet
                0x00008bda        0x6 D:/Portable/Programs/TivaDriver/driverlib/gcc\libdriver.a(timer.o)
                0x00008bda                TimerClockSourceGet
 .text.TimerPrescaleSet
                0x00008be0       0x12 D:/Portable/Programs/TivaDriver/driverlib/gcc\libdriver.a(timer.o)
                0x00008be0                TimerPrescaleSet
 .text.TimerPrescaleGet
                0x00008bf2        0xa D:/Portable/Programs/TivaDriver/driverlib/gcc\libdriver.a(timer.o)
                0x00008bf2                TimerPrescaleGet
 .text.TimerPrescaleMatchSet
                0x00008bfc       0x12 D:/Portable/Programs/TivaDriver/driverlib/gcc\libdriver.a(timer.o)
                0x00008bfc                TimerPrescaleMatchSet
 .text.TimerPrescaleMatchGet
                0x00008c0e        0xa D:/Portable/Programs/TivaDriver/driverlib/gcc\libdriver.a(timer.o)
                0x00008c0e                TimerPrescaleMatchGet
 .text.TimerLoadSet
                0x00008c18       0x12 D:/Portable/Programs/TivaDriver/driverlib/gcc\libdriver.a(timer.o)
                0x00008c18                TimerLoadSet
 .text.TimerLoadGet
                0x00008c2a        0xa D:/Portable/Programs/TivaDriver/driverlib/gcc\libdriver.a(timer.o)
                0x00008c2a                TimerLoadGet
 .text.TimerLoadSet64
                0x00008c34        0x6 D:/Portable/Programs/TivaDriver/driverlib/gcc\libdriver.a(timer.o)
                0x00008c34                TimerLoadSet64
 .text.TimerLoadGet64
                0x00008c3a       0x14 D:/Portable/Programs/TivaDriver/driverlib/gcc\libdriver.a(timer.o)
                0x00008c3a                TimerLoadGet64
 .text.TimerValueGet
                0x00008c4e        0xa D:/Portable/Programs/TivaDriver/driverlib/gcc\libdriver.a(timer.o)
                0x00008c4e                TimerValueGet
 .text.TimerValueGet64